[INFO] Scanning for projects...
[INFO] 
[INFO] ------------< com.revpasswordmanager:P2_RevPasswordManager >------------
[INFO] Building P2_RevPasswordManager 0.0.1-SNAPSHOT
[INFO]   from pom.xml
[INFO] --------------------------------[ jar ]---------------------------------
[INFO] 
[INFO] --- jacoco:0.8.11:prepare-agent (default) @ P2_RevPasswordManager ---
[INFO] argLine set to -javaagent:C:\\Users\\RAHUL\\.m2\\repository\\org\\jacoco\\org.jacoco.agent\\0.8.11\\org.jacoco.agent-0.8.11-runtime.jar=destfile=C:\\Users\\RAHUL\\Desktop\\P2_RevPasswordManager\\target\\jacoco.exec
[INFO] 
[INFO] --- resources:3.3.1:resources (default-resources) @ P2_RevPasswordManager ---
[INFO] Copying 1 resource from src\main\resources to target\classes
[INFO] Copying 16 resources from src\main\resources to target\classes
[INFO] 
[INFO] --- compiler:3.14.1:compile (default-compile) @ P2_RevPasswordManager ---
[INFO] Nothing to compile - all classes are up to date.
[INFO] 
[INFO] --- resources:3.3.1:testResources (default-testResources) @ P2_RevPasswordManager ---
[INFO] skip non existing resourceDirectory C:\Users\RAHUL\Desktop\P2_RevPasswordManager\src\test\resources
[INFO] 
[INFO] --- compiler:3.14.1:testCompile (default-testCompile) @ P2_RevPasswordManager ---
[INFO] Nothing to compile - all classes are up to date.
[INFO] 
[INFO] --- surefire:3.5.4:test (default-test) @ P2_RevPasswordManager ---
[INFO] Using auto detected provider org.apache.maven.surefire.junitplatform.JUnitPlatformProvider
[INFO] 
[INFO] -------------------------------------------------------
[INFO]  T E S T S
[INFO] -------------------------------------------------------
mvn : java.lang.instrum
ent.IllegalClassFormatE
xception: Error while 
instrumenting sun/util/
resources/cldr/provider
/CLDRLocaleDataMetaInfo
 with JaCoCo 0.8.11.202
310140853/f33756c.
At line:1 char:1
+ mvn test > 
test_output.txt 2>&1
+ ~~~~~~~~~~~~~~~~~~~~~
~~~~~~~~~~
    + CategoryInfo     
         : NotSpecifi  
  ed: (java.lang.ins   
 tr...140853/f33756    
c.:String) [], Rem    
oteException
    + FullyQualifiedEr 
   rorId : NativeComm  
  andError
 
	at org.jacoco.agent.rt
.internal_4742761.Cover
ageTransformer.transfor
m(CoverageTransformer.j
ava:94)
	at java.instrument/jav
a.lang.instrument.Class
FileTransformer.transfo
rm(ClassFileTransformer
.java:257)
	at java.instrument/sun
.instrument.Transformer
Manager.transform(Trans
formerManager.java:188)
	at java.instrument/sun
.instrument.Instrumenta
tionImpl.transform(Inst
rumentationImpl.java:59
4)
	at java.base/java.lang
.ClassLoader.defineClas
s2(Native Method)
	at java.base/java.lang
.ClassLoader.defineClas
s(ClassLoader.java:1052
)
	at java.base/java.secu
rity.SecureClassLoader.
defineClass(SecureClass
Loader.java:164)
	at java.base/jdk.inter
nal.loader.BuiltinClass
Loader.defineClass(Buil
tinClassLoader.java:735
)
	at java.base/jdk.inter
nal.loader.BuiltinClass
Loader.findClassInModul
eOrNull(BuiltinClassLoa
der.java:678)
	at java.base/jdk.inter
nal.loader.BuiltinClass
Loader.findClass(Builti
nClassLoader.java:560)
	at java.base/java.lang
.ClassLoader.loadClass(
ClassLoader.java:602)
	at java.base/java.lang
.Class.forName(Class.ja
va:595)
	at java.base/java.util
.ServiceLoader.loadProv
ider(ServiceLoader.java
:755)
	at java.base/java.util
.ServiceLoader$ModuleSe
rvicesLookupIterator.ha
sNext(ServiceLoader.jav
a:955)
	at java.base/java.util
.ServiceLoader$1.hasNex
t(ServiceLoader.java:11
64)
	at java.base/java.util
.ServiceLoader$2.hasNex
t(ServiceLoader.java:12
46)
	at java.base/sun.util.
cldr.CLDRLocaleProvider
Adapter.<init>(CLDRLoca
leProviderAdapter.java:
75)
	at java.base/jdk.inter
nal.reflect.DirectConst
ructorHandleAccessor.ne
wInstance(DirectConstru
ctorHandleAccessor.java
:62)
	at java.base/java.lang
.reflect.Constructor.ne
wInstanceWithCaller(Con
structor.java:499)
	at java.base/java.lang
.reflect.Constructor.ne
wInstance(Constructor.j
ava:483)
	at java.base/sun.util.
locale.provider.LocaleP
roviderAdapter.forType(
LocaleProviderAdapter.j
ava:181)
	at java.base/sun.util.
locale.provider.LocaleP
roviderAdapter.findAdap
ter(LocaleProviderAdapt
er.java:280)
	at java.base/sun.util.
locale.provider.LocaleP
roviderAdapter.getAdapt
er(LocaleProviderAdapte
r.java:251)
	at java.base/java.util
.Calendar.createCalenda
r(Calendar.java:1692)
	at java.base/java.util
.Calendar.getInstance(C
alendar.java:1659)
	at java.base/java.text
.SimpleDateFormat.initi
alizeCalendar(SimpleDat
eFormat.java:680)
	at java.base/java.text
.SimpleDateFormat.<init
>(SimpleDateFormat.java
:624)
	at java.base/java.text
.SimpleDateFormat.<init
>(SimpleDateFormat.java
:603)
	at org.apache.maven.su
refire.booter.PpidCheck
er.createWindowsCreatio
nDateFormat(PpidChecker
.java:315)
	at org.apache.maven.su
refire.booter.PpidCheck
er.<clinit>(PpidChecker
.java:70)
	at org.apache.maven.su
refire.booter.ForkedBoo
ter.listenToShutdownCom
mands(ForkedBooter.java
:218)
	at org.apache.maven.su
refire.booter.ForkedBoo
ter.setupBooter(ForkedB
ooter.java:139)
	at org.apache.maven.su
refire.booter.ForkedBoo
ter.run(ForkedBooter.ja
va:506)
	at org.apache.maven.su
refire.booter.ForkedBoo
ter.main(ForkedBooter.j
ava:495)
Caused by: 
java.io.IOException: 
Error while 
instrumenting sun/util/
resources/cldr/provider
/CLDRLocaleDataMetaInfo
 with JaCoCo 0.8.11.202
310140853/f33756c.
	at org.jacoco.agent.rt
.internal_4742761.core.
instr.Instrumenter.inst
rumentError(Instrumente
r.java:161)
	at org.jacoco.agent.rt
.internal_4742761.core.
instr.Instrumenter.inst
rument(Instrumenter.jav
a:111)
	at org.jacoco.agent.rt
.internal_4742761.Cover
ageTransformer.transfor
m(CoverageTransformer.j
ava:92)
	... 33 more
Caused by: java.lang.Il
legalArgumentException:
 Unsupported class 
file major version 68
	at org.jacoco.agent.rt
.internal_4742761.asm.C
lassReader.<init>(Class
Reader.java:200)
	at org.jacoco.agent.rt
.internal_4742761.asm.C
lassReader.<init>(Class
Reader.java:180)
	at org.jacoco.agent.rt
.internal_4742761.asm.C
lassReader.<init>(Class
Reader.java:166)
	at org.jacoco.agent.rt
.internal_4742761.core.
internal.instr.InstrSup
port.classReaderFor(Ins
trSupport.java:280)
	at org.jacoco.agent.rt
.internal_4742761.core.
instr.Instrumenter.inst
rument(Instrumenter.jav
a:77)
	at org.jacoco.agent.rt
.internal_4742761.core.
instr.Instrumenter.inst
rument(Instrumenter.jav
a:109)
	... 34 more
java.lang.instrument.Il
legalClassFormatExcepti
on: Error while 
instrumenting sun/util/
resources/provider/Loca
leDataProvider with 
JaCoCo 0.8.11.202310140
853/f33756c.
	at org.jacoco.agent.rt
.internal_4742761.Cover
ageTransformer.transfor
m(CoverageTransformer.j
ava:94)
	at java.instrument/jav
a.lang.instrument.Class
FileTransformer.transfo
rm(ClassFileTransformer
.java:257)
	at java.instrument/sun
.instrument.Transformer
Manager.transform(Trans
formerManager.java:188)
	at java.instrument/sun
.instrument.Instrumenta
tionImpl.transform(Inst
rumentationImpl.java:59
4)
	at java.base/java.lang
.ClassLoader.defineClas
s2(Native Method)
	at java.base/java.lang
.ClassLoader.defineClas
s(ClassLoader.java:1052
)
	at java.base/java.secu
rity.SecureClassLoader.
defineClass(SecureClass
Loader.java:164)
	at java.base/jdk.inter
nal.loader.BuiltinClass
Loader.defineClass(Buil
tinClassLoader.java:735
)
	at java.base/jdk.inter
nal.loader.BuiltinClass
Loader.findClassInModul
eOrNull(BuiltinClassLoa
der.java:678)
	at java.base/jdk.inter
nal.loader.BuiltinClass
Loader.findClass(Builti
nClassLoader.java:560)
	at java.base/java.lang
.ClassLoader.loadClass(
ClassLoader.java:602)
	at java.base/java.lang
.Class.forName(Class.ja
va:595)
	at java.base/java.util
.ServiceLoader.loadProv
ider(ServiceLoader.java
:755)
	at java.base/java.util
.ServiceLoader$ModuleSe
rvicesLookupIterator.ha
sNext(ServiceLoader.jav
a:955)
	at java.base/java.util
.ServiceLoader$1.hasNex
t(ServiceLoader.java:11
64)
	at java.base/java.util
.ServiceLoader$2.hasNex
t(ServiceLoader.java:12
46)
	at java.base/sun.util.
resources.Bundles.loadB
undleFromProviders(Bund
les.java:261)
	at java.base/sun.util.
resources.Bundles.findB
undleOf(Bundles.java:19
9)
	at java.base/sun.util.
resources.Bundles.findB
undleOf(Bundles.java:15
8)
	at java.base/sun.util.
resources.Bundles.loadB
undleOf(Bundles.java:14
3)
	at java.base/sun.util.
resources.Bundles.of(Bu
ndles.java:104)
	at java.base/sun.util.
resources.LocaleData.ge
tBundle(LocaleData.java
:179)
	at java.base/sun.util.
resources.LocaleData.ge
tDateFormatData(LocaleD
ata.java:143)
	at java.base/java.text
.DateFormatSymbols.init
ializeData(DateFormatSy
mbols.java:745)
	at java.base/java.text
.DateFormatSymbols.<ini
t>(DateFormatSymbols.ja
va:151)
	at java.base/sun.util.
locale.provider.DateFor
matSymbolsProviderImpl.
getInstance(DateFormatS
ymbolsProviderImpl.java
:85)
	at java.base/java.text
.DateFormatSymbols.getP
roviderInstance(DateFor
matSymbols.java:357)
	at java.base/java.text
.DateFormatSymbols.getI
nstance(DateFormatSymbo
ls.java:347)
	at java.base/java.text
.SimpleDateFormat.<init
>(SimpleDateFormat.java
:626)
	at java.base/java.text
.SimpleDateFormat.<init
>(SimpleDateFormat.java
:603)
	at org.apache.maven.su
refire.booter.PpidCheck
er.createWindowsCreatio
nDateFormat(PpidChecker
.java:315)
	at org.apache.maven.su
refire.booter.PpidCheck
er.<clinit>(PpidChecker
.java:70)
	at org.apache.maven.su
refire.booter.ForkedBoo
ter.listenToShutdownCom
mands(ForkedBooter.java
:218)
	at org.apache.maven.su
refire.booter.ForkedBoo
ter.setupBooter(ForkedB
ooter.java:139)
	at org.apache.maven.su
refire.booter.ForkedBoo
ter.run(ForkedBooter.ja
va:506)
	at org.apache.maven.su
refire.booter.ForkedBoo
ter.main(ForkedBooter.j
ava:495)
Caused by: 
java.io.IOException: 
Error while 
instrumenting sun/util/
resources/provider/Loca
leDataProvider with 
JaCoCo 0.8.11.202310140
853/f33756c.
	at org.jacoco.agent.rt
.internal_4742761.core.
instr.Instrumenter.inst
rumentError(Instrumente
r.java:161)
	at org.jacoco.agent.rt
.internal_4742761.core.
instr.Instrumenter.inst
rument(Instrumenter.jav
a:111)
	at org.jacoco.agent.rt
.internal_4742761.Cover
ageTransformer.transfor
m(CoverageTransformer.j
ava:92)
	... 35 more
Caused by: java.lang.Il
legalArgumentException:
 Unsupported class 
file major version 68
	at org.jacoco.agent.rt
.internal_4742761.asm.C
lassReader.<init>(Class
Reader.java:200)
	at org.jacoco.agent.rt
.internal_4742761.asm.C
lassReader.<init>(Class
Reader.java:180)
	at org.jacoco.agent.rt
.internal_4742761.asm.C
lassReader.<init>(Class
Reader.java:166)
	at org.jacoco.agent.rt
.internal_4742761.core.
internal.instr.InstrSup
port.classReaderFor(Ins
trSupport.java:280)
	at org.jacoco.agent.rt
.internal_4742761.core.
instr.Instrumenter.inst
rument(Instrumenter.jav
a:77)
	at org.jacoco.agent.rt
.internal_4742761.core.
instr.Instrumenter.inst
rument(Instrumenter.jav
a:109)
	... 36 more
java.lang.instrument.Il
legalClassFormatExcepti
on: Error while 
instrumenting sun/text/
resources/cldr/ext/Form
atData_en_001 with 
JaCoCo 0.8.11.202310140
853/f33756c.
	at org.jacoco.agent.rt
.internal_4742761.Cover
ageTransformer.transfor
m(CoverageTransformer.j
ava:94)
	at java.instrument/jav
a.lang.instrument.Class
FileTransformer.transfo
rm(ClassFileTransformer
.java:257)
	at java.instrument/sun
.instrument.Transformer
Manager.transform(Trans
formerManager.java:188)
	at java.instrument/sun
.instrument.Instrumenta
tionImpl.transform(Inst
rumentationImpl.java:59
4)
	at java.base/java.lang
.ClassLoader.defineClas
s2(Native Method)
	at java.base/java.lang
.ClassLoader.defineClas
s(ClassLoader.java:1052
)
	at java.base/java.secu
rity.SecureClassLoader.
defineClass(SecureClass
Loader.java:164)
	at java.base/jdk.inter
nal.loader.BuiltinClass
Loader.defineClass(Buil
tinClassLoader.java:735
)
	at java.base/jdk.inter
nal.loader.BuiltinClass
Loader.findClassInModul
eOrNull(BuiltinClassLoa
der.java:678)
	at java.base/jdk.inter
nal.loader.BuiltinClass
Loader.findClass(Builti
nClassLoader.java:560)
	at java.base/java.lang
.ClassLoader.loadClass(
ClassLoader.java:602)
	at java.base/java.lang
.Class.forName(Class.ja
va:595)
	at jdk.localedata/sun.
util.resources.provider
.LocaleDataProvider.loa
dResourceBundle(LocaleD
ataProvider.java:53)
	at jdk.localedata/sun.
util.resources.provider
.LocaleDataProvider.get
Bundle(LocaleDataProvid
er.java:39)
	at java.base/sun.util.
resources.Bundles.loadB
undleFromProviders(Bund
les.java:264)
	at java.base/sun.util.
resources.Bundles.findB
undleOf(Bundles.java:19
9)
	at java.base/sun.util.
resources.Bundles.findB
undleOf(Bundles.java:15
8)
	at java.base/sun.util.
resources.Bundles.loadB
undleOf(Bundles.java:14
3)
	at java.base/sun.util.
resources.Bundles.of(Bu
ndles.java:104)
	at java.base/sun.util.
resources.LocaleData.ge
tBundle(LocaleData.java
:179)
	at java.base/sun.util.
resources.LocaleData.ge
tDateFormatData(LocaleD
ata.java:143)
	at java.base/java.text
.DateFormatSymbols.init
ializeData(DateFormatSy
mbols.java:745)
	at java.base/java.text
.DateFormatSymbols.<ini
t>(DateFormatSymbols.ja
va:151)
	at java.base/sun.util.
locale.provider.DateFor
matSymbolsProviderImpl.
getInstance(DateFormatS
ymbolsProviderImpl.java
:85)
	at java.base/java.text
.DateFormatSymbols.getP
roviderInstance(DateFor
matSymbols.java:357)
	at java.base/java.text
.DateFormatSymbols.getI
nstance(DateFormatSymbo
ls.java:347)
	at java.base/java.text
.SimpleDateFormat.<init
>(SimpleDateFormat.java
:626)
	at java.base/java.text
.SimpleDateFormat.<init
>(SimpleDateFormat.java
:603)
	at org.apache.maven.su
refire.booter.PpidCheck
er.createWindowsCreatio
nDateFormat(PpidChecker
.java:315)
	at org.apache.maven.su
refire.booter.PpidCheck
er.<clinit>(PpidChecker
.java:70)
	at org.apache.maven.su
refire.booter.ForkedBoo
ter.listenToShutdownCom
mands(ForkedBooter.java
:218)
	at org.apache.maven.su
refire.booter.ForkedBoo
ter.setupBooter(ForkedB
ooter.java:139)
	at org.apache.maven.su
refire.booter.ForkedBoo
ter.run(ForkedBooter.ja
va:506)
	at org.apache.maven.su
refire.booter.ForkedBoo
ter.main(ForkedBooter.j
ava:495)
Caused by: 
java.io.IOException: 
Error while 
instrumenting sun/text/
resources/cldr/ext/Form
atData_en_001 with 
JaCoCo 0.8.11.202310140
853/f33756c.
	at org.jacoco.agent.rt
.internal_4742761.core.
instr.Instrumenter.inst
rumentError(Instrumente
r.java:161)
	at org.jacoco.agent.rt
.internal_4742761.core.
instr.Instrumenter.inst
rument(Instrumenter.jav
a:111)
	at org.jacoco.agent.rt
.internal_4742761.Cover
ageTransformer.transfor
m(CoverageTransformer.j
ava:92)
	... 33 more
Caused by: java.lang.Il
legalArgumentException:
 Unsupported class 
file major version 68
	at org.jacoco.agent.rt
.internal_4742761.asm.C
lassReader.<init>(Class
Reader.java:200)
	at org.jacoco.agent.rt
.internal_4742761.asm.C
lassReader.<init>(Class
Reader.java:180)
	at org.jacoco.agent.rt
.internal_4742761.asm.C
lassReader.<init>(Class
Reader.java:166)
	at org.jacoco.agent.rt
.internal_4742761.core.
internal.instr.InstrSup
port.classReaderFor(Ins
trSupport.java:280)
	at org.jacoco.agent.rt
.internal_4742761.core.
instr.Instrumenter.inst
rument(Instrumenter.jav
a:77)
	at org.jacoco.agent.rt
.internal_4742761.core.
instr.Instrumenter.inst
rument(Instrumenter.jav
a:109)
	... 34 more
java.lang.instrument.Il
legalClassFormatExcepti
on: Error while 
instrumenting sun/text/
resources/cldr/ext/Form
atData_en_IN with 
JaCoCo 0.8.11.202310140
853/f33756c.
	at org.jacoco.agent.rt
.internal_4742761.Cover
ageTransformer.transfor
m(CoverageTransformer.j
ava:94)
	at java.instrument/jav
a.lang.instrument.Class
FileTransformer.transfo
rm(ClassFileTransformer
.java:257)
	at java.instrument/sun
.instrument.Transformer
Manager.transform(Trans
formerManager.java:188)
	at java.instrument/sun
.instrument.Instrumenta
tionImpl.transform(Inst
rumentationImpl.java:59
4)
	at java.base/java.lang
.ClassLoader.defineClas
s2(Native Method)
	at java.base/java.lang
.ClassLoader.defineClas
s(ClassLoader.java:1052
)
	at java.base/java.secu
rity.SecureClassLoader.
defineClass(SecureClass
Loader.java:164)
	at java.base/jdk.inter
nal.loader.BuiltinClass
Loader.defineClass(Buil
tinClassLoader.java:735
)
	at java.base/jdk.inter
nal.loader.BuiltinClass
Loader.findClassInModul
eOrNull(BuiltinClassLoa
der.java:678)
	at java.base/jdk.inter
nal.loader.BuiltinClass
Loader.findClass(Builti
nClassLoader.java:560)
	at java.base/java.lang
.ClassLoader.loadClass(
ClassLoader.java:602)
	at java.base/java.lang
.Class.forName(Class.ja
va:595)
	at jdk.localedata/sun.
util.resources.provider
.LocaleDataProvider.loa
dResourceBundle(LocaleD
ataProvider.java:53)
	at jdk.localedata/sun.
util.resources.provider
.LocaleDataProvider.get
Bundle(LocaleDataProvid
er.java:39)
	at java.base/sun.util.
resources.Bundles.loadB
undleFromProviders(Bund
les.java:264)
	at java.base/sun.util.
resources.Bundles.findB
undleOf(Bundles.java:19
9)
	at java.base/sun.util.
resources.Bundles.loadB
undleOf(Bundles.java:14
3)
	at java.base/sun.util.
resources.Bundles.of(Bu
ndles.java:104)
	at java.base/sun.util.
resources.LocaleData.ge
tBundle(LocaleData.java
:179)
	at java.base/sun.util.
resources.LocaleData.ge
tDateFormatData(LocaleD
ata.java:143)
	at java.base/java.text
.DateFormatSymbols.init
ializeData(DateFormatSy
mbols.java:745)
	at java.base/java.text
.DateFormatSymbols.<ini
t>(DateFormatSymbols.ja
va:151)
	at java.base/sun.util.
locale.provider.DateFor
matSymbolsProviderImpl.
getInstance(DateFormatS
ymbolsProviderImpl.java
:85)
	at java.base/java.text
.DateFormatSymbols.getP
roviderInstance(DateFor
matSymbols.java:357)
	at java.base/java.text
.DateFormatSymbols.getI
nstance(DateFormatSymbo
ls.java:347)
	at java.base/java.text
.SimpleDateFormat.<init
>(SimpleDateFormat.java
:626)
	at java.base/java.text
.SimpleDateFormat.<init
>(SimpleDateFormat.java
:603)
	at org.apache.maven.su
refire.booter.PpidCheck
er.createWindowsCreatio
nDateFormat(PpidChecker
.java:315)
	at org.apache.maven.su
refire.booter.PpidCheck
er.<clinit>(PpidChecker
.java:70)
	at org.apache.maven.su
refire.booter.ForkedBoo
ter.listenToShutdownCom
mands(ForkedBooter.java
:218)
	at org.apache.maven.su
refire.booter.ForkedBoo
ter.setupBooter(ForkedB
ooter.java:139)
	at org.apache.maven.su
refire.booter.ForkedBoo
ter.run(ForkedBooter.ja
va:506)
	at org.apache.maven.su
refire.booter.ForkedBoo
ter.main(ForkedBooter.j
ava:495)
Caused by: 
java.io.IOException: 
Error while 
instrumenting sun/text/
resources/cldr/ext/Form
atData_en_IN with 
JaCoCo 0.8.11.202310140
853/f33756c.
	at org.jacoco.agent.rt
.internal_4742761.core.
instr.Instrumenter.inst
rumentError(Instrumente
r.java:161)
	at org.jacoco.agent.rt
.internal_4742761.core.
instr.Instrumenter.inst
rument(Instrumenter.jav
a:111)
	at org.jacoco.agent.rt
.internal_4742761.Cover
ageTransformer.transfor
m(CoverageTransformer.j
ava:92)
	... 32 more
Caused by: java.lang.Il
legalArgumentException:
 Unsupported class 
file major version 68
	at org.jacoco.agent.rt
.internal_4742761.asm.C
lassReader.<init>(Class
Reader.java:200)
	at org.jacoco.agent.rt
.internal_4742761.asm.C
lassReader.<init>(Class
Reader.java:180)
	at org.jacoco.agent.rt
.internal_4742761.asm.C
lassReader.<init>(Class
Reader.java:166)
	at org.jacoco.agent.rt
.internal_4742761.core.
internal.instr.InstrSup
port.classReaderFor(Ins
trSupport.java:280)
	at org.jacoco.agent.rt
.internal_4742761.core.
instr.Instrumenter.inst
rument(Instrumenter.jav
a:77)
	at org.jacoco.agent.rt
.internal_4742761.core.
instr.Instrumenter.inst
rument(Instrumenter.jav
a:109)
	... 33 more
java.lang.instrument.Il
legalClassFormatExcepti
on: Error while 
instrumenting 
java/sql/Time with 
JaCoCo 0.8.11.202310140
853/f33756c.
	at org.jacoco.agent.rt
.internal_4742761.Cover
ageTransformer.transfor
m(CoverageTransformer.j
ava:94)
	at java.instrument/jav
a.lang.instrument.Class
FileTransformer.transfo
rm(ClassFileTransformer
.java:257)
	at java.instrument/sun
.instrument.Transformer
Manager.transform(Trans
formerManager.java:188)
	at java.instrument/sun
.instrument.Instrumenta
tionImpl.transform(Inst
rumentationImpl.java:59
4)
	at java.base/java.lang
.ClassLoader.defineClas
s2(Native Method)
	at java.base/java.lang
.ClassLoader.defineClas
s(ClassLoader.java:1052
)
	at java.base/java.secu
rity.SecureClassLoader.
defineClass(SecureClass
Loader.java:164)
	at java.base/jdk.inter
nal.loader.BuiltinClass
Loader.defineClass(Buil
tinClassLoader.java:735
)
	at java.base/jdk.inter
nal.loader.BuiltinClass
Loader.findClassInModul
eOrNull(BuiltinClassLoa
der.java:678)
	at java.base/jdk.inter
nal.loader.BuiltinClass
Loader.loadClassOrNull(
BuiltinClassLoader.java
:604)
	at java.base/jdk.inter
nal.loader.BuiltinClass
Loader.loadClassOrNull(
BuiltinClassLoader.java
:639)
	at java.base/jdk.inter
nal.loader.BuiltinClass
Loader.loadClassOrNull(
BuiltinClassLoader.java
:608)
	at java.base/jdk.inter
nal.loader.BuiltinClass
Loader.loadClass(Builti
nClassLoader.java:578)
	at java.base/java.lang
.ClassLoader.loadClass(
ClassLoader.java:490)
	at java.base/java.lang
.Class.forName0(Native 
Method)
	at java.base/java.lang
.Class.forName(Class.ja
va:463)
	at java.base/java.lang
.Class.forName(Class.ja
va:454)
	at org.apache.logging.
log4j.util.StringBuilde
rs.<clinit>(StringBuild
ers.java:35)
	at org.apache.logging.
log4j.core.config.plugi
ns.visitors.PluginBuild
erAttributeVisitor.visi
t(PluginBuilderAttribut
eVisitor.java:49)
	at org.apache.logging.
log4j.core.config.plugi
ns.util.PluginBuilder.i
njectFields(PluginBuild
er.java:195)
	at org.apache.logging.
log4j.core.config.plugi
ns.util.PluginBuilder.b
uild(PluginBuilder.java
:123)
	at org.apache.logging.
log4j.core.config.Abstr
actConfiguration.create
PluginObject(AbstractCo
nfiguration.java:1180)
	at org.apache.logging.
log4j.core.config.Abstr
actConfiguration.create
Configuration(AbstractC
onfiguration.java:1099)
	at org.apache.logging.
log4j.core.config.Abstr
actConfiguration.create
Configuration(AbstractC
onfiguration.java:1091)
	at org.apache.logging.
log4j.core.config.Abstr
actConfiguration.create
Configuration(AbstractC
onfiguration.java:1091)
	at org.apache.logging.
log4j.core.config.Abstr
actConfiguration.doConf
igure(AbstractConfigura
tion.java:695)
	at org.apache.logging.
log4j.core.config.Abstr
actConfiguration.initia
lize(AbstractConfigurat
ion.java:270)
	at org.apache.logging.
log4j.core.config.Abstr
actConfiguration.start(
AbstractConfiguration.j
ava:319)
	at org.apache.logging.
log4j.core.LoggerContex
t.setConfiguration(Logg
erContext.java:673)
	at org.apache.logging.
log4j.core.LoggerContex
t.reconfigure(LoggerCon
text.java:762)
	at org.apache.logging.
log4j.core.LoggerContex
t.reconfigure(LoggerCon
text.java:784)
	at org.apache.logging.
log4j.core.LoggerContex
t.start(LoggerContext.j
ava:300)
	at org.apache.logging.
log4j.core.impl.Log4jCo
ntextFactory.getContext
(Log4jContextFactory.ja
va:153)
	at org.apache.logging.
log4j.core.impl.Log4jCo
ntextFactory.getContext
(Log4jContextFactory.ja
va:46)
	at org.apache.logging.
log4j.LogManager.getCon
text(LogManager.java:13
8)
	at org.apache.commons.
logging.LogAdapter$Log4
jLog.<clinit>(LogAdapte
r.java:146)
	at org.apache.commons.
logging.LogAdapter$Log4
jAdapter.createLog(LogA
dapter.java:113)
	at org.apache.commons.
logging.LogAdapter.crea
teLog(LogAdapter.java:9
5)
	at org.apache.commons.
logging.LogFactory.getL
og(LogFactory.java:67)
	at org.apache.commons.
logging.LogFactory.getL
og(LogFactory.java:59)
	at org.springframework
.test.context.junit4.Sp
ringJUnit4ClassRunner.<
clinit>(SpringJUnit4Cla
ssRunner.java:99)
	at java.base/jdk.inter
nal.misc.Unsafe.ensureC
lassInitialized0(Native
 Method)
	at java.base/jdk.inter
nal.misc.Unsafe.ensureC
lassInitialized(Unsafe.
java:1166)
	at java.base/jdk.inter
nal.reflect.MethodHandl
eAccessorFactory.ensure
ClassInitialized(Method
HandleAccessorFactory.j
ava:341)
	at java.base/jdk.inter
nal.reflect.MethodHandl
eAccessorFactory.newCon
structorAccessor(Method
HandleAccessorFactory.j
ava:104)
	at java.base/jdk.inter
nal.reflect.ReflectionF
actory.newConstructorAc
cessor(ReflectionFactor
y.java:143)
	at java.base/java.lang
.reflect.Constructor.ac
quireConstructorAccesso
r(Constructor.java:546)
	at java.base/java.lang
.reflect.Constructor.ne
wInstanceWithCaller(Con
structor.java:496)
	at java.base/java.lang
.reflect.Constructor.ne
wInstance(Constructor.j
ava:483)
	at org.junit.internal.
builders.AnnotatedBuild
er.buildRunner(Annotate
dBuilder.java:104)
	at org.junit.vintage.e
ngine.discovery.Defensi
veAllDefaultPossibiliti
esBuilder$DefensiveAnno
tatedBuilder.buildRunne
r(DefensiveAllDefaultPo
ssibilitiesBuilder.java
:118)
	at org.junit.internal.
builders.AnnotatedBuild
er.runnerForClass(Annot
atedBuilder.java:86)
	at org.junit.runners.m
odel.RunnerBuilder.safe
RunnerForClass(RunnerBu
ilder.java:70)
	at org.junit.internal.
builders.AllDefaultPoss
ibilitiesBuilder.runner
ForClass(AllDefaultPoss
ibilitiesBuilder.java:3
7)
	at org.junit.vintage.e
ngine.discovery.Defensi
veAllDefaultPossibiliti
esBuilder.runnerForClas
s(DefensiveAllDefaultPo
ssibilitiesBuilder.java
:57)
	at org.junit.runners.m
odel.RunnerBuilder.safe
RunnerForClass(RunnerBu
ilder.java:70)
	at org.junit.vintage.e
ngine.discovery.ClassSe
lectorResolver.resolveT
estClassThatPassedNameF
ilter(ClassSelectorReso
lver.java:70)
	at org.junit.vintage.e
ngine.discovery.ClassSe
lectorResolver.resolve(
ClassSelectorResolver.j
ava:47)
	at org.junit.platform.
engine.support.discover
y.EngineDiscoveryReques
tResolution.lambda$reso
lve$2(EngineDiscoveryRe
questResolution.java:13
5)
	at java.base/java.util
.stream.ReferencePipeli
ne$3$1.accept(Reference
Pipeline.java:215)
	at java.base/java.util
.ArrayList$ArrayListSpl
iterator.tryAdvance(Arr
ayList.java:1693)
	at java.base/java.util
.stream.ReferencePipeli
ne.forEachWithCancel(Re
ferencePipeline.java:14
7)
	at java.base/java.util
.stream.AbstractPipelin
e.copyIntoWithCancel(Ab
stractPipeline.java:588
)
	at java.base/java.util
.stream.AbstractPipelin
e.copyInto(AbstractPipe
line.java:574)
	at java.base/java.util
.stream.AbstractPipelin
e.wrapAndCopyInto(Abstr
actPipeline.java:560)
	at java.base/java.util
.stream.FindOps$FindOp.
evaluateSequential(Find
Ops.java:150)
	at java.base/java.util
.stream.AbstractPipelin
e.evaluate(AbstractPipe
line.java:265)
	at java.base/java.util
.stream.ReferencePipeli
ne.findFirst(ReferenceP
ipeline.java:687)
	at org.junit.platform.
engine.support.discover
y.EngineDiscoveryReques
tResolution.resolve(Eng
ineDiscoveryRequestReso
lution.java:189)
	at org.junit.platform.
engine.support.discover
y.EngineDiscoveryReques
tResolution.resolve(Eng
ineDiscoveryRequestReso
lution.java:126)
	at org.junit.platform.
engine.support.discover
y.EngineDiscoveryReques
tResolution.resolveComp
letely(EngineDiscoveryR
equestResolution.java:9
2)
	at org.junit.platform.
engine.support.discover
y.EngineDiscoveryReques
tResolution.run(EngineD
iscoveryRequestResoluti
on.java:83)
	at org.junit.platform.
engine.support.discover
y.EngineDiscoveryReques
tResolver.resolve(Engin
eDiscoveryRequestResolv
er.java:116)
	at org.junit.vintage.e
ngine.discovery.Vintage
Discoverer.discover(Vin
tageDiscoverer.java:42)
	at org.junit.vintage.e
ngine.VintageTestEngine
.discover(VintageTestEn
gine.java:62)
	at org.junit.platform.
launcher.core.EngineDis
coveryOrchestrator.disc
overEngineRoot(EngineDi
scoveryOrchestrator.jav
a:152)
	at org.junit.platform.
launcher.core.EngineDis
coveryOrchestrator.disc
overSafely(EngineDiscov
eryOrchestrator.java:13
2)
	at org.junit.platform.
launcher.core.EngineDis
coveryOrchestrator.disc
over(EngineDiscoveryOrc
hestrator.java:105)
	at org.junit.platform.
launcher.core.EngineDis
coveryOrchestrator.disc
over(EngineDiscoveryOrc
hestrator.java:78)
	at org.junit.platform.
launcher.core.DefaultLa
uncher.discover(Default
Launcher.java:99)
	at org.junit.platform.
launcher.core.DefaultLa
uncher.discover(Default
Launcher.java:77)
	at org.junit.platform.
launcher.core.Delegatin
gLauncher.discover(Dele
gatingLauncher.java:42)
	at org.junit.platform.
launcher.core.Intercept
ingLauncher.lambda$disc
over$0(InterceptingLaun
cher.java:33)
	at org.junit.platform.
launcher.core.Classpath
AlignmentCheckingLaunch
erInterceptor.intercept
(ClasspathAlignmentChec
kingLauncherInterceptor
.java:25)
	at org.junit.platform.
launcher.core.Intercept
ingLauncher.discover(In
terceptingLauncher.java
:33)
	at org.junit.platform.
launcher.core.Delegatin
gLauncher.discover(Dele
gatingLauncher.java:42)
	at org.apache.maven.su
refire.junitplatform.La
uncherAdapter.discover(
LauncherAdapter.java:47
)
	at org.apache.maven.su
refire.junitplatform.Te
stPlanScannerFilter.acc
ept(TestPlanScannerFilt
er.java:51)
	at org.apache.maven.su
refire.api.util.Default
ScanResult.applyFilter(
DefaultScanResult.java:
87)
	at org.apache.maven.su
refire.junitplatform.JU
nitPlatformProvider.sca
nClasspath(JUnitPlatfor
mProvider.java:156)
	at org.apache.maven.su
refire.junitplatform.JU
nitPlatformProvider.inv
oke(JUnitPlatformProvid
er.java:136)
	at org.apache.maven.su
refire.booter.ForkedBoo
ter.runSuitesInProcess(
ForkedBooter.java:385)
	at org.apache.maven.su
refire.booter.ForkedBoo
ter.execute(ForkedBoote
r.java:162)
	at org.apache.maven.su
refire.booter.ForkedBoo
ter.run(ForkedBooter.ja
va:507)
	at org.apache.maven.su
refire.booter.ForkedBoo
ter.main(ForkedBooter.j
ava:495)
Caused by: 
java.io.IOException: 
Error while 
instrumenting 
java/sql/Time with 
JaCoCo 0.8.11.202310140
853/f33756c.
	at org.jacoco.agent.rt
.internal_4742761.core.
instr.Instrumenter.inst
rumentError(Instrumente
r.java:161)
	at org.jacoco.agent.rt
.internal_4742761.core.
instr.Instrumenter.inst
rument(Instrumenter.jav
a:111)
	at org.jacoco.agent.rt
.internal_4742761.Cover
ageTransformer.transfor
m(CoverageTransformer.j
ava:92)
	... 94 more
Caused by: java.lang.Il
legalArgumentException:
 Unsupported class 
file major version 68
	at org.jacoco.agent.rt
.internal_4742761.asm.C
lassReader.<init>(Class
Reader.java:200)
	at org.jacoco.agent.rt
.internal_4742761.asm.C
lassReader.<init>(Class
Reader.java:180)
	at org.jacoco.agent.rt
.internal_4742761.asm.C
lassReader.<init>(Class
Reader.java:166)
	at org.jacoco.agent.rt
.internal_4742761.core.
internal.instr.InstrSup
port.classReaderFor(Ins
trSupport.java:280)
	at org.jacoco.agent.rt
.internal_4742761.core.
instr.Instrumenter.inst
rument(Instrumenter.jav
a:77)
	at org.jacoco.agent.rt
.internal_4742761.core.
instr.Instrumenter.inst
rument(Instrumenter.jav
a:109)
	... 95 more
java.lang.instrument.Il
legalClassFormatExcepti
on: Error while 
instrumenting 
java/sql/Date with 
JaCoCo 0.8.11.202310140
853/f33756c.
	at org.jacoco.agent.rt
.internal_4742761.Cover
ageTransformer.transfor
m(CoverageTransformer.j
ava:94)
	at java.instrument/jav
a.lang.instrument.Class
FileTransformer.transfo
rm(ClassFileTransformer
.java:257)
	at java.instrument/sun
.instrument.Transformer
Manager.transform(Trans
formerManager.java:188)
	at java.instrument/sun
.instrument.Instrumenta
tionImpl.transform(Inst
rumentationImpl.java:59
4)
	at java.base/java.lang
.ClassLoader.defineClas
s2(Native Method)
	at java.base/java.lang
.ClassLoader.defineClas
s(ClassLoader.java:1052
)
	at java.base/java.secu
rity.SecureClassLoader.
defineClass(SecureClass
Loader.java:164)
	at java.base/jdk.inter
nal.loader.BuiltinClass
Loader.defineClass(Buil
tinClassLoader.java:735
)
	at java.base/jdk.inter
nal.loader.BuiltinClass
Loader.findClassInModul
eOrNull(BuiltinClassLoa
der.java:678)
	at java.base/jdk.inter
nal.loader.BuiltinClass
Loader.loadClassOrNull(
BuiltinClassLoader.java
:604)
	at java.base/jdk.inter
nal.loader.BuiltinClass
Loader.loadClassOrNull(
BuiltinClassLoader.java
:639)
	at java.base/jdk.inter
nal.loader.BuiltinClass
Loader.loadClassOrNull(
BuiltinClassLoader.java
:608)
	at java.base/jdk.inter
nal.loader.BuiltinClass
Loader.loadClass(Builti
nClassLoader.java:578)
	at java.base/java.lang
.ClassLoader.loadClass(
ClassLoader.java:490)
	at java.base/java.lang
.Class.forName0(Native 
Method)
	at java.base/java.lang
.Class.forName(Class.ja
va:463)
	at java.base/java.lang
.Class.forName(Class.ja
va:454)
	at org.apache.logging.
log4j.util.StringBuilde
rs.<clinit>(StringBuild
ers.java:42)
	at org.apache.logging.
log4j.core.config.plugi
ns.visitors.PluginBuild
erAttributeVisitor.visi
t(PluginBuilderAttribut
eVisitor.java:49)
	at org.apache.logging.
log4j.core.config.plugi
ns.util.PluginBuilder.i
njectFields(PluginBuild
er.java:195)
	at org.apache.logging.
log4j.core.config.plugi
ns.util.PluginBuilder.b
uild(PluginBuilder.java
:123)
	at org.apache.logging.
log4j.core.config.Abstr
actConfiguration.create
PluginObject(AbstractCo
nfiguration.java:1180)
	at org.apache.logging.
log4j.core.config.Abstr
actConfiguration.create
Configuration(AbstractC
onfiguration.java:1099)
	at org.apache.logging.
log4j.core.config.Abstr
actConfiguration.create
Configuration(AbstractC
onfiguration.java:1091)
	at org.apache.logging.
log4j.core.config.Abstr
actConfiguration.create
Configuration(AbstractC
onfiguration.java:1091)
	at org.apache.logging.
log4j.core.config.Abstr
actConfiguration.doConf
igure(AbstractConfigura
tion.java:695)
	at org.apache.logging.
log4j.core.config.Abstr
actConfiguration.initia
lize(AbstractConfigurat
ion.java:270)
	at org.apache.logging.
log4j.core.config.Abstr
actConfiguration.start(
AbstractConfiguration.j
ava:319)
	at org.apache.logging.
log4j.core.LoggerContex
t.setConfiguration(Logg
erContext.java:673)
	at org.apache.logging.
log4j.core.LoggerContex
t.reconfigure(LoggerCon
text.java:762)
	at org.apache.logging.
log4j.core.LoggerContex
t.reconfigure(LoggerCon
text.java:784)
	at org.apache.logging.
log4j.core.LoggerContex
t.start(LoggerContext.j
ava:300)
	at org.apache.logging.
log4j.core.impl.Log4jCo
ntextFactory.getContext
(Log4jContextFactory.ja
va:153)
	at org.apache.logging.
log4j.core.impl.Log4jCo
ntextFactory.getContext
(Log4jContextFactory.ja
va:46)
	at org.apache.logging.
log4j.LogManager.getCon
text(LogManager.java:13
8)
	at org.apache.commons.
logging.LogAdapter$Log4
jLog.<clinit>(LogAdapte
r.java:146)
	at org.apache.commons.
logging.LogAdapter$Log4
jAdapter.createLog(LogA
dapter.java:113)
	at org.apache.commons.
logging.LogAdapter.crea
teLog(LogAdapter.java:9
5)
	at org.apache.commons.
logging.LogFactory.getL
og(LogFactory.java:67)
	at org.apache.commons.
logging.LogFactory.getL
og(LogFactory.java:59)
	at org.springframework
.test.context.junit4.Sp
ringJUnit4ClassRunner.<
clinit>(SpringJUnit4Cla
ssRunner.java:99)
	at java.base/jdk.inter
nal.misc.Unsafe.ensureC
lassInitialized0(Native
 Method)
	at java.base/jdk.inter
nal.misc.Unsafe.ensureC
lassInitialized(Unsafe.
java:1166)
	at java.base/jdk.inter
nal.reflect.MethodHandl
eAccessorFactory.ensure
ClassInitialized(Method
HandleAccessorFactory.j
ava:341)
	at java.base/jdk.inter
nal.reflect.MethodHandl
eAccessorFactory.newCon
structorAccessor(Method
HandleAccessorFactory.j
ava:104)
	at java.base/jdk.inter
nal.reflect.ReflectionF
actory.newConstructorAc
cessor(ReflectionFactor
y.java:143)
	at java.base/java.lang
.reflect.Constructor.ac
quireConstructorAccesso
r(Constructor.java:546)
	at java.base/java.lang
.reflect.Constructor.ne
wInstanceWithCaller(Con
structor.java:496)
	at java.base/java.lang
.reflect.Constructor.ne
wInstance(Constructor.j
ava:483)
	at org.junit.internal.
builders.AnnotatedBuild
er.buildRunner(Annotate
dBuilder.java:104)
	at org.junit.vintage.e
ngine.discovery.Defensi
veAllDefaultPossibiliti
esBuilder$DefensiveAnno
tatedBuilder.buildRunne
r(DefensiveAllDefaultPo
ssibilitiesBuilder.java
:118)
	at org.junit.internal.
builders.AnnotatedBuild
er.runnerForClass(Annot
atedBuilder.java:86)
	at org.junit.runners.m
odel.RunnerBuilder.safe
RunnerForClass(RunnerBu
ilder.java:70)
	at org.junit.internal.
builders.AllDefaultPoss
ibilitiesBuilder.runner
ForClass(AllDefaultPoss
ibilitiesBuilder.java:3
7)
	at org.junit.vintage.e
ngine.discovery.Defensi
veAllDefaultPossibiliti
esBuilder.runnerForClas
s(DefensiveAllDefaultPo
ssibilitiesBuilder.java
:57)
	at org.junit.runners.m
odel.RunnerBuilder.safe
RunnerForClass(RunnerBu
ilder.java:70)
	at org.junit.vintage.e
ngine.discovery.ClassSe
lectorResolver.resolveT
estClassThatPassedNameF
ilter(ClassSelectorReso
lver.java:70)
	at org.junit.vintage.e
ngine.discovery.ClassSe
lectorResolver.resolve(
ClassSelectorResolver.j
ava:47)
	at org.junit.platform.
engine.support.discover
y.EngineDiscoveryReques
tResolution.lambda$reso
lve$2(EngineDiscoveryRe
questResolution.java:13
5)
	at java.base/java.util
.stream.ReferencePipeli
ne$3$1.accept(Reference
Pipeline.java:215)
	at java.base/java.util
.ArrayList$ArrayListSpl
iterator.tryAdvance(Arr
ayList.java:1693)
	at java.base/java.util
.stream.ReferencePipeli
ne.forEachWithCancel(Re
ferencePipeline.java:14
7)
	at java.base/java.util
.stream.AbstractPipelin
e.copyIntoWithCancel(Ab
stractPipeline.java:588
)
	at java.base/java.util
.stream.AbstractPipelin
e.copyInto(AbstractPipe
line.java:574)
	at java.base/java.util
.stream.AbstractPipelin
e.wrapAndCopyInto(Abstr
actPipeline.java:560)
	at java.base/java.util
.stream.FindOps$FindOp.
evaluateSequential(Find
Ops.java:150)
	at java.base/java.util
.stream.AbstractPipelin
e.evaluate(AbstractPipe
line.java:265)
	at java.base/java.util
.stream.ReferencePipeli
ne.findFirst(ReferenceP
ipeline.java:687)
	at org.junit.platform.
engine.support.discover
y.EngineDiscoveryReques
tResolution.resolve(Eng
ineDiscoveryRequestReso
lution.java:189)
	at org.junit.platform.
engine.support.discover
y.EngineDiscoveryReques
tResolution.resolve(Eng
ineDiscoveryRequestReso
lution.java:126)
	at org.junit.platform.
engine.support.discover
y.EngineDiscoveryReques
tResolution.resolveComp
letely(EngineDiscoveryR
equestResolution.java:9
2)
	at org.junit.platform.
engine.support.discover
y.EngineDiscoveryReques
tResolution.run(EngineD
iscoveryRequestResoluti
on.java:83)
	at org.junit.platform.
engine.support.discover
y.EngineDiscoveryReques
tResolver.resolve(Engin
eDiscoveryRequestResolv
er.java:116)
	at org.junit.vintage.e
ngine.discovery.Vintage
Discoverer.discover(Vin
tageDiscoverer.java:42)
	at org.junit.vintage.e
ngine.VintageTestEngine
.discover(VintageTestEn
gine.java:62)
	at org.junit.platform.
launcher.core.EngineDis
coveryOrchestrator.disc
overEngineRoot(EngineDi
scoveryOrchestrator.jav
a:152)
	at org.junit.platform.
launcher.core.EngineDis
coveryOrchestrator.disc
overSafely(EngineDiscov
eryOrchestrator.java:13
2)
	at org.junit.platform.
launcher.core.EngineDis
coveryOrchestrator.disc
over(EngineDiscoveryOrc
hestrator.java:105)
	at org.junit.platform.
launcher.core.EngineDis
coveryOrchestrator.disc
over(EngineDiscoveryOrc
hestrator.java:78)
	at org.junit.platform.
launcher.core.DefaultLa
uncher.discover(Default
Launcher.java:99)
	at org.junit.platform.
launcher.core.DefaultLa
uncher.discover(Default
Launcher.java:77)
	at org.junit.platform.
launcher.core.Delegatin
gLauncher.discover(Dele
gatingLauncher.java:42)
	at org.junit.platform.
launcher.core.Intercept
ingLauncher.lambda$disc
over$0(InterceptingLaun
cher.java:33)
	at org.junit.platform.
launcher.core.Classpath
AlignmentCheckingLaunch
erInterceptor.intercept
(ClasspathAlignmentChec
kingLauncherInterceptor
.java:25)
	at org.junit.platform.
launcher.core.Intercept
ingLauncher.discover(In
terceptingLauncher.java
:33)
	at org.junit.platform.
launcher.core.Delegatin
gLauncher.discover(Dele
gatingLauncher.java:42)
	at org.apache.maven.su
refire.junitplatform.La
uncherAdapter.discover(
LauncherAdapter.java:47
)
	at org.apache.maven.su
refire.junitplatform.Te
stPlanScannerFilter.acc
ept(TestPlanScannerFilt
er.java:51)
	at org.apache.maven.su
refire.api.util.Default
ScanResult.applyFilter(
DefaultScanResult.java:
87)
	at org.apache.maven.su
refire.junitplatform.JU
nitPlatformProvider.sca
nClasspath(JUnitPlatfor
mProvider.java:156)
	at org.apache.maven.su
refire.junitplatform.JU
nitPlatformProvider.inv
oke(JUnitPlatformProvid
er.java:136)
	at org.apache.maven.su
refire.booter.ForkedBoo
ter.runSuitesInProcess(
ForkedBooter.java:385)
	at org.apache.maven.su
refire.booter.ForkedBoo
ter.execute(ForkedBoote
r.java:162)
	at org.apache.maven.su
refire.booter.ForkedBoo
ter.run(ForkedBooter.ja
va:507)
	at org.apache.maven.su
refire.booter.ForkedBoo
ter.main(ForkedBooter.j
ava:495)
Caused by: 
java.io.IOException: 
Error while 
instrumenting 
java/sql/Date with 
JaCoCo 0.8.11.202310140
853/f33756c.
	at org.jacoco.agent.rt
.internal_4742761.core.
instr.Instrumenter.inst
rumentError(Instrumente
r.java:161)
	at org.jacoco.agent.rt
.internal_4742761.core.
instr.Instrumenter.inst
rument(Instrumenter.jav
a:111)
	at org.jacoco.agent.rt
.internal_4742761.Cover
ageTransformer.transfor
m(CoverageTransformer.j
ava:92)
	... 94 more
Caused by: java.lang.Il
legalArgumentException:
 Unsupported class 
file major version 68
	at org.jacoco.agent.rt
.internal_4742761.asm.C
lassReader.<init>(Class
Reader.java:200)
	at org.jacoco.agent.rt
.internal_4742761.asm.C
lassReader.<init>(Class
Reader.java:180)
	at org.jacoco.agent.rt
.internal_4742761.asm.C
lassReader.<init>(Class
Reader.java:166)
	at org.jacoco.agent.rt
.internal_4742761.core.
internal.instr.InstrSup
port.classReaderFor(Ins
trSupport.java:280)
	at org.jacoco.agent.rt
.internal_4742761.core.
instr.Instrumenter.inst
rument(Instrumenter.jav
a:77)
	at org.jacoco.agent.rt
.internal_4742761.core.
instr.Instrumenter.inst
rument(Instrumenter.jav
a:109)
	... 95 more
2026-03-03 09:36:04.018 [main] INFO  org.springframework.test.context.support.AnnotationConfigContextLoaderUtils - Could not detect default configuration classes for test class [com.revpasswordmanager.controller.ForgotPasswordControllerTest]: ForgotPasswordControllerTest does not declare any static, non-private, non-final, nested classes annotated with @Configuration.
2026-03-03 09:36:04.543 [main] INFO  org.springframework.boot.test.context.SpringBootTestContextBootstrapper - Found @SpringBootConfiguration com.revpasswordmanager.P2RevPasswordManagerApplication for test class com.revpasswordmanager.controller.ForgotPasswordControllerTest
2026-03-03 09:36:04.717 [main] INFO  org.springframework.test.context.support.AnnotationConfigContextLoaderUtils - Could not detect default configuration classes for test class [com.revpasswordmanager.controller.UserControllerTest]: UserControllerTest does not declare any static, non-private, non-final, nested classes annotated with @Configuration.
2026-03-03 09:36:04.760 [main] INFO  org.springframework.boot.test.context.SpringBootTestContextBootstrapper - Found @SpringBootConfiguration com.revpasswordmanager.P2RevPasswordManagerApplication for test class com.revpasswordmanager.controller.UserControllerTest
2026-03-03 09:36:04.780 [main] INFO  org.springframework.test.context.support.AnnotationConfigContextLoaderUtils - Could not detect default configuration classes for test class [com.revpasswordmanager.controller.VaultControllerTest]: VaultControllerTest does not declare any static, non-private, non-final, nested classes annotated with @Configuration.
2026-03-03 09:36:04.801 [main] INFO  org.springframework.boot.test.context.SpringBootTestContextBootstrapper - Found @SpringBootConfiguration com.revpasswordmanager.P2RevPasswordManagerApplication for test class com.revpasswordmanager.controller.VaultControllerTest
java.lang.instrument.Il
legalClassFormatExcepti
on: Error while 
instrumenting 
java/sql/SQLException 
with JaCoCo 0.8.11.2023
10140853/f33756c.
	at org.jacoco.agent.rt
.internal_4742761.Cover
ageTransformer.transfor
m(CoverageTransformer.j
ava:94)
	at java.instrument/jav
a.lang.instrument.Class
FileTransformer.transfo
rm(ClassFileTransformer
.java:257)
	at java.instrument/sun
.instrument.Transformer
Manager.transform(Trans
formerManager.java:188)
	at java.instrument/sun
.instrument.Instrumenta
tionImpl.transform(Inst
rumentationImpl.java:59
4)
	at java.base/java.lang
.ClassLoader.defineClas
s2(Native Method)
	at java.base/java.lang
.ClassLoader.defineClas
s(ClassLoader.java:1052
)
	at java.base/java.secu
rity.SecureClassLoader.
defineClass(SecureClass
Loader.java:164)
	at java.base/jdk.inter
nal.loader.BuiltinClass
Loader.defineClass(Buil
tinClassLoader.java:735
)
	at java.base/jdk.inter
nal.loader.BuiltinClass
Loader.findClassInModul
eOrNull(BuiltinClassLoa
der.java:678)
	at java.base/jdk.inter
nal.loader.BuiltinClass
Loader.loadClassOrNull(
BuiltinClassLoader.java
:604)
	at java.base/jdk.inter
nal.loader.BuiltinClass
Loader.loadClassOrNull(
BuiltinClassLoader.java
:639)
	at java.base/jdk.inter
nal.loader.BuiltinClass
Loader.loadClassOrNull(
BuiltinClassLoader.java
:608)
	at java.base/jdk.inter
nal.loader.BuiltinClass
Loader.loadClass(Builti
nClassLoader.java:578)
	at java.base/java.lang
.ClassLoader.loadClass(
ClassLoader.java:490)
	at java.base/java.lang
.Class.getDeclaredMetho
ds0(Native Method)
	at java.base/java.lang
.Class.privateGetDeclar
edMethods(Class.java:30
35)
	at java.base/java.lang
.Class.getMethodsRecurs
ive(Class.java:3177)
	at java.base/java.lang
.Class.getMethod0(Class
.java:3162)
	at java.base/java.lang
.Class.getMethod(Class.
java:2166)
	at java.base/java.lang
.Class.getEnumConstants
Shared(Class.java:3467)
	at java.base/java.lang
.Class.enumConstantDire
ctory(Class.java:3493)
	at java.base/java.lang
.Enum.valueOf(Enum.java
:287)
	at java.base/sun.refle
ct.annotation.Annotatio
nParser.parseEnumValue(
AnnotationParser.java:4
73)
	at java.base/sun.refle
ct.annotation.Annotatio
nParser.parseMemberValu
e(AnnotationParser.java
:340)
	at java.base/java.lang
.reflect.Method.getDefa
ultValue(Method.java:75
7)
	at java.base/sun.refle
ct.annotation.Annotatio
nType.<init>(Annotation
Type.java:126)
	at java.base/sun.refle
ct.annotation.Annotatio
nType.getInstance(Annot
ationType.java:84)
	at java.base/sun.refle
ct.annotation.Annotatio
nParser.parseAnnotation
2(AnnotationParser.java
:261)
	at java.base/sun.refle
ct.annotation.Annotatio
nParser.parseAnnotation
s2(AnnotationParser.jav
a:120)
	at java.base/sun.refle
ct.annotation.Annotatio
nParser.parseAnnotation
s(AnnotationParser.java
:72)
	at java.base/java.lang
.Class.createAnnotation
Data(Class.java:3702)
	at java.base/java.lang
.Class.annotationData(C
lass.java:3691)
	at java.base/java.lang
.Class.getAnnotation(Cl
ass.java:3574)
	at org.junit.internal.
builders.AnnotatedBuild
er.runnerForClass(Annot
atedBuilder.java:84)
	at org.junit.runners.m
odel.RunnerBuilder.safe
RunnerForClass(RunnerBu
ilder.java:70)
	at org.junit.internal.
builders.AllDefaultPoss
ibilitiesBuilder.runner
ForClass(AllDefaultPoss
ibilitiesBuilder.java:3
7)
	at org.junit.vintage.e
ngine.discovery.Defensi
veAllDefaultPossibiliti
esBuilder.runnerForClas
s(DefensiveAllDefaultPo
ssibilitiesBuilder.java
:57)
	at org.junit.runners.m
odel.RunnerBuilder.safe
RunnerForClass(RunnerBu
ilder.java:70)
	at org.junit.vintage.e
ngine.discovery.ClassSe
lectorResolver.resolveT
estClassThatPassedNameF
ilter(ClassSelectorReso
lver.java:70)
	at org.junit.vintage.e
ngine.discovery.ClassSe
lectorResolver.resolve(
ClassSelectorResolver.j
ava:47)
	at org.junit.platform.
engine.support.discover
y.EngineDiscoveryReques
tResolution.lambda$reso
lve$2(EngineDiscoveryRe
questResolution.java:13
5)
	at java.base/java.util
.stream.ReferencePipeli
ne$3$1.accept(Reference
Pipeline.java:215)
	at java.base/java.util
.ArrayList$ArrayListSpl
iterator.tryAdvance(Arr
ayList.java:1693)
	at java.base/java.util
.stream.ReferencePipeli
ne.forEachWithCancel(Re
ferencePipeline.java:14
7)
	at java.base/java.util
.stream.AbstractPipelin
e.copyIntoWithCancel(Ab
stractPipeline.java:588
)
	at java.base/java.util
.stream.AbstractPipelin
e.copyInto(AbstractPipe
line.java:574)
	at java.base/java.util
.stream.AbstractPipelin
e.wrapAndCopyInto(Abstr
actPipeline.java:560)
	at java.base/java.util
.stream.FindOps$FindOp.
evaluateSequential(Find
Ops.java:150)
	at java.base/java.util
.stream.AbstractPipelin
e.evaluate(AbstractPipe
line.java:265)
	at java.base/java.util
.stream.ReferencePipeli
ne.findFirst(ReferenceP
ipeline.java:687)
	at org.junit.platform.
engine.support.discover
y.EngineDiscoveryReques
tResolution.resolve(Eng
ineDiscoveryRequestReso
lution.java:189)
	at org.junit.platform.
engine.support.discover
y.EngineDiscoveryReques
tResolution.resolve(Eng
ineDiscoveryRequestReso
lution.java:126)
	at org.junit.platform.
engine.support.discover
y.EngineDiscoveryReques
tResolution.resolveComp
letely(EngineDiscoveryR
equestResolution.java:9
2)
	at org.junit.platform.
engine.support.discover
y.EngineDiscoveryReques
tResolution.run(EngineD
iscoveryRequestResoluti
on.java:83)
	at org.junit.platform.
engine.support.discover
y.EngineDiscoveryReques
tResolver.resolve(Engin
eDiscoveryRequestResolv
er.java:116)
	at org.junit.vintage.e
ngine.discovery.Vintage
Discoverer.discover(Vin
tageDiscoverer.java:42)
	at org.junit.vintage.e
ngine.VintageTestEngine
.discover(VintageTestEn
gine.java:62)
	at org.junit.platform.
launcher.core.EngineDis
coveryOrchestrator.disc
overEngineRoot(EngineDi
scoveryOrchestrator.jav
a:152)
	at org.junit.platform.
launcher.core.EngineDis
coveryOrchestrator.disc
overSafely(EngineDiscov
eryOrchestrator.java:13
2)
	at org.junit.platform.
launcher.core.EngineDis
coveryOrchestrator.disc
over(EngineDiscoveryOrc
hestrator.java:105)
	at org.junit.platform.
launcher.core.EngineDis
coveryOrchestrator.disc
over(EngineDiscoveryOrc
hestrator.java:78)
	at org.junit.platform.
launcher.core.DefaultLa
uncher.discover(Default
Launcher.java:99)
	at org.junit.platform.
launcher.core.DefaultLa
uncher.discover(Default
Launcher.java:77)
	at org.junit.platform.
launcher.core.Delegatin
gLauncher.discover(Dele
gatingLauncher.java:42)
	at org.junit.platform.
launcher.core.Intercept
ingLauncher.lambda$disc
over$0(InterceptingLaun
cher.java:33)
	at org.junit.platform.
launcher.core.Classpath
AlignmentCheckingLaunch
erInterceptor.intercept
(ClasspathAlignmentChec
kingLauncherInterceptor
.java:25)
	at org.junit.platform.
launcher.core.Intercept
ingLauncher.discover(In
terceptingLauncher.java
:33)
	at org.junit.platform.
launcher.core.Delegatin
gLauncher.discover(Dele
gatingLauncher.java:42)
	at org.apache.maven.su
refire.junitplatform.La
uncherAdapter.discover(
LauncherAdapter.java:47
)
	at org.apache.maven.su
refire.junitplatform.Te
stPlanScannerFilter.acc
ept(TestPlanScannerFilt
er.java:51)
	at org.apache.maven.su
refire.api.util.Default
ScanResult.applyFilter(
DefaultScanResult.java:
87)
	at org.apache.maven.su
refire.junitplatform.JU
nitPlatformProvider.sca
nClasspath(JUnitPlatfor
mProvider.java:156)
	at org.apache.maven.su
refire.junitplatform.JU
nitPlatformProvider.inv
oke(JUnitPlatformProvid
er.java:136)
	at org.apache.maven.su
refire.booter.ForkedBoo
ter.runSuitesInProcess(
ForkedBooter.java:385)
	at org.apache.maven.su
refire.booter.ForkedBoo
ter.execute(ForkedBoote
r.java:162)
	at org.apache.maven.su
refire.booter.ForkedBoo
ter.run(ForkedBooter.ja
va:507)
	at org.apache.maven.su
refire.booter.ForkedBoo
ter.main(ForkedBooter.j
ava:495)
Caused by: 
java.io.IOException: 
Error while 
instrumenting 
java/sql/SQLException 
with JaCoCo 0.8.11.2023
10140853/f33756c.
	at org.jacoco.agent.rt
.internal_4742761.core.
instr.Instrumenter.inst
rumentError(Instrumente
r.java:161)
	at org.jacoco.agent.rt
.internal_4742761.core.
instr.Instrumenter.inst
rument(Instrumenter.jav
a:111)
	at org.jacoco.agent.rt
.internal_4742761.Cover
ageTransformer.transfor
m(CoverageTransformer.j
ava:92)
	... 76 more
Caused by: java.lang.Il
legalArgumentException:
 Unsupported class 
file major version 68
	at org.jacoco.agent.rt
.internal_4742761.asm.C
lassReader.<init>(Class
Reader.java:200)
	at org.jacoco.agent.rt
.internal_4742761.asm.C
lassReader.<init>(Class
Reader.java:180)
	at org.jacoco.agent.rt
.internal_4742761.asm.C
lassReader.<init>(Class
Reader.java:166)
	at org.jacoco.agent.rt
.internal_4742761.core.
internal.instr.InstrSup
port.classReaderFor(Ins
trSupport.java:280)
	at org.jacoco.agent.rt
.internal_4742761.core.
instr.Instrumenter.inst
rument(Instrumenter.jav
a:77)
	at org.jacoco.agent.rt
.internal_4742761.core.
instr.Instrumenter.inst
rument(Instrumenter.jav
a:109)
	... 77 more
java.lang.instrument.Il
legalClassFormatExcepti
on: Error while 
instrumenting 
javax/sql/DataSource 
with JaCoCo 0.8.11.2023
10140853/f33756c.
	at org.jacoco.agent.rt
.internal_4742761.Cover
ageTransformer.transfor
m(CoverageTransformer.j
ava:94)
	at java.instrument/jav
a.lang.instrument.Class
FileTransformer.transfo
rm(ClassFileTransformer
.java:257)
	at java.instrument/sun
.instrument.Transformer
Manager.transform(Trans
formerManager.java:188)
	at java.instrument/sun
.instrument.Instrumenta
tionImpl.transform(Inst
rumentationImpl.java:59
4)
	at java.base/java.lang
.ClassLoader.defineClas
s2(Native Method)
	at java.base/java.lang
.ClassLoader.defineClas
s(ClassLoader.java:1052
)
	at java.base/java.secu
rity.SecureClassLoader.
defineClass(SecureClass
Loader.java:164)
	at java.base/jdk.inter
nal.loader.BuiltinClass
Loader.defineClass(Buil
tinClassLoader.java:735
)
	at java.base/jdk.inter
nal.loader.BuiltinClass
Loader.findClassInModul
eOrNull(BuiltinClassLoa
der.java:678)
	at java.base/jdk.inter
nal.loader.BuiltinClass
Loader.loadClassOrNull(
BuiltinClassLoader.java
:604)
	at java.base/jdk.inter
nal.loader.BuiltinClass
Loader.loadClassOrNull(
BuiltinClassLoader.java
:639)
	at java.base/jdk.inter
nal.loader.BuiltinClass
Loader.loadClassOrNull(
BuiltinClassLoader.java
:608)
	at java.base/jdk.inter
nal.loader.BuiltinClass
Loader.loadClass(Builti
nClassLoader.java:578)
	at java.base/java.lang
.ClassLoader.loadClass(
ClassLoader.java:490)
	at java.base/java.lang
.Class.getDeclaredMetho
ds0(Native Method)
	at java.base/java.lang
.Class.privateGetDeclar
edMethods(Class.java:30
35)
	at java.base/java.lang
.Class.getMethodsRecurs
ive(Class.java:3177)
	at java.base/java.lang
.Class.getMethod0(Class
.java:3162)
	at java.base/java.lang
.Class.getMethod(Class.
java:2166)
	at java.base/java.lang
.Class.getEnumConstants
Shared(Class.java:3467)
	at java.base/java.lang
.Class.enumConstantDire
ctory(Class.java:3493)
	at java.base/java.lang
.Enum.valueOf(Enum.java
:287)
	at java.base/sun.refle
ct.annotation.Annotatio
nParser.parseEnumValue(
AnnotationParser.java:4
73)
	at java.base/sun.refle
ct.annotation.Annotatio
nParser.parseMemberValu
e(AnnotationParser.java
:340)
	at java.base/java.lang
.reflect.Method.getDefa
ultValue(Method.java:75
7)
	at java.base/sun.refle
ct.annotation.Annotatio
nType.<init>(Annotation
Type.java:126)
	at java.base/sun.refle
ct.annotation.Annotatio
nType.getInstance(Annot
ationType.java:84)
	at java.base/sun.refle
ct.annotation.Annotatio
nParser.parseAnnotation
2(AnnotationParser.java
:261)
	at java.base/sun.refle
ct.annotation.Annotatio
nParser.parseAnnotation
s2(AnnotationParser.jav
a:120)
	at java.base/sun.refle
ct.annotation.Annotatio
nParser.parseAnnotation
s(AnnotationParser.java
:72)
	at java.base/java.lang
.Class.createAnnotation
Data(Class.java:3702)
	at java.base/java.lang
.Class.annotationData(C
lass.java:3691)
	at java.base/java.lang
.Class.getAnnotation(Cl
ass.java:3574)
	at org.junit.internal.
builders.AnnotatedBuild
er.runnerForClass(Annot
atedBuilder.java:84)
	at org.junit.runners.m
odel.RunnerBuilder.safe
RunnerForClass(RunnerBu
ilder.java:70)
	at org.junit.internal.
builders.AllDefaultPoss
ibilitiesBuilder.runner
ForClass(AllDefaultPoss
ibilitiesBuilder.java:3
7)
	at org.junit.vintage.e
ngine.discovery.Defensi
veAllDefaultPossibiliti
esBuilder.runnerForClas
s(DefensiveAllDefaultPo
ssibilitiesBuilder.java
:57)
	at org.junit.runners.m
odel.RunnerBuilder.safe
RunnerForClass(RunnerBu
ilder.java:70)
	at org.junit.vintage.e
ngine.discovery.ClassSe
lectorResolver.resolveT
estClassThatPassedNameF
ilter(ClassSelectorReso
lver.java:70)
	at org.junit.vintage.e
ngine.discovery.ClassSe
lectorResolver.resolve(
ClassSelectorResolver.j
ava:47)
	at org.junit.platform.
engine.support.discover
y.EngineDiscoveryReques
tResolution.lambda$reso
lve$2(EngineDiscoveryRe
questResolution.java:13
5)
	at java.base/java.util
.stream.ReferencePipeli
ne$3$1.accept(Reference
Pipeline.java:215)
	at java.base/java.util
.ArrayList$ArrayListSpl
iterator.tryAdvance(Arr
ayList.java:1693)
	at java.base/java.util
.stream.ReferencePipeli
ne.forEachWithCancel(Re
ferencePipeline.java:14
7)
	at java.base/java.util
.stream.AbstractPipelin
e.copyIntoWithCancel(Ab
stractPipeline.java:588
)
	at java.base/java.util
.stream.AbstractPipelin
e.copyInto(AbstractPipe
line.java:574)
	at java.base/java.util
.stream.AbstractPipelin
e.wrapAndCopyInto(Abstr
actPipeline.java:560)
	at java.base/java.util
.stream.FindOps$FindOp.
evaluateSequential(Find
Ops.java:150)
	at java.base/java.util
.stream.AbstractPipelin
e.evaluate(AbstractPipe
line.java:265)
	at java.base/java.util
.stream.ReferencePipeli
ne.findFirst(ReferenceP
ipeline.java:687)
	at org.junit.platform.
engine.support.discover
y.EngineDiscoveryReques
tResolution.resolve(Eng
ineDiscoveryRequestReso
lution.java:189)
	at org.junit.platform.
engine.support.discover
y.EngineDiscoveryReques
tResolution.resolve(Eng
ineDiscoveryRequestReso
lution.java:126)
	at org.junit.platform.
engine.support.discover
y.EngineDiscoveryReques
tResolution.resolveComp
letely(EngineDiscoveryR
equestResolution.java:9
2)
	at org.junit.platform.
engine.support.discover
y.EngineDiscoveryReques
tResolution.run(EngineD
iscoveryRequestResoluti
on.java:83)
	at org.junit.platform.
engine.support.discover
y.EngineDiscoveryReques
tResolver.resolve(Engin
eDiscoveryRequestResolv
er.java:116)
	at org.junit.vintage.e
ngine.discovery.Vintage
Discoverer.discover(Vin
tageDiscoverer.java:42)
	at org.junit.vintage.e
ngine.VintageTestEngine
.discover(VintageTestEn
gine.java:62)
	at org.junit.platform.
launcher.core.EngineDis
coveryOrchestrator.disc
overEngineRoot(EngineDi
scoveryOrchestrator.jav
a:152)
	at org.junit.platform.
launcher.core.EngineDis
coveryOrchestrator.disc
overSafely(EngineDiscov
eryOrchestrator.java:13
2)
	at org.junit.platform.
launcher.core.EngineDis
coveryOrchestrator.disc
over(EngineDiscoveryOrc
hestrator.java:105)
	at org.junit.platform.
launcher.core.EngineDis
coveryOrchestrator.disc
over(EngineDiscoveryOrc
hestrator.java:78)
	at org.junit.platform.
launcher.core.DefaultLa
uncher.discover(Default
Launcher.java:99)
	at org.junit.platform.
launcher.core.DefaultLa
uncher.discover(Default
Launcher.java:77)
	at org.junit.platform.
launcher.core.Delegatin
gLauncher.discover(Dele
gatingLauncher.java:42)
	at org.junit.platform.
launcher.core.Intercept
ingLauncher.lambda$disc
over$0(InterceptingLaun
cher.java:33)
	at org.junit.platform.
launcher.core.Classpath
AlignmentCheckingLaunch
erInterceptor.intercept
(ClasspathAlignmentChec
kingLauncherInterceptor
.java:25)
	at org.junit.platform.
launcher.core.Intercept
ingLauncher.discover(In
terceptingLauncher.java
:33)
	at org.junit.platform.
launcher.core.Delegatin
gLauncher.discover(Dele
gatingLauncher.java:42)
	at org.apache.maven.su
refire.junitplatform.La
uncherAdapter.discover(
LauncherAdapter.java:47
)
	at org.apache.maven.su
refire.junitplatform.Te
stPlanScannerFilter.acc
ept(TestPlanScannerFilt
er.java:51)
	at org.apache.maven.su
refire.api.util.Default
ScanResult.applyFilter(
DefaultScanResult.java:
87)
	at org.apache.maven.su
refire.junitplatform.JU
nitPlatformProvider.sca
nClasspath(JUnitPlatfor
mProvider.java:156)
	at org.apache.maven.su
refire.junitplatform.JU
nitPlatformProvider.inv
oke(JUnitPlatformProvid
er.java:136)
	at org.apache.maven.su
refire.booter.ForkedBoo
ter.runSuitesInProcess(
ForkedBooter.java:385)
	at org.apache.maven.su
refire.booter.ForkedBoo
ter.execute(ForkedBoote
r.java:162)
	at org.apache.maven.su
refire.booter.ForkedBoo
ter.run(ForkedBooter.ja
va:507)
	at org.apache.maven.su
refire.booter.ForkedBoo
ter.main(ForkedBooter.j
ava:495)
Caused by: 
java.io.IOException: 
Error while 
instrumenting 
javax/sql/DataSource 
with JaCoCo 0.8.11.2023
10140853/f33756c.
	at org.jacoco.agent.rt
.internal_4742761.core.
instr.Instrumenter.inst
rumentError(Instrumente
r.java:161)
	at org.jacoco.agent.rt
.internal_4742761.core.
instr.Instrumenter.inst
rument(Instrumenter.jav
a:111)
	at org.jacoco.agent.rt
.internal_4742761.Cover
ageTransformer.transfor
m(CoverageTransformer.j
ava:92)
	... 76 more
Caused by: java.lang.Il
legalArgumentException:
 Unsupported class 
file major version 68
	at org.jacoco.agent.rt
.internal_4742761.asm.C
lassReader.<init>(Class
Reader.java:200)
	at org.jacoco.agent.rt
.internal_4742761.asm.C
lassReader.<init>(Class
Reader.java:180)
	at org.jacoco.agent.rt
.internal_4742761.asm.C
lassReader.<init>(Class
Reader.java:166)
	at org.jacoco.agent.rt
.internal_4742761.core.
internal.instr.InstrSup
port.classReaderFor(Ins
trSupport.java:280)
	at org.jacoco.agent.rt
.internal_4742761.core.
instr.Instrumenter.inst
rument(Instrumenter.jav
a:77)
	at org.jacoco.agent.rt
.internal_4742761.core.
instr.Instrumenter.inst
rument(Instrumenter.jav
a:109)
	... 77 more
java.lang.instrument.Il
legalClassFormatExcepti
on: Error while 
instrumenting javax/sql
/CommonDataSource with 
JaCoCo 0.8.11.202310140
853/f33756c.
	at org.jacoco.agent.rt
.internal_4742761.Cover
ageTransformer.transfor
m(CoverageTransformer.j
ava:94)
	at java.instrument/jav
a.lang.instrument.Class
FileTransformer.transfo
rm(ClassFileTransformer
.java:257)
	at java.instrument/sun
.instrument.Transformer
Manager.transform(Trans
formerManager.java:188)
	at java.instrument/sun
.instrument.Instrumenta
tionImpl.transform(Inst
rumentationImpl.java:59
4)
	at java.base/java.lang
.ClassLoader.defineClas
s2(Native Method)
	at java.base/java.lang
.ClassLoader.defineClas
s(ClassLoader.java:1052
)
	at java.base/java.secu
rity.SecureClassLoader.
defineClass(SecureClass
Loader.java:164)
	at java.base/jdk.inter
nal.loader.BuiltinClass
Loader.defineClass(Buil
tinClassLoader.java:735
)
	at java.base/jdk.inter
nal.loader.BuiltinClass
Loader.findClassInModul
eOrNull(BuiltinClassLoa
der.java:678)
	at java.base/jdk.inter
nal.loader.BuiltinClass
Loader.loadClassOrNull(
BuiltinClassLoader.java
:604)
	at java.base/jdk.inter
nal.loader.BuiltinClass
Loader.loadClass(Builti
nClassLoader.java:578)
	at java.base/java.lang
.ClassLoader.loadClass(
ClassLoader.java:490)
	at java.base/java.lang
.ClassLoader.defineClas
s2(Native Method)
	at java.base/java.lang
.ClassLoader.defineClas
s(ClassLoader.java:1052
)
	at java.base/java.secu
rity.SecureClassLoader.
defineClass(SecureClass
Loader.java:164)
	at java.base/jdk.inter
nal.loader.BuiltinClass
Loader.defineClass(Buil
tinClassLoader.java:735
)
	at java.base/jdk.inter
nal.loader.BuiltinClass
Loader.findClassInModul
eOrNull(BuiltinClassLoa
der.java:678)
	at java.base/jdk.inter
nal.loader.BuiltinClass
Loader.loadClassOrNull(
BuiltinClassLoader.java
:604)
	at java.base/jdk.inter
nal.loader.BuiltinClass
Loader.loadClassOrNull(
BuiltinClassLoader.java
:639)
	at java.base/jdk.inter
nal.loader.BuiltinClass
Loader.loadClassOrNull(
BuiltinClassLoader.java
:608)
	at java.base/jdk.inter
nal.loader.BuiltinClass
Loader.loadClass(Builti
nClassLoader.java:578)
	at java.base/java.lang
.ClassLoader.loadClass(
ClassLoader.java:490)
	at java.base/java.lang
.Class.getDeclaredMetho
ds0(Native Method)
	at java.base/java.lang
.Class.privateGetDeclar
edMethods(Class.java:30
35)
	at java.base/java.lang
.Class.getMethodsRecurs
ive(Class.java:3177)
	at java.base/java.lang
.Class.getMethod0(Class
.java:3162)
	at java.base/java.lang
.Class.getMethod(Class.
java:2166)
	at java.base/java.lang
.Class.getEnumConstants
Shared(Class.java:3467)
	at java.base/java.lang
.Class.enumConstantDire
ctory(Class.java:3493)
	at java.base/java.lang
.Enum.valueOf(Enum.java
:287)
	at java.base/sun.refle
ct.annotation.Annotatio
nParser.parseEnumValue(
AnnotationParser.java:4
73)
	at java.base/sun.refle
ct.annotation.Annotatio
nParser.parseMemberValu
e(AnnotationParser.java
:340)
	at java.base/java.lang
.reflect.Method.getDefa
ultValue(Method.java:75
7)
	at java.base/sun.refle
ct.annotation.Annotatio
nType.<init>(Annotation
Type.java:126)
	at java.base/sun.refle
ct.annotation.Annotatio
nType.getInstance(Annot
ationType.java:84)
	at java.base/sun.refle
ct.annotation.Annotatio
nParser.parseAnnotation
2(AnnotationParser.java
:261)
	at java.base/sun.refle
ct.annotation.Annotatio
nParser.parseAnnotation
s2(AnnotationParser.jav
a:120)
	at java.base/sun.refle
ct.annotation.Annotatio
nParser.parseAnnotation
s(AnnotationParser.java
:72)
	at java.base/java.lang
.Class.createAnnotation
Data(Class.java:3702)
	at java.base/java.lang
.Class.annotationData(C
lass.java:3691)
	at java.base/java.lang
.Class.getAnnotation(Cl
ass.java:3574)
	at org.junit.internal.
builders.AnnotatedBuild
er.runnerForClass(Annot
atedBuilder.java:84)
	at org.junit.runners.m
odel.RunnerBuilder.safe
RunnerForClass(RunnerBu
ilder.java:70)
	at org.junit.internal.
builders.AllDefaultPoss
ibilitiesBuilder.runner
ForClass(AllDefaultPoss
ibilitiesBuilder.java:3
7)
	at org.junit.vintage.e
ngine.discovery.Defensi
veAllDefaultPossibiliti
esBuilder.runnerForClas
s(DefensiveAllDefaultPo
ssibilitiesBuilder.java
:57)
	at org.junit.runners.m
odel.RunnerBuilder.safe
RunnerForClass(RunnerBu
ilder.java:70)
	at org.junit.vintage.e
ngine.discovery.ClassSe
lectorResolver.resolveT
estClassThatPassedNameF
ilter(ClassSelectorReso
lver.java:70)
	at org.junit.vintage.e
ngine.discovery.ClassSe
lectorResolver.resolve(
ClassSelectorResolver.j
ava:47)
	at org.junit.platform.
engine.support.discover
y.EngineDiscoveryReques
tResolution.lambda$reso
lve$2(EngineDiscoveryRe
questResolution.java:13
5)
	at java.base/java.util
.stream.ReferencePipeli
ne$3$1.accept(Reference
Pipeline.java:215)
	at java.base/java.util
.ArrayList$ArrayListSpl
iterator.tryAdvance(Arr
ayList.java:1693)
	at java.base/java.util
.stream.ReferencePipeli
ne.forEachWithCancel(Re
ferencePipeline.java:14
7)
	at java.base/java.util
.stream.AbstractPipelin
e.copyIntoWithCancel(Ab
stractPipeline.java:588
)
	at java.base/java.util
.stream.AbstractPipelin
e.copyInto(AbstractPipe
line.java:574)
	at java.base/java.util
.stream.AbstractPipelin
e.wrapAndCopyInto(Abstr
actPipeline.java:560)
	at java.base/java.util
.stream.FindOps$FindOp.
evaluateSequential(Find
Ops.java:150)
	at java.base/java.util
.stream.AbstractPipelin
e.evaluate(AbstractPipe
line.java:265)
	at java.base/java.util
.stream.ReferencePipeli
ne.findFirst(ReferenceP
ipeline.java:687)
	at org.junit.platform.
engine.support.discover
y.EngineDiscoveryReques
tResolution.resolve(Eng
ineDiscoveryRequestReso
lution.java:189)
	at org.junit.platform.
engine.support.discover
y.EngineDiscoveryReques
tResolution.resolve(Eng
ineDiscoveryRequestReso
lution.java:126)
	at org.junit.platform.
engine.support.discover
y.EngineDiscoveryReques
tResolution.resolveComp
letely(EngineDiscoveryR
equestResolution.java:9
2)
	at org.junit.platform.
engine.support.discover
y.EngineDiscoveryReques
tResolution.run(EngineD
iscoveryRequestResoluti
on.java:83)
	at org.junit.platform.
engine.support.discover
y.EngineDiscoveryReques
tResolver.resolve(Engin
eDiscoveryRequestResolv
er.java:116)
	at org.junit.vintage.e
ngine.discovery.Vintage
Discoverer.discover(Vin
tageDiscoverer.java:42)
	at org.junit.vintage.e
ngine.VintageTestEngine
.discover(VintageTestEn
gine.java:62)
	at org.junit.platform.
launcher.core.EngineDis
coveryOrchestrator.disc
overEngineRoot(EngineDi
scoveryOrchestrator.jav
a:152)
	at org.junit.platform.
launcher.core.EngineDis
coveryOrchestrator.disc
overSafely(EngineDiscov
eryOrchestrator.java:13
2)
	at org.junit.platform.
launcher.core.EngineDis
coveryOrchestrator.disc
over(EngineDiscoveryOrc
hestrator.java:105)
	at org.junit.platform.
launcher.core.EngineDis
coveryOrchestrator.disc
over(EngineDiscoveryOrc
hestrator.java:78)
	at org.junit.platform.
launcher.core.DefaultLa
uncher.discover(Default
Launcher.java:99)
	at org.junit.platform.
launcher.core.DefaultLa
uncher.discover(Default
Launcher.java:77)
	at org.junit.platform.
launcher.core.Delegatin
gLauncher.discover(Dele
gatingLauncher.java:42)
	at org.junit.platform.
launcher.core.Intercept
ingLauncher.lambda$disc
over$0(InterceptingLaun
cher.java:33)
	at org.junit.platform.
launcher.core.Classpath
AlignmentCheckingLaunch
erInterceptor.intercept
(ClasspathAlignmentChec
kingLauncherInterceptor
.java:25)
	at org.junit.platform.
launcher.core.Intercept
ingLauncher.discover(In
terceptingLauncher.java
:33)
	at org.junit.platform.
launcher.core.Delegatin
gLauncher.discover(Dele
gatingLauncher.java:42)
	at org.apache.maven.su
refire.junitplatform.La
uncherAdapter.discover(
LauncherAdapter.java:47
)
	at org.apache.maven.su
refire.junitplatform.Te
stPlanScannerFilter.acc
ept(TestPlanScannerFilt
er.java:51)
	at org.apache.maven.su
refire.api.util.Default
ScanResult.applyFilter(
DefaultScanResult.java:
87)
	at org.apache.maven.su
refire.junitplatform.JU
nitPlatformProvider.sca
nClasspath(JUnitPlatfor
mProvider.java:156)
	at org.apache.maven.su
refire.junitplatform.JU
nitPlatformProvider.inv
oke(JUnitPlatformProvid
er.java:136)
	at org.apache.maven.su
refire.booter.ForkedBoo
ter.runSuitesInProcess(
ForkedBooter.java:385)
	at org.apache.maven.su
refire.booter.ForkedBoo
ter.execute(ForkedBoote
r.java:162)
	at org.apache.maven.su
refire.booter.ForkedBoo
ter.run(ForkedBooter.ja
va:507)
	at org.apache.maven.su
refire.booter.ForkedBoo
ter.main(ForkedBooter.j
ava:495)
Caused by: 
java.io.IOException: 
Error while 
instrumenting javax/sql
/CommonDataSource with 
JaCoCo 0.8.11.202310140
853/f33756c.
	at org.jacoco.agent.rt
.internal_4742761.core.
instr.Instrumenter.inst
rumentError(Instrumente
r.java:161)
	at org.jacoco.agent.rt
.internal_4742761.core.
instr.Instrumenter.inst
rument(Instrumenter.jav
a:111)
	at org.jacoco.agent.rt
.internal_4742761.Cover
ageTransformer.transfor
m(CoverageTransformer.j
ava:92)
	... 84 more
Caused by: java.lang.Il
legalArgumentException:
 Unsupported class 
file major version 68
	at org.jacoco.agent.rt
.internal_4742761.asm.C
lassReader.<init>(Class
Reader.java:200)
	at org.jacoco.agent.rt
.internal_4742761.asm.C
lassReader.<init>(Class
Reader.java:180)
	at org.jacoco.agent.rt
.internal_4742761.asm.C
lassReader.<init>(Class
Reader.java:166)
	at org.jacoco.agent.rt
.internal_4742761.core.
internal.instr.InstrSup
port.classReaderFor(Ins
trSupport.java:280)
	at org.jacoco.agent.rt
.internal_4742761.core.
instr.Instrumenter.inst
rument(Instrumenter.jav
a:77)
	at org.jacoco.agent.rt
.internal_4742761.core.
instr.Instrumenter.inst
rument(Instrumenter.jav
a:109)
	... 85 more
java.lang.instrument.Il
legalClassFormatExcepti
on: Error while 
instrumenting 
java/sql/Wrapper with 
JaCoCo 0.8.11.202310140
853/f33756c.
	at org.jacoco.agent.rt
.internal_4742761.Cover
ageTransformer.transfor
m(CoverageTransformer.j
ava:94)
	at java.instrument/jav
a.lang.instrument.Class
FileTransformer.transfo
rm(ClassFileTransformer
.java:257)
	at java.instrument/sun
.instrument.Transformer
Manager.transform(Trans
formerManager.java:188)
	at java.instrument/sun
.instrument.Instrumenta
tionImpl.transform(Inst
rumentationImpl.java:59
4)
	at java.base/java.lang
.ClassLoader.defineClas
s2(Native Method)
	at java.base/java.lang
.ClassLoader.defineClas
s(ClassLoader.java:1052
)
	at java.base/java.secu
rity.SecureClassLoader.
defineClass(SecureClass
Loader.java:164)
	at java.base/jdk.inter
nal.loader.BuiltinClass
Loader.defineClass(Buil
tinClassLoader.java:735
)
	at java.base/jdk.inter
nal.loader.BuiltinClass
Loader.findClassInModul
eOrNull(BuiltinClassLoa
der.java:678)
	at java.base/jdk.inter
nal.loader.BuiltinClass
Loader.loadClassOrNull(
BuiltinClassLoader.java
:604)
	at java.base/jdk.inter
nal.loader.BuiltinClass
Loader.loadClass(Builti
nClassLoader.java:578)
	at java.base/java.lang
.ClassLoader.loadClass(
ClassLoader.java:490)
	at java.base/java.lang
.ClassLoader.defineClas
s2(Native Method)
	at java.base/java.lang
.ClassLoader.defineClas
s(ClassLoader.java:1052
)
	at java.base/java.secu
rity.SecureClassLoader.
defineClass(SecureClass
Loader.java:164)
	at java.base/jdk.inter
nal.loader.BuiltinClass
Loader.defineClass(Buil
tinClassLoader.java:735
)
	at java.base/jdk.inter
nal.loader.BuiltinClass
Loader.findClassInModul
eOrNull(BuiltinClassLoa
der.java:678)
	at java.base/jdk.inter
nal.loader.BuiltinClass
Loader.loadClassOrNull(
BuiltinClassLoader.java
:604)
	at java.base/jdk.inter
nal.loader.BuiltinClass
Loader.loadClassOrNull(
BuiltinClassLoader.java
:639)
	at java.base/jdk.inter
nal.loader.BuiltinClass
Loader.loadClassOrNull(
BuiltinClassLoader.java
:608)
	at java.base/jdk.inter
nal.loader.BuiltinClass
Loader.loadClass(Builti
nClassLoader.java:578)
	at java.base/java.lang
.ClassLoader.loadClass(
ClassLoader.java:490)
	at java.base/java.lang
.Class.getDeclaredMetho
ds0(Native Method)
	at java.base/java.lang
.Class.privateGetDeclar
edMethods(Class.java:30
35)
	at java.base/java.lang
.Class.getMethodsRecurs
ive(Class.java:3177)
	at java.base/java.lang
.Class.getMethod0(Class
.java:3162)
	at java.base/java.lang
.Class.getMethod(Class.
java:2166)
	at java.base/java.lang
.Class.getEnumConstants
Shared(Class.java:3467)
	at java.base/java.lang
.Class.enumConstantDire
ctory(Class.java:3493)
	at java.base/java.lang
.Enum.valueOf(Enum.java
:287)
	at java.base/sun.refle
ct.annotation.Annotatio
nParser.parseEnumValue(
AnnotationParser.java:4
73)
	at java.base/sun.refle
ct.annotation.Annotatio
nParser.parseMemberValu
e(AnnotationParser.java
:340)
	at java.base/java.lang
.reflect.Method.getDefa
ultValue(Method.java:75
7)
	at java.base/sun.refle
ct.annotation.Annotatio
nType.<init>(Annotation
Type.java:126)
	at java.base/sun.refle
ct.annotation.Annotatio
nType.getInstance(Annot
ationType.java:84)
	at java.base/sun.refle
ct.annotation.Annotatio
nParser.parseAnnotation
2(AnnotationParser.java
:261)
	at java.base/sun.refle
ct.annotation.Annotatio
nParser.parseAnnotation
s2(AnnotationParser.jav
a:120)
	at java.base/sun.refle
ct.annotation.Annotatio
nParser.parseAnnotation
s(AnnotationParser.java
:72)
	at java.base/java.lang
.Class.createAnnotation
Data(Class.java:3702)
	at java.base/java.lang
.Class.annotationData(C
lass.java:3691)
	at java.base/java.lang
.Class.getAnnotation(Cl
ass.java:3574)
	at org.junit.internal.
builders.AnnotatedBuild
er.runnerForClass(Annot
atedBuilder.java:84)
	at org.junit.runners.m
odel.RunnerBuilder.safe
RunnerForClass(RunnerBu
ilder.java:70)
	at org.junit.internal.
builders.AllDefaultPoss
ibilitiesBuilder.runner
ForClass(AllDefaultPoss
ibilitiesBuilder.java:3
7)
	at org.junit.vintage.e
ngine.discovery.Defensi
veAllDefaultPossibiliti
esBuilder.runnerForClas
s(DefensiveAllDefaultPo
ssibilitiesBuilder.java
:57)
	at org.junit.runners.m
odel.RunnerBuilder.safe
RunnerForClass(RunnerBu
ilder.java:70)
	at org.junit.vintage.e
ngine.discovery.ClassSe
lectorResolver.resolveT
estClassThatPassedNameF
ilter(ClassSelectorReso
lver.java:70)
	at org.junit.vintage.e
ngine.discovery.ClassSe
lectorResolver.resolve(
ClassSelectorResolver.j
ava:47)
	at org.junit.platform.
engine.support.discover
y.EngineDiscoveryReques
tResolution.lambda$reso
lve$2(EngineDiscoveryRe
questResolution.java:13
5)
	at java.base/java.util
.stream.ReferencePipeli
ne$3$1.accept(Reference
Pipeline.java:215)
	at java.base/java.util
.ArrayList$ArrayListSpl
iterator.tryAdvance(Arr
ayList.java:1693)
	at java.base/java.util
.stream.ReferencePipeli
ne.forEachWithCancel(Re
ferencePipeline.java:14
7)
	at java.base/java.util
.stream.AbstractPipelin
e.copyIntoWithCancel(Ab
stractPipeline.java:588
)
	at java.base/java.util
.stream.AbstractPipelin
e.copyInto(AbstractPipe
line.java:574)
	at java.base/java.util
.stream.AbstractPipelin
e.wrapAndCopyInto(Abstr
actPipeline.java:560)
	at java.base/java.util
.stream.FindOps$FindOp.
evaluateSequential(Find
Ops.java:150)
	at java.base/java.util
.stream.AbstractPipelin
e.evaluate(AbstractPipe
line.java:265)
	at java.base/java.util
.stream.ReferencePipeli
ne.findFirst(ReferenceP
ipeline.java:687)
	at org.junit.platform.
engine.support.discover
y.EngineDiscoveryReques
tResolution.resolve(Eng
ineDiscoveryRequestReso
lution.java:189)
	at org.junit.platform.
engine.support.discover
y.EngineDiscoveryReques
tResolution.resolve(Eng
ineDiscoveryRequestReso
lution.java:126)
	at org.junit.platform.
engine.support.discover
y.EngineDiscoveryReques
tResolution.resolveComp
letely(EngineDiscoveryR
equestResolution.java:9
2)
	at org.junit.platform.
engine.support.discover
y.EngineDiscoveryReques
tResolution.run(EngineD
iscoveryRequestResoluti
on.java:83)
	at org.junit.platform.
engine.support.discover
y.EngineDiscoveryReques
tResolver.resolve(Engin
eDiscoveryRequestResolv
er.java:116)
	at org.junit.vintage.e
ngine.discovery.Vintage
Discoverer.discover(Vin
tageDiscoverer.java:42)
	at org.junit.vintage.e
ngine.VintageTestEngine
.discover(VintageTestEn
gine.java:62)
	at org.junit.platform.
launcher.core.EngineDis
coveryOrchestrator.disc
overEngineRoot(EngineDi
scoveryOrchestrator.jav
a:152)
	at org.junit.platform.
launcher.core.EngineDis
coveryOrchestrator.disc
overSafely(EngineDiscov
eryOrchestrator.java:13
2)
2026-03-03 09:36:04.890 [main] INFO  org.springframework.test.context.support.AnnotationConfigContextLoaderUtils - Could not detect default configuration classes for test class [com.revpasswordmanager.repository.VerificationCodeRepositoryTest]: VerificationCodeRepositoryTest does not declare any static, non-private, non-final, nested classes annotated with @Configuration.
2026-03-03 09:36:04.981 [main] INFO  org.springframework.boot.test.context.SpringBootTestContextBootstrapper - Found @SpringBootConfiguration com.revpasswordmanager.P2RevPasswordManagerApplication for test class com.revpasswordmanager.repository.VerificationCodeRepositoryTest
2026-03-03 09:36:04.993 [main] INFO  org.springframework.test.context.support.AnnotationConfigContextLoaderUtils - Could not detect default configuration classes for test class [com.revpasswordmanager.rest.RestCredentialControllerTest]: RestCredentialControllerTest does not declare any static, non-private, non-final, nested classes annotated with @Configuration.
	at org.junit.platform.
launcher.core.EngineDis
coveryOrchestrator.disc
over(EngineDiscoveryOrc
hestrator.java:105)
	at org.junit.platform.
launcher.core.EngineDis
coveryOrchestrator.disc
over(EngineDiscoveryOrc
hestrator.java:78)
	at org.junit.platform.
launcher.core.DefaultLa
uncher.discover(Default
Launcher.java:99)
	at org.junit.platform.
launcher.core.DefaultLa
uncher.discover(Default
Launcher.java:77)
	at org.junit.platform.
launcher.core.Delegatin
gLauncher.discover(Dele
gatingLauncher.java:42)
	at org.junit.platform.
launcher.core.Intercept
ingLauncher.lambda$disc
over$0(InterceptingLaun
cher.java:33)
	at org.junit.platform.
launcher.core.Classpath
AlignmentCheckingLaunch
erInterceptor.intercept
(ClasspathAlignmentChec
kingLauncherInterceptor
.java:25)
	at org.junit.platform.
launcher.core.Intercept
ingLauncher.discover(In
terceptingLauncher.java
:33)
	at org.junit.platform.
launcher.core.Delegatin
gLauncher.discover(Dele
gatingLauncher.java:42)
	at org.apache.maven.su
refire.junitplatform.La
uncherAdapter.discover(
LauncherAdapter.java:47
)
	at org.apache.maven.su
refire.junitplatform.Te
stPlanScannerFilter.acc
ept(TestPlanScannerFilt
er.java:51)
	at org.apache.maven.su
refire.api.util.Default
ScanResult.applyFilter(
DefaultScanResult.java:
87)
	at org.apache.maven.su
refire.junitplatform.JU
nitPlatformProvider.sca
nClasspath(JUnitPlatfor
mProvider.java:156)
	at org.apache.maven.su
refire.junitplatform.JU
nitPlatformProvider.inv
oke(JUnitPlatformProvid
er.java:136)
	at org.apache.maven.su
refire.booter.ForkedBoo
ter.runSuitesInProcess(
ForkedBooter.java:385)
	at org.apache.maven.su
refire.booter.ForkedBoo
ter.execute(ForkedBoote
r.java:162)
	at org.apache.maven.su
refire.booter.ForkedBoo
ter.run(ForkedBooter.ja
va:507)
	at org.apache.maven.su
refire.booter.ForkedBoo
ter.main(ForkedBooter.j
ava:495)
Caused by: 
java.io.IOException: 
Error while 
instrumenting 
java/sql/Wrapper with 
JaCoCo 0.8.11.202310140
853/f33756c.
	at org.jacoco.agent.rt
.internal_4742761.core.
instr.Instrumenter.inst
rumentError(Instrumente
r.java:161)
	at org.jacoco.agent.rt
.internal_4742761.core.
instr.Instrumenter.inst
rument(Instrumenter.jav
a:111)
	at org.jacoco.agent.rt
.internal_4742761.Cover
ageTransformer.transfor
m(CoverageTransformer.j
ava:92)
	... 84 more
Caused by: java.lang.Il
legalArgumentException:
 Unsupported class 
file major version 68
	at org.jacoco.agent.rt
.internal_4742761.asm.C
lassReader.<init>(Class
Reader.java:200)
	at org.jacoco.agent.rt
.internal_4742761.asm.C
lassReader.<init>(Class
Reader.java:180)
	at org.jacoco.agent.rt
.internal_4742761.asm.C
lassReader.<init>(Class
Reader.java:166)
	at org.jacoco.agent.rt
.internal_4742761.core.
internal.instr.InstrSup
port.classReaderFor(Ins
trSupport.java:280)
	at org.jacoco.agent.rt
.internal_4742761.core.
instr.Instrumenter.inst
rument(Instrumenter.jav
a:77)
	at org.jacoco.agent.rt
.internal_4742761.core.
instr.Instrumenter.inst
rument(Instrumenter.jav
a:109)
	... 85 more
2026-03-03 09:36:05.036 [main] INFO  org.springframework.boot.test.context.SpringBootTestContextBootstrapper - Found @SpringBootConfiguration com.revpasswordmanager.P2RevPasswordManagerApplication for test class com.revpasswordmanager.rest.RestCredentialControllerTest
2026-03-03 09:36:05.134 [main] INFO  org.springframework.test.context.support.AnnotationConfigContextLoaderUtils - Could not detect default configuration classes for test class [com.revpasswordmanager.controller.ForgotPasswordControllerTest]: ForgotPasswordControllerTest does not declare any static, non-private, non-final, nested classes annotated with @Configuration.
2026-03-03 09:36:05.150 [main] INFO  org.springframework.boot.test.context.SpringBootTestContextBootstrapper - Found @SpringBootConfiguration com.revpasswordmanager.P2RevPasswordManagerApplication for test class com.revpasswordmanager.controller.ForgotPasswordControllerTest
2026-03-03 09:36:05.155 [main] INFO  org.springframework.test.context.support.AnnotationConfigContextLoaderUtils - Could not detect default configuration classes for test class [com.revpasswordmanager.controller.UserControllerTest]: UserControllerTest does not declare any static, non-private, non-final, nested classes annotated with @Configuration.
2026-03-03 09:36:05.172 [main] INFO  org.springframework.boot.test.context.SpringBootTestContextBootstrapper - Found @SpringBootConfiguration com.revpasswordmanager.P2RevPasswordManagerApplication for test class com.revpasswordmanager.controller.UserControllerTest
2026-03-03 09:36:05.178 [main] INFO  org.springframework.test.context.support.AnnotationConfigContextLoaderUtils - Could not detect default configuration classes for test class [com.revpasswordmanager.controller.VaultControllerTest]: VaultControllerTest does not declare any static, non-private, non-final, nested classes annotated with @Configuration.
2026-03-03 09:36:05.196 [main] INFO  org.springframework.boot.test.context.SpringBootTestContextBootstrapper - Found @SpringBootConfiguration com.revpasswordmanager.P2RevPasswordManagerApplication for test class com.revpasswordmanager.controller.VaultControllerTest
2026-03-03 09:36:05.200 [main] INFO  org.springframework.test.context.support.AnnotationConfigContextLoaderUtils - Could not detect default configuration classes for test class [com.revpasswordmanager.repository.VerificationCodeRepositoryTest]: VerificationCodeRepositoryTest does not declare any static, non-private, non-final, nested classes annotated with @Configuration.
2026-03-03 09:36:05.222 [main] INFO  org.springframework.boot.test.context.SpringBootTestContextBootstrapper - Found @SpringBootConfiguration com.revpasswordmanager.P2RevPasswordManagerApplication for test class com.revpasswordmanager.repository.VerificationCodeRepositoryTest
2026-03-03 09:36:05.225 [main] INFO  org.springframework.test.context.support.AnnotationConfigContextLoaderUtils - Could not detect default configuration classes for test class [com.revpasswordmanager.rest.RestCredentialControllerTest]: RestCredentialControllerTest does not declare any static, non-private, non-final, nested classes annotated with @Configuration.
2026-03-03 09:36:05.238 [main] INFO  org.springframework.boot.test.context.SpringBootTestContextBootstrapper - Found @SpringBootConfiguration com.revpasswordmanager.P2RevPasswordManagerApplication for test class com.revpasswordmanager.rest.RestCredentialControllerTest
[INFO] Running com.revpasswordmanager.controller.ForgotPasswordControllerTest
2026-03-03 09:36:05.675 [main] INFO  org.springframework.boot.devtools.restart.RestartApplicationListener - Restart disabled due to context in which it is running
java.lang.instrument.Il
legalClassFormatExcepti
on: Error while 
instrumenting jdk/jshel
l/execution/impl/Consol
eImpl$ConsoleProviderIm
pl with JaCoCo 0.8.11.2
02310140853/f33756c.
	at org.jacoco.agent.rt
.internal_4742761.Cover
ageTransformer.transfor
m(CoverageTransformer.j
ava:94)
	at java.instrument/jav
a.lang.instrument.Class
FileTransformer.transfo
rm(ClassFileTransformer
.java:257)
	at java.instrument/sun
.instrument.Transformer
Manager.transform(Trans
formerManager.java:188)
	at java.instrument/sun
.instrument.Instrumenta
tionImpl.transform(Inst
rumentationImpl.java:59
4)
	at java.base/java.lang
.ClassLoader.defineClas
s2(Native Method)
	at java.base/java.lang
.ClassLoader.defineClas
s(ClassLoader.java:1052
)
	at java.base/java.secu
rity.SecureClassLoader.
defineClass(SecureClass
Loader.java:164)
	at java.base/jdk.inter
nal.loader.BuiltinClass
Loader.defineClass(Buil
tinClassLoader.java:735
)
	at java.base/jdk.inter
nal.loader.BuiltinClass
Loader.findClassInModul
eOrNull(BuiltinClassLoa
der.java:678)
	at java.base/jdk.inter
nal.loader.BuiltinClass
Loader.findClass(Builti
nClassLoader.java:560)
	at java.base/java.lang
.ClassLoader.loadClass(
ClassLoader.java:602)
	at java.base/java.lang
.Class.forName(Class.ja
va:595)
	at java.base/java.util
.ServiceLoader.loadProv
ider(ServiceLoader.java
:755)
	at java.base/java.util
.ServiceLoader$LayerLoo
kupIterator.hasNext(Ser
viceLoader.java:843)
	at java.base/java.util
.ServiceLoader$2.hasNex
t(ServiceLoader.java:12
46)
	at java.base/java.io.C
onsole.instantiateConso
le(Console.java:675)
	at java.base/java.io.C
onsole.<clinit>(Console
.java:649)
	at java.base/jdk.inter
nal.misc.Unsafe.ensureC
lassInitialized0(Native
 Method)
	at java.base/jdk.inter
nal.misc.Unsafe.ensureC
lassInitialized(Unsafe.
java:1166)
	at java.base/java.lang
.invoke.MethodHandles$L
ookup.ensureInitialized
(MethodHandles.java:274
9)
	at java.base/jdk.inter
nal.access.SharedSecret
s.ensureClassInitialize
d(SharedSecrets.java:51
3)
	at java.base/jdk.inter
nal.access.SharedSecret
s.getJavaIOAccess(Share
dSecrets.java:280)
	at java.base/java.lang
.System.console(System.
java:236)
	at org.springframework
.boot.logging.LoggingSy
stemProperties.getConso
le(LoggingSystemPropert
ies.java:101)
	at org.springframework
.boot.logging.LoggingSy
stemProperties.getDefau
ltConsoleCharset(Loggin
gSystemProperties.java:
165)
	at org.springframework
.boot.logging.LoggingSy
stemProperties.apply(Lo
ggingSystemProperties.j
ava:126)
	at org.springframework
.boot.logging.LoggingSy
stemProperties.apply(Lo
ggingSystemProperties.j
ava:110)
	at org.springframework
.boot.logging.LoggingSy
stemProperties.apply(Lo
ggingSystemProperties.j
ava:105)
	at org.springframework
.boot.context.logging.L
oggingApplicationListen
er.initialize(LoggingAp
plicationListener.java:
291)
	at org.springframework
.boot.context.logging.L
oggingApplicationListen
er.onApplicationEnviron
mentPreparedEvent(Loggi
ngApplicationListener.j
ava:246)
	at org.springframework
.boot.context.logging.L
oggingApplicationListen
er.onApplicationEvent(L
oggingApplicationListen
er.java:223)
	at org.springframework
.context.event.SimpleAp
plicationEventMulticast
er.doInvokeListener(Sim
pleApplicationEventMult
icaster.java:185)
	at org.springframework
.context.event.SimpleAp
plicationEventMulticast
er.invokeListener(Simpl
eApplicationEventMultic
aster.java:178)
	at org.springframework
.context.event.SimpleAp
plicationEventMulticast
er.multicastEvent(Simpl
eApplicationEventMultic
aster.java:156)
	at org.springframework
.context.event.SimpleAp
plicationEventMulticast
er.multicastEvent(Simpl
eApplicationEventMultic
aster.java:138)
	at org.springframework
.boot.context.event.Eve
ntPublishingRunListener
.multicastInitialEvent(
EventPublishingRunListe
ner.java:136)
	at org.springframework
.boot.context.event.Eve
ntPublishingRunListener
.environmentPrepared(Ev
entPublishingRunListene
r.java:81)
	at org.springframework
.boot.SpringApplication
RunListeners.lambda$env
ironmentPrepared$2(Spri
ngApplicationRunListene
rs.java:64)
	at java.base/java.lang
.Iterable.forEach(Itera
ble.java:75)
	at org.springframework
.boot.SpringApplication
RunListeners.doWithList
eners(SpringApplication
RunListeners.java:118)
	at org.springframework
.boot.SpringApplication
RunListeners.doWithList
eners(SpringApplication
RunListeners.java:112)
	at org.springframework
.boot.SpringApplication
RunListeners.environmen
tPrepared(SpringApplica
tionRunListeners.java:6
3)
	at org.springframework
.boot.SpringApplication
.prepareEnvironment(Spr
ingApplication.java:353
)
	at org.springframework
.boot.SpringApplication
.run(SpringApplication.
java:313)
	at org.springframework
.boot.test.context.Spri
ngBootContextLoader.lam
bda$loadContext$3(Sprin
gBootContextLoader.java
:152)
	at org.springframework
.util.function.Throwing
Supplier.get(ThrowingSu
pplier.java:58)
	at org.springframework
.util.function.Throwing
Supplier.get(ThrowingSu
pplier.java:46)
	at org.springframework
.boot.SpringApplication
.withHook(SpringApplica
tion.java:1461)
	at org.springframework
.boot.test.context.Spri
ngBootContextLoader$Con
textLoaderHook.run(Spri
ngBootContextLoader.jav
a:595)
	at org.springframework
.boot.test.context.Spri
ngBootContextLoader.loa
dContext(SpringBootCont
extLoader.java:152)
	at org.springframework
.boot.test.context.Spri
ngBootContextLoader.loa
dContext(SpringBootCont
extLoader.java:111)
	at org.springframework
.test.context.cache.Def
aultCacheAwareContextLo
aderDelegate.loadContex
tInternal(DefaultCacheA
wareContextLoaderDelega
te.java:225)
	at org.springframework
.test.context.cache.Def
aultCacheAwareContextLo
aderDelegate.loadContex
t(DefaultCacheAwareCont
extLoaderDelegate.java:
152)
	at org.springframework
.test.context.support.D
efaultTestContext.getAp
plicationContext(Defaul
tTestContext.java:130)
	at org.springframework
.boot.test.mock.mockito
.MockitoTestExecutionLi
stener.postProcessField
s(MockitoTestExecutionL
istener.java:128)
	at org.springframework
.boot.test.mock.mockito
.MockitoTestExecutionLi
stener.injectFields(Moc
kitoTestExecutionListen
er.java:112)
	at org.springframework
.boot.test.mock.mockito
.MockitoTestExecutionLi
stener.prepareTestInsta
nce(MockitoTestExecutio
nListener.java:69)
	at org.springframework
.test.context.TestConte
xtManager.prepareTestIn
stance(TestContextManag
er.java:260)
	at org.springframework
.test.context.junit4.Sp
ringJUnit4ClassRunner.c
reateTest(SpringJUnit4C
lassRunner.java:228)
	at org.springframework
.test.context.junit4.Sp
ringJUnit4ClassRunner$1
.runReflectiveCall(Spri
ngJUnit4ClassRunner.jav
a:289)
	at org.junit.internal.
runners.model.Reflectiv
eCallable.run(Reflectiv
eCallable.java:12)
	at org.springframework
.test.context.junit4.Sp
ringJUnit4ClassRunner.m
ethodBlock(SpringJUnit4
ClassRunner.java:291)
	at org.springframework
.test.context.junit4.Sp
ringJUnit4ClassRunner.r
unChild(SpringJUnit4Cla
ssRunner.java:247)
	at org.springframework
.test.context.junit4.Sp
ringJUnit4ClassRunner.r
unChild(SpringJUnit4Cla
ssRunner.java:97)
	at org.junit.runners.P
arentRunner$4.run(Paren
tRunner.java:331)
	at org.junit.runners.P
arentRunner$1.schedule(
ParentRunner.java:79)
	at org.junit.runners.P
arentRunner.runChildren
(ParentRunner.java:329)
	at org.junit.runners.P
arentRunner.access$100(
ParentRunner.java:66)
	at org.junit.runners.P
arentRunner$2.evaluate(
ParentRunner.java:293)
	at org.springframework
.test.context.junit4.st
atements.RunBeforeTestC
lassCallbacks.evaluate(
RunBeforeTestClassCallb
acks.java:61)
	at org.springframework
.test.context.junit4.st
atements.RunAfterTestCl
assCallbacks.evaluate(R
unAfterTestClassCallbac
ks.java:70)
	at org.junit.runners.P
arentRunner$3.evaluate(
ParentRunner.java:306)
	at org.junit.runners.P
arentRunner.run(ParentR
unner.java:413)
	at org.springframework
.test.context.junit4.Sp
ringJUnit4ClassRunner.r
un(SpringJUnit4ClassRun
ner.java:191)
	at org.junit.runner.JU
nitCore.run(JUnitCore.j
ava:137)
	at org.junit.runner.JU
nitCore.run(JUnitCore.j
ava:115)
	at org.junit.vintage.e
ngine.execution.RunnerE
xecutor.execute(RunnerE
xecutor.java:42)
	at org.junit.vintage.e
ngine.execution.Vintage
Executor.executeClasses
AndMethodsSequentially(
VintageExecutor.java:93
)
	at org.junit.vintage.e
ngine.execution.Vintage
Executor.executeAllChil
dren(VintageExecutor.ja
va:73)
	at org.junit.vintage.e
ngine.VintageTestEngine
.execute(VintageTestEng
ine.java:70)
	at org.junit.platform.
launcher.core.EngineExe
cutionOrchestrator.exec
ute(EngineExecutionOrch
estrator.java:201)
	at org.junit.platform.
launcher.core.EngineExe
cutionOrchestrator.exec
ute(EngineExecutionOrch
estrator.java:170)
	at org.junit.platform.
launcher.core.EngineExe
cutionOrchestrator.exec
ute(EngineExecutionOrch
estrator.java:94)
	at org.junit.platform.
launcher.core.EngineExe
cutionOrchestrator.lamb
da$execute$0(EngineExec
utionOrchestrator.java:
59)
	at org.junit.platform.
launcher.core.EngineExe
cutionOrchestrator.with
InterceptedStreams(Engi
neExecutionOrchestrator
.java:142)
	at org.junit.platform.
launcher.core.EngineExe
cutionOrchestrator.exec
ute(EngineExecutionOrch
estrator.java:58)
	at org.junit.platform.
launcher.core.DefaultLa
uncher.execute(DefaultL
auncher.java:103)
	at org.junit.platform.
launcher.core.DefaultLa
uncher.execute(DefaultL
auncher.java:85)
	at org.junit.platform.
launcher.core.Delegatin
gLauncher.execute(Deleg
atingLauncher.java:47)
	at org.junit.platform.
launcher.core.Intercept
ingLauncher.lambda$exec
ute$1(InterceptingLaunc
her.java:39)
	at org.junit.platform.
launcher.core.Classpath
AlignmentCheckingLaunch
erInterceptor.intercept
(ClasspathAlignmentChec
kingLauncherInterceptor
.java:25)
	at org.junit.platform.
launcher.core.Intercept
ingLauncher.execute(Int
erceptingLauncher.java:
38)
	at org.junit.platform.
launcher.core.Delegatin
gLauncher.execute(Deleg
atingLauncher.java:47)
	at org.apache.maven.su
refire.junitplatform.La
uncherAdapter.executeWi
thoutCancellationToken(
LauncherAdapter.java:60
)
	at org.apache.maven.su
refire.junitplatform.La
uncherAdapter.execute(L
auncherAdapter.java:52)
	at org.apache.maven.su
refire.junitplatform.JU
nitPlatformProvider.exe
cute(JUnitPlatformProvi
der.java:203)
	at org.apache.maven.su
refire.junitplatform.JU
nitPlatformProvider.inv
okeAllTests(JUnitPlatfo
rmProvider.java:168)
	at org.apache.maven.su
refire.junitplatform.JU
nitPlatformProvider.inv
oke(JUnitPlatformProvid
er.java:136)
	at org.apache.maven.su
refire.booter.ForkedBoo
ter.runSuitesInProcess(
ForkedBooter.java:385)
	at org.apache.maven.su
refire.booter.ForkedBoo
ter.execute(ForkedBoote
r.java:162)
	at org.apache.maven.su
refire.booter.ForkedBoo
ter.run(ForkedBooter.ja
va:507)
	at org.apache.maven.su
refire.booter.ForkedBoo
ter.main(ForkedBooter.j
ava:495)
Caused by: 
java.io.IOException: 
Error while 
instrumenting jdk/jshel
l/execution/impl/Consol
eImpl$ConsoleProviderIm
pl with JaCoCo 0.8.11.2
02310140853/f33756c.
	at org.jacoco.agent.rt
.internal_4742761.core.
instr.Instrumenter.inst
rumentError(Instrumente
r.java:161)
	at org.jacoco.agent.rt
.internal_4742761.core.
instr.Instrumenter.inst
rument(Instrumenter.jav
a:111)
	at org.jacoco.agent.rt
.internal_4742761.Cover
ageTransformer.transfor
m(CoverageTransformer.j
ava:92)
	... 101 more
Caused by: java.lang.Il
legalArgumentException:
 Unsupported class 
file major version 68
	at org.jacoco.agent.rt
.internal_4742761.asm.C
lassReader.<init>(Class
Reader.java:200)
	at org.jacoco.agent.rt
.internal_4742761.asm.C
lassReader.<init>(Class
Reader.java:180)
	at org.jacoco.agent.rt
.internal_4742761.asm.C
lassReader.<init>(Class
Reader.java:166)
	at org.jacoco.agent.rt
.internal_4742761.core.
internal.instr.InstrSup
port.classReaderFor(Ins
trSupport.java:280)
	at org.jacoco.agent.rt
.internal_4742761.core.
instr.Instrumenter.inst
rument(Instrumenter.jav
a:77)
	at org.jacoco.agent.rt
.internal_4742761.core.
instr.Instrumenter.inst
rument(Instrumenter.jav
a:109)
	... 102 more
java.lang.instrument.Il
legalClassFormatExcepti
on: Error while 
instrumenting jdk/inter
nal/org/jline/JdkConsol
eProviderImpl with 
JaCoCo 0.8.11.202310140
853/f33756c.
	at org.jacoco.agent.rt
.internal_4742761.Cover
ageTransformer.transfor
m(CoverageTransformer.j
ava:94)
	at java.instrument/jav
a.lang.instrument.Class
FileTransformer.transfo
rm(ClassFileTransformer
.java:257)
	at java.instrument/sun
.instrument.Transformer
Manager.transform(Trans
formerManager.java:188)
	at java.instrument/sun
.instrument.Instrumenta
tionImpl.transform(Inst
rumentationImpl.java:59
4)
	at java.base/java.lang
.ClassLoader.defineClas
s2(Native Method)
	at java.base/java.lang
.ClassLoader.defineClas
s(ClassLoader.java:1052
)
	at java.base/java.secu
rity.SecureClassLoader.
defineClass(SecureClass
Loader.java:164)
	at java.base/jdk.inter
nal.loader.BuiltinClass
Loader.defineClass(Buil
tinClassLoader.java:735
)
	at java.base/jdk.inter
nal.loader.BuiltinClass
Loader.findClassInModul
eOrNull(BuiltinClassLoa
der.java:678)
	at java.base/jdk.inter
nal.loader.BuiltinClass
Loader.findClass(Builti
nClassLoader.java:560)
	at java.base/java.lang
.ClassLoader.loadClass(
ClassLoader.java:602)
	at java.base/java.lang
.Class.forName(Class.ja
va:595)
	at java.base/java.util
.ServiceLoader.loadProv
ider(ServiceLoader.java
:755)
	at java.base/java.util
.ServiceLoader$LayerLoo
kupIterator.hasNext(Ser
viceLoader.java:843)
	at java.base/java.util
.ServiceLoader$2.hasNex
t(ServiceLoader.java:12
46)
	at java.base/java.io.C
onsole.instantiateConso
le(Console.java:675)
	at java.base/java.io.C
onsole.<clinit>(Console
.java:649)
	at java.base/jdk.inter
nal.misc.Unsafe.ensureC
lassInitialized0(Native
 Method)
	at java.base/jdk.inter
nal.misc.Unsafe.ensureC
lassInitialized(Unsafe.
java:1166)
	at java.base/java.lang
.invoke.MethodHandles$L
ookup.ensureInitialized
(MethodHandles.java:274
9)
	at java.base/jdk.inter
nal.access.SharedSecret
s.ensureClassInitialize
d(SharedSecrets.java:51
3)
	at java.base/jdk.inter
nal.access.SharedSecret
s.getJavaIOAccess(Share
dSecrets.java:280)
	at java.base/java.lang
.System.console(System.
java:236)
	at org.springframework
.boot.logging.LoggingSy
stemProperties.getConso
le(LoggingSystemPropert
ies.java:101)
	at org.springframework
.boot.logging.LoggingSy
stemProperties.getDefau
ltConsoleCharset(Loggin
gSystemProperties.java:
165)
	at org.springframework
.boot.logging.LoggingSy
stemProperties.apply(Lo
ggingSystemProperties.j
ava:126)
	at org.springframework
.boot.logging.LoggingSy
stemProperties.apply(Lo
ggingSystemProperties.j
ava:110)
	at org.springframework
.boot.logging.LoggingSy
stemProperties.apply(Lo
ggingSystemProperties.j
ava:105)
	at org.springframework
.boot.context.logging.L
oggingApplicationListen
er.initialize(LoggingAp
plicationListener.java:
291)
	at org.springframework
.boot.context.logging.L
oggingApplicationListen
er.onApplicationEnviron
mentPreparedEvent(Loggi
ngApplicationListener.j
ava:246)
	at org.springframework
.boot.context.logging.L
oggingApplicationListen
er.onApplicationEvent(L
oggingApplicationListen
er.java:223)
	at org.springframework
.context.event.SimpleAp
plicationEventMulticast
er.doInvokeListener(Sim
pleApplicationEventMult
icaster.java:185)
	at org.springframework
.context.event.SimpleAp
plicationEventMulticast
er.invokeListener(Simpl
eApplicationEventMultic
aster.java:178)
	at org.springframework
.context.event.SimpleAp
plicationEventMulticast
er.multicastEvent(Simpl
eApplicationEventMultic
aster.java:156)
	at org.springframework
.context.event.SimpleAp
plicationEventMulticast
er.multicastEvent(Simpl
eApplicationEventMultic
aster.java:138)
	at org.springframework
.boot.context.event.Eve
ntPublishingRunListener
.multicastInitialEvent(
EventPublishingRunListe
ner.java:136)
	at org.springframework
.boot.context.event.Eve
ntPublishingRunListener
.environmentPrepared(Ev
entPublishingRunListene
r.java:81)
	at org.springframework
.boot.SpringApplication
RunListeners.lambda$env
ironmentPrepared$2(Spri
ngApplicationRunListene
rs.java:64)
	at java.base/java.lang
.Iterable.forEach(Itera
ble.java:75)
	at org.springframework
.boot.SpringApplication
RunListeners.doWithList
eners(SpringApplication
RunListeners.java:118)
	at org.springframework
.boot.SpringApplication
RunListeners.doWithList
eners(SpringApplication
RunListeners.java:112)
	at org.springframework
.boot.SpringApplication
RunListeners.environmen
tPrepared(SpringApplica
tionRunListeners.java:6
3)
	at org.springframework
.boot.SpringApplication
.prepareEnvironment(Spr
ingApplication.java:353
)
	at org.springframework
.boot.SpringApplication
.run(SpringApplication.
java:313)
	at org.springframework
.boot.test.context.Spri
ngBootContextLoader.lam
bda$loadContext$3(Sprin
gBootContextLoader.java
:152)
	at org.springframework
.util.function.Throwing
Supplier.get(ThrowingSu
pplier.java:58)
	at org.springframework
.util.function.Throwing
Supplier.get(ThrowingSu
pplier.java:46)
	at org.springframework
.boot.SpringApplication
.withHook(SpringApplica
tion.java:1461)
	at org.springframework
.boot.test.context.Spri
ngBootContextLoader$Con
textLoaderHook.run(Spri
ngBootContextLoader.jav
a:595)
	at org.springframework
.boot.test.context.Spri
ngBootContextLoader.loa
dContext(SpringBootCont
extLoader.java:152)
	at org.springframework
.boot.test.context.Spri
ngBootContextLoader.loa
dContext(SpringBootCont
extLoader.java:111)
	at org.springframework
.test.context.cache.Def
aultCacheAwareContextLo
aderDelegate.loadContex
tInternal(DefaultCacheA
wareContextLoaderDelega
te.java:225)
	at org.springframework
.test.context.cache.Def
aultCacheAwareContextLo
aderDelegate.loadContex
t(DefaultCacheAwareCont
extLoaderDelegate.java:
152)
	at org.springframework
.test.context.support.D
efaultTestContext.getAp
plicationContext(Defaul
tTestContext.java:130)
	at org.springframework
.boot.test.mock.mockito
.MockitoTestExecutionLi
stener.postProcessField
s(MockitoTestExecutionL
istener.java:128)
	at org.springframework
.boot.test.mock.mockito
.MockitoTestExecutionLi
stener.injectFields(Moc
kitoTestExecutionListen
er.java:112)
	at org.springframework
.boot.test.mock.mockito
.MockitoTestExecutionLi
stener.prepareTestInsta
nce(MockitoTestExecutio
nListener.java:69)
	at org.springframework
.test.context.TestConte
xtManager.prepareTestIn
stance(TestContextManag
er.java:260)
	at org.springframework
.test.context.junit4.Sp
ringJUnit4ClassRunner.c
reateTest(SpringJUnit4C
lassRunner.java:228)
	at org.springframework
.test.context.junit4.Sp
ringJUnit4ClassRunner$1
.runReflectiveCall(Spri
ngJUnit4ClassRunner.jav
a:289)
	at org.junit.internal.
runners.model.Reflectiv
eCallable.run(Reflectiv
eCallable.java:12)
	at org.springframework
.test.context.junit4.Sp
ringJUnit4ClassRunner.m
ethodBlock(SpringJUnit4
ClassRunner.java:291)
	at org.springframework
.test.context.junit4.Sp
ringJUnit4ClassRunner.r
unChild(SpringJUnit4Cla
ssRunner.java:247)
	at org.springframework
.test.context.junit4.Sp
ringJUnit4ClassRunner.r
unChild(SpringJUnit4Cla
ssRunner.java:97)
	at org.junit.runners.P
arentRunner$4.run(Paren
tRunner.java:331)
	at org.junit.runners.P
arentRunner$1.schedule(
ParentRunner.java:79)
	at org.junit.runners.P
arentRunner.runChildren
(ParentRunner.java:329)
	at org.junit.runners.P
arentRunner.access$100(
ParentRunner.java:66)
	at org.junit.runners.P
arentRunner$2.evaluate(
ParentRunner.java:293)
	at org.springframework
.test.context.junit4.st
atements.RunBeforeTestC
lassCallbacks.evaluate(
RunBeforeTestClassCallb
acks.java:61)
	at org.springframework
.test.context.junit4.st
atements.RunAfterTestCl
assCallbacks.evaluate(R
unAfterTestClassCallbac
ks.java:70)
	at org.junit.runners.P
arentRunner$3.evaluate(
ParentRunner.java:306)
	at org.junit.runners.P
arentRunner.run(ParentR
unner.java:413)
	at org.springframework
.test.context.junit4.Sp
ringJUnit4ClassRunner.r
un(SpringJUnit4ClassRun
ner.java:191)
	at org.junit.runner.JU
nitCore.run(JUnitCore.j
ava:137)
	at org.junit.runner.JU
nitCore.run(JUnitCore.j
ava:115)
	at org.junit.vintage.e
ngine.execution.RunnerE
xecutor.execute(RunnerE
xecutor.java:42)
	at org.junit.vintage.e
ngine.execution.Vintage
Executor.executeClasses
AndMethodsSequentially(
VintageExecutor.java:93
)
	at org.junit.vintage.e
ngine.execution.Vintage
Executor.executeAllChil
dren(VintageExecutor.ja
va:73)
	at org.junit.vintage.e
ngine.VintageTestEngine
.execute(VintageTestEng
ine.java:70)
	at org.junit.platform.
launcher.core.EngineExe
cutionOrchestrator.exec
ute(EngineExecutionOrch
estrator.java:201)
	at org.junit.platform.
launcher.core.EngineExe
cutionOrchestrator.exec
ute(EngineExecutionOrch
estrator.java:170)
	at org.junit.platform.
launcher.core.EngineExe
cutionOrchestrator.exec
ute(EngineExecutionOrch
estrator.java:94)
	at org.junit.platform.
launcher.core.EngineExe
cutionOrchestrator.lamb
da$execute$0(EngineExec
utionOrchestrator.java:
59)
	at org.junit.platform.
launcher.core.EngineExe
cutionOrchestrator.with
InterceptedStreams(Engi
neExecutionOrchestrator
.java:142)
	at org.junit.platform.
launcher.core.EngineExe
cutionOrchestrator.exec
ute(EngineExecutionOrch
estrator.java:58)
	at org.junit.platform.
launcher.core.DefaultLa
uncher.execute(DefaultL
auncher.java:103)
	at org.junit.platform.
launcher.core.DefaultLa
uncher.execute(DefaultL
auncher.java:85)
	at org.junit.platform.
launcher.core.Delegatin
gLauncher.execute(Deleg
atingLauncher.java:47)
	at org.junit.platform.
launcher.core.Intercept
ingLauncher.lambda$exec
ute$1(InterceptingLaunc
her.java:39)
	at org.junit.platform.
launcher.core.Classpath
AlignmentCheckingLaunch
erInterceptor.intercept
(ClasspathAlignmentChec
kingLauncherInterceptor
.java:25)
	at org.junit.platform.
launcher.core.Intercept
ingLauncher.execute(Int
erceptingLauncher.java:
38)
	at org.junit.platform.
launcher.core.Delegatin
gLauncher.execute(Deleg
atingLauncher.java:47)
	at org.apache.maven.su
refire.junitplatform.La
uncherAdapter.executeWi
thoutCancellationToken(
LauncherAdapter.java:60
)
	at org.apache.maven.su
refire.junitplatform.La
uncherAdapter.execute(L
auncherAdapter.java:52)
	at org.apache.maven.su
refire.junitplatform.JU
nitPlatformProvider.exe
cute(JUnitPlatformProvi
der.java:203)
	at org.apache.maven.su
refire.junitplatform.JU
nitPlatformProvider.inv
okeAllTests(JUnitPlatfo
rmProvider.java:168)
	at org.apache.maven.su
refire.junitplatform.JU
nitPlatformProvider.inv
oke(JUnitPlatformProvid
er.java:136)
	at org.apache.maven.su
refire.booter.ForkedBoo
ter.runSuitesInProcess(
ForkedBooter.java:385)
	at org.apache.maven.su
refire.booter.ForkedBoo
ter.execute(ForkedBoote
r.java:162)
	at org.apache.maven.su
refire.booter.ForkedBoo
ter.run(ForkedBooter.ja
va:507)
	at org.apache.maven.su
refire.booter.ForkedBoo
ter.main(ForkedBooter.j
ava:495)
Caused by: 
java.io.IOException: 
Error while 
instrumenting jdk/inter
nal/org/jline/JdkConsol
eProviderImpl with 
JaCoCo 0.8.11.202310140
853/f33756c.
	at org.jacoco.agent.rt
.internal_4742761.core.
instr.Instrumenter.inst
rumentError(Instrumente
r.java:161)
	at org.jacoco.agent.rt
.internal_4742761.core.
instr.Instrumenter.inst
rument(Instrumenter.jav
a:111)
	at org.jacoco.agent.rt
.internal_4742761.Cover
ageTransformer.transfor
m(CoverageTransformer.j
ava:92)
	... 101 more
Caused by: java.lang.Il
legalArgumentException:
 Unsupported class 
file major version 68
	at org.jacoco.agent.rt
.internal_4742761.asm.C
lassReader.<init>(Class
Reader.java:200)
	at org.jacoco.agent.rt
.internal_4742761.asm.C
lassReader.<init>(Class
Reader.java:180)
	at org.jacoco.agent.rt
.internal_4742761.asm.C
lassReader.<init>(Class
Reader.java:166)
	at org.jacoco.agent.rt
.internal_4742761.core.
internal.instr.InstrSup
port.classReaderFor(Ins
trSupport.java:280)
	at org.jacoco.agent.rt
.internal_4742761.core.
instr.Instrumenter.inst
rument(Instrumenter.jav
a:77)
	at org.jacoco.agent.rt
.internal_4742761.core.
instr.Instrumenter.inst
rument(Instrumenter.jav
a:109)
	... 102 more
java.lang.instrument.Il
legalClassFormatExcepti
on: Error while 
instrumenting jdk/inter
nal/org/jline/JdkConsol
eProviderImpl$LazyDeleg
atingJdkConsoleImpl 
with JaCoCo 0.8.11.2023
10140853/f33756c.
	at org.jacoco.agent.rt
.internal_4742761.Cover
ageTransformer.transfor
m(CoverageTransformer.j
ava:94)
	at java.instrument/jav
a.lang.instrument.Class
FileTransformer.transfo
rm(ClassFileTransformer
.java:257)
	at java.instrument/sun
.instrument.Transformer
Manager.transform(Trans
formerManager.java:188)
	at java.instrument/sun
.instrument.Instrumenta
tionImpl.transform(Inst
rumentationImpl.java:59
4)
	at java.base/java.lang
.ClassLoader.defineClas
s2(Native Method)
	at java.base/java.lang
.ClassLoader.defineClas
s(ClassLoader.java:1052
)
	at java.base/java.secu
rity.SecureClassLoader.
defineClass(SecureClass
Loader.java:164)
	at java.base/jdk.inter
nal.loader.BuiltinClass
Loader.defineClass(Buil
tinClassLoader.java:735
)
	at java.base/jdk.inter
nal.loader.BuiltinClass
Loader.findClassInModul
eOrNull(BuiltinClassLoa
der.java:678)
	at java.base/jdk.inter
nal.loader.BuiltinClass
Loader.loadClassOrNull(
BuiltinClassLoader.java
:604)
	at java.base/jdk.inter
nal.loader.BuiltinClass
Loader.loadClass(Builti
nClassLoader.java:578)
	at java.base/java.lang
.ClassLoader.loadClass(
ClassLoader.java:490)
	at jdk.internal.le/jdk
.internal.org.jline.Jdk
ConsoleProviderImpl.con
sole(JdkConsoleProvider
Impl.java:53)
	at java.base/java.io.C
onsole.instantiateConso
le(Console.java:677)
	at java.base/java.io.C
onsole.<clinit>(Console
.java:649)
	at java.base/jdk.inter
nal.misc.Unsafe.ensureC
lassInitialized0(Native
 Method)
	at java.base/jdk.inter
nal.misc.Unsafe.ensureC
lassInitialized(Unsafe.
java:1166)
	at java.base/java.lang
.invoke.MethodHandles$L
ookup.ensureInitialized
(MethodHandles.java:274
9)
	at java.base/jdk.inter
nal.access.SharedSecret
s.ensureClassInitialize
d(SharedSecrets.java:51
3)
	at java.base/jdk.inter
nal.access.SharedSecret
s.getJavaIOAccess(Share
dSecrets.java:280)
	at java.base/java.lang
.System.console(System.
java:236)
	at org.springframework
.boot.logging.LoggingSy
stemProperties.getConso
le(LoggingSystemPropert
ies.java:101)
	at org.springframework
.boot.logging.LoggingSy
stemProperties.getDefau
ltConsoleCharset(Loggin
gSystemProperties.java:
165)
	at org.springframework
.boot.logging.LoggingSy
stemProperties.apply(Lo
ggingSystemProperties.j
ava:126)
	at org.springframework
.boot.logging.LoggingSy
stemProperties.apply(Lo
ggingSystemProperties.j
ava:110)
	at org.springframework
.boot.logging.LoggingSy
stemProperties.apply(Lo
ggingSystemProperties.j
ava:105)
	at org.springframework
.boot.context.logging.L
oggingApplicationListen
er.initialize(LoggingAp
plicationListener.java:
291)
	at org.springframework
.boot.context.logging.L
oggingApplicationListen
er.onApplicationEnviron
mentPreparedEvent(Loggi
ngApplicationListener.j
ava:246)
	at org.springframework
.boot.context.logging.L
oggingApplicationListen
er.onApplicationEvent(L
oggingApplicationListen
er.java:223)
	at org.springframework
.context.event.SimpleAp
plicationEventMulticast
er.doInvokeListener(Sim
pleApplicationEventMult
icaster.java:185)
	at org.springframework
.context.event.SimpleAp
plicationEventMulticast
er.invokeListener(Simpl
eApplicationEventMultic
aster.java:178)
	at org.springframework
.context.event.SimpleAp
plicationEventMulticast
er.multicastEvent(Simpl
eApplicationEventMultic
aster.java:156)
	at org.springframework
.context.event.SimpleAp
plicationEventMulticast
er.multicastEvent(Simpl
eApplicationEventMultic
aster.java:138)
	at org.springframework
.boot.context.event.Eve
ntPublishingRunListener
.multicastInitialEvent(
EventPublishingRunListe
ner.java:136)
	at org.springframework
.boot.context.event.Eve
ntPublishingRunListener
.environmentPrepared(Ev
entPublishingRunListene
r.java:81)
	at org.springframework
.boot.SpringApplication
RunListeners.lambda$env
ironmentPrepared$2(Spri
ngApplicationRunListene
rs.java:64)
	at java.base/java.lang
.Iterable.forEach(Itera
ble.java:75)
	at org.springframework
.boot.SpringApplication
RunListeners.doWithList
eners(SpringApplication
RunListeners.java:118)
	at org.springframework
.boot.SpringApplication
RunListeners.doWithList
eners(SpringApplication
RunListeners.java:112)
	at org.springframework
.boot.SpringApplication
RunListeners.environmen
tPrepared(SpringApplica
tionRunListeners.java:6
3)
	at org.springframework
.boot.SpringApplication
.prepareEnvironment(Spr
ingApplication.java:353
)
	at org.springframework
.boot.SpringApplication
.run(SpringApplication.
java:313)
	at org.springframework
.boot.test.context.Spri
ngBootContextLoader.lam
bda$loadContext$3(Sprin
gBootContextLoader.java
:152)
	at org.springframework
.util.function.Throwing
Supplier.get(ThrowingSu
pplier.java:58)
	at org.springframework
.util.function.Throwing
Supplier.get(ThrowingSu
pplier.java:46)
	at org.springframework
.boot.SpringApplication
.withHook(SpringApplica
tion.java:1461)
	at org.springframework
.boot.test.context.Spri
ngBootContextLoader$Con
textLoaderHook.run(Spri
ngBootContextLoader.jav
a:595)
	at org.springframework
.boot.test.context.Spri
ngBootContextLoader.loa
dContext(SpringBootCont
extLoader.java:152)
	at org.springframework
.boot.test.context.Spri
ngBootContextLoader.loa
dContext(SpringBootCont
extLoader.java:111)
	at org.springframework
.test.context.cache.Def
aultCacheAwareContextLo
aderDelegate.loadContex
tInternal(DefaultCacheA
wareContextLoaderDelega
te.java:225)
	at org.springframework
.test.context.cache.Def
aultCacheAwareContextLo
aderDelegate.loadContex
t(DefaultCacheAwareCont
extLoaderDelegate.java:
152)
	at org.springframework
.test.context.support.D
efaultTestContext.getAp
plicationContext(Defaul
tTestContext.java:130)
	at org.springframework
.boot.test.mock.mockito
.MockitoTestExecutionLi
stener.postProcessField
s(MockitoTestExecutionL
istener.java:128)
	at org.springframework
.boot.test.mock.mockito
.MockitoTestExecutionLi
stener.injectFields(Moc
kitoTestExecutionListen
er.java:112)
	at org.springframework
.boot.test.mock.mockito
.MockitoTestExecutionLi
stener.prepareTestInsta
nce(MockitoTestExecutio
nListener.java:69)
	at org.springframework
.test.context.TestConte
xtManager.prepareTestIn
stance(TestContextManag
er.java:260)
	at org.springframework
.test.context.junit4.Sp
ringJUnit4ClassRunner.c
reateTest(SpringJUnit4C
lassRunner.java:228)
	at org.springframework
.test.context.junit4.Sp
ringJUnit4ClassRunner$1
.runReflectiveCall(Spri
ngJUnit4ClassRunner.jav
a:289)
	at org.junit.internal.
runners.model.Reflectiv
eCallable.run(Reflectiv
eCallable.java:12)
	at org.springframework
.test.context.junit4.Sp
ringJUnit4ClassRunner.m
ethodBlock(SpringJUnit4
ClassRunner.java:291)
	at org.springframework
.test.context.junit4.Sp
ringJUnit4ClassRunner.r
unChild(SpringJUnit4Cla
ssRunner.java:247)
	at org.springframework
.test.context.junit4.Sp
ringJUnit4ClassRunner.r
unChild(SpringJUnit4Cla
ssRunner.java:97)
	at org.junit.runners.P
arentRunner$4.run(Paren
tRunner.java:331)
	at org.junit.runners.P
arentRunner$1.schedule(
ParentRunner.java:79)
	at org.junit.runners.P
arentRunner.runChildren
(ParentRunner.java:329)
	at org.junit.runners.P
arentRunner.access$100(
ParentRunner.java:66)
	at org.junit.runners.P
arentRunner$2.evaluate(
ParentRunner.java:293)
	at org.springframework
.test.context.junit4.st
atements.RunBeforeTestC
lassCallbacks.evaluate(
RunBeforeTestClassCallb
acks.java:61)
	at org.springframework
.test.context.junit4.st
atements.RunAfterTestCl
assCallbacks.evaluate(R
unAfterTestClassCallbac
ks.java:70)
	at org.junit.runners.P
arentRunner$3.evaluate(
ParentRunner.java:306)
	at org.junit.runners.P
arentRunner.run(ParentR
unner.java:413)
	at org.springframework
.test.context.junit4.Sp
ringJUnit4ClassRunner.r
un(SpringJUnit4ClassRun
ner.java:191)
	at org.junit.runner.JU
nitCore.run(JUnitCore.j
ava:137)
	at org.junit.runner.JU
nitCore.run(JUnitCore.j
ava:115)
	at org.junit.vintage.e
ngine.execution.RunnerE
xecutor.execute(RunnerE
xecutor.java:42)
	at org.junit.vintage.e
ngine.execution.Vintage
Executor.executeClasses
AndMethodsSequentially(
VintageExecutor.java:93
)
	at org.junit.vintage.e
ngine.execution.Vintage
Executor.executeAllChil
dren(VintageExecutor.ja
va:73)
	at org.junit.vintage.e
ngine.VintageTestEngine
.execute(VintageTestEng
ine.java:70)
	at org.junit.platform.
launcher.core.EngineExe
cutionOrchestrator.exec
ute(EngineExecutionOrch
estrator.java:201)
	at org.junit.platform.
launcher.core.EngineExe
cutionOrchestrator.exec
ute(EngineExecutionOrch
estrator.java:170)
	at org.junit.platform.
launcher.core.EngineExe
cutionOrchestrator.exec
ute(EngineExecutionOrch
estrator.java:94)
	at org.junit.platform.
launcher.core.EngineExe
cutionOrchestrator.lamb
da$execute$0(EngineExec
utionOrchestrator.java:
59)
	at org.junit.platform.
launcher.core.EngineExe
cutionOrchestrator.with
InterceptedStreams(Engi
neExecutionOrchestrator
.java:142)
	at org.junit.platform.
launcher.core.EngineExe
cutionOrchestrator.exec
ute(EngineExecutionOrch
estrator.java:58)
	at org.junit.platform.
launcher.core.DefaultLa
uncher.execute(DefaultL
auncher.java:103)
	at org.junit.platform.
launcher.core.DefaultLa
uncher.execute(DefaultL
auncher.java:85)
	at org.junit.platform.
launcher.core.Delegatin
gLauncher.execute(Deleg
atingLauncher.java:47)
	at org.junit.platform.
launcher.core.Intercept
ingLauncher.lambda$exec
ute$1(InterceptingLaunc
her.java:39)
	at org.junit.platform.
launcher.core.Classpath
AlignmentCheckingLaunch
erInterceptor.intercept
(ClasspathAlignmentChec
kingLauncherInterceptor
.java:25)
	at org.junit.platform.
launcher.core.Intercept
ingLauncher.execute(Int
erceptingLauncher.java:
38)
	at org.junit.platform.
launcher.core.Delegatin
gLauncher.execute(Deleg
atingLauncher.java:47)
	at org.apache.maven.su
refire.junitplatform.La
uncherAdapter.executeWi
thoutCancellationToken(
LauncherAdapter.java:60
)
	at org.apache.maven.su
refire.junitplatform.La
uncherAdapter.execute(L
auncherAdapter.java:52)
	at org.apache.maven.su
refire.junitplatform.JU
nitPlatformProvider.exe
cute(JUnitPlatformProvi
der.java:203)
	at org.apache.maven.su
refire.junitplatform.JU
nitPlatformProvider.inv
okeAllTests(JUnitPlatfo
rmProvider.java:168)
	at org.apache.maven.su
refire.junitplatform.JU
nitPlatformProvider.inv
oke(JUnitPlatformProvid
er.java:136)
	at org.apache.maven.su
refire.booter.ForkedBoo
ter.runSuitesInProcess(
ForkedBooter.java:385)
	at org.apache.maven.su
refire.booter.ForkedBoo
ter.execute(ForkedBoote
r.java:162)
	at org.apache.maven.su
refire.booter.ForkedBoo
ter.run(ForkedBooter.ja
va:507)
	at org.apache.maven.su
refire.booter.ForkedBoo
ter.main(ForkedBooter.j
ava:495)
Caused by: 
java.io.IOException: 
Error while 
instrumenting jdk/inter
nal/org/jline/JdkConsol
eProviderImpl$LazyDeleg
atingJdkConsoleImpl 
with JaCoCo 0.8.11.2023
10140853/f33756c.
	at org.jacoco.agent.rt
.internal_4742761.core.
instr.Instrumenter.inst
rumentError(Instrumente
r.java:161)
	at org.jacoco.agent.rt
.internal_4742761.core.
instr.Instrumenter.inst
rument(Instrumenter.jav
a:111)
	at org.jacoco.agent.rt
.internal_4742761.Cover
ageTransformer.transfor
m(CoverageTransformer.j
ava:92)
	... 99 more
Caused by: java.lang.Il
legalArgumentException:
 Unsupported class 
file major version 68
	at org.jacoco.agent.rt
.internal_4742761.asm.C
lassReader.<init>(Class
Reader.java:200)
	at org.jacoco.agent.rt
.internal_4742761.asm.C
lassReader.<init>(Class
Reader.java:180)
	at org.jacoco.agent.rt
.internal_4742761.asm.C
lassReader.<init>(Class
Reader.java:166)
	at org.jacoco.agent.rt
.internal_4742761.core.
internal.instr.InstrSup
port.classReaderFor(Ins
trSupport.java:280)
	at org.jacoco.agent.rt
.internal_4742761.core.
instr.Instrumenter.inst
rument(Instrumenter.jav
a:77)
	at org.jacoco.agent.rt
.internal_4742761.core.
instr.Instrumenter.inst
rument(Instrumenter.jav
a:109)
	... 100 more

  .   ____          _            __ _ _
 /\\ / ___'_ __ _ _(_)_ __  __ _ \ \ \ \
( ( )\___ | '_ | '_| | '_ \/ _` | \ \ \ \
 \\/  ___)| |_)| | | | | || (_| |  ) ) ) )
  '  |____| .__|_| |_|_| |_\__, | / / / /
 =========|_|==============|___/=/_/_/_/

 :: Spring Boot ::               (v3.5.11)

2026-03-03 09:36:06.476 [background-preinit] INFO  org.hibernate.validator.internal.util.Version - HV000001: Hibernate Validator 8.0.3.Final
2026-03-03 09:36:06.667 [main] INFO  com.revpasswordmanager.controller.ForgotPasswordControllerTest - Starting ForgotPasswordControllerTest using Java 24.0.1 with PID 6788 (started by RAHUL in C:\Users\RAHUL\Desktop\P2_RevPasswordManager)
2026-03-03 09:36:06.677 [main] DEBUG com.revpasswordmanager.controller.ForgotPasswordControllerTest - Running with Spring Boot v3.5.11, Spring v6.2.16
2026-03-03 09:36:06.680 [main] INFO  com.revpasswordmanager.controller.ForgotPasswordControllerTest - No active profile set, falling back to 1 default profile: "default"
java.lang.instrument.Il
legalClassFormatExcepti
on: Error while 
instrumenting sun/util/
resources/provider/NonB
aseLocaleDataMetaInfo 
with JaCoCo 0.8.11.2023
10140853/f33756c.
	at org.jacoco.agent.rt
.internal_4742761.Cover
ageTransformer.transfor
m(CoverageTransformer.j
ava:94)
	at java.instrument/jav
a.lang.instrument.Class
FileTransformer.transfo
rm(ClassFileTransformer
.java:257)
	at java.instrument/sun
.instrument.Transformer
Manager.transform(Trans
formerManager.java:188)
	at java.instrument/sun
.instrument.Instrumenta
tionImpl.transform(Inst
rumentationImpl.java:59
4)
	at java.base/java.lang
.ClassLoader.defineClas
s2(Native Method)
	at java.base/java.lang
.ClassLoader.defineClas
s(ClassLoader.java:1052
)
	at java.base/java.secu
rity.SecureClassLoader.
defineClass(SecureClass
Loader.java:164)
	at java.base/jdk.inter
nal.loader.BuiltinClass
Loader.defineClass(Buil
tinClassLoader.java:735
)
	at java.base/jdk.inter
nal.loader.BuiltinClass
Loader.findClassInModul
eOrNull(BuiltinClassLoa
der.java:678)
	at java.base/jdk.inter
nal.loader.BuiltinClass
Loader.findClass(Builti
nClassLoader.java:560)
	at java.base/java.lang
.ClassLoader.loadClass(
ClassLoader.java:602)
	at java.base/java.lang
.Class.forName(Class.ja
va:595)
	at java.base/java.util
.ServiceLoader.loadProv
ider(ServiceLoader.java
:755)
	at java.base/java.util
.ServiceLoader$ModuleSe
rvicesLookupIterator.ha
sNext(ServiceLoader.jav
a:955)
	at java.base/java.util
.ServiceLoader$1.hasNex
t(ServiceLoader.java:11
64)
	at java.base/java.util
.ServiceLoader$2.hasNex
t(ServiceLoader.java:12
46)
	at java.base/sun.util.
locale.provider.JRELoca
leProviderAdapter.creat
eSupportedLocaleString(
JRELocaleProviderAdapte
r.java:423)
	at java.base/sun.util.
locale.provider.JRELoca
leProviderAdapter.creat
eLanguageTagSet(JRELoca
leProviderAdapter.java:
410)
	at java.base/sun.util.
locale.provider.Fallbac
kLocaleProviderAdapter.
createLanguageTagSet(Fa
llbackLocaleProviderAda
pter.java:67)
	at java.base/sun.util.
locale.provider.JRELoca
leProviderAdapter.getLa
nguageTagSet(JRELocaleP
roviderAdapter.java:400
)
	at java.base/sun.util.
locale.provider.JRELoca
leProviderAdapter.getTi
meZoneNameProvider(JREL
ocaleProviderAdapter.ja
va:271)
	at java.base/sun.util.
locale.provider.JRELoca
leProviderAdapter.getLo
caleServiceProvider(JRE
LocaleProviderAdapter.j
ava:102)
	at java.base/sun.util.
locale.provider.LocaleS
erviceProviderPool.find
Providers(LocaleService
ProviderPool.java:313)
	at java.base/sun.util.
locale.provider.LocaleS
erviceProviderPool.getL
ocalizedObjectImpl(Loca
leServiceProviderPool.j
ava:283)
	at java.base/sun.util.
locale.provider.LocaleS
erviceProviderPool.getL
ocalizedObject(LocaleSe
rviceProviderPool.java:
245)
	at java.base/sun.util.
locale.provider.TimeZon
eNameUtility.retrieveDi
splayNamesImpl(TimeZone
NameUtility.java:197)
	at java.base/sun.util.
locale.provider.TimeZon
eNameUtility.retrieveDi
splayName(TimeZoneNameU
tility.java:150)
	at java.base/java.util
.TimeZone.getDisplayNam
e(TimeZone.java:429)
	at java.base/java.text
.SimpleDateFormat.subFo
rmat(SimpleDateFormat.j
ava:1313)
	at java.base/java.text
.SimpleDateFormat.forma
t(SimpleDateFormat.java
:1008)
	at java.base/java.text
.SimpleDateFormat.forma
t(SimpleDateFormat.java
:978)
	at java.base/java.text
.DateFormat.format(Date
Format.java:402)
	at org.apache.tomcat.u
til.http.CookieProcesso
rBase.<clinit>(CookiePr
ocessorBase.java:38)
	at org.springframework
.boot.autoconfigure.Bac
kgroundPreinitializer$T
omcatInitializer.run(Ba
ckgroundPreinitializer.
java:201)
	at org.springframework
.boot.autoconfigure.Bac
kgroundPreinitializer$1
.runSafely(BackgroundPr
einitializer.java:120)
	at org.springframework
.boot.autoconfigure.Bac
kgroundPreinitializer$1
.run(BackgroundPreiniti
alizer.java:113)
	at java.base/java.lang
.Thread.run(Thread.java
:1447)
Caused by: 
java.io.IOException: 
Error while 
instrumenting sun/util/
resources/provider/NonB
aseLocaleDataMetaInfo 
with JaCoCo 0.8.11.2023
10140853/f33756c.
	at org.jacoco.agent.rt
.internal_4742761.core.
instr.Instrumenter.inst
rumentError(Instrumente
r.java:161)
	at org.jacoco.agent.rt
.internal_4742761.core.
instr.Instrumenter.inst
rument(Instrumenter.jav
a:111)
	at org.jacoco.agent.rt
.internal_4742761.Cover
ageTransformer.transfor
m(CoverageTransformer.j
ava:92)
	... 36 more
Caused by: java.lang.Il
legalArgumentException:
 Unsupported class 
file major version 68
	at org.jacoco.agent.rt
.internal_4742761.asm.C
lassReader.<init>(Class
Reader.java:200)
	at org.jacoco.agent.rt
.internal_4742761.asm.C
lassReader.<init>(Class
Reader.java:180)
	at org.jacoco.agent.rt
.internal_4742761.asm.C
lassReader.<init>(Class
Reader.java:166)
	at org.jacoco.agent.rt
.internal_4742761.core.
internal.instr.InstrSup
port.classReaderFor(Ins
trSupport.java:280)
	at org.jacoco.agent.rt
.internal_4742761.core.
instr.Instrumenter.inst
rument(Instrumenter.jav
a:77)
	at org.jacoco.agent.rt
.internal_4742761.core.
instr.Instrumenter.inst
rument(Instrumenter.jav
a:109)
	... 37 more
java.lang.instrument.Il
legalClassFormatExcepti
on: Error while 
instrumenting com/sun/s
ecurity/sasl/gsskerb/Jd
kSASL with JaCoCo 0.8.1
1.202310140853/f33756c.
	at org.jacoco.agent.rt
.internal_4742761.Cover
ageTransformer.transfor
m(CoverageTransformer.j
ava:94)
	at java.instrument/jav
a.lang.instrument.Class
FileTransformer.transfo
rm(ClassFileTransformer
.java:257)
	at java.instrument/sun
.instrument.Transformer
Manager.transform(Trans
formerManager.java:188)
	at java.instrument/sun
.instrument.Instrumenta
tionImpl.transform(Inst
rumentationImpl.java:59
4)
	at java.base/java.lang
.ClassLoader.defineClas
s2(Native Method)
	at java.base/java.lang
.ClassLoader.defineClas
s(ClassLoader.java:1052
)
	at java.base/java.secu
rity.SecureClassLoader.
defineClass(SecureClass
Loader.java:164)
	at java.base/jdk.inter
nal.loader.BuiltinClass
Loader.defineClass(Buil
tinClassLoader.java:735
)
	at java.base/jdk.inter
nal.loader.BuiltinClass
Loader.findClassInModul
eOrNull(BuiltinClassLoa
der.java:678)
	at java.base/jdk.inter
nal.loader.BuiltinClass
Loader.findClass(Builti
nClassLoader.java:560)
	at java.base/java.lang
.ClassLoader.loadClass(
ClassLoader.java:602)
	at java.base/java.lang
.Class.forName(Class.ja
va:595)
	at java.base/java.util
.ServiceLoader.loadProv
ider(ServiceLoader.java
:755)
	at java.base/java.util
.ServiceLoader$ModuleSe
rvicesLookupIterator.ha
sNext(ServiceLoader.jav
a:955)
	at java.base/java.util
.ServiceLoader$1.hasNex
t(ServiceLoader.java:11
64)
	at java.base/java.util
.ServiceLoader$2.hasNex
t(ServiceLoader.java:12
46)
	at java.base/sun.secur
ity.jca.ProviderConfig$
ProviderLoader.load(Pro
viderConfig.java:317)
	at java.base/sun.secur
ity.jca.ProviderConfig.
doLoadProvider(Provider
Config.java:235)
	at java.base/sun.secur
ity.jca.ProviderConfig.
getProvider(ProviderCon
fig.java:211)
	at java.base/sun.secur
ity.jca.ProviderList.lo
adAll(ProviderList.java
:311)
	at java.base/sun.secur
ity.jca.ProviderList.re
moveInvalid(ProviderLis
t.java:328)
	at java.base/sun.secur
ity.jca.Providers.getFu
llProviderList(Provider
s.java:186)
	at java.base/java.secu
rity.Security.getProvid
ers(Security.java:533)
	at java.base/java.secu
rity.Security.getAlgori
thms(Security.java:1011
)
	at org.apache.catalina
.util.SessionIdGenerato
rBase.<clinit>(SessionI
dGeneratorBase.java:48)
	at org.apache.catalina
.authenticator.Authenti
catorBase.<init>(Authen
ticatorBase.java:189)
	at org.apache.catalina
.authenticator.NonLogin
Authenticator.<init>(No
nLoginAuthenticator.jav
a:29)
	at org.springframework
.boot.autoconfigure.Bac
kgroundPreinitializer$T
omcatInitializer.run(Ba
ckgroundPreinitializer.
java:202)
	at org.springframework
.boot.autoconfigure.Bac
kgroundPreinitializer$1
.runSafely(BackgroundPr
einitializer.java:120)
	at org.springframework
.boot.autoconfigure.Bac
kgroundPreinitializer$1
.run(BackgroundPreiniti
alizer.java:113)
	at java.base/java.lang
.Thread.run(Thread.java
:1447)
Caused by: 
java.io.IOException: 
Error while 
instrumenting com/sun/s
ecurity/sasl/gsskerb/Jd
kSASL with JaCoCo 0.8.1
1.202310140853/f33756c.
	at org.jacoco.agent.rt
.internal_4742761.core.
instr.Instrumenter.inst
rumentError(Instrumente
r.java:161)
	at org.jacoco.agent.rt
.internal_4742761.core.
instr.Instrumenter.inst
rument(Instrumenter.jav
a:111)
	at org.jacoco.agent.rt
.internal_4742761.Cover
ageTransformer.transfor
m(CoverageTransformer.j
ava:92)
	... 30 more
Caused by: java.lang.Il
legalArgumentException:
 Unsupported class 
file major version 68
	at org.jacoco.agent.rt
.internal_4742761.asm.C
lassReader.<init>(Class
Reader.java:200)
	at org.jacoco.agent.rt
.internal_4742761.asm.C
lassReader.<init>(Class
Reader.java:180)
	at org.jacoco.agent.rt
.internal_4742761.asm.C
lassReader.<init>(Class
Reader.java:166)
	at org.jacoco.agent.rt
.internal_4742761.core.
internal.instr.InstrSup
port.classReaderFor(Ins
trSupport.java:280)
	at org.jacoco.agent.rt
.internal_4742761.core.
instr.Instrumenter.inst
rument(Instrumenter.jav
a:77)
	at org.jacoco.agent.rt
.internal_4742761.core.
instr.Instrumenter.inst
rument(Instrumenter.jav
a:109)
	... 31 more
java.lang.instrument.Il
legalClassFormatExcepti
on: Error while 
instrumenting com/sun/s
ecurity/sasl/gsskerb/Jd
kSASL$ProviderService 
with JaCoCo 0.8.11.2023
10140853/f33756c.
	at org.jacoco.agent.rt
.internal_4742761.Cover
ageTransformer.transfor
m(CoverageTransformer.j
ava:94)
	at java.instrument/jav
a.lang.instrument.Class
FileTransformer.transfo
rm(ClassFileTransformer
.java:257)
	at java.instrument/sun
.instrument.Transformer
Manager.transform(Trans
formerManager.java:188)
	at java.instrument/sun
.instrument.Instrumenta
tionImpl.transform(Inst
rumentationImpl.java:59
4)
	at java.base/java.lang
.ClassLoader.defineClas
s2(Native Method)
	at java.base/java.lang
.ClassLoader.defineClas
s(ClassLoader.java:1052
)
	at java.base/java.secu
rity.SecureClassLoader.
defineClass(SecureClass
Loader.java:164)
	at java.base/jdk.inter
nal.loader.BuiltinClass
Loader.defineClass(Buil
tinClassLoader.java:735
)
	at java.base/jdk.inter
nal.loader.BuiltinClass
Loader.findClassInModul
eOrNull(BuiltinClassLoa
der.java:678)
	at java.base/jdk.inter
nal.loader.BuiltinClass
Loader.loadClassOrNull(
BuiltinClassLoader.java
:604)
	at java.base/jdk.inter
nal.loader.BuiltinClass
Loader.loadClass(Builti
nClassLoader.java:578)
	at java.base/java.lang
.ClassLoader.loadClass(
ClassLoader.java:490)
	at java.base/java.lang
.Class.getDeclaredMetho
ds0(Native Method)
	at java.base/java.lang
.Class.privateGetDeclar
edMethods(Class.java:30
35)
	at java.base/java.lang
.Class.getDeclaredPubli
cMethods(Class.java:244
0)
	at java.base/java.lang
.System$1.getDeclaredPu
blicMethods(System.java
:1977)
	at java.base/java.util
.ServiceLoader.findStat
icProviderMethod(Servic
eLoader.java:586)
	at java.base/java.util
.ServiceLoader.loadProv
ider(ServiceLoader.java
:770)
	at java.base/java.util
.ServiceLoader$ModuleSe
rvicesLookupIterator.ha
sNext(ServiceLoader.jav
a:955)
	at java.base/java.util
.ServiceLoader$1.hasNex
t(ServiceLoader.java:11
64)
	at java.base/java.util
.ServiceLoader$2.hasNex
t(ServiceLoader.java:12
46)
	at java.base/sun.secur
ity.jca.ProviderConfig$
ProviderLoader.load(Pro
viderConfig.java:317)
	at java.base/sun.secur
ity.jca.ProviderConfig.
doLoadProvider(Provider
Config.java:235)
	at java.base/sun.secur
ity.jca.ProviderConfig.
getProvider(ProviderCon
fig.java:211)
	at java.base/sun.secur
ity.jca.ProviderList.lo
adAll(ProviderList.java
:311)
	at java.base/sun.secur
ity.jca.ProviderList.re
moveInvalid(ProviderLis
t.java:328)
	at java.base/sun.secur
ity.jca.Providers.getFu
llProviderList(Provider
s.java:186)
	at java.base/java.secu
rity.Security.getProvid
ers(Security.java:533)
	at java.base/java.secu
rity.Security.getAlgori
thms(Security.java:1011
)
	at org.apache.catalina
.util.SessionIdGenerato
rBase.<clinit>(SessionI
dGeneratorBase.java:48)
	at org.apache.catalina
.authenticator.Authenti
catorBase.<init>(Authen
ticatorBase.java:189)
	at org.apache.catalina
.authenticator.NonLogin
Authenticator.<init>(No
nLoginAuthenticator.jav
a:29)
	at org.springframework
.boot.autoconfigure.Bac
kgroundPreinitializer$T
omcatInitializer.run(Ba
ckgroundPreinitializer.
java:202)
	at org.springframework
.boot.autoconfigure.Bac
kgroundPreinitializer$1
.runSafely(BackgroundPr
einitializer.java:120)
	at org.springframework
.boot.autoconfigure.Bac
kgroundPreinitializer$1
.run(BackgroundPreiniti
alizer.java:113)
	at java.base/java.lang
.Thread.run(Thread.java
:1447)
Caused by: 
java.io.IOException: 
Error while 
instrumenting com/sun/s
ecurity/sasl/gsskerb/Jd
kSASL$ProviderService 
with JaCoCo 0.8.11.2023
10140853/f33756c.
	at org.jacoco.agent.rt
.internal_4742761.core.
instr.Instrumenter.inst
rumentError(Instrumente
r.java:161)
	at org.jacoco.agent.rt
.internal_4742761.core.
instr.Instrumenter.inst
rument(Instrumenter.jav
a:111)
	at org.jacoco.agent.rt
.internal_4742761.Cover
ageTransformer.transfor
m(CoverageTransformer.j
ava:92)
	... 35 more
Caused by: java.lang.Il
legalArgumentException:
 Unsupported class 
file major version 68
	at org.jacoco.agent.rt
.internal_4742761.asm.C
lassReader.<init>(Class
Reader.java:200)
	at org.jacoco.agent.rt
.internal_4742761.asm.C
lassReader.<init>(Class
Reader.java:180)
	at org.jacoco.agent.rt
.internal_4742761.asm.C
lassReader.<init>(Class
Reader.java:166)
	at org.jacoco.agent.rt
.internal_4742761.core.
internal.instr.InstrSup
port.classReaderFor(Ins
trSupport.java:280)
	at org.jacoco.agent.rt
.internal_4742761.core.
instr.Instrumenter.inst
rument(Instrumenter.jav
a:77)
	at org.jacoco.agent.rt
.internal_4742761.core.
instr.Instrumenter.inst
rument(Instrumenter.jav
a:109)
	... 36 more
java.lang.instrument.Il
legalClassFormatExcepti
on: Error while 
instrumenting sun/secur
ity/jgss/SunProvider 
with JaCoCo 0.8.11.2023
10140853/f33756c.
	at org.jacoco.agent.rt
.internal_4742761.Cover
ageTransformer.transfor
m(CoverageTransformer.j
ava:94)
	at java.instrument/jav
a.lang.instrument.Class
FileTransformer.transfo
rm(ClassFileTransformer
.java:257)
	at java.instrument/sun
.instrument.Transformer
Manager.transform(Trans
formerManager.java:188)
	at java.instrument/sun
.instrument.Instrumenta
tionImpl.transform(Inst
rumentationImpl.java:59
4)
	at java.base/java.lang
.ClassLoader.defineClas
s2(Native Method)
	at java.base/java.lang
.ClassLoader.defineClas
s(ClassLoader.java:1052
)
	at java.base/java.secu
rity.SecureClassLoader.
defineClass(SecureClass
Loader.java:164)
	at java.base/jdk.inter
nal.loader.BuiltinClass
Loader.defineClass(Buil
tinClassLoader.java:735
)
	at java.base/jdk.inter
nal.loader.BuiltinClass
Loader.findClassInModul
eOrNull(BuiltinClassLoa
der.java:678)
	at java.base/jdk.inter
nal.loader.BuiltinClass
Loader.findClass(Builti
nClassLoader.java:560)
	at java.base/java.lang
.ClassLoader.loadClass(
ClassLoader.java:602)
	at java.base/java.lang
.Class.forName(Class.ja
va:595)
	at java.base/java.util
.ServiceLoader.loadProv
ider(ServiceLoader.java
:755)
	at java.base/java.util
.ServiceLoader$ModuleSe
rvicesLookupIterator.ha
sNext(ServiceLoader.jav
a:955)
	at java.base/java.util
.ServiceLoader$1.hasNex
t(ServiceLoader.java:11
64)
	at java.base/java.util
.ServiceLoader$2.hasNex
t(ServiceLoader.java:12
46)
	at java.base/sun.secur
ity.jca.ProviderConfig$
ProviderLoader.load(Pro
viderConfig.java:317)
	at java.base/sun.secur
ity.jca.ProviderConfig.
doLoadProvider(Provider
Config.java:235)
	at java.base/sun.secur
ity.jca.ProviderConfig.
getProvider(ProviderCon
fig.java:211)
	at java.base/sun.secur
ity.jca.ProviderList.lo
adAll(ProviderList.java
:311)
	at java.base/sun.secur
ity.jca.ProviderList.re
moveInvalid(ProviderLis
t.java:328)
	at java.base/sun.secur
ity.jca.Providers.getFu
llProviderList(Provider
s.java:186)
	at java.base/java.secu
rity.Security.getProvid
ers(Security.java:533)
	at java.base/java.secu
rity.Security.getAlgori
thms(Security.java:1011
)
	at org.apache.catalina
.util.SessionIdGenerato
rBase.<clinit>(SessionI
dGeneratorBase.java:48)
	at org.apache.catalina
.authenticator.Authenti
catorBase.<init>(Authen
ticatorBase.java:189)
	at org.apache.catalina
.authenticator.NonLogin
Authenticator.<init>(No
nLoginAuthenticator.jav
a:29)
	at org.springframework
.boot.autoconfigure.Bac
kgroundPreinitializer$T
omcatInitializer.run(Ba
ckgroundPreinitializer.
java:202)
	at org.springframework
.boot.autoconfigure.Bac
kgroundPreinitializer$1
.runSafely(BackgroundPr
einitializer.java:120)
	at org.springframework
.boot.autoconfigure.Bac
kgroundPreinitializer$1
.run(BackgroundPreiniti
alizer.java:113)
	at java.base/java.lang
.Thread.run(Thread.java
:1447)
Caused by: 
java.io.IOException: 
Error while 
instrumenting sun/secur
ity/jgss/SunProvider 
with JaCoCo 0.8.11.2023
10140853/f33756c.
	at org.jacoco.agent.rt
.internal_4742761.core.
instr.Instrumenter.inst
rumentError(Instrumente
r.java:161)
	at org.jacoco.agent.rt
.internal_4742761.core.
instr.Instrumenter.inst
rument(Instrumenter.jav
a:111)
	at org.jacoco.agent.rt
.internal_4742761.Cover
ageTransformer.transfor
m(CoverageTransformer.j
ava:92)
	... 30 more
Caused by: java.lang.Il
legalArgumentException:
 Unsupported class 
file major version 68
	at org.jacoco.agent.rt
.internal_4742761.asm.C
lassReader.<init>(Class
Reader.java:200)
	at org.jacoco.agent.rt
.internal_4742761.asm.C
lassReader.<init>(Class
Reader.java:180)
	at org.jacoco.agent.rt
.internal_4742761.asm.C
lassReader.<init>(Class
Reader.java:166)
	at org.jacoco.agent.rt
.internal_4742761.core.
internal.instr.InstrSup
port.classReaderFor(Ins
trSupport.java:280)
	at org.jacoco.agent.rt
.internal_4742761.core.
instr.Instrumenter.inst
rument(Instrumenter.jav
a:77)
	at org.jacoco.agent.rt
.internal_4742761.core.
instr.Instrumenter.inst
rument(Instrumenter.jav
a:109)
	... 31 more
java.lang.instrument.Il
legalClassFormatExcepti
on: Error while 
instrumenting sun/secur
ity/jgss/SunProvider$Pr
oviderService with 
JaCoCo 0.8.11.202310140
853/f33756c.
	at org.jacoco.agent.rt
.internal_4742761.Cover
ageTransformer.transfor
m(CoverageTransformer.j
ava:94)
	at java.instrument/jav
a.lang.instrument.Class
FileTransformer.transfo
rm(ClassFileTransformer
.java:257)
	at java.instrument/sun
.instrument.Transformer
Manager.transform(Trans
formerManager.java:188)
	at java.instrument/sun
.instrument.Instrumenta
tionImpl.transform(Inst
rumentationImpl.java:59
4)
	at java.base/java.lang
.ClassLoader.defineClas
s2(Native Method)
	at java.base/java.lang
.ClassLoader.defineClas
s(ClassLoader.java:1052
)
	at java.base/java.secu
rity.SecureClassLoader.
defineClass(SecureClass
Loader.java:164)
	at java.base/jdk.inter
nal.loader.BuiltinClass
Loader.defineClass(Buil
tinClassLoader.java:735
)
	at java.base/jdk.inter
nal.loader.BuiltinClass
Loader.findClassInModul
eOrNull(BuiltinClassLoa
der.java:678)
	at java.base/jdk.inter
nal.loader.BuiltinClass
Loader.loadClassOrNull(
BuiltinClassLoader.java
:604)
	at java.base/jdk.inter
nal.loader.BuiltinClass
Loader.loadClass(Builti
nClassLoader.java:578)
	at java.base/java.lang
.ClassLoader.loadClass(
ClassLoader.java:490)
	at java.base/java.lang
.Class.getDeclaredMetho
ds0(Native Method)
	at java.base/java.lang
.Class.privateGetDeclar
edMethods(Class.java:30
35)
	at java.base/java.lang
.Class.getDeclaredPubli
cMethods(Class.java:244
0)
	at java.base/java.lang
.System$1.getDeclaredPu
blicMethods(System.java
:1977)
	at java.base/java.util
.ServiceLoader.findStat
icProviderMethod(Servic
eLoader.java:586)
	at java.base/java.util
.ServiceLoader.loadProv
ider(ServiceLoader.java
:770)
	at java.base/java.util
.ServiceLoader$ModuleSe
rvicesLookupIterator.ha
sNext(ServiceLoader.jav
a:955)
	at java.base/java.util
.ServiceLoader$1.hasNex
t(ServiceLoader.java:11
64)
	at java.base/java.util
.ServiceLoader$2.hasNex
t(ServiceLoader.java:12
46)
	at java.base/sun.secur
ity.jca.ProviderConfig$
ProviderLoader.load(Pro
viderConfig.java:317)
	at java.base/sun.secur
ity.jca.ProviderConfig.
doLoadProvider(Provider
Config.java:235)
	at java.base/sun.secur
ity.jca.ProviderConfig.
getProvider(ProviderCon
fig.java:211)
	at java.base/sun.secur
ity.jca.ProviderList.lo
adAll(ProviderList.java
:311)
	at java.base/sun.secur
ity.jca.ProviderList.re
moveInvalid(ProviderLis
t.java:328)
	at java.base/sun.secur
ity.jca.Providers.getFu
llProviderList(Provider
s.java:186)
	at java.base/java.secu
rity.Security.getProvid
ers(Security.java:533)
	at java.base/java.secu
rity.Security.getAlgori
thms(Security.java:1011
)
	at org.apache.catalina
.util.SessionIdGenerato
rBase.<clinit>(SessionI
dGeneratorBase.java:48)
	at org.apache.catalina
.authenticator.Authenti
catorBase.<init>(Authen
ticatorBase.java:189)
	at org.apache.catalina
.authenticator.NonLogin
Authenticator.<init>(No
nLoginAuthenticator.jav
a:29)
	at org.springframework
.boot.autoconfigure.Bac
kgroundPreinitializer$T
omcatInitializer.run(Ba
ckgroundPreinitializer.
java:202)
	at org.springframework
.boot.autoconfigure.Bac
kgroundPreinitializer$1
.runSafely(BackgroundPr
einitializer.java:120)
	at org.springframework
.boot.autoconfigure.Bac
kgroundPreinitializer$1
.run(BackgroundPreiniti
alizer.java:113)
	at java.base/java.lang
.Thread.run(Thread.java
:1447)
Caused by: 
java.io.IOException: 
Error while 
instrumenting sun/secur
ity/jgss/SunProvider$Pr
oviderService with 
JaCoCo 0.8.11.202310140
853/f33756c.
	at org.jacoco.agent.rt
.internal_4742761.core.
instr.Instrumenter.inst
rumentError(Instrumente
r.java:161)
	at org.jacoco.agent.rt
.internal_4742761.core.
instr.Instrumenter.inst
rument(Instrumenter.jav
a:111)
	at org.jacoco.agent.rt
.internal_4742761.Cover
ageTransformer.transfor
m(CoverageTransformer.j
ava:92)
	... 35 more
Caused by: java.lang.Il
legalArgumentException:
 Unsupported class 
file major version 68
	at org.jacoco.agent.rt
.internal_4742761.asm.C
lassReader.<init>(Class
Reader.java:200)
	at org.jacoco.agent.rt
.internal_4742761.asm.C
lassReader.<init>(Class
Reader.java:180)
	at org.jacoco.agent.rt
.internal_4742761.asm.C
lassReader.<init>(Class
Reader.java:166)
	at org.jacoco.agent.rt
.internal_4742761.core.
internal.instr.InstrSup
port.classReaderFor(Ins
trSupport.java:280)
	at org.jacoco.agent.rt
.internal_4742761.core.
instr.Instrumenter.inst
rument(Instrumenter.jav
a:77)
	at org.jacoco.agent.rt
.internal_4742761.core.
instr.Instrumenter.inst
rument(Instrumenter.jav
a:109)
	... 36 more
java.lang.instrument.Il
legalClassFormatExcepti
on: Error while 
instrumenting sun/secur
ity/smartcardio/SunPCSC
 with JaCoCo 0.8.11.202
310140853/f33756c.
	at org.jacoco.agent.rt
.internal_4742761.Cover
ageTransformer.transfor
m(CoverageTransformer.j
ava:94)
	at java.instrument/jav
a.lang.instrument.Class
FileTransformer.transfo
rm(ClassFileTransformer
.java:257)
	at java.instrument/sun
.instrument.Transformer
Manager.transform(Trans
formerManager.java:188)
	at java.instrument/sun
.instrument.Instrumenta
tionImpl.transform(Inst
rumentationImpl.java:59
4)
	at java.base/java.lang
.ClassLoader.defineClas
s2(Native Method)
	at java.base/java.lang
.ClassLoader.defineClas
s(ClassLoader.java:1052
)
	at java.base/java.secu
rity.SecureClassLoader.
defineClass(SecureClass
Loader.java:164)
	at java.base/jdk.inter
nal.loader.BuiltinClass
Loader.defineClass(Buil
tinClassLoader.java:735
)
	at java.base/jdk.inter
nal.loader.BuiltinClass
Loader.findClassInModul
eOrNull(BuiltinClassLoa
der.java:678)
	at java.base/jdk.inter
nal.loader.BuiltinClass
Loader.findClass(Builti
nClassLoader.java:560)
	at java.base/java.lang
.ClassLoader.loadClass(
ClassLoader.java:602)
	at java.base/java.lang
.Class.forName(Class.ja
va:595)
	at java.base/java.util
.ServiceLoader.loadProv
ider(ServiceLoader.java
:755)
	at java.base/java.util
.ServiceLoader$ModuleSe
rvicesLookupIterator.ha
sNext(ServiceLoader.jav
a:955)
	at java.base/java.util
.ServiceLoader$1.hasNex
t(ServiceLoader.java:11
64)
	at java.base/java.util
.ServiceLoader$2.hasNex
t(ServiceLoader.java:12
46)
	at java.base/sun.secur
ity.jca.ProviderConfig$
ProviderLoader.load(Pro
viderConfig.java:317)
	at java.base/sun.secur
ity.jca.ProviderConfig.
doLoadProvider(Provider
Config.java:235)
	at java.base/sun.secur
ity.jca.ProviderConfig.
getProvider(ProviderCon
fig.java:211)
	at java.base/sun.secur
ity.jca.ProviderList.lo
adAll(ProviderList.java
:311)
	at java.base/sun.secur
ity.jca.ProviderList.re
moveInvalid(ProviderLis
t.java:328)
	at java.base/sun.secur
ity.jca.Providers.getFu
llProviderList(Provider
s.java:186)
	at java.base/java.secu
rity.Security.getProvid
ers(Security.java:533)
	at java.base/java.secu
rity.Security.getAlgori
thms(Security.java:1011
)
	at org.apache.catalina
.util.SessionIdGenerato
rBase.<clinit>(SessionI
dGeneratorBase.java:48)
	at org.apache.catalina
.authenticator.Authenti
catorBase.<init>(Authen
ticatorBase.java:189)
	at org.apache.catalina
.authenticator.NonLogin
Authenticator.<init>(No
nLoginAuthenticator.jav
a:29)
	at org.springframework
.boot.autoconfigure.Bac
kgroundPreinitializer$T
omcatInitializer.run(Ba
ckgroundPreinitializer.
java:202)
	at org.springframework
.boot.autoconfigure.Bac
kgroundPreinitializer$1
.runSafely(BackgroundPr
einitializer.java:120)
	at org.springframework
.boot.autoconfigure.Bac
kgroundPreinitializer$1
.run(BackgroundPreiniti
alizer.java:113)
	at java.base/java.lang
.Thread.run(Thread.java
:1447)
Caused by: 
java.io.IOException: 
Error while 
instrumenting sun/secur
ity/smartcardio/SunPCSC
 with JaCoCo 0.8.11.202
310140853/f33756c.
	at org.jacoco.agent.rt
.internal_4742761.core.
instr.Instrumenter.inst
rumentError(Instrumente
r.java:161)
	at org.jacoco.agent.rt
.internal_4742761.core.
instr.Instrumenter.inst
rument(Instrumenter.jav
a:111)
	at org.jacoco.agent.rt
.internal_4742761.Cover
ageTransformer.transfor
m(CoverageTransformer.j
ava:92)
	... 30 more
Caused by: java.lang.Il
legalArgumentException:
 Unsupported class 
file major version 68
	at org.jacoco.agent.rt
.internal_4742761.asm.C
lassReader.<init>(Class
Reader.java:200)
	at org.jacoco.agent.rt
.internal_4742761.asm.C
lassReader.<init>(Class
Reader.java:180)
	at org.jacoco.agent.rt
.internal_4742761.asm.C
lassReader.<init>(Class
Reader.java:166)
	at org.jacoco.agent.rt
.internal_4742761.core.
internal.instr.InstrSup
port.classReaderFor(Ins
trSupport.java:280)
	at org.jacoco.agent.rt
.internal_4742761.core.
instr.Instrumenter.inst
rument(Instrumenter.jav
a:77)
	at org.jacoco.agent.rt
.internal_4742761.core.
instr.Instrumenter.inst
rument(Instrumenter.jav
a:109)
	... 31 more
java.lang.instrument.Il
legalClassFormatExcepti
on: Error while 
instrumenting sun/secur
ity/smartcardio/SunPCSC
$1 with JaCoCo 0.8.11.2
02310140853/f33756c.
	at org.jacoco.agent.rt
.internal_4742761.Cover
ageTransformer.transfor
m(CoverageTransformer.j
ava:94)
	at java.instrument/jav
a.lang.instrument.Class
FileTransformer.transfo
rm(ClassFileTransformer
.java:257)
	at java.instrument/sun
.instrument.Transformer
Manager.transform(Trans
formerManager.java:188)
	at java.instrument/sun
.instrument.Instrumenta
tionImpl.transform(Inst
rumentationImpl.java:59
4)
	at java.base/java.lang
.ClassLoader.defineClas
s2(Native Method)
	at java.base/java.lang
.ClassLoader.defineClas
s(ClassLoader.java:1052
)
	at java.base/java.secu
rity.SecureClassLoader.
defineClass(SecureClass
Loader.java:164)
	at java.base/jdk.inter
nal.loader.BuiltinClass
Loader.defineClass(Buil
tinClassLoader.java:735
)
	at java.base/jdk.inter
nal.loader.BuiltinClass
Loader.findClassInModul
eOrNull(BuiltinClassLoa
der.java:678)
	at java.base/jdk.inter
nal.loader.BuiltinClass
Loader.loadClassOrNull(
BuiltinClassLoader.java
:604)
	at java.base/jdk.inter
nal.loader.BuiltinClass
Loader.loadClass(Builti
nClassLoader.java:578)
	at java.base/java.lang
.ClassLoader.loadClass(
ClassLoader.java:490)
	at java.smartcardio/su
n.security.smartcardio.
SunPCSC.<init>(SunPCSC.
java:73)
	at java.base/jdk.inter
nal.reflect.DirectConst
ructorHandleAccessor.ne
wInstance(DirectConstru
ctorHandleAccessor.java
:62)
	at java.base/java.lang
.reflect.Constructor.ne
wInstanceWithCaller(Con
structor.java:499)
	at java.base/java.lang
.reflect.Constructor.ne
wInstance(Constructor.j
ava:483)
	at java.base/java.util
.ServiceLoader$Provider
Impl.newInstance(Servic
eLoader.java:707)
	at java.base/java.util
.ServiceLoader$Provider
Impl.get(ServiceLoader.
java:672)
	at java.base/java.util
.ServiceLoader$2.next(S
erviceLoader.java:1256)
	at java.base/sun.secur
ity.jca.ProviderConfig$
ProviderLoader.load(Pro
viderConfig.java:319)
	at java.base/sun.secur
ity.jca.ProviderConfig.
doLoadProvider(Provider
Config.java:235)
	at java.base/sun.secur
ity.jca.ProviderConfig.
getProvider(ProviderCon
fig.java:211)
	at java.base/sun.secur
ity.jca.ProviderList.lo
adAll(ProviderList.java
:311)
	at java.base/sun.secur
ity.jca.ProviderList.re
moveInvalid(ProviderLis
t.java:328)
	at java.base/sun.secur
ity.jca.Providers.getFu
llProviderList(Provider
s.java:186)
	at java.base/java.secu
rity.Security.getProvid
ers(Security.java:533)
	at java.base/java.secu
rity.Security.getAlgori
thms(Security.java:1011
)
	at org.apache.catalina
.util.SessionIdGenerato
rBase.<clinit>(SessionI
dGeneratorBase.java:48)
	at org.apache.catalina
.authenticator.Authenti
catorBase.<init>(Authen
ticatorBase.java:189)
	at org.apache.catalina
.authenticator.NonLogin
Authenticator.<init>(No
nLoginAuthenticator.jav
a:29)
	at org.springframework
.boot.autoconfigure.Bac
kgroundPreinitializer$T
omcatInitializer.run(Ba
ckgroundPreinitializer.
java:202)
	at org.springframework
.boot.autoconfigure.Bac
kgroundPreinitializer$1
.runSafely(BackgroundPr
einitializer.java:120)
	at org.springframework
.boot.autoconfigure.Bac
kgroundPreinitializer$1
.run(BackgroundPreiniti
alizer.java:113)
	at java.base/java.lang
.Thread.run(Thread.java
:1447)
Caused by: 
java.io.IOException: 
Error while 
instrumenting sun/secur
ity/smartcardio/SunPCSC
$1 with JaCoCo 0.8.11.2
02310140853/f33756c.
	at org.jacoco.agent.rt
.internal_4742761.core.
instr.Instrumenter.inst
rumentError(Instrumente
r.java:161)
	at org.jacoco.agent.rt
.internal_4742761.core.
instr.Instrumenter.inst
rument(Instrumenter.jav
a:111)
	at org.jacoco.agent.rt
.internal_4742761.Cover
ageTransformer.transfor
m(CoverageTransformer.j
ava:92)
	... 33 more
Caused by: java.lang.Il
legalArgumentException:
 Unsupported class 
file major version 68
	at org.jacoco.agent.rt
.internal_4742761.asm.C
lassReader.<init>(Class
Reader.java:200)
	at org.jacoco.agent.rt
.internal_4742761.asm.C
lassReader.<init>(Class
Reader.java:180)
	at org.jacoco.agent.rt
.internal_4742761.asm.C
lassReader.<init>(Class
Reader.java:166)
	at org.jacoco.agent.rt
.internal_4742761.core.
internal.instr.InstrSup
port.classReaderFor(Ins
trSupport.java:280)
	at org.jacoco.agent.rt
.internal_4742761.core.
instr.Instrumenter.inst
rument(Instrumenter.jav
a:77)
	at org.jacoco.agent.rt
.internal_4742761.core.
instr.Instrumenter.inst
rument(Instrumenter.jav
a:109)
	... 34 more
java.lang.instrument.Il
legalClassFormatExcepti
on: Error while 
instrumenting sun/secur
ity/smartcardio/SunPCSC
$ProviderService with 
JaCoCo 0.8.11.202310140
853/f33756c.
	at org.jacoco.agent.rt
.internal_4742761.Cover
ageTransformer.transfor
m(CoverageTransformer.j
ava:94)
	at java.instrument/jav
a.lang.instrument.Class
FileTransformer.transfo
rm(ClassFileTransformer
.java:257)
	at java.instrument/sun
.instrument.Transformer
Manager.transform(Trans
formerManager.java:188)
	at java.instrument/sun
.instrument.Instrumenta
tionImpl.transform(Inst
rumentationImpl.java:59
4)
	at java.base/java.lang
.ClassLoader.defineClas
s2(Native Method)
	at java.base/java.lang
.ClassLoader.defineClas
s(ClassLoader.java:1052
)
	at java.base/java.secu
rity.SecureClassLoader.
defineClass(SecureClass
Loader.java:164)
	at java.base/jdk.inter
nal.loader.BuiltinClass
Loader.defineClass(Buil
tinClassLoader.java:735
)
	at java.base/jdk.inter
nal.loader.BuiltinClass
Loader.findClassInModul
eOrNull(BuiltinClassLoa
der.java:678)
	at java.base/jdk.inter
nal.loader.BuiltinClass
Loader.loadClassOrNull(
BuiltinClassLoader.java
:604)
	at java.base/jdk.inter
nal.loader.BuiltinClass
Loader.loadClass(Builti
nClassLoader.java:578)
	at java.base/java.lang
.ClassLoader.loadClass(
ClassLoader.java:490)
	at java.smartcardio/su
n.security.smartcardio.
SunPCSC.<init>(SunPCSC.
java:73)
	at java.base/jdk.inter
nal.reflect.DirectConst
ructorHandleAccessor.ne
wInstance(DirectConstru
ctorHandleAccessor.java
:62)
	at java.base/java.lang
.reflect.Constructor.ne
wInstanceWithCaller(Con
structor.java:499)
	at java.base/java.lang
.reflect.Constructor.ne
wInstance(Constructor.j
ava:483)
	at java.base/java.util
.ServiceLoader$Provider
Impl.newInstance(Servic
eLoader.java:707)
	at java.base/java.util
.ServiceLoader$Provider
Impl.get(ServiceLoader.
java:672)
	at java.base/java.util
.ServiceLoader$2.next(S
erviceLoader.java:1256)
	at java.base/sun.secur
ity.jca.ProviderConfig$
ProviderLoader.load(Pro
viderConfig.java:319)
	at java.base/sun.secur
ity.jca.ProviderConfig.
doLoadProvider(Provider
Config.java:235)
	at java.base/sun.secur
ity.jca.ProviderConfig.
getProvider(ProviderCon
fig.java:211)
	at java.base/sun.secur
ity.jca.ProviderList.lo
adAll(ProviderList.java
:311)
	at java.base/sun.secur
ity.jca.ProviderList.re
moveInvalid(ProviderLis
t.java:328)
	at java.base/sun.secur
ity.jca.Providers.getFu
llProviderList(Provider
s.java:186)
	at java.base/java.secu
rity.Security.getProvid
ers(Security.java:533)
	at java.base/java.secu
rity.Security.getAlgori
thms(Security.java:1011
)
	at org.apache.catalina
.util.SessionIdGenerato
rBase.<clinit>(SessionI
dGeneratorBase.java:48)
	at org.apache.catalina
.authenticator.Authenti
catorBase.<init>(Authen
ticatorBase.java:189)
	at org.apache.catalina
.authenticator.NonLogin
Authenticator.<init>(No
nLoginAuthenticator.jav
a:29)
	at org.springframework
.boot.autoconfigure.Bac
kgroundPreinitializer$T
omcatInitializer.run(Ba
ckgroundPreinitializer.
java:202)
	at org.springframework
.boot.autoconfigure.Bac
kgroundPreinitializer$1
.runSafely(BackgroundPr
einitializer.java:120)
	at org.springframework
.boot.autoconfigure.Bac
kgroundPreinitializer$1
.run(BackgroundPreiniti
alizer.java:113)
	at java.base/java.lang
.Thread.run(Thread.java
:1447)
Caused by: 
java.io.IOException: 
Error while 
instrumenting sun/secur
ity/smartcardio/SunPCSC
$ProviderService with 
JaCoCo 0.8.11.202310140
853/f33756c.
	at org.jacoco.agent.rt
.internal_4742761.core.
instr.Instrumenter.inst
rumentError(Instrumente
r.java:161)
	at org.jacoco.agent.rt
.internal_4742761.core.
instr.Instrumenter.inst
rument(Instrumenter.jav
a:111)
	at org.jacoco.agent.rt
.internal_4742761.Cover
ageTransformer.transfor
m(CoverageTransformer.j
ava:92)
	... 33 more
Caused by: java.lang.Il
legalArgumentException:
 Unsupported class 
file major version 68
	at org.jacoco.agent.rt
.internal_4742761.asm.C
lassReader.<init>(Class
Reader.java:200)
	at org.jacoco.agent.rt
.internal_4742761.asm.C
lassReader.<init>(Class
Reader.java:180)
	at org.jacoco.agent.rt
.internal_4742761.asm.C
lassReader.<init>(Class
Reader.java:166)
	at org.jacoco.agent.rt
.internal_4742761.core.
internal.instr.InstrSup
port.classReaderFor(Ins
trSupport.java:280)
	at org.jacoco.agent.rt
.internal_4742761.core.
instr.Instrumenter.inst
rument(Instrumenter.jav
a:77)
	at org.jacoco.agent.rt
.internal_4742761.core.
instr.Instrumenter.inst
rument(Instrumenter.jav
a:109)
	... 34 more
java.lang.instrument.Il
legalClassFormatExcepti
on: Error while 
instrumenting org/jcp/x
ml/dsig/internal/dom/XM
LDSigRI with JaCoCo 0.8
.11.202310140853/f33756
c.
	at org.jacoco.agent.rt
.internal_4742761.Cover
ageTransformer.transfor
m(CoverageTransformer.j
ava:94)
	at java.instrument/jav
a.lang.instrument.Class
FileTransformer.transfo
rm(ClassFileTransformer
.java:257)
	at java.instrument/sun
.instrument.Transformer
Manager.transform(Trans
formerManager.java:188)
	at java.instrument/sun
.instrument.Instrumenta
tionImpl.transform(Inst
rumentationImpl.java:59
4)
	at java.base/java.lang
.ClassLoader.defineClas
s2(Native Method)
	at java.base/java.lang
.ClassLoader.defineClas
s(ClassLoader.java:1052
)
	at java.base/java.secu
rity.SecureClassLoader.
defineClass(SecureClass
Loader.java:164)
	at java.base/jdk.inter
nal.loader.BuiltinClass
Loader.defineClass(Buil
tinClassLoader.java:735
)
	at java.base/jdk.inter
nal.loader.BuiltinClass
Loader.findClassInModul
eOrNull(BuiltinClassLoa
der.java:678)
	at java.base/jdk.inter
nal.loader.BuiltinClass
Loader.findClass(Builti
nClassLoader.java:560)
	at java.base/java.lang
.ClassLoader.loadClass(
ClassLoader.java:602)
	at java.base/java.lang
.Class.forName(Class.ja
va:595)
	at java.base/java.util
.ServiceLoader.loadProv
ider(ServiceLoader.java
:755)
	at java.base/java.util
.ServiceLoader$ModuleSe
rvicesLookupIterator.ha
sNext(ServiceLoader.jav
a:955)
	at java.base/java.util
.ServiceLoader$1.hasNex
t(ServiceLoader.java:11
64)
	at java.base/java.util
.ServiceLoader$2.hasNex
t(ServiceLoader.java:12
46)
	at java.base/sun.secur
ity.jca.ProviderConfig$
ProviderLoader.load(Pro
viderConfig.java:317)
	at java.base/sun.secur
ity.jca.ProviderConfig.
doLoadProvider(Provider
Config.java:235)
	at java.base/sun.secur
ity.jca.ProviderConfig.
getProvider(ProviderCon
fig.java:211)
	at java.base/sun.secur
ity.jca.ProviderList.lo
adAll(ProviderList.java
:311)
	at java.base/sun.secur
ity.jca.ProviderList.re
moveInvalid(ProviderLis
t.java:328)
	at java.base/sun.secur
ity.jca.Providers.getFu
llProviderList(Provider
s.java:186)
	at java.base/java.secu
rity.Security.getProvid
ers(Security.java:533)
	at java.base/java.secu
rity.Security.getAlgori
thms(Security.java:1011
)
	at org.apache.catalina
.util.SessionIdGenerato
rBase.<clinit>(SessionI
dGeneratorBase.java:48)
	at org.apache.catalina
.authenticator.Authenti
catorBase.<init>(Authen
ticatorBase.java:189)
	at org.apache.catalina
.authenticator.NonLogin
Authenticator.<init>(No
nLoginAuthenticator.jav
a:29)
	at org.springframework
.boot.autoconfigure.Bac
kgroundPreinitializer$T
omcatInitializer.run(Ba
ckgroundPreinitializer.
java:202)
	at org.springframework
.boot.autoconfigure.Bac
kgroundPreinitializer$1
.runSafely(BackgroundPr
einitializer.java:120)
	at org.springframework
.boot.autoconfigure.Bac
kgroundPreinitializer$1
.run(BackgroundPreiniti
alizer.java:113)
	at java.base/java.lang
.Thread.run(Thread.java
:1447)
Caused by: 
java.io.IOException: 
Error while 
instrumenting org/jcp/x
ml/dsig/internal/dom/XM
LDSigRI with JaCoCo 0.8
.11.202310140853/f33756
c.
	at org.jacoco.agent.rt
.internal_4742761.core.
instr.Instrumenter.inst
rumentError(Instrumente
r.java:161)
	at org.jacoco.agent.rt
.internal_4742761.core.
instr.Instrumenter.inst
rument(Instrumenter.jav
a:111)
	at org.jacoco.agent.rt
.internal_4742761.Cover
ageTransformer.transfor
m(CoverageTransformer.j
ava:92)
	... 30 more
Caused by: java.lang.Il
legalArgumentException:
 Unsupported class 
file major version 68
	at org.jacoco.agent.rt
.internal_4742761.asm.C
lassReader.<init>(Class
Reader.java:200)
	at org.jacoco.agent.rt
.internal_4742761.asm.C
lassReader.<init>(Class
Reader.java:180)
	at org.jacoco.agent.rt
.internal_4742761.asm.C
lassReader.<init>(Class
Reader.java:166)
	at org.jacoco.agent.rt
.internal_4742761.core.
internal.instr.InstrSup
port.classReaderFor(Ins
trSupport.java:280)
	at org.jacoco.agent.rt
.internal_4742761.core.
instr.Instrumenter.inst
rument(Instrumenter.jav
a:77)
	at org.jacoco.agent.rt
.internal_4742761.core.
instr.Instrumenter.inst
rument(Instrumenter.jav
a:109)
	... 31 more
java.lang.instrument.Il
legalClassFormatExcepti
on: Error while 
instrumenting org/jcp/x
ml/dsig/internal/dom/XM
LDSigRI$1 with JaCoCo 0
.8.11.202310140853/f337
56c.
	at org.jacoco.agent.rt
.internal_4742761.Cover
ageTransformer.transfor
m(CoverageTransformer.j
ava:94)
	at java.instrument/jav
a.lang.instrument.Class
FileTransformer.transfo
rm(ClassFileTransformer
.java:257)
	at java.instrument/sun
.instrument.Transformer
Manager.transform(Trans
formerManager.java:188)
	at java.instrument/sun
.instrument.Instrumenta
tionImpl.transform(Inst
rumentationImpl.java:59
4)
	at java.base/java.lang
.ClassLoader.defineClas
s2(Native Method)
	at java.base/java.lang
.ClassLoader.defineClas
s(ClassLoader.java:1052
)
	at java.base/java.secu
rity.SecureClassLoader.
defineClass(SecureClass
Loader.java:164)
	at java.base/jdk.inter
nal.loader.BuiltinClass
Loader.defineClass(Buil
tinClassLoader.java:735
)
	at java.base/jdk.inter
nal.loader.BuiltinClass
Loader.findClassInModul
eOrNull(BuiltinClassLoa
der.java:678)
	at java.base/jdk.inter
nal.loader.BuiltinClass
Loader.loadClassOrNull(
BuiltinClassLoader.java
:604)
	at java.base/jdk.inter
nal.loader.BuiltinClass
Loader.loadClass(Builti
nClassLoader.java:578)
	at java.base/java.lang
.ClassLoader.loadClass(
ClassLoader.java:490)
	at java.xml.crypto/org
.jcp.xml.dsig.internal.
dom.XMLDSigRI.<clinit>(
XMLDSigRI.java:67)
	at java.base/jdk.inter
nal.misc.Unsafe.ensureC
lassInitialized0(Native
 Method)
	at java.base/jdk.inter
nal.misc.Unsafe.ensureC
lassInitialized(Unsafe.
java:1166)
	at java.base/jdk.inter
nal.reflect.MethodHandl
eAccessorFactory.ensure
ClassInitialized(Method
HandleAccessorFactory.j
ava:341)
	at java.base/jdk.inter
nal.reflect.MethodHandl
eAccessorFactory.newCon
structorAccessor(Method
HandleAccessorFactory.j
ava:104)
	at java.base/jdk.inter
nal.reflect.ReflectionF
actory.newConstructorAc
cessor(ReflectionFactor
y.java:143)
	at java.base/java.lang
.reflect.Constructor.ac
quireConstructorAccesso
r(Constructor.java:546)
	at java.base/java.lang
.reflect.Constructor.ne
wInstanceWithCaller(Con
structor.java:496)
	at java.base/java.lang
.reflect.Constructor.ne
wInstance(Constructor.j
ava:483)
	at java.base/java.util
.ServiceLoader$Provider
Impl.newInstance(Servic
eLoader.java:707)
	at java.base/java.util
.ServiceLoader$Provider
Impl.get(ServiceLoader.
java:672)
	at java.base/java.util
.ServiceLoader$2.next(S
erviceLoader.java:1256)
	at java.base/sun.secur
ity.jca.ProviderConfig$
ProviderLoader.load(Pro
viderConfig.java:319)
	at java.base/sun.secur
ity.jca.ProviderConfig.
doLoadProvider(Provider
Config.java:235)
	at java.base/sun.secur
ity.jca.ProviderConfig.
getProvider(ProviderCon
fig.java:211)
	at java.base/sun.secur
ity.jca.ProviderList.lo
adAll(ProviderList.java
:311)
	at java.base/sun.secur
ity.jca.ProviderList.re
moveInvalid(ProviderLis
t.java:328)
	at java.base/sun.secur
ity.jca.Providers.getFu
llProviderList(Provider
s.java:186)
	at java.base/java.secu
rity.Security.getProvid
ers(Security.java:533)
	at java.base/java.secu
rity.Security.getAlgori
thms(Security.java:1011
)
	at org.apache.catalina
.util.SessionIdGenerato
rBase.<clinit>(SessionI
dGeneratorBase.java:48)
	at org.apache.catalina
.authenticator.Authenti
catorBase.<init>(Authen
ticatorBase.java:189)
	at org.apache.catalina
.authenticator.NonLogin
Authenticator.<init>(No
nLoginAuthenticator.jav
a:29)
	at org.springframework
.boot.autoconfigure.Bac
kgroundPreinitializer$T
omcatInitializer.run(Ba
ckgroundPreinitializer.
java:202)
	at org.springframework
.boot.autoconfigure.Bac
kgroundPreinitializer$1
.runSafely(BackgroundPr
einitializer.java:120)
	at org.springframework
.boot.autoconfigure.Bac
kgroundPreinitializer$1
.run(BackgroundPreiniti
alizer.java:113)
	at java.base/java.lang
.Thread.run(Thread.java
:1447)
Caused by: 
java.io.IOException: 
Error while 
instrumenting org/jcp/x
ml/dsig/internal/dom/XM
LDSigRI$1 with JaCoCo 0
.8.11.202310140853/f337
56c.
	at org.jacoco.agent.rt
.internal_4742761.core.
instr.Instrumenter.inst
rumentError(Instrumente
r.java:161)
	at org.jacoco.agent.rt
.internal_4742761.core.
instr.Instrumenter.inst
rument(Instrumenter.jav
a:111)
	at org.jacoco.agent.rt
.internal_4742761.Cover
ageTransformer.transfor
m(CoverageTransformer.j
ava:92)
	... 38 more
Caused by: java.lang.Il
legalArgumentException:
 Unsupported class 
file major version 68
	at org.jacoco.agent.rt
.internal_4742761.asm.C
lassReader.<init>(Class
Reader.java:200)
	at org.jacoco.agent.rt
.internal_4742761.asm.C
lassReader.<init>(Class
Reader.java:180)
	at org.jacoco.agent.rt
.internal_4742761.asm.C
lassReader.<init>(Class
Reader.java:166)
	at org.jacoco.agent.rt
.internal_4742761.core.
internal.instr.InstrSup
port.classReaderFor(Ins
trSupport.java:280)
	at org.jacoco.agent.rt
.internal_4742761.core.
instr.Instrumenter.inst
rument(Instrumenter.jav
a:77)
	at org.jacoco.agent.rt
.internal_4742761.core.
instr.Instrumenter.inst
rument(Instrumenter.jav
a:109)
	... 39 more
java.lang.instrument.Il
legalClassFormatExcepti
on: Error while 
instrumenting org/jcp/x
ml/dsig/internal/dom/XM
LDSigRI$2 with JaCoCo 0
.8.11.202310140853/f337
56c.
	at org.jacoco.agent.rt
.internal_4742761.Cover
ageTransformer.transfor
m(CoverageTransformer.j
ava:94)
	at java.instrument/jav
a.lang.instrument.Class
FileTransformer.transfo
rm(ClassFileTransformer
.java:257)
	at java.instrument/sun
.instrument.Transformer
Manager.transform(Trans
formerManager.java:188)
	at java.instrument/sun
.instrument.Instrumenta
tionImpl.transform(Inst
rumentationImpl.java:59
4)
	at java.base/java.lang
.ClassLoader.defineClas
s2(Native Method)
	at java.base/java.lang
.ClassLoader.defineClas
s(ClassLoader.java:1052
)
	at java.base/java.secu
rity.SecureClassLoader.
defineClass(SecureClass
Loader.java:164)
	at java.base/jdk.inter
nal.loader.BuiltinClass
Loader.defineClass(Buil
tinClassLoader.java:735
)
	at java.base/jdk.inter
nal.loader.BuiltinClass
Loader.findClassInModul
eOrNull(BuiltinClassLoa
der.java:678)
	at java.base/jdk.inter
nal.loader.BuiltinClass
Loader.loadClassOrNull(
BuiltinClassLoader.java
:604)
	at java.base/jdk.inter
nal.loader.BuiltinClass
Loader.loadClass(Builti
nClassLoader.java:578)
	at java.base/java.lang
.ClassLoader.loadClass(
ClassLoader.java:490)
	at java.xml.crypto/org
.jcp.xml.dsig.internal.
dom.XMLDSigRI.<init>(XM
LDSigRI.java:149)
	at java.base/jdk.inter
nal.reflect.DirectConst
ructorHandleAccessor.ne
wInstance(DirectConstru
ctorHandleAccessor.java
:62)
	at java.base/java.lang
.reflect.Constructor.ne
wInstanceWithCaller(Con
structor.java:499)
	at java.base/java.lang
.reflect.Constructor.ne
wInstance(Constructor.j
ava:483)
	at java.base/java.util
.ServiceLoader$Provider
Impl.newInstance(Servic
eLoader.java:707)
	at java.base/java.util
.ServiceLoader$Provider
Impl.get(ServiceLoader.
java:672)
	at java.base/java.util
.ServiceLoader$2.next(S
erviceLoader.java:1256)
	at java.base/sun.secur
ity.jca.ProviderConfig$
ProviderLoader.load(Pro
viderConfig.java:319)
	at java.base/sun.secur
ity.jca.ProviderConfig.
doLoadProvider(Provider
Config.java:235)
	at java.base/sun.secur
ity.jca.ProviderConfig.
getProvider(ProviderCon
fig.java:211)
	at java.base/sun.secur
ity.jca.ProviderList.lo
adAll(ProviderList.java
:311)
	at java.base/sun.secur
ity.jca.ProviderList.re
moveInvalid(ProviderLis
t.java:328)
	at java.base/sun.secur
ity.jca.Providers.getFu
llProviderList(Provider
s.java:186)
	at java.base/java.secu
rity.Security.getProvid
ers(Security.java:533)
	at java.base/java.secu
rity.Security.getAlgori
thms(Security.java:1011
)
	at org.apache.catalina
.util.SessionIdGenerato
rBase.<clinit>(SessionI
dGeneratorBase.java:48)
	at org.apache.catalina
.authenticator.Authenti
catorBase.<init>(Authen
ticatorBase.java:189)
	at org.apache.catalina
.authenticator.NonLogin
Authenticator.<init>(No
nLoginAuthenticator.jav
a:29)
	at org.springframework
.boot.autoconfigure.Bac
kgroundPreinitializer$T
omcatInitializer.run(Ba
ckgroundPreinitializer.
java:202)
	at org.springframework
.boot.autoconfigure.Bac
kgroundPreinitializer$1
.runSafely(BackgroundPr
einitializer.java:120)
	at org.springframework
.boot.autoconfigure.Bac
kgroundPreinitializer$1
.run(BackgroundPreiniti
alizer.java:113)
	at java.base/java.lang
.Thread.run(Thread.java
:1447)
Caused by: 
java.io.IOException: 
Error while 
instrumenting org/jcp/x
ml/dsig/internal/dom/XM
LDSigRI$2 with JaCoCo 0
.8.11.202310140853/f337
56c.
	at org.jacoco.agent.rt
.internal_4742761.core.
instr.Instrumenter.inst
rumentError(Instrumente
r.java:161)
	at org.jacoco.agent.rt
.internal_4742761.core.
instr.Instrumenter.inst
rument(Instrumenter.jav
a:111)
	at org.jacoco.agent.rt
.internal_4742761.Cover
ageTransformer.transfor
m(CoverageTransformer.j
ava:92)
	... 33 more
Caused by: java.lang.Il
legalArgumentException:
 Unsupported class 
file major version 68
	at org.jacoco.agent.rt
.internal_4742761.asm.C
lassReader.<init>(Class
Reader.java:200)
	at org.jacoco.agent.rt
.internal_4742761.asm.C
lassReader.<init>(Class
Reader.java:180)
	at org.jacoco.agent.rt
.internal_4742761.asm.C
lassReader.<init>(Class
Reader.java:166)
	at org.jacoco.agent.rt
.internal_4742761.core.
internal.instr.InstrSup
port.classReaderFor(Ins
trSupport.java:280)
	at org.jacoco.agent.rt
.internal_4742761.core.
instr.Instrumenter.inst
rument(Instrumenter.jav
a:77)
	at org.jacoco.agent.rt
.internal_4742761.core.
instr.Instrumenter.inst
rument(Instrumenter.jav
a:109)
	... 34 more
java.lang.instrument.Il
legalClassFormatExcepti
on: Error while 
instrumenting org/jcp/x
ml/dsig/internal/dom/XM
LDSigRI$ProviderService
 with JaCoCo 0.8.11.202
310140853/f33756c.
	at org.jacoco.agent.rt
.internal_4742761.Cover
ageTransformer.transfor
m(CoverageTransformer.j
ava:94)
	at java.instrument/jav
a.lang.instrument.Class
FileTransformer.transfo
rm(ClassFileTransformer
.java:257)
	at java.instrument/sun
.instrument.Transformer
Manager.transform(Trans
formerManager.java:188)
	at java.instrument/sun
.instrument.Instrumenta
tionImpl.transform(Inst
rumentationImpl.java:59
4)
	at java.base/java.lang
.ClassLoader.defineClas
s2(Native Method)
	at java.base/java.lang
.ClassLoader.defineClas
s(ClassLoader.java:1052
)
	at java.base/java.secu
rity.SecureClassLoader.
defineClass(SecureClass
Loader.java:164)
	at java.base/jdk.inter
nal.loader.BuiltinClass
Loader.defineClass(Buil
tinClassLoader.java:735
)
	at java.base/jdk.inter
nal.loader.BuiltinClass
Loader.findClassInModul
eOrNull(BuiltinClassLoa
der.java:678)
	at java.base/jdk.inter
nal.loader.BuiltinClass
Loader.loadClassOrNull(
BuiltinClassLoader.java
:604)
	at java.base/jdk.inter
nal.loader.BuiltinClass
Loader.loadClass(Builti
nClassLoader.java:578)
	at java.base/java.lang
.ClassLoader.loadClass(
ClassLoader.java:490)
	at java.xml.crypto/org
.jcp.xml.dsig.internal.
dom.XMLDSigRI.<init>(XM
LDSigRI.java:149)
	at java.base/jdk.inter
nal.reflect.DirectConst
ructorHandleAccessor.ne
wInstance(DirectConstru
ctorHandleAccessor.java
:62)
	at java.base/java.lang
.reflect.Constructor.ne
wInstanceWithCaller(Con
structor.java:499)
	at java.base/java.lang
.reflect.Constructor.ne
wInstance(Constructor.j
ava:483)
	at java.base/java.util
.ServiceLoader$Provider
Impl.newInstance(Servic
eLoader.java:707)
	at java.base/java.util
.ServiceLoader$Provider
Impl.get(ServiceLoader.
java:672)
	at java.base/java.util
.ServiceLoader$2.next(S
erviceLoader.java:1256)
	at java.base/sun.secur
ity.jca.ProviderConfig$
ProviderLoader.load(Pro
viderConfig.java:319)
	at java.base/sun.secur
ity.jca.ProviderConfig.
doLoadProvider(Provider
Config.java:235)
	at java.base/sun.secur
ity.jca.ProviderConfig.
getProvider(ProviderCon
fig.java:211)
	at java.base/sun.secur
ity.jca.ProviderList.lo
adAll(ProviderList.java
:311)
	at java.base/sun.secur
ity.jca.ProviderList.re
moveInvalid(ProviderLis
t.java:328)
	at java.base/sun.secur
ity.jca.Providers.getFu
llProviderList(Provider
s.java:186)
	at java.base/java.secu
rity.Security.getProvid
ers(Security.java:533)
	at java.base/java.secu
rity.Security.getAlgori
thms(Security.java:1011
)
	at org.apache.catalina
.util.SessionIdGenerato
rBase.<clinit>(SessionI
dGeneratorBase.java:48)
	at org.apache.catalina
.authenticator.Authenti
catorBase.<init>(Authen
ticatorBase.java:189)
	at org.apache.catalina
.authenticator.NonLogin
Authenticator.<init>(No
nLoginAuthenticator.jav
a:29)
	at org.springframework
.boot.autoconfigure.Bac
kgroundPreinitializer$T
omcatInitializer.run(Ba
ckgroundPreinitializer.
java:202)
	at org.springframework
.boot.autoconfigure.Bac
kgroundPreinitializer$1
.runSafely(BackgroundPr
einitializer.java:120)
	at org.springframework
.boot.autoconfigure.Bac
kgroundPreinitializer$1
.run(BackgroundPreiniti
alizer.java:113)
	at java.base/java.lang
.Thread.run(Thread.java
:1447)
Caused by: 
java.io.IOException: 
Error while 
instrumenting org/jcp/x
ml/dsig/internal/dom/XM
LDSigRI$ProviderService
 with JaCoCo 0.8.11.202
310140853/f33756c.
	at org.jacoco.agent.rt
.internal_4742761.core.
instr.Instrumenter.inst
rumentError(Instrumente
r.java:161)
	at org.jacoco.agent.rt
.internal_4742761.core.
instr.Instrumenter.inst
rument(Instrumenter.jav
a:111)
	at org.jacoco.agent.rt
.internal_4742761.Cover
ageTransformer.transfor
m(CoverageTransformer.j
ava:92)
	... 33 more
Caused by: java.lang.Il
legalArgumentException:
 Unsupported class 
file major version 68
	at org.jacoco.agent.rt
.internal_4742761.asm.C
lassReader.<init>(Class
Reader.java:200)
	at org.jacoco.agent.rt
.internal_4742761.asm.C
lassReader.<init>(Class
Reader.java:180)
	at org.jacoco.agent.rt
.internal_4742761.asm.C
lassReader.<init>(Class
Reader.java:166)
	at org.jacoco.agent.rt
.internal_4742761.core.
internal.instr.InstrSup
port.classReaderFor(Ins
trSupport.java:280)
	at org.jacoco.agent.rt
.internal_4742761.core.
instr.Instrumenter.inst
rument(Instrumenter.jav
a:77)
	at org.jacoco.agent.rt
.internal_4742761.core.
instr.Instrumenter.inst
rument(Instrumenter.jav
a:109)
	... 34 more
java.lang.instrument.Il
legalClassFormatExcepti
on: Error while 
instrumenting sun/secur
ity/mscapi/SunMSCAPI 
with JaCoCo 0.8.11.2023
10140853/f33756c.
	at org.jacoco.agent.rt
.internal_4742761.Cover
ageTransformer.transfor
m(CoverageTransformer.j
ava:94)
	at java.instrument/jav
a.lang.instrument.Class
FileTransformer.transfo
rm(ClassFileTransformer
.java:257)
	at java.instrument/sun
.instrument.Transformer
Manager.transform(Trans
formerManager.java:188)
	at java.instrument/sun
.instrument.Instrumenta
tionImpl.transform(Inst
rumentationImpl.java:59
4)
	at java.base/java.lang
.ClassLoader.defineClas
s2(Native Method)
	at java.base/java.lang
.ClassLoader.defineClas
s(ClassLoader.java:1052
)
	at java.base/java.secu
rity.SecureClassLoader.
defineClass(SecureClass
Loader.java:164)
	at java.base/jdk.inter
nal.loader.BuiltinClass
Loader.defineClass(Buil
tinClassLoader.java:735
)
	at java.base/jdk.inter
nal.loader.BuiltinClass
Loader.findClassInModul
eOrNull(BuiltinClassLoa
der.java:678)
	at java.base/jdk.inter
nal.loader.BuiltinClass
Loader.findClass(Builti
nClassLoader.java:560)
	at java.base/java.lang
.ClassLoader.loadClass(
ClassLoader.java:602)
	at java.base/java.lang
.Class.forName(Class.ja
va:595)
	at java.base/java.util
.ServiceLoader.loadProv
ider(ServiceLoader.java
:755)
	at java.base/java.util
.ServiceLoader$ModuleSe
rvicesLookupIterator.ha
sNext(ServiceLoader.jav
a:955)
	at java.base/java.util
.ServiceLoader$1.hasNex
t(ServiceLoader.java:11
64)
	at java.base/java.util
.ServiceLoader$2.hasNex
t(ServiceLoader.java:12
46)
	at java.base/sun.secur
ity.jca.ProviderConfig$
ProviderLoader.load(Pro
viderConfig.java:317)
	at java.base/sun.secur
ity.jca.ProviderConfig.
doLoadProvider(Provider
Config.java:235)
	at java.base/sun.secur
ity.jca.ProviderConfig.
getProvider(ProviderCon
fig.java:211)
	at java.base/sun.secur
ity.jca.ProviderList.lo
adAll(ProviderList.java
:311)
	at java.base/sun.secur
ity.jca.ProviderList.re
moveInvalid(ProviderLis
t.java:328)
	at java.base/sun.secur
ity.jca.Providers.getFu
llProviderList(Provider
s.java:186)
	at java.base/java.secu
rity.Security.getProvid
ers(Security.java:533)
	at java.base/java.secu
rity.Security.getAlgori
thms(Security.java:1011
)
	at org.apache.catalina
.util.SessionIdGenerato
rBase.<clinit>(SessionI
dGeneratorBase.java:48)
	at org.apache.catalina
.authenticator.Authenti
catorBase.<init>(Authen
ticatorBase.java:189)
	at org.apache.catalina
.authenticator.NonLogin
Authenticator.<init>(No
nLoginAuthenticator.jav
a:29)
	at org.springframework
.boot.autoconfigure.Bac
kgroundPreinitializer$T
omcatInitializer.run(Ba
ckgroundPreinitializer.
java:202)
	at org.springframework
.boot.autoconfigure.Bac
kgroundPreinitializer$1
.runSafely(BackgroundPr
einitializer.java:120)
	at org.springframework
.boot.autoconfigure.Bac
kgroundPreinitializer$1
.run(BackgroundPreiniti
alizer.java:113)
	at java.base/java.lang
.Thread.run(Thread.java
:1447)
Caused by: 
java.io.IOException: 
Error while 
instrumenting sun/secur
ity/mscapi/SunMSCAPI 
with JaCoCo 0.8.11.2023
10140853/f33756c.
	at org.jacoco.agent.rt
.internal_4742761.core.
instr.Instrumenter.inst
rumentError(Instrumente
r.java:161)
	at org.jacoco.agent.rt
.internal_4742761.core.
instr.Instrumenter.inst
rument(Instrumenter.jav
a:111)
	at org.jacoco.agent.rt
.internal_4742761.Cover
ageTransformer.transfor
m(CoverageTransformer.j
ava:92)
	... 30 more
Caused by: java.lang.Il
legalArgumentException:
 Unsupported class 
file major version 68
	at org.jacoco.agent.rt
.internal_4742761.asm.C
lassReader.<init>(Class
Reader.java:200)
	at org.jacoco.agent.rt
.internal_4742761.asm.C
lassReader.<init>(Class
Reader.java:180)
	at org.jacoco.agent.rt
.internal_4742761.asm.C
lassReader.<init>(Class
Reader.java:166)
	at org.jacoco.agent.rt
.internal_4742761.core.
internal.instr.InstrSup
port.classReaderFor(Ins
trSupport.java:280)
	at org.jacoco.agent.rt
.internal_4742761.core.
instr.Instrumenter.inst
rument(Instrumenter.jav
a:77)
	at org.jacoco.agent.rt
.internal_4742761.core.
instr.Instrumenter.inst
rument(Instrumenter.jav
a:109)
	... 31 more
java.lang.instrument.Il
legalClassFormatExcepti
on: Error while 
instrumenting sun/secur
ity/mscapi/SunMSCAPI$Pr
oviderService with 
JaCoCo 0.8.11.202310140
853/f33756c.
	at org.jacoco.agent.rt
.internal_4742761.Cover
ageTransformer.transfor
m(CoverageTransformer.j
ava:94)
	at java.instrument/jav
a.lang.instrument.Class
FileTransformer.transfo
rm(ClassFileTransformer
.java:257)
	at java.instrument/sun
.instrument.Transformer
Manager.transform(Trans
formerManager.java:188)
	at java.instrument/sun
.instrument.Instrumenta
tionImpl.transform(Inst
rumentationImpl.java:59
4)
	at java.base/java.lang
.ClassLoader.defineClas
s2(Native Method)
	at java.base/java.lang
.ClassLoader.defineClas
s(ClassLoader.java:1052
)
	at java.base/java.secu
rity.SecureClassLoader.
defineClass(SecureClass
Loader.java:164)
	at java.base/jdk.inter
nal.loader.BuiltinClass
Loader.defineClass(Buil
tinClassLoader.java:735
)
	at java.base/jdk.inter
nal.loader.BuiltinClass
Loader.findClassInModul
eOrNull(BuiltinClassLoa
der.java:678)
	at java.base/jdk.inter
nal.loader.BuiltinClass
Loader.loadClassOrNull(
BuiltinClassLoader.java
:604)
	at java.base/jdk.inter
nal.loader.BuiltinClass
Loader.loadClass(Builti
nClassLoader.java:578)
	at java.base/java.lang
.ClassLoader.loadClass(
ClassLoader.java:490)
	at java.base/java.lang
.Class.getDeclaredMetho
ds0(Native Method)
	at java.base/java.lang
.Class.privateGetDeclar
edMethods(Class.java:30
35)
	at java.base/java.lang
.Class.getDeclaredPubli
cMethods(Class.java:244
0)
	at java.base/java.lang
.System$1.getDeclaredPu
blicMethods(System.java
:1977)
	at java.base/java.util
.ServiceLoader.findStat
icProviderMethod(Servic
eLoader.java:586)
	at java.base/java.util
.ServiceLoader.loadProv
ider(ServiceLoader.java
:770)
	at java.base/java.util
.ServiceLoader$ModuleSe
rvicesLookupIterator.ha
sNext(ServiceLoader.jav
a:955)
	at java.base/java.util
.ServiceLoader$1.hasNex
t(ServiceLoader.java:11
64)
	at java.base/java.util
.ServiceLoader$2.hasNex
t(ServiceLoader.java:12
46)
	at java.base/sun.secur
ity.jca.ProviderConfig$
ProviderLoader.load(Pro
viderConfig.java:317)
	at java.base/sun.secur
ity.jca.ProviderConfig.
doLoadProvider(Provider
Config.java:235)
	at java.base/sun.secur
ity.jca.ProviderConfig.
getProvider(ProviderCon
fig.java:211)
	at java.base/sun.secur
ity.jca.ProviderList.lo
adAll(ProviderList.java
:311)
	at java.base/sun.secur
ity.jca.ProviderList.re
moveInvalid(ProviderLis
t.java:328)
	at java.base/sun.secur
ity.jca.Providers.getFu
llProviderList(Provider
s.java:186)
	at java.base/java.secu
rity.Security.getProvid
ers(Security.java:533)
	at java.base/java.secu
rity.Security.getAlgori
thms(Security.java:1011
)
	at org.apache.catalina
.util.SessionIdGenerato
rBase.<clinit>(SessionI
dGeneratorBase.java:48)
	at org.apache.catalina
.authenticator.Authenti
catorBase.<init>(Authen
ticatorBase.java:189)
	at org.apache.catalina
.authenticator.NonLogin
Authenticator.<init>(No
nLoginAuthenticator.jav
a:29)
	at org.springframework
.boot.autoconfigure.Bac
kgroundPreinitializer$T
omcatInitializer.run(Ba
ckgroundPreinitializer.
java:202)
	at org.springframework
.boot.autoconfigure.Bac
kgroundPreinitializer$1
.runSafely(BackgroundPr
einitializer.java:120)
	at org.springframework
.boot.autoconfigure.Bac
kgroundPreinitializer$1
.run(BackgroundPreiniti
alizer.java:113)
	at java.base/java.lang
.Thread.run(Thread.java
:1447)
Caused by: 
java.io.IOException: 
Error while 
instrumenting sun/secur
ity/mscapi/SunMSCAPI$Pr
oviderService with 
JaCoCo 0.8.11.202310140
853/f33756c.
	at org.jacoco.agent.rt
.internal_4742761.core.
instr.Instrumenter.inst
rumentError(Instrumente
r.java:161)
	at org.jacoco.agent.rt
.internal_4742761.core.
instr.Instrumenter.inst
rument(Instrumenter.jav
a:111)
	at org.jacoco.agent.rt
.internal_4742761.Cover
ageTransformer.transfor
m(CoverageTransformer.j
ava:92)
	... 35 more
Caused by: java.lang.Il
legalArgumentException:
 Unsupported class 
file major version 68
	at org.jacoco.agent.rt
.internal_4742761.asm.C
lassReader.<init>(Class
Reader.java:200)
	at org.jacoco.agent.rt
.internal_4742761.asm.C
lassReader.<init>(Class
Reader.java:180)
	at org.jacoco.agent.rt
.internal_4742761.asm.C
lassReader.<init>(Class
Reader.java:166)
	at org.jacoco.agent.rt
.internal_4742761.core.
internal.instr.InstrSup
port.classReaderFor(Ins
trSupport.java:280)
	at org.jacoco.agent.rt
.internal_4742761.core.
instr.Instrumenter.inst
rument(Instrumenter.jav
a:77)
	at org.jacoco.agent.rt
.internal_4742761.core.
instr.Instrumenter.inst
rument(Instrumenter.jav
a:109)
	... 36 more
java.lang.instrument.Il
legalClassFormatExcepti
on: Error while 
instrumenting sun/secur
ity/mscapi/SunMSCAPI$Pr
oviderServiceA with 
JaCoCo 0.8.11.202310140
853/f33756c.
	at org.jacoco.agent.rt
.internal_4742761.Cover
ageTransformer.transfor
m(CoverageTransformer.j
ava:94)
	at java.instrument/jav
a.lang.instrument.Class
FileTransformer.transfo
rm(ClassFileTransformer
.java:257)
	at java.instrument/sun
.instrument.Transformer
Manager.transform(Trans
formerManager.java:188)
	at java.instrument/sun
.instrument.Instrumenta
tionImpl.transform(Inst
rumentationImpl.java:59
4)
	at java.base/java.lang
.ClassLoader.defineClas
s2(Native Method)
	at java.base/java.lang
.ClassLoader.defineClas
s(ClassLoader.java:1052
)
	at java.base/java.secu
rity.SecureClassLoader.
defineClass(SecureClass
Loader.java:164)
	at java.base/jdk.inter
nal.loader.BuiltinClass
Loader.defineClass(Buil
tinClassLoader.java:735
)
	at java.base/jdk.inter
nal.loader.BuiltinClass
Loader.findClassInModul
eOrNull(BuiltinClassLoa
der.java:678)
	at java.base/jdk.inter
nal.loader.BuiltinClass
Loader.loadClassOrNull(
BuiltinClassLoader.java
:604)
	at java.base/jdk.inter
nal.loader.BuiltinClass
Loader.loadClass(Builti
nClassLoader.java:578)
	at java.base/java.lang
.ClassLoader.loadClass(
ClassLoader.java:490)
	at java.base/java.lang
.Class.getDeclaredMetho
ds0(Native Method)
	at java.base/java.lang
.Class.privateGetDeclar
edMethods(Class.java:30
35)
	at java.base/java.lang
.Class.getDeclaredPubli
cMethods(Class.java:244
0)
	at java.base/java.lang
.System$1.getDeclaredPu
blicMethods(System.java
:1977)
	at java.base/java.util
.ServiceLoader.findStat
icProviderMethod(Servic
eLoader.java:586)
	at java.base/java.util
.ServiceLoader.loadProv
ider(ServiceLoader.java
:770)
	at java.base/java.util
.ServiceLoader$ModuleSe
rvicesLookupIterator.ha
sNext(ServiceLoader.jav
a:955)
	at java.base/java.util
.ServiceLoader$1.hasNex
t(ServiceLoader.java:11
64)
	at java.base/java.util
.ServiceLoader$2.hasNex
t(ServiceLoader.java:12
46)
	at java.base/sun.secur
ity.jca.ProviderConfig$
ProviderLoader.load(Pro
viderConfig.java:317)
	at java.base/sun.secur
ity.jca.ProviderConfig.
doLoadProvider(Provider
Config.java:235)
	at java.base/sun.secur
ity.jca.ProviderConfig.
getProvider(ProviderCon
fig.java:211)
	at java.base/sun.secur
ity.jca.ProviderList.lo
adAll(ProviderList.java
:311)
	at java.base/sun.secur
ity.jca.ProviderList.re
moveInvalid(ProviderLis
t.java:328)
	at java.base/sun.secur
ity.jca.Providers.getFu
llProviderList(Provider
s.java:186)
	at java.base/java.secu
rity.Security.getProvid
ers(Security.java:533)
	at java.base/java.secu
rity.Security.getAlgori
thms(Security.java:1011
)
	at org.apache.catalina
.util.SessionIdGenerato
rBase.<clinit>(SessionI
dGeneratorBase.java:48)
	at org.apache.catalina
.authenticator.Authenti
catorBase.<init>(Authen
ticatorBase.java:189)
	at org.apache.catalina
.authenticator.NonLogin
Authenticator.<init>(No
nLoginAuthenticator.jav
a:29)
	at org.springframework
.boot.autoconfigure.Bac
kgroundPreinitializer$T
omcatInitializer.run(Ba
ckgroundPreinitializer.
java:202)
	at org.springframework
.boot.autoconfigure.Bac
kgroundPreinitializer$1
.runSafely(BackgroundPr
einitializer.java:120)
	at org.springframework
.boot.autoconfigure.Bac
kgroundPreinitializer$1
.run(BackgroundPreiniti
alizer.java:113)
	at java.base/java.lang
.Thread.run(Thread.java
:1447)
Caused by: 
java.io.IOException: 
Error while 
instrumenting sun/secur
ity/mscapi/SunMSCAPI$Pr
oviderServiceA with 
JaCoCo 0.8.11.202310140
853/f33756c.
	at org.jacoco.agent.rt
.internal_4742761.core.
instr.Instrumenter.inst
rumentError(Instrumente
r.java:161)
	at org.jacoco.agent.rt
.internal_4742761.core.
instr.Instrumenter.inst
rument(Instrumenter.jav
a:111)
	at org.jacoco.agent.rt
.internal_4742761.Cover
ageTransformer.transfor
m(CoverageTransformer.j
ava:92)
	... 35 more
Caused by: java.lang.Il
legalArgumentException:
 Unsupported class 
file major version 68
	at org.jacoco.agent.rt
.internal_4742761.asm.C
lassReader.<init>(Class
Reader.java:200)
	at org.jacoco.agent.rt
.internal_4742761.asm.C
lassReader.<init>(Class
Reader.java:180)
	at org.jacoco.agent.rt
.internal_4742761.asm.C
lassReader.<init>(Class
Reader.java:166)
	at org.jacoco.agent.rt
.internal_4742761.core.
internal.instr.InstrSup
port.classReaderFor(Ins
trSupport.java:280)
	at org.jacoco.agent.rt
.internal_4742761.core.
instr.Instrumenter.inst
rument(Instrumenter.jav
a:77)
	at org.jacoco.agent.rt
.internal_4742761.core.
instr.Instrumenter.inst
rument(Instrumenter.jav
a:109)
	... 36 more
java.lang.instrument.Il
legalClassFormatExcepti
on: Error while 
instrumenting sun/secur
ity/pkcs11/SunPKCS11 
with JaCoCo 0.8.11.2023
10140853/f33756c.
	at org.jacoco.agent.rt
.internal_4742761.Cover
ageTransformer.transfor
m(CoverageTransformer.j
ava:94)
	at java.instrument/jav
a.lang.instrument.Class
FileTransformer.transfo
rm(ClassFileTransformer
.java:257)
	at java.instrument/sun
.instrument.Transformer
Manager.transform(Trans
formerManager.java:188)
	at java.instrument/sun
.instrument.Instrumenta
tionImpl.transform(Inst
rumentationImpl.java:59
4)
	at java.base/java.lang
.ClassLoader.defineClas
s2(Native Method)
	at java.base/java.lang
.ClassLoader.defineClas
s(ClassLoader.java:1052
)
	at java.base/java.secu
rity.SecureClassLoader.
defineClass(SecureClass
Loader.java:164)
	at java.base/jdk.inter
nal.loader.BuiltinClass
Loader.defineClass(Buil
tinClassLoader.java:735
)
	at java.base/jdk.inter
nal.loader.BuiltinClass
Loader.findClassInModul
eOrNull(BuiltinClassLoa
der.java:678)
	at java.base/jdk.inter
nal.loader.BuiltinClass
Loader.findClass(Builti
nClassLoader.java:560)
	at java.base/java.lang
.ClassLoader.loadClass(
ClassLoader.java:602)
	at java.base/java.lang
.Class.forName(Class.ja
va:595)
	at java.base/java.util
.ServiceLoader.loadProv
ider(ServiceLoader.java
:755)
	at java.base/java.util
.ServiceLoader$ModuleSe
rvicesLookupIterator.ha
sNext(ServiceLoader.jav
a:955)
	at java.base/java.util
.ServiceLoader$1.hasNex
t(ServiceLoader.java:11
64)
	at java.base/java.util
.ServiceLoader$2.hasNex
t(ServiceLoader.java:12
46)
	at java.base/sun.secur
ity.jca.ProviderConfig$
ProviderLoader.load(Pro
viderConfig.java:317)
	at java.base/sun.secur
ity.jca.ProviderConfig.
doLoadProvider(Provider
Config.java:235)
	at java.base/sun.secur
ity.jca.ProviderConfig.
getProvider(ProviderCon
fig.java:211)
	at java.base/sun.secur
ity.jca.ProviderList.lo
adAll(ProviderList.java
:311)
	at java.base/sun.secur
ity.jca.ProviderList.re
moveInvalid(ProviderLis
t.java:328)
	at java.base/sun.secur
ity.jca.Providers.getFu
llProviderList(Provider
s.java:186)
	at java.base/java.secu
rity.Security.getProvid
ers(Security.java:533)
	at java.base/java.secu
rity.Security.getAlgori
thms(Security.java:1011
)
	at org.apache.catalina
.util.SessionIdGenerato
rBase.<clinit>(SessionI
dGeneratorBase.java:48)
	at org.apache.catalina
.authenticator.Authenti
catorBase.<init>(Authen
ticatorBase.java:189)
	at org.apache.catalina
.authenticator.NonLogin
Authenticator.<init>(No
nLoginAuthenticator.jav
a:29)
	at org.springframework
.boot.autoconfigure.Bac
kgroundPreinitializer$T
omcatInitializer.run(Ba
ckgroundPreinitializer.
java:202)
	at org.springframework
.boot.autoconfigure.Bac
kgroundPreinitializer$1
.runSafely(BackgroundPr
einitializer.java:120)
	at org.springframework
.boot.autoconfigure.Bac
kgroundPreinitializer$1
.run(BackgroundPreiniti
alizer.java:113)
	at java.base/java.lang
.Thread.run(Thread.java
:1447)
Caused by: 
java.io.IOException: 
Error while 
instrumenting sun/secur
ity/pkcs11/SunPKCS11 
with JaCoCo 0.8.11.2023
10140853/f33756c.
	at org.jacoco.agent.rt
.internal_4742761.core.
instr.Instrumenter.inst
rumentError(Instrumente
r.java:161)
	at org.jacoco.agent.rt
.internal_4742761.core.
instr.Instrumenter.inst
rument(Instrumenter.jav
a:111)
	at org.jacoco.agent.rt
.internal_4742761.Cover
ageTransformer.transfor
m(CoverageTransformer.j
ava:92)
	... 30 more
Caused by: java.lang.Il
legalArgumentException:
 Unsupported class 
file major version 68
	at org.jacoco.agent.rt
.internal_4742761.asm.C
lassReader.<init>(Class
Reader.java:200)
	at org.jacoco.agent.rt
.internal_4742761.asm.C
lassReader.<init>(Class
Reader.java:180)
	at org.jacoco.agent.rt
.internal_4742761.asm.C
lassReader.<init>(Class
Reader.java:166)
	at org.jacoco.agent.rt
.internal_4742761.core.
internal.instr.InstrSup
port.classReaderFor(Ins
trSupport.java:280)
	at org.jacoco.agent.rt
.internal_4742761.core.
instr.Instrumenter.inst
rument(Instrumenter.jav
a:77)
	at org.jacoco.agent.rt
.internal_4742761.core.
instr.Instrumenter.inst
rument(Instrumenter.jav
a:109)
	... 31 more
java.lang.instrument.Il
legalClassFormatExcepti
on: Error while 
instrumenting sun/secur
ity/pkcs11/wrapper/PKCS
11Exception with 
JaCoCo 0.8.11.202310140
853/f33756c.
	at org.jacoco.agent.rt
.internal_4742761.Cover
ageTransformer.transfor
m(CoverageTransformer.j
ava:94)
	at java.instrument/jav
a.lang.instrument.Class
FileTransformer.transfo
rm(ClassFileTransformer
.java:257)
	at java.instrument/sun
.instrument.Transformer
Manager.transform(Trans
formerManager.java:188)
	at java.instrument/sun
.instrument.Instrumenta
tionImpl.transform(Inst
rumentationImpl.java:59
4)
	at java.base/java.lang
.ClassLoader.defineClas
s2(Native Method)
	at java.base/java.lang
.ClassLoader.defineClas
s(ClassLoader.java:1052
)
	at java.base/java.secu
rity.SecureClassLoader.
defineClass(SecureClass
Loader.java:164)
	at java.base/jdk.inter
nal.loader.BuiltinClass
Loader.defineClass(Buil
tinClassLoader.java:735
)
	at java.base/jdk.inter
nal.loader.BuiltinClass
Loader.findClassInModul
eOrNull(BuiltinClassLoa
der.java:678)
	at java.base/jdk.inter
nal.loader.BuiltinClass
Loader.loadClassOrNull(
BuiltinClassLoader.java
:604)
	at java.base/jdk.inter
nal.loader.BuiltinClass
Loader.loadClass(Builti
nClassLoader.java:578)
	at java.base/java.lang
.ClassLoader.loadClass(
ClassLoader.java:490)
	at java.base/java.lang
.Class.getDeclaredMetho
ds0(Native Method)
	at java.base/java.lang
.Class.privateGetDeclar
edMethods(Class.java:30
35)
	at java.base/java.lang
.Class.getDeclaredPubli
cMethods(Class.java:244
0)
	at java.base/java.lang
.System$1.getDeclaredPu
blicMethods(System.java
:1977)
	at java.base/java.util
.ServiceLoader.findStat
icProviderMethod(Servic
eLoader.java:586)
	at java.base/java.util
.ServiceLoader.loadProv
ider(ServiceLoader.java
:770)
	at java.base/java.util
.ServiceLoader$ModuleSe
rvicesLookupIterator.ha
sNext(ServiceLoader.jav
a:955)
	at java.base/java.util
.ServiceLoader$1.hasNex
t(ServiceLoader.java:11
64)
	at java.base/java.util
.ServiceLoader$2.hasNex
t(ServiceLoader.java:12
46)
	at java.base/sun.secur
ity.jca.ProviderConfig$
ProviderLoader.load(Pro
viderConfig.java:317)
	at java.base/sun.secur
ity.jca.ProviderConfig.
doLoadProvider(Provider
Config.java:235)
	at java.base/sun.secur
ity.jca.ProviderConfig.
getProvider(ProviderCon
fig.java:211)
	at java.base/sun.secur
ity.jca.ProviderList.lo
adAll(ProviderList.java
:311)
	at java.base/sun.secur
ity.jca.ProviderList.re
moveInvalid(ProviderLis
t.java:328)
	at java.base/sun.secur
ity.jca.Providers.getFu
llProviderList(Provider
s.java:186)
	at java.base/java.secu
rity.Security.getProvid
ers(Security.java:533)
	at java.base/java.secu
rity.Security.getAlgori
thms(Security.java:1011
)
	at org.apache.catalina
.util.SessionIdGenerato
rBase.<clinit>(SessionI
dGeneratorBase.java:48)
	at org.apache.catalina
.authenticator.Authenti
catorBase.<init>(Authen
ticatorBase.java:189)
	at org.apache.catalina
.authenticator.NonLogin
Authenticator.<init>(No
nLoginAuthenticator.jav
a:29)
	at org.springframework
.boot.autoconfigure.Bac
kgroundPreinitializer$T
omcatInitializer.run(Ba
ckgroundPreinitializer.
java:202)
	at org.springframework
.boot.autoconfigure.Bac
kgroundPreinitializer$1
.runSafely(BackgroundPr
einitializer.java:120)
	at org.springframework
.boot.autoconfigure.Bac
kgroundPreinitializer$1
.run(BackgroundPreiniti
alizer.java:113)
	at java.base/java.lang
.Thread.run(Thread.java
:1447)
Caused by: 
java.io.IOException: 
Error while 
instrumenting sun/secur
ity/pkcs11/wrapper/PKCS
11Exception with 
JaCoCo 0.8.11.202310140
853/f33756c.
	at org.jacoco.agent.rt
.internal_4742761.core.
instr.Instrumenter.inst
rumentError(Instrumente
r.java:161)
	at org.jacoco.agent.rt
.internal_4742761.core.
instr.Instrumenter.inst
rument(Instrumenter.jav
a:111)
	at org.jacoco.agent.rt
.internal_4742761.Cover
ageTransformer.transfor
m(CoverageTransformer.j
ava:92)
	... 35 more
Caused by: java.lang.Il
legalArgumentException:
 Unsupported class 
file major version 68
	at org.jacoco.agent.rt
.internal_4742761.asm.C
lassReader.<init>(Class
Reader.java:200)
	at org.jacoco.agent.rt
.internal_4742761.asm.C
lassReader.<init>(Class
Reader.java:180)
	at org.jacoco.agent.rt
.internal_4742761.asm.C
lassReader.<init>(Class
Reader.java:166)
	at org.jacoco.agent.rt
.internal_4742761.core.
internal.instr.InstrSup
port.classReaderFor(Ins
trSupport.java:280)
	at org.jacoco.agent.rt
.internal_4742761.core.
instr.Instrumenter.inst
rument(Instrumenter.jav
a:77)
	at org.jacoco.agent.rt
.internal_4742761.core.
instr.Instrumenter.inst
rument(Instrumenter.jav
a:109)
	... 36 more
java.lang.instrument.Il
legalClassFormatExcepti
on: Error while 
instrumenting sun/secur
ity/pkcs11/SunPKCS11$P1
1Service with JaCoCo 0.
8.11.202310140853/f3375
6c.
	at org.jacoco.agent.rt
.internal_4742761.Cover
ageTransformer.transfor
m(CoverageTransformer.j
ava:94)
	at java.instrument/jav
a.lang.instrument.Class
FileTransformer.transfo
rm(ClassFileTransformer
.java:257)
	at java.instrument/sun
.instrument.Transformer
Manager.transform(Trans
formerManager.java:188)
	at java.instrument/sun
.instrument.Instrumenta
tionImpl.transform(Inst
rumentationImpl.java:59
4)
	at java.base/java.lang
.ClassLoader.defineClas
s2(Native Method)
	at java.base/java.lang
.ClassLoader.defineClas
s(ClassLoader.java:1052
)
	at java.base/java.secu
rity.SecureClassLoader.
defineClass(SecureClass
Loader.java:164)
	at java.base/jdk.inter
nal.loader.BuiltinClass
Loader.defineClass(Buil
tinClassLoader.java:735
)
	at java.base/jdk.inter
nal.loader.BuiltinClass
Loader.findClassInModul
eOrNull(BuiltinClassLoa
der.java:678)
	at java.base/jdk.inter
nal.loader.BuiltinClass
Loader.loadClassOrNull(
BuiltinClassLoader.java
:604)
	at java.base/jdk.inter
nal.loader.BuiltinClass
Loader.loadClass(Builti
nClassLoader.java:578)
	at java.base/java.lang
.ClassLoader.loadClass(
ClassLoader.java:490)
	at java.base/java.lang
.Class.getDeclaredMetho
ds0(Native Method)
	at java.base/java.lang
.Class.privateGetDeclar
edMethods(Class.java:30
35)
	at java.base/java.lang
.Class.getDeclaredPubli
cMethods(Class.java:244
0)
	at java.base/java.lang
.System$1.getDeclaredPu
blicMethods(System.java
:1977)
	at java.base/java.util
.ServiceLoader.findStat
icProviderMethod(Servic
eLoader.java:586)
	at java.base/java.util
.ServiceLoader.loadProv
ider(ServiceLoader.java
:770)
	at java.base/java.util
.ServiceLoader$ModuleSe
rvicesLookupIterator.ha
sNext(ServiceLoader.jav
a:955)
	at java.base/java.util
.ServiceLoader$1.hasNex
t(ServiceLoader.java:11
64)
	at java.base/java.util
.ServiceLoader$2.hasNex
t(ServiceLoader.java:12
46)
	at java.base/sun.secur
ity.jca.ProviderConfig$
ProviderLoader.load(Pro
viderConfig.java:317)
	at java.base/sun.secur
ity.jca.ProviderConfig.
doLoadProvider(Provider
Config.java:235)
	at java.base/sun.secur
ity.jca.ProviderConfig.
getProvider(ProviderCon
fig.java:211)
	at java.base/sun.secur
ity.jca.ProviderList.lo
adAll(ProviderList.java
:311)
	at java.base/sun.secur
ity.jca.ProviderList.re
moveInvalid(ProviderLis
t.java:328)
	at java.base/sun.secur
ity.jca.Providers.getFu
llProviderList(Provider
s.java:186)
	at java.base/java.secu
rity.Security.getProvid
ers(Security.java:533)
	at java.base/java.secu
rity.Security.getAlgori
thms(Security.java:1011
)
	at org.apache.catalina
.util.SessionIdGenerato
rBase.<clinit>(SessionI
dGeneratorBase.java:48)
	at org.apache.catalina
.authenticator.Authenti
catorBase.<init>(Authen
ticatorBase.java:189)
	at org.apache.catalina
.authenticator.NonLogin
Authenticator.<init>(No
nLoginAuthenticator.jav
a:29)
	at org.springframework
.boot.autoconfigure.Bac
kgroundPreinitializer$T
omcatInitializer.run(Ba
ckgroundPreinitializer.
java:202)
	at org.springframework
.boot.autoconfigure.Bac
kgroundPreinitializer$1
.runSafely(BackgroundPr
einitializer.java:120)
	at org.springframework
.boot.autoconfigure.Bac
kgroundPreinitializer$1
.run(BackgroundPreiniti
alizer.java:113)
	at java.base/java.lang
.Thread.run(Thread.java
:1447)
Caused by: 
java.io.IOException: 
Error while 
instrumenting sun/secur
ity/pkcs11/SunPKCS11$P1
1Service with JaCoCo 0.
8.11.202310140853/f3375
6c.
	at org.jacoco.agent.rt
.internal_4742761.core.
instr.Instrumenter.inst
rumentError(Instrumente
r.java:161)
	at org.jacoco.agent.rt
.internal_4742761.core.
instr.Instrumenter.inst
rument(Instrumenter.jav
a:111)
	at org.jacoco.agent.rt
.internal_4742761.Cover
ageTransformer.transfor
m(CoverageTransformer.j
ava:92)
	... 35 more
Caused by: java.lang.Il
legalArgumentException:
 Unsupported class 
file major version 68
	at org.jacoco.agent.rt
.internal_4742761.asm.C
lassReader.<init>(Class
Reader.java:200)
	at org.jacoco.agent.rt
.internal_4742761.asm.C
lassReader.<init>(Class
Reader.java:180)
	at org.jacoco.agent.rt
.internal_4742761.asm.C
lassReader.<init>(Class
Reader.java:166)
	at org.jacoco.agent.rt
.internal_4742761.core.
internal.instr.InstrSup
port.classReaderFor(Ins
trSupport.java:280)
	at org.jacoco.agent.rt
.internal_4742761.core.
instr.Instrumenter.inst
rument(Instrumenter.jav
a:77)
	at org.jacoco.agent.rt
.internal_4742761.core.
instr.Instrumenter.inst
rument(Instrumenter.jav
a:109)
	... 36 more
java.lang.instrument.Il
legalClassFormatExcepti
on: Error while 
instrumenting sun/secur
ity/pkcs11/SunPKCS11$De
scriptor with JaCoCo 0.
8.11.202310140853/f3375
6c.
	at org.jacoco.agent.rt
.internal_4742761.Cover
ageTransformer.transfor
m(CoverageTransformer.j
ava:94)
	at java.instrument/jav
a.lang.instrument.Class
FileTransformer.transfo
rm(ClassFileTransformer
.java:257)
	at java.instrument/sun
.instrument.Transformer
Manager.transform(Trans
formerManager.java:188)
	at java.instrument/sun
.instrument.Instrumenta
tionImpl.transform(Inst
rumentationImpl.java:59
4)
	at java.base/java.lang
.ClassLoader.defineClas
s2(Native Method)
	at java.base/java.lang
.ClassLoader.defineClas
s(ClassLoader.java:1052
)
	at java.base/java.secu
rity.SecureClassLoader.
defineClass(SecureClass
Loader.java:164)
	at java.base/jdk.inter
nal.loader.BuiltinClass
Loader.defineClass(Buil
tinClassLoader.java:735
)
	at java.base/jdk.inter
nal.loader.BuiltinClass
Loader.findClassInModul
eOrNull(BuiltinClassLoa
der.java:678)
	at java.base/jdk.inter
nal.loader.BuiltinClass
Loader.loadClassOrNull(
BuiltinClassLoader.java
:604)
	at java.base/jdk.inter
nal.loader.BuiltinClass
Loader.loadClass(Builti
nClassLoader.java:578)
	at java.base/java.lang
.ClassLoader.loadClass(
ClassLoader.java:490)
	at jdk.crypto.cryptoki
/sun.security.pkcs11.Su
nPKCS11.d(SunPKCS11.jav
a:470)
	at jdk.crypto.cryptoki
/sun.security.pkcs11.Su
nPKCS11.<clinit>(SunPKC
S11.java:552)
	at java.base/jdk.inter
nal.misc.Unsafe.ensureC
lassInitialized0(Native
 Method)
	at java.base/jdk.inter
nal.misc.Unsafe.ensureC
lassInitialized(Unsafe.
java:1166)
	at java.base/jdk.inter
nal.reflect.MethodHandl
eAccessorFactory.ensure
ClassInitialized(Method
HandleAccessorFactory.j
ava:341)
	at java.base/jdk.inter
nal.reflect.MethodHandl
eAccessorFactory.newCon
structorAccessor(Method
HandleAccessorFactory.j
ava:104)
	at java.base/jdk.inter
nal.reflect.ReflectionF
actory.newConstructorAc
cessor(ReflectionFactor
y.java:143)
	at java.base/java.lang
.reflect.Constructor.ac
quireConstructorAccesso
r(Constructor.java:546)
	at java.base/java.lang
.reflect.Constructor.ne
wInstanceWithCaller(Con
structor.java:496)
	at java.base/java.lang
.reflect.Constructor.ne
wInstance(Constructor.j
ava:483)
	at java.base/java.util
.ServiceLoader$Provider
Impl.newInstance(Servic
eLoader.java:707)
	at java.base/java.util
.ServiceLoader$Provider
Impl.get(ServiceLoader.
java:672)
	at java.base/java.util
.ServiceLoader$2.next(S
erviceLoader.java:1256)
	at java.base/sun.secur
ity.jca.ProviderConfig$
ProviderLoader.load(Pro
viderConfig.java:319)
	at java.base/sun.secur
ity.jca.ProviderConfig.
doLoadProvider(Provider
Config.java:235)
	at java.base/sun.secur
ity.jca.ProviderConfig.
getProvider(ProviderCon
fig.java:211)
	at java.base/sun.secur
ity.jca.ProviderList.lo
adAll(ProviderList.java
:311)
	at java.base/sun.secur
ity.jca.ProviderList.re
moveInvalid(ProviderLis
t.java:328)
	at java.base/sun.secur
ity.jca.Providers.getFu
llProviderList(Provider
s.java:186)
	at java.base/java.secu
rity.Security.getProvid
ers(Security.java:533)
	at java.base/java.secu
rity.Security.getAlgori
thms(Security.java:1011
)
	at org.apache.catalina
.util.SessionIdGenerato
rBase.<clinit>(SessionI
dGeneratorBase.java:48)
	at org.apache.catalina
.authenticator.Authenti
catorBase.<init>(Authen
ticatorBase.java:189)
	at org.apache.catalina
.authenticator.NonLogin
Authenticator.<init>(No
nLoginAuthenticator.jav
a:29)
	at org.springframework
.boot.autoconfigure.Bac
kgroundPreinitializer$T
omcatInitializer.run(Ba
ckgroundPreinitializer.
java:202)
	at org.springframework
.boot.autoconfigure.Bac
kgroundPreinitializer$1
.runSafely(BackgroundPr
einitializer.java:120)
	at org.springframework
.boot.autoconfigure.Bac
kgroundPreinitializer$1
.run(BackgroundPreiniti
alizer.java:113)
	at java.base/java.lang
.Thread.run(Thread.java
:1447)
Caused by: 
java.io.IOException: 
Error while 
instrumenting sun/secur
ity/pkcs11/SunPKCS11$De
scriptor with JaCoCo 0.
8.11.202310140853/f3375
6c.
	at org.jacoco.agent.rt
.internal_4742761.core.
instr.Instrumenter.inst
rumentError(Instrumente
r.java:161)
	at org.jacoco.agent.rt
.internal_4742761.core.
instr.Instrumenter.inst
rument(Instrumenter.jav
a:111)
	at org.jacoco.agent.rt
.internal_4742761.Cover
ageTransformer.transfor
m(CoverageTransformer.j
ava:92)
	... 39 more
Caused by: java.lang.Il
legalArgumentException:
 Unsupported class 
file major version 68
	at org.jacoco.agent.rt
.internal_4742761.asm.C
lassReader.<init>(Class
Reader.java:200)
	at org.jacoco.agent.rt
.internal_4742761.asm.C
lassReader.<init>(Class
Reader.java:180)
	at org.jacoco.agent.rt
.internal_4742761.asm.C
lassReader.<init>(Class
Reader.java:166)
	at org.jacoco.agent.rt
.internal_4742761.core.
internal.instr.InstrSup
port.classReaderFor(Ins
trSupport.java:280)
	at org.jacoco.agent.rt
.internal_4742761.core.
instr.Instrumenter.inst
rument(Instrumenter.jav
a:77)
	at org.jacoco.agent.rt
.internal_4742761.core.
instr.Instrumenter.inst
rument(Instrumenter.jav
a:109)
	... 40 more
Mockito is currently 
self-attaching to 
enable the 
inline-mock-maker. 
This will no longer 
work in future 
releases of the JDK. 
Please add Mockito as 
an agent to your build 
as described in 
Mockito's 
documentation: https://
javadoc.io/doc/org.mock
ito/mockito-core/latest
/org.mockito/org/mockit
o/Mockito.html#0.3
java.lang.instrument.Il
legalClassFormatExcepti
on: Error while 
instrumenting com/sun/t
ools/attach/VirtualMach
ine with JaCoCo 0.8.11.
202310140853/f33756c.
	at org.jacoco.agent.rt
.internal_4742761.Cover
ageTransformer.transfor
m(CoverageTransformer.j
ava:94)
	at java.instrument/jav
a.lang.instrument.Class
FileTransformer.transfo
rm(ClassFileTransformer
.java:257)
	at java.instrument/sun
.instrument.Transformer
Manager.transform(Trans
formerManager.java:188)
	at java.instrument/sun
.instrument.Instrumenta
tionImpl.transform(Inst
rumentationImpl.java:59
4)
	at java.base/java.lang
.ClassLoader.defineClas
s2(Native Method)
	at java.base/java.lang
.ClassLoader.defineClas
s(ClassLoader.java:1052
)
	at java.base/java.secu
rity.SecureClassLoader.
defineClass(SecureClass
Loader.java:164)
	at java.base/jdk.inter
nal.loader.BuiltinClass
Loader.defineClass(Buil
tinClassLoader.java:735
)
	at java.base/jdk.inter
nal.loader.BuiltinClass
Loader.findClassInModul
eOrNull(BuiltinClassLoa
der.java:678)
	at java.base/jdk.inter
nal.loader.BuiltinClass
Loader.loadClassOrNull(
BuiltinClassLoader.java
:604)
	at java.base/jdk.inter
nal.loader.BuiltinClass
Loader.loadClass(Builti
nClassLoader.java:578)
	at java.base/java.lang
.ClassLoader.loadClass(
ClassLoader.java:490)
	at java.base/java.lang
.Class.forName0(Native 
Method)
	at java.base/java.lang
.Class.forName(Class.ja
va:543)
	at net.bytebuddy.agent
.ByteBuddyAgent$Attachm
entProvider$Accessor$Si
mple.of(ByteBuddyAgent.
java:955)
	at net.bytebuddy.agent
.ByteBuddyAgent$Attachm
entProvider$ForModulari
zedVm.attempt(ByteBuddy
Agent.java:1079)
	at net.bytebuddy.agent
.ByteBuddyAgent$Attachm
entProvider$Compound.at
tempt(ByteBuddyAgent.ja
va:1259)
	at net.bytebuddy.agent
.ByteBuddyAgent.install
(ByteBuddyAgent.java:59
3)
	at net.bytebuddy.agent
.ByteBuddyAgent.install
(ByteBuddyAgent.java:57
9)
	at net.bytebuddy.agent
.ByteBuddyAgent.install
(ByteBuddyAgent.java:53
1)
	at net.bytebuddy.agent
.ByteBuddyAgent.install
(ByteBuddyAgent.java:50
8)
	at org.mockito.interna
l.PremainAttachAccess.g
etInstrumentation(Prema
inAttachAccess.java:80)
	at org.mockito.interna
l.creation.bytebuddy.In
lineDelegateByteBuddyMo
ckMaker.<clinit>(Inline
DelegateByteBuddyMockMa
ker.java:138)
	at org.mockito.interna
l.creation.bytebuddy.In
lineByteBuddyMockMaker.
<init>(InlineByteBuddyM
ockMaker.java:23)
	at java.base/jdk.inter
nal.reflect.DirectConst
ructorHandleAccessor.ne
wInstance(DirectConstru
ctorHandleAccessor.java
:62)
	at java.base/java.lang
.reflect.Constructor.ne
wInstanceWithCaller(Con
structor.java:499)
	at java.base/java.lang
.reflect.Constructor.ne
wInstance(Constructor.j
ava:483)
	at org.mockito.interna
l.configuration.plugins
.DefaultMockitoPlugins.
create(DefaultMockitoPl
ugins.java:103)
	at org.mockito.interna
l.configuration.plugins
.DefaultMockitoPlugins.
getDefaultPlugin(Defaul
tMockitoPlugins.java:79
)
	at org.mockito.interna
l.configuration.plugins
.PluginLoader.loadPlugi
n(PluginLoader.java:75)
	at org.mockito.interna
l.configuration.plugins
.PluginLoader.loadPlugi
n(PluginLoader.java:49)
	at org.mockito.interna
l.configuration.plugins
.PluginRegistry.<init>(
PluginRegistry.java:29)
	at org.mockito.interna
l.configuration.plugins
.Plugins.<clinit>(Plugi
ns.java:26)
	at org.mockito.interna
l.MockitoCore.<clinit>(
MockitoCore.java:71)
	at org.mockito.Mockito
.<clinit>(Mockito.java:
1777)
	at org.springframework
.boot.test.mock.mockito
.MockReset.withSettings
(MockReset.java:84)
	at org.springframework
.boot.test.mock.mockito
.MockDefinition.createM
ock(MockDefinition.java
:150)
	at org.springframework
.boot.test.mock.mockito
.MockitoPostProcessor.r
egisterMock(MockitoPost
Processor.java:190)
	at org.springframework
.boot.test.mock.mockito
.MockitoPostProcessor.r
egister(MockitoPostProc
essor.java:172)
	at org.springframework
.boot.test.mock.mockito
.MockitoPostProcessor.p
ostProcessBeanFactory(M
ockitoPostProcessor.jav
a:146)
	at org.springframework
.boot.test.mock.mockito
.MockitoPostProcessor.p
ostProcessBeanFactory(M
ockitoPostProcessor.jav
a:134)
	at org.springframework
.context.support.PostPr
ocessorRegistrationDele
gate.invokeBeanFactoryP
ostProcessors(PostProce
ssorRegistrationDelegat
e.java:363)
	at org.springframework
.context.support.PostPr
ocessorRegistrationDele
gate.invokeBeanFactoryP
ostProcessors(PostProce
ssorRegistrationDelegat
e.java:197)
	at org.springframework
.context.support.Abstra
ctApplicationContext.in
vokeBeanFactoryPostProc
essors(AbstractApplicat
ionContext.java:792)
	at org.springframework
.context.support.Abstra
ctApplicationContext.re
fresh(AbstractApplicati
onContext.java:610)
	at org.springframework
.boot.SpringApplication
.refresh(SpringApplicat
ion.java:752)
	at org.springframework
.boot.SpringApplication
.refreshContext(SpringA
pplication.java:439)
	at org.springframework
.boot.SpringApplication
.run(SpringApplication.
java:318)
	at org.springframework
.boot.test.context.Spri
ngBootContextLoader.lam
bda$loadContext$3(Sprin
gBootContextLoader.java
:152)
	at org.springframework
.util.function.Throwing
Supplier.get(ThrowingSu
pplier.java:58)
	at org.springframework
.util.function.Throwing
Supplier.get(ThrowingSu
pplier.java:46)
	at org.springframework
.boot.SpringApplication
.withHook(SpringApplica
tion.java:1461)
	at org.springframework
.boot.test.context.Spri
ngBootContextLoader$Con
textLoaderHook.run(Spri
ngBootContextLoader.jav
a:595)
	at org.springframework
.boot.test.context.Spri
ngBootContextLoader.loa
dContext(SpringBootCont
extLoader.java:152)
	at org.springframework
.boot.test.context.Spri
ngBootContextLoader.loa
dContext(SpringBootCont
extLoader.java:111)
	at org.springframework
.test.context.cache.Def
aultCacheAwareContextLo
aderDelegate.loadContex
tInternal(DefaultCacheA
wareContextLoaderDelega
te.java:225)
	at org.springframework
.test.context.cache.Def
aultCacheAwareContextLo
aderDelegate.loadContex
t(DefaultCacheAwareCont
extLoaderDelegate.java:
152)
	at org.springframework
.test.context.support.D
efaultTestContext.getAp
plicationContext(Defaul
tTestContext.java:130)
	at org.springframework
.boot.test.mock.mockito
.MockitoTestExecutionLi
stener.postProcessField
s(MockitoTestExecutionL
istener.java:128)
	at org.springframework
.boot.test.mock.mockito
.MockitoTestExecutionLi
stener.injectFields(Moc
kitoTestExecutionListen
er.java:112)
	at org.springframework
.boot.test.mock.mockito
.MockitoTestExecutionLi
stener.prepareTestInsta
nce(MockitoTestExecutio
nListener.java:69)
	at org.springframework
.test.context.TestConte
xtManager.prepareTestIn
stance(TestContextManag
er.java:260)
	at org.springframework
.test.context.junit4.Sp
ringJUnit4ClassRunner.c
reateTest(SpringJUnit4C
lassRunner.java:228)
	at org.springframework
.test.context.junit4.Sp
ringJUnit4ClassRunner$1
.runReflectiveCall(Spri
ngJUnit4ClassRunner.jav
a:289)
	at org.junit.internal.
runners.model.Reflectiv
eCallable.run(Reflectiv
eCallable.java:12)
	at org.springframework
.test.context.junit4.Sp
ringJUnit4ClassRunner.m
ethodBlock(SpringJUnit4
ClassRunner.java:291)
	at org.springframework
.test.context.junit4.Sp
ringJUnit4ClassRunner.r
unChild(SpringJUnit4Cla
ssRunner.java:247)
	at org.springframework
.test.context.junit4.Sp
ringJUnit4ClassRunner.r
unChild(SpringJUnit4Cla
ssRunner.java:97)
	at org.junit.runners.P
arentRunner$4.run(Paren
tRunner.java:331)
	at org.junit.runners.P
arentRunner$1.schedule(
ParentRunner.java:79)
	at org.junit.runners.P
arentRunner.runChildren
(ParentRunner.java:329)
	at org.junit.runners.P
arentRunner.access$100(
ParentRunner.java:66)
	at org.junit.runners.P
arentRunner$2.evaluate(
ParentRunner.java:293)
	at org.springframework
.test.context.junit4.st
atements.RunBeforeTestC
lassCallbacks.evaluate(
RunBeforeTestClassCallb
acks.java:61)
	at org.springframework
.test.context.junit4.st
atements.RunAfterTestCl
assCallbacks.evaluate(R
unAfterTestClassCallbac
ks.java:70)
	at org.junit.runners.P
arentRunner$3.evaluate(
ParentRunner.java:306)
	at org.junit.runners.P
arentRunner.run(ParentR
unner.java:413)
	at org.springframework
.test.context.junit4.Sp
ringJUnit4ClassRunner.r
un(SpringJUnit4ClassRun
ner.java:191)
	at org.junit.runner.JU
nitCore.run(JUnitCore.j
ava:137)
	at org.junit.runner.JU
nitCore.run(JUnitCore.j
ava:115)
	at org.junit.vintage.e
ngine.execution.RunnerE
xecutor.execute(RunnerE
xecutor.java:42)
	at org.junit.vintage.e
ngine.execution.Vintage
Executor.executeClasses
AndMethodsSequentially(
VintageExecutor.java:93
)
	at org.junit.vintage.e
ngine.execution.Vintage
Executor.executeAllChil
dren(VintageExecutor.ja
va:73)
	at org.junit.vintage.e
ngine.VintageTestEngine
.execute(VintageTestEng
ine.java:70)
	at org.junit.platform.
launcher.core.EngineExe
cutionOrchestrator.exec
ute(EngineExecutionOrch
estrator.java:201)
	at org.junit.platform.
launcher.core.EngineExe
cutionOrchestrator.exec
ute(EngineExecutionOrch
estrator.java:170)
	at org.junit.platform.
launcher.core.EngineExe
cutionOrchestrator.exec
ute(EngineExecutionOrch
estrator.java:94)
	at org.junit.platform.
launcher.core.EngineExe
cutionOrchestrator.lamb
da$execute$0(EngineExec
utionOrchestrator.java:
59)
	at org.junit.platform.
launcher.core.EngineExe
cutionOrchestrator.with
InterceptedStreams(Engi
neExecutionOrchestrator
.java:142)
	at org.junit.platform.
launcher.core.EngineExe
cutionOrchestrator.exec
ute(EngineExecutionOrch
estrator.java:58)
	at org.junit.platform.
launcher.core.DefaultLa
uncher.execute(DefaultL
auncher.java:103)
	at org.junit.platform.
launcher.core.DefaultLa
uncher.execute(DefaultL
auncher.java:85)
	at org.junit.platform.
launcher.core.Delegatin
gLauncher.execute(Deleg
atingLauncher.java:47)
	at org.junit.platform.
launcher.core.Intercept
ingLauncher.lambda$exec
ute$1(InterceptingLaunc
her.java:39)
	at org.junit.platform.
launcher.core.Classpath
AlignmentCheckingLaunch
erInterceptor.intercept
(ClasspathAlignmentChec
kingLauncherInterceptor
.java:25)
	at org.junit.platform.
launcher.core.Intercept
ingLauncher.execute(Int
erceptingLauncher.java:
38)
	at org.junit.platform.
launcher.core.Delegatin
gLauncher.execute(Deleg
atingLauncher.java:47)
	at org.apache.maven.su
refire.junitplatform.La
uncherAdapter.executeWi
thoutCancellationToken(
LauncherAdapter.java:60
)
	at org.apache.maven.su
refire.junitplatform.La
uncherAdapter.execute(L
auncherAdapter.java:52)
	at org.apache.maven.su
refire.junitplatform.JU
nitPlatformProvider.exe
cute(JUnitPlatformProvi
der.java:203)
	at org.apache.maven.su
refire.junitplatform.JU
nitPlatformProvider.inv
okeAllTests(JUnitPlatfo
rmProvider.java:168)
	at org.apache.maven.su
refire.junitplatform.JU
nitPlatformProvider.inv
oke(JUnitPlatformProvid
er.java:136)
	at org.apache.maven.su
refire.booter.ForkedBoo
ter.runSuitesInProcess(
ForkedBooter.java:385)
	at org.apache.maven.su
refire.booter.ForkedBoo
ter.execute(ForkedBoote
r.java:162)
	at org.apache.maven.su
refire.booter.ForkedBoo
ter.run(ForkedBooter.ja
va:507)
	at org.apache.maven.su
refire.booter.ForkedBoo
ter.main(ForkedBooter.j
ava:495)
Caused by: 
java.io.IOException: 
Error while 
instrumenting com/sun/t
ools/attach/VirtualMach
ine with JaCoCo 0.8.11.
202310140853/f33756c.
	at org.jacoco.agent.rt
.internal_4742761.core.
instr.Instrumenter.inst
rumentError(Instrumente
r.java:161)
	at org.jacoco.agent.rt
.internal_4742761.core.
instr.Instrumenter.inst
rument(Instrumenter.jav
a:111)
	at org.jacoco.agent.rt
.internal_4742761.Cover
ageTransformer.transfor
m(CoverageTransformer.j
ava:92)
	... 105 more
Caused by: java.lang.Il
legalArgumentException:
 Unsupported class 
file major version 68
	at org.jacoco.agent.rt
.internal_4742761.asm.C
lassReader.<init>(Class
Reader.java:200)
	at org.jacoco.agent.rt
.internal_4742761.asm.C
lassReader.<init>(Class
Reader.java:180)
	at org.jacoco.agent.rt
.internal_4742761.asm.C
lassReader.<init>(Class
Reader.java:166)
	at org.jacoco.agent.rt
.internal_4742761.core.
internal.instr.InstrSup
port.classReaderFor(Ins
trSupport.java:280)
	at org.jacoco.agent.rt
.internal_4742761.core.
instr.Instrumenter.inst
rument(Instrumenter.jav
a:77)
	at org.jacoco.agent.rt
.internal_4742761.core.
instr.Instrumenter.inst
rument(Instrumenter.jav
a:109)
	... 106 more
WARNING: A Java agent 
has been loaded 
dynamically (C:\Users\R
AHUL\.m2\repository\net
\bytebuddy\byte-buddy-a
gent\1.17.8\byte-buddy-
agent-1.17.8.jar)
WARNING: If a 
serviceability tool is 
in use, please run 
with -XX:+EnableDynamic
AgentLoading to hide 
this warning
WARNING: If a 
serviceability tool is 
not in use, please run 
with -Djdk.instrument.t
raceUsage for more 
information
WARNING: Dynamic 
loading of agents will 
be disallowed by 
default in a future 
release
Java HotSpot(TM) 
64-Bit Server VM 
warning: Sharing is 
only supported for 
boot loader classes 
because bootstrap 
classpath has been 
appended
java.lang.instrument.Il
legalClassFormatExcepti
on: Error while 
instrumenting net/byteb
uddy/jar/asmjdkbridge/J
dkClassReader with 
JaCoCo 0.8.11.202310140
853/f33756c.
	at org.jacoco.agent.rt
.internal_4742761.Cover
ageTransformer.transfor
m(CoverageTransformer.j
ava:94)
	at java.instrument/jav
a.lang.instrument.Class
FileTransformer.transfo
rm(ClassFileTransformer
.java:257)
	at java.instrument/sun
.instrument.Transformer
Manager.transform(Trans
formerManager.java:188)
	at java.instrument/sun
.instrument.Instrumenta
tionImpl.transform(Inst
rumentationImpl.java:59
4)
	at java.base/java.lang
.ClassLoader.defineClas
s1(Native Method)
	at java.base/java.lang
.ClassLoader.defineClas
s(ClassLoader.java:962)
	at java.base/java.secu
rity.SecureClassLoader.
defineClass(SecureClass
Loader.java:132)
	at java.base/jdk.inter
nal.loader.BuiltinClass
Loader.defineClass(Buil
tinClassLoader.java:776
)
	at java.base/jdk.inter
nal.loader.BuiltinClass
Loader.findClassOnClass
PathOrNull(BuiltinClass
Loader.java:691)
	at java.base/jdk.inter
nal.loader.BuiltinClass
Loader.loadClassOrNull(
BuiltinClassLoader.java
:620)
	at java.base/jdk.inter
nal.loader.BuiltinClass
Loader.loadClass(Builti
nClassLoader.java:578)
	at java.base/java.lang
.ClassLoader.loadClass(
ClassLoader.java:490)
	at java.base/java.lang
.Class.forName0(Native 
Method)
	at java.base/java.lang
.Class.forName(Class.ja
va:463)
	at java.base/java.lang
.Class.forName(Class.ja
va:454)
	at net.bytebuddy.utili
ty.AsmClassWriter$Facto
ry$Default.<clinit>(Asm
ClassWriter.java:205)
	at net.bytebuddy.ByteB
uddy.<init>(ByteBuddy.j
ava:322)
	at net.bytebuddy.ByteB
uddy.<init>(ByteBuddy.j
ava:313)
	at org.mockito.interna
l.creation.bytebuddy.In
lineBytecodeGenerator.<
init>(InlineBytecodeGen
erator.java:92)
	at org.mockito.interna
l.creation.bytebuddy.In
lineDelegateByteBuddyMo
ckMaker.<init>(InlineDe
legateByteBuddyMockMake
r.java:354)
	at org.mockito.interna
l.creation.bytebuddy.In
lineByteBuddyMockMaker.
<init>(InlineByteBuddyM
ockMaker.java:23)
	at java.base/jdk.inter
nal.reflect.DirectConst
ructorHandleAccessor.ne
wInstance(DirectConstru
ctorHandleAccessor.java
:62)
	at java.base/java.lang
.reflect.Constructor.ne
wInstanceWithCaller(Con
structor.java:499)
	at java.base/java.lang
.reflect.Constructor.ne
wInstance(Constructor.j
ava:483)
	at org.mockito.interna
l.configuration.plugins
.DefaultMockitoPlugins.
create(DefaultMockitoPl
ugins.java:103)
	at org.mockito.interna
l.configuration.plugins
.DefaultMockitoPlugins.
getDefaultPlugin(Defaul
tMockitoPlugins.java:79
)
	at org.mockito.interna
l.configuration.plugins
.PluginLoader.loadPlugi
n(PluginLoader.java:75)
	at org.mockito.interna
l.configuration.plugins
.PluginLoader.loadPlugi
n(PluginLoader.java:49)
	at org.mockito.interna
l.configuration.plugins
.PluginRegistry.<init>(
PluginRegistry.java:29)
	at org.mockito.interna
l.configuration.plugins
.Plugins.<clinit>(Plugi
ns.java:26)
	at org.mockito.interna
l.MockitoCore.<clinit>(
MockitoCore.java:71)
	at org.mockito.Mockito
.<clinit>(Mockito.java:
1777)
	at org.springframework
.boot.test.mock.mockito
.MockReset.withSettings
(MockReset.java:84)
	at org.springframework
.boot.test.mock.mockito
.MockDefinition.createM
ock(MockDefinition.java
:150)
	at org.springframework
.boot.test.mock.mockito
.MockitoPostProcessor.r
egisterMock(MockitoPost
Processor.java:190)
	at org.springframework
.boot.test.mock.mockito
.MockitoPostProcessor.r
egister(MockitoPostProc
essor.java:172)
	at org.springframework
.boot.test.mock.mockito
.MockitoPostProcessor.p
ostProcessBeanFactory(M
ockitoPostProcessor.jav
a:146)
	at org.springframework
.boot.test.mock.mockito
.MockitoPostProcessor.p
ostProcessBeanFactory(M
ockitoPostProcessor.jav
a:134)
	at org.springframework
.context.support.PostPr
ocessorRegistrationDele
gate.invokeBeanFactoryP
ostProcessors(PostProce
ssorRegistrationDelegat
e.java:363)
	at org.springframework
.context.support.PostPr
ocessorRegistrationDele
gate.invokeBeanFactoryP
ostProcessors(PostProce
ssorRegistrationDelegat
e.java:197)
	at org.springframework
.context.support.Abstra
ctApplicationContext.in
vokeBeanFactoryPostProc
essors(AbstractApplicat
ionContext.java:792)
	at org.springframework
.context.support.Abstra
ctApplicationContext.re
fresh(AbstractApplicati
onContext.java:610)
	at org.springframework
.boot.SpringApplication
.refresh(SpringApplicat
ion.java:752)
	at org.springframework
.boot.SpringApplication
.refreshContext(SpringA
pplication.java:439)
	at org.springframework
.boot.SpringApplication
.run(SpringApplication.
java:318)
	at org.springframework
.boot.test.context.Spri
ngBootContextLoader.lam
bda$loadContext$3(Sprin
gBootContextLoader.java
:152)
	at org.springframework
.util.function.Throwing
Supplier.get(ThrowingSu
pplier.java:58)
	at org.springframework
.util.function.Throwing
Supplier.get(ThrowingSu
pplier.java:46)
	at org.springframework
.boot.SpringApplication
.withHook(SpringApplica
tion.java:1461)
	at org.springframework
.boot.test.context.Spri
ngBootContextLoader$Con
textLoaderHook.run(Spri
ngBootContextLoader.jav
a:595)
	at org.springframework
.boot.test.context.Spri
ngBootContextLoader.loa
dContext(SpringBootCont
extLoader.java:152)
	at org.springframework
.boot.test.context.Spri
ngBootContextLoader.loa
dContext(SpringBootCont
extLoader.java:111)
	at org.springframework
.test.context.cache.Def
aultCacheAwareContextLo
aderDelegate.loadContex
tInternal(DefaultCacheA
wareContextLoaderDelega
te.java:225)
	at org.springframework
.test.context.cache.Def
aultCacheAwareContextLo
aderDelegate.loadContex
t(DefaultCacheAwareCont
extLoaderDelegate.java:
152)
	at org.springframework
.test.context.support.D
efaultTestContext.getAp
plicationContext(Defaul
tTestContext.java:130)
	at org.springframework
.boot.test.mock.mockito
.MockitoTestExecutionLi
stener.postProcessField
s(MockitoTestExecutionL
istener.java:128)
	at org.springframework
.boot.test.mock.mockito
.MockitoTestExecutionLi
stener.injectFields(Moc
kitoTestExecutionListen
er.java:112)
	at org.springframework
.boot.test.mock.mockito
.MockitoTestExecutionLi
stener.prepareTestInsta
nce(MockitoTestExecutio
nListener.java:69)
	at org.springframework
.test.context.TestConte
xtManager.prepareTestIn
stance(TestContextManag
er.java:260)
	at org.springframework
.test.context.junit4.Sp
ringJUnit4ClassRunner.c
reateTest(SpringJUnit4C
lassRunner.java:228)
	at org.springframework
.test.context.junit4.Sp
ringJUnit4ClassRunner$1
.runReflectiveCall(Spri
ngJUnit4ClassRunner.jav
a:289)
	at org.junit.internal.
runners.model.Reflectiv
eCallable.run(Reflectiv
eCallable.java:12)
	at org.springframework
.test.context.junit4.Sp
ringJUnit4ClassRunner.m
ethodBlock(SpringJUnit4
ClassRunner.java:291)
	at org.springframework
.test.context.junit4.Sp
ringJUnit4ClassRunner.r
unChild(SpringJUnit4Cla
ssRunner.java:247)
	at org.springframework
.test.context.junit4.Sp
ringJUnit4ClassRunner.r
unChild(SpringJUnit4Cla
ssRunner.java:97)
	at org.junit.runners.P
arentRunner$4.run(Paren
tRunner.java:331)
	at org.junit.runners.P
arentRunner$1.schedule(
ParentRunner.java:79)
	at org.junit.runners.P
arentRunner.runChildren
(ParentRunner.java:329)
	at org.junit.runners.P
arentRunner.access$100(
ParentRunner.java:66)
	at org.junit.runners.P
arentRunner$2.evaluate(
ParentRunner.java:293)
	at org.springframework
.test.context.junit4.st
atements.RunBeforeTestC
lassCallbacks.evaluate(
RunBeforeTestClassCallb
acks.java:61)
	at org.springframework
.test.context.junit4.st
atements.RunAfterTestCl
assCallbacks.evaluate(R
unAfterTestClassCallbac
ks.java:70)
	at org.junit.runners.P
arentRunner$3.evaluate(
ParentRunner.java:306)
	at org.junit.runners.P
arentRunner.run(ParentR
unner.java:413)
	at org.springframework
.test.context.junit4.Sp
ringJUnit4ClassRunner.r
un(SpringJUnit4ClassRun
ner.java:191)
	at org.junit.runner.JU
nitCore.run(JUnitCore.j
ava:137)
	at org.junit.runner.JU
nitCore.run(JUnitCore.j
ava:115)
	at org.junit.vintage.e
ngine.execution.RunnerE
xecutor.execute(RunnerE
xecutor.java:42)
	at org.junit.vintage.e
ngine.execution.Vintage
Executor.executeClasses
AndMethodsSequentially(
VintageExecutor.java:93
)
	at org.junit.vintage.e
ngine.execution.Vintage
Executor.executeAllChil
dren(VintageExecutor.ja
va:73)
	at org.junit.vintage.e
ngine.VintageTestEngine
.execute(VintageTestEng
ine.java:70)
	at org.junit.platform.
launcher.core.EngineExe
cutionOrchestrator.exec
ute(EngineExecutionOrch
estrator.java:201)
	at org.junit.platform.
launcher.core.EngineExe
cutionOrchestrator.exec
ute(EngineExecutionOrch
estrator.java:170)
	at org.junit.platform.
launcher.core.EngineExe
cutionOrchestrator.exec
ute(EngineExecutionOrch
estrator.java:94)
	at org.junit.platform.
launcher.core.EngineExe
cutionOrchestrator.lamb
da$execute$0(EngineExec
utionOrchestrator.java:
59)
	at org.junit.platform.
launcher.core.EngineExe
cutionOrchestrator.with
InterceptedStreams(Engi
neExecutionOrchestrator
.java:142)
	at org.junit.platform.
launcher.core.EngineExe
cutionOrchestrator.exec
ute(EngineExecutionOrch
estrator.java:58)
	at org.junit.platform.
launcher.core.DefaultLa
uncher.execute(DefaultL
auncher.java:103)
	at org.junit.platform.
launcher.core.DefaultLa
uncher.execute(DefaultL
auncher.java:85)
	at org.junit.platform.
launcher.core.Delegatin
gLauncher.execute(Deleg
atingLauncher.java:47)
	at org.junit.platform.
launcher.core.Intercept
ingLauncher.lambda$exec
ute$1(InterceptingLaunc
her.java:39)
	at org.junit.platform.
launcher.core.Classpath
AlignmentCheckingLaunch
erInterceptor.intercept
(ClasspathAlignmentChec
kingLauncherInterceptor
.java:25)
	at org.junit.platform.
launcher.core.Intercept
ingLauncher.execute(Int
erceptingLauncher.java:
38)
	at org.junit.platform.
launcher.core.Delegatin
gLauncher.execute(Deleg
atingLauncher.java:47)
	at org.apache.maven.su
refire.junitplatform.La
uncherAdapter.executeWi
thoutCancellationToken(
LauncherAdapter.java:60
)
	at org.apache.maven.su
refire.junitplatform.La
uncherAdapter.execute(L
auncherAdapter.java:52)
	at org.apache.maven.su
refire.junitplatform.JU
nitPlatformProvider.exe
cute(JUnitPlatformProvi
der.java:203)
	at org.apache.maven.su
refire.junitplatform.JU
nitPlatformProvider.inv
okeAllTests(JUnitPlatfo
rmProvider.java:168)
	at org.apache.maven.su
refire.junitplatform.JU
nitPlatformProvider.inv
oke(JUnitPlatformProvid
er.java:136)
	at org.apache.maven.su
refire.booter.ForkedBoo
ter.runSuitesInProcess(
ForkedBooter.java:385)
	at org.apache.maven.su
refire.booter.ForkedBoo
ter.execute(ForkedBoote
r.java:162)
	at org.apache.maven.su
refire.booter.ForkedBoo
ter.run(ForkedBooter.ja
va:507)
	at org.apache.maven.su
refire.booter.ForkedBoo
ter.main(ForkedBooter.j
ava:495)
Caused by: 
java.io.IOException: 
Error while 
instrumenting net/byteb
uddy/jar/asmjdkbridge/J
dkClassReader with 
JaCoCo 0.8.11.202310140
853/f33756c.
	at org.jacoco.agent.rt
.internal_4742761.core.
instr.Instrumenter.inst
rumentError(Instrumente
r.java:161)
	at org.jacoco.agent.rt
.internal_4742761.core.
instr.Instrumenter.inst
rument(Instrumenter.jav
a:111)
	at org.jacoco.agent.rt
.internal_4742761.Cover
ageTransformer.transfor
m(CoverageTransformer.j
ava:92)
	... 102 more
Caused by: java.lang.Il
legalArgumentException:
 Unsupported class 
file major version 68
	at org.jacoco.agent.rt
.internal_4742761.asm.C
lassReader.<init>(Class
Reader.java:200)
	at org.jacoco.agent.rt
.internal_4742761.asm.C
lassReader.<init>(Class
Reader.java:180)
	at org.jacoco.agent.rt
.internal_4742761.asm.C
lassReader.<init>(Class
Reader.java:166)
	at org.jacoco.agent.rt
.internal_4742761.core.
internal.instr.InstrSup
port.classReaderFor(Ins
trSupport.java:280)
	at org.jacoco.agent.rt
.internal_4742761.core.
instr.Instrumenter.inst
rument(Instrumenter.jav
a:77)
	at org.jacoco.agent.rt
.internal_4742761.core.
instr.Instrumenter.inst
rument(Instrumenter.jav
a:109)
	... 103 more
java.lang.instrument.Il
legalClassFormatExcepti
on: Error while 
instrumenting net/byteb
uddy/jar/asmjdkbridge/A
smWrappedAttribute$AsmC
ompilationIdAttribute 
with JaCoCo 0.8.11.2023
10140853/f33756c.
	at org.jacoco.agent.rt
.internal_4742761.Cover
ageTransformer.transfor
m(CoverageTransformer.j
ava:94)
	at java.instrument/jav
a.lang.instrument.Class
FileTransformer.transfo
rm(ClassFileTransformer
.java:257)
	at java.instrument/sun
.instrument.Transformer
Manager.transform(Trans
formerManager.java:188)
	at java.instrument/sun
.instrument.Instrumenta
tionImpl.transform(Inst
rumentationImpl.java:59
4)
	at java.base/java.lang
.ClassLoader.defineClas
s1(Native Method)
	at java.base/java.lang
.ClassLoader.defineClas
s(ClassLoader.java:962)
	at java.base/java.secu
rity.SecureClassLoader.
defineClass(SecureClass
Loader.java:132)
	at java.base/jdk.inter
nal.loader.BuiltinClass
Loader.defineClass(Buil
tinClassLoader.java:776
)
	at java.base/jdk.inter
nal.loader.BuiltinClass
Loader.findClassOnClass
PathOrNull(BuiltinClass
Loader.java:691)
	at java.base/jdk.inter
nal.loader.BuiltinClass
Loader.loadClassOrNull(
BuiltinClassLoader.java
:620)
	at java.base/jdk.inter
nal.loader.BuiltinClass
Loader.loadClass(Builti
nClassLoader.java:578)
	at java.base/java.lang
.ClassLoader.loadClass(
ClassLoader.java:490)
	at java.base/java.lang
.Class.forName0(Native 
Method)
	at java.base/java.lang
.Class.forName(Class.ja
va:463)
	at java.base/java.lang
.Class.forName(Class.ja
va:454)
	at net.bytebuddy.utili
ty.AsmClassWriter$Facto
ry$Default.<clinit>(Asm
ClassWriter.java:205)
	at net.bytebuddy.ByteB
uddy.<init>(ByteBuddy.j
ava:322)
	at net.bytebuddy.ByteB
uddy.<init>(ByteBuddy.j
ava:313)
	at org.mockito.interna
l.creation.bytebuddy.In
lineBytecodeGenerator.<
init>(InlineBytecodeGen
erator.java:92)
	at org.mockito.interna
l.creation.bytebuddy.In
lineDelegateByteBuddyMo
ckMaker.<init>(InlineDe
legateByteBuddyMockMake
r.java:354)
	at org.mockito.interna
l.creation.bytebuddy.In
lineByteBuddyMockMaker.
<init>(InlineByteBuddyM
ockMaker.java:23)
	at java.base/jdk.inter
nal.reflect.DirectConst
ructorHandleAccessor.ne
wInstance(DirectConstru
ctorHandleAccessor.java
:62)
	at java.base/java.lang
.reflect.Constructor.ne
wInstanceWithCaller(Con
structor.java:499)
	at java.base/java.lang
.reflect.Constructor.ne
wInstance(Constructor.j
ava:483)
	at org.mockito.interna
l.configuration.plugins
.DefaultMockitoPlugins.
create(DefaultMockitoPl
ugins.java:103)
	at org.mockito.interna
l.configuration.plugins
.DefaultMockitoPlugins.
getDefaultPlugin(Defaul
tMockitoPlugins.java:79
)
	at org.mockito.interna
l.configuration.plugins
.PluginLoader.loadPlugi
n(PluginLoader.java:75)
	at org.mockito.interna
l.configuration.plugins
.PluginLoader.loadPlugi
n(PluginLoader.java:49)
	at org.mockito.interna
l.configuration.plugins
.PluginRegistry.<init>(
PluginRegistry.java:29)
	at org.mockito.interna
l.configuration.plugins
.Plugins.<clinit>(Plugi
ns.java:26)
	at org.mockito.interna
l.MockitoCore.<clinit>(
MockitoCore.java:71)
	at org.mockito.Mockito
.<clinit>(Mockito.java:
1777)
	at org.springframework
.boot.test.mock.mockito
.MockReset.withSettings
(MockReset.java:84)
	at org.springframework
.boot.test.mock.mockito
.MockDefinition.createM
ock(MockDefinition.java
:150)
	at org.springframework
.boot.test.mock.mockito
.MockitoPostProcessor.r
egisterMock(MockitoPost
Processor.java:190)
	at org.springframework
.boot.test.mock.mockito
.MockitoPostProcessor.r
egister(MockitoPostProc
essor.java:172)
	at org.springframework
.boot.test.mock.mockito
.MockitoPostProcessor.p
ostProcessBeanFactory(M
ockitoPostProcessor.jav
a:146)
	at org.springframework
.boot.test.mock.mockito
.MockitoPostProcessor.p
ostProcessBeanFactory(M
ockitoPostProcessor.jav
a:134)
	at org.springframework
.context.support.PostPr
ocessorRegistrationDele
gate.invokeBeanFactoryP
ostProcessors(PostProce
ssorRegistrationDelegat
e.java:363)
	at org.springframework
.context.support.PostPr
ocessorRegistrationDele
gate.invokeBeanFactoryP
ostProcessors(PostProce
ssorRegistrationDelegat
e.java:197)
	at org.springframework
.context.support.Abstra
ctApplicationContext.in
vokeBeanFactoryPostProc
essors(AbstractApplicat
ionContext.java:792)
	at org.springframework
.context.support.Abstra
ctApplicationContext.re
fresh(AbstractApplicati
onContext.java:610)
	at org.springframework
.boot.SpringApplication
.refresh(SpringApplicat
ion.java:752)
	at org.springframework
.boot.SpringApplication
.refreshContext(SpringA
pplication.java:439)
	at org.springframework
.boot.SpringApplication
.run(SpringApplication.
java:318)
	at org.springframework
.boot.test.context.Spri
ngBootContextLoader.lam
bda$loadContext$3(Sprin
gBootContextLoader.java
:152)
	at org.springframework
.util.function.Throwing
Supplier.get(ThrowingSu
pplier.java:58)
	at org.springframework
.util.function.Throwing
Supplier.get(ThrowingSu
pplier.java:46)
	at org.springframework
.boot.SpringApplication
.withHook(SpringApplica
tion.java:1461)
	at org.springframework
.boot.test.context.Spri
ngBootContextLoader$Con
textLoaderHook.run(Spri
ngBootContextLoader.jav
a:595)
	at org.springframework
.boot.test.context.Spri
ngBootContextLoader.loa
dContext(SpringBootCont
extLoader.java:152)
	at org.springframework
.boot.test.context.Spri
ngBootContextLoader.loa
dContext(SpringBootCont
extLoader.java:111)
	at org.springframework
.test.context.cache.Def
aultCacheAwareContextLo
aderDelegate.loadContex
tInternal(DefaultCacheA
wareContextLoaderDelega
te.java:225)
	at org.springframework
.test.context.cache.Def
aultCacheAwareContextLo
aderDelegate.loadContex
t(DefaultCacheAwareCont
extLoaderDelegate.java:
152)
	at org.springframework
.test.context.support.D
efaultTestContext.getAp
plicationContext(Defaul
tTestContext.java:130)
	at org.springframework
.boot.test.mock.mockito
.MockitoTestExecutionLi
stener.postProcessField
s(MockitoTestExecutionL
istener.java:128)
	at org.springframework
.boot.test.mock.mockito
.MockitoTestExecutionLi
stener.injectFields(Moc
kitoTestExecutionListen
er.java:112)
	at org.springframework
.boot.test.mock.mockito
.MockitoTestExecutionLi
stener.prepareTestInsta
nce(MockitoTestExecutio
nListener.java:69)
	at org.springframework
.test.context.TestConte
xtManager.prepareTestIn
stance(TestContextManag
er.java:260)
	at org.springframework
.test.context.junit4.Sp
ringJUnit4ClassRunner.c
reateTest(SpringJUnit4C
lassRunner.java:228)
	at org.springframework
.test.context.junit4.Sp
ringJUnit4ClassRunner$1
.runReflectiveCall(Spri
ngJUnit4ClassRunner.jav
a:289)
	at org.junit.internal.
runners.model.Reflectiv
eCallable.run(Reflectiv
eCallable.java:12)
	at org.springframework
.test.context.junit4.Sp
ringJUnit4ClassRunner.m
ethodBlock(SpringJUnit4
ClassRunner.java:291)
	at org.springframework
.test.context.junit4.Sp
ringJUnit4ClassRunner.r
unChild(SpringJUnit4Cla
ssRunner.java:247)
	at org.springframework
.test.context.junit4.Sp
ringJUnit4ClassRunner.r
unChild(SpringJUnit4Cla
ssRunner.java:97)
	at org.junit.runners.P
arentRunner$4.run(Paren
tRunner.java:331)
	at org.junit.runners.P
arentRunner$1.schedule(
ParentRunner.java:79)
	at org.junit.runners.P
arentRunner.runChildren
(ParentRunner.java:329)
	at org.junit.runners.P
arentRunner.access$100(
ParentRunner.java:66)
	at org.junit.runners.P
arentRunner$2.evaluate(
ParentRunner.java:293)
	at org.springframework
.test.context.junit4.st
atements.RunBeforeTestC
lassCallbacks.evaluate(
RunBeforeTestClassCallb
acks.java:61)
	at org.springframework
.test.context.junit4.st
atements.RunAfterTestCl
assCallbacks.evaluate(R
unAfterTestClassCallbac
ks.java:70)
	at org.junit.runners.P
arentRunner$3.evaluate(
ParentRunner.java:306)
	at org.junit.runners.P
arentRunner.run(ParentR
unner.java:413)
	at org.springframework
.test.context.junit4.Sp
ringJUnit4ClassRunner.r
un(SpringJUnit4ClassRun
ner.java:191)
	at org.junit.runner.JU
nitCore.run(JUnitCore.j
ava:137)
	at org.junit.runner.JU
nitCore.run(JUnitCore.j
ava:115)
	at org.junit.vintage.e
ngine.execution.RunnerE
xecutor.execute(RunnerE
xecutor.java:42)
	at org.junit.vintage.e
ngine.execution.Vintage
Executor.executeClasses
AndMethodsSequentially(
VintageExecutor.java:93
)
	at org.junit.vintage.e
ngine.execution.Vintage
Executor.executeAllChil
dren(VintageExecutor.ja
va:73)
	at org.junit.vintage.e
ngine.VintageTestEngine
.execute(VintageTestEng
ine.java:70)
	at org.junit.platform.
launcher.core.EngineExe
cutionOrchestrator.exec
ute(EngineExecutionOrch
estrator.java:201)
	at org.junit.platform.
launcher.core.EngineExe
cutionOrchestrator.exec
ute(EngineExecutionOrch
estrator.java:170)
	at org.junit.platform.
launcher.core.EngineExe
cutionOrchestrator.exec
ute(EngineExecutionOrch
estrator.java:94)
	at org.junit.platform.
launcher.core.EngineExe
cutionOrchestrator.lamb
da$execute$0(EngineExec
utionOrchestrator.java:
59)
	at org.junit.platform.
launcher.core.EngineExe
cutionOrchestrator.with
InterceptedStreams(Engi
neExecutionOrchestrator
.java:142)
	at org.junit.platform.
launcher.core.EngineExe
cutionOrchestrator.exec
ute(EngineExecutionOrch
estrator.java:58)
	at org.junit.platform.
launcher.core.DefaultLa
uncher.execute(DefaultL
auncher.java:103)
	at org.junit.platform.
launcher.core.DefaultLa
uncher.execute(DefaultL
auncher.java:85)
	at org.junit.platform.
launcher.core.Delegatin
gLauncher.execute(Deleg
atingLauncher.java:47)
	at org.junit.platform.
launcher.core.Intercept
ingLauncher.lambda$exec
ute$1(InterceptingLaunc
her.java:39)
	at org.junit.platform.
launcher.core.Classpath
AlignmentCheckingLaunch
erInterceptor.intercept
(ClasspathAlignmentChec
kingLauncherInterceptor
.java:25)
	at org.junit.platform.
launcher.core.Intercept
ingLauncher.execute(Int
erceptingLauncher.java:
38)
	at org.junit.platform.
launcher.core.Delegatin
gLauncher.execute(Deleg
atingLauncher.java:47)
	at org.apache.maven.su
refire.junitplatform.La
uncherAdapter.executeWi
thoutCancellationToken(
LauncherAdapter.java:60
)
	at org.apache.maven.su
refire.junitplatform.La
uncherAdapter.execute(L
auncherAdapter.java:52)
	at org.apache.maven.su
refire.junitplatform.JU
nitPlatformProvider.exe
cute(JUnitPlatformProvi
der.java:203)
	at org.apache.maven.su
refire.junitplatform.JU
nitPlatformProvider.inv
okeAllTests(JUnitPlatfo
rmProvider.java:168)
	at org.apache.maven.su
refire.junitplatform.JU
nitPlatformProvider.inv
oke(JUnitPlatformProvid
er.java:136)
	at org.apache.maven.su
refire.booter.ForkedBoo
ter.runSuitesInProcess(
ForkedBooter.java:385)
	at org.apache.maven.su
refire.booter.ForkedBoo
ter.execute(ForkedBoote
r.java:162)
	at org.apache.maven.su
refire.booter.ForkedBoo
ter.run(ForkedBooter.ja
va:507)
	at org.apache.maven.su
refire.booter.ForkedBoo
ter.main(ForkedBooter.j
ava:495)
Caused by: 
java.io.IOException: 
Error while 
instrumenting net/byteb
uddy/jar/asmjdkbridge/A
smWrappedAttribute$AsmC
ompilationIdAttribute 
with JaCoCo 0.8.11.2023
10140853/f33756c.
	at org.jacoco.agent.rt
.internal_4742761.core.
instr.Instrumenter.inst
rumentError(Instrumente
r.java:161)
	at org.jacoco.agent.rt
.internal_4742761.core.
instr.Instrumenter.inst
rument(Instrumenter.jav
a:111)
	at org.jacoco.agent.rt
.internal_4742761.Cover
ageTransformer.transfor
m(CoverageTransformer.j
ava:92)
	... 102 more
Caused by: java.lang.Il
legalArgumentException:
 Unsupported class 
file major version 68
	at org.jacoco.agent.rt
.internal_4742761.asm.C
lassReader.<init>(Class
Reader.java:200)
	at org.jacoco.agent.rt
.internal_4742761.asm.C
lassReader.<init>(Class
Reader.java:180)
	at org.jacoco.agent.rt
.internal_4742761.asm.C
lassReader.<init>(Class
Reader.java:166)
	at org.jacoco.agent.rt
.internal_4742761.core.
internal.instr.InstrSup
port.classReaderFor(Ins
trSupport.java:280)
	at org.jacoco.agent.rt
.internal_4742761.core.
instr.Instrumenter.inst
rument(Instrumenter.jav
a:77)
	at org.jacoco.agent.rt
.internal_4742761.core.
instr.Instrumenter.inst
rument(Instrumenter.jav
a:109)
	... 103 more
java.lang.instrument.Il
legalClassFormatExcepti
on: Error while 
instrumenting net/byteb
uddy/jar/asmjdkbridge/A
smWrappedAttribute 
with JaCoCo 0.8.11.2023
10140853/f33756c.
	at org.jacoco.agent.rt
.internal_4742761.Cover
ageTransformer.transfor
m(CoverageTransformer.j
ava:94)
	at java.instrument/jav
a.lang.instrument.Class
FileTransformer.transfo
rm(ClassFileTransformer
.java:257)
	at java.instrument/sun
.instrument.Transformer
Manager.transform(Trans
formerManager.java:188)
	at java.instrument/sun
.instrument.Instrumenta
tionImpl.transform(Inst
rumentationImpl.java:59
4)
	at java.base/java.lang
.ClassLoader.defineClas
s1(Native Method)
	at java.base/java.lang
.ClassLoader.defineClas
s(ClassLoader.java:962)
	at java.base/java.secu
rity.SecureClassLoader.
defineClass(SecureClass
Loader.java:132)
	at java.base/jdk.inter
nal.loader.BuiltinClass
Loader.defineClass(Buil
tinClassLoader.java:776
)
	at java.base/jdk.inter
nal.loader.BuiltinClass
Loader.findClassOnClass
PathOrNull(BuiltinClass
Loader.java:691)
	at java.base/jdk.inter
nal.loader.BuiltinClass
Loader.loadClassOrNull(
BuiltinClassLoader.java
:620)
	at java.base/jdk.inter
nal.loader.BuiltinClass
Loader.loadClass(Builti
nClassLoader.java:578)
	at java.base/java.lang
.ClassLoader.loadClass(
ClassLoader.java:490)
	at java.base/java.lang
.ClassLoader.defineClas
s1(Native Method)
	at java.base/java.lang
.ClassLoader.defineClas
s(ClassLoader.java:962)
	at java.base/java.secu
rity.SecureClassLoader.
defineClass(SecureClass
Loader.java:132)
	at java.base/jdk.inter
nal.loader.BuiltinClass
Loader.defineClass(Buil
tinClassLoader.java:776
)
	at java.base/jdk.inter
nal.loader.BuiltinClass
Loader.findClassOnClass
PathOrNull(BuiltinClass
Loader.java:691)
	at java.base/jdk.inter
nal.loader.BuiltinClass
Loader.loadClassOrNull(
BuiltinClassLoader.java
:620)
	at java.base/jdk.inter
nal.loader.BuiltinClass
Loader.loadClass(Builti
nClassLoader.java:578)
	at java.base/java.lang
.ClassLoader.loadClass(
ClassLoader.java:490)
	at java.base/java.lang
.Class.forName0(Native 
Method)
	at java.base/java.lang
.Class.forName(Class.ja
va:463)
	at java.base/java.lang
.Class.forName(Class.ja
va:454)
	at net.bytebuddy.utili
ty.AsmClassWriter$Facto
ry$Default.<clinit>(Asm
ClassWriter.java:205)
	at net.bytebuddy.ByteB
uddy.<init>(ByteBuddy.j
ava:322)
	at net.bytebuddy.ByteB
uddy.<init>(ByteBuddy.j
ava:313)
	at org.mockito.interna
l.creation.bytebuddy.In
lineBytecodeGenerator.<
init>(InlineBytecodeGen
erator.java:92)
	at org.mockito.interna
l.creation.bytebuddy.In
lineDelegateByteBuddyMo
ckMaker.<init>(InlineDe
legateByteBuddyMockMake
r.java:354)
	at org.mockito.interna
l.creation.bytebuddy.In
lineByteBuddyMockMaker.
<init>(InlineByteBuddyM
ockMaker.java:23)
	at java.base/jdk.inter
nal.reflect.DirectConst
ructorHandleAccessor.ne
wInstance(DirectConstru
ctorHandleAccessor.java
:62)
	at java.base/java.lang
.reflect.Constructor.ne
wInstanceWithCaller(Con
structor.java:499)
	at java.base/java.lang
.reflect.Constructor.ne
wInstance(Constructor.j
ava:483)
	at org.mockito.interna
l.configuration.plugins
.DefaultMockitoPlugins.
create(DefaultMockitoPl
ugins.java:103)
	at org.mockito.interna
l.configuration.plugins
.DefaultMockitoPlugins.
getDefaultPlugin(Defaul
tMockitoPlugins.java:79
)
	at org.mockito.interna
l.configuration.plugins
.PluginLoader.loadPlugi
n(PluginLoader.java:75)
	at org.mockito.interna
l.configuration.plugins
.PluginLoader.loadPlugi
n(PluginLoader.java:49)
	at org.mockito.interna
l.configuration.plugins
.PluginRegistry.<init>(
PluginRegistry.java:29)
	at org.mockito.interna
l.configuration.plugins
.Plugins.<clinit>(Plugi
ns.java:26)
	at org.mockito.interna
l.MockitoCore.<clinit>(
MockitoCore.java:71)
	at org.mockito.Mockito
.<clinit>(Mockito.java:
1777)
	at org.springframework
.boot.test.mock.mockito
.MockReset.withSettings
(MockReset.java:84)
	at org.springframework
.boot.test.mock.mockito
.MockDefinition.createM
ock(MockDefinition.java
:150)
	at org.springframework
.boot.test.mock.mockito
.MockitoPostProcessor.r
egisterMock(MockitoPost
Processor.java:190)
	at org.springframework
.boot.test.mock.mockito
.MockitoPostProcessor.r
egister(MockitoPostProc
essor.java:172)
	at org.springframework
.boot.test.mock.mockito
.MockitoPostProcessor.p
ostProcessBeanFactory(M
ockitoPostProcessor.jav
a:146)
	at org.springframework
.boot.test.mock.mockito
.MockitoPostProcessor.p
ostProcessBeanFactory(M
ockitoPostProcessor.jav
a:134)
	at org.springframework
.context.support.PostPr
ocessorRegistrationDele
gate.invokeBeanFactoryP
ostProcessors(PostProce
ssorRegistrationDelegat
e.java:363)
	at org.springframework
.context.support.PostPr
ocessorRegistrationDele
gate.invokeBeanFactoryP
ostProcessors(PostProce
ssorRegistrationDelegat
e.java:197)
	at org.springframework
.context.support.Abstra
ctApplicationContext.in
vokeBeanFactoryPostProc
essors(AbstractApplicat
ionContext.java:792)
	at org.springframework
.context.support.Abstra
ctApplicationContext.re
fresh(AbstractApplicati
onContext.java:610)
	at org.springframework
.boot.SpringApplication
.refresh(SpringApplicat
ion.java:752)
	at org.springframework
.boot.SpringApplication
.refreshContext(SpringA
pplication.java:439)
	at org.springframework
.boot.SpringApplication
.run(SpringApplication.
java:318)
	at org.springframework
.boot.test.context.Spri
ngBootContextLoader.lam
bda$loadContext$3(Sprin
gBootContextLoader.java
:152)
	at org.springframework
.util.function.Throwing
Supplier.get(ThrowingSu
pplier.java:58)
	at org.springframework
.util.function.Throwing
Supplier.get(ThrowingSu
pplier.java:46)
	at org.springframework
.boot.SpringApplication
.withHook(SpringApplica
tion.java:1461)
	at org.springframework
.boot.test.context.Spri
ngBootContextLoader$Con
textLoaderHook.run(Spri
ngBootContextLoader.jav
a:595)
	at org.springframework
.boot.test.context.Spri
ngBootContextLoader.loa
dContext(SpringBootCont
extLoader.java:152)
	at org.springframework
.boot.test.context.Spri
ngBootContextLoader.loa
dContext(SpringBootCont
extLoader.java:111)
	at org.springframework
.test.context.cache.Def
aultCacheAwareContextLo
aderDelegate.loadContex
tInternal(DefaultCacheA
wareContextLoaderDelega
te.java:225)
	at org.springframework
.test.context.cache.Def
aultCacheAwareContextLo
aderDelegate.loadContex
t(DefaultCacheAwareCont
extLoaderDelegate.java:
152)
	at org.springframework
.test.context.support.D
efaultTestContext.getAp
plicationContext(Defaul
tTestContext.java:130)
	at org.springframework
.boot.test.mock.mockito
.MockitoTestExecutionLi
stener.postProcessField
s(MockitoTestExecutionL
istener.java:128)
	at org.springframework
.boot.test.mock.mockito
.MockitoTestExecutionLi
stener.injectFields(Moc
kitoTestExecutionListen
er.java:112)
	at org.springframework
.boot.test.mock.mockito
.MockitoTestExecutionLi
stener.prepareTestInsta
nce(MockitoTestExecutio
nListener.java:69)
	at org.springframework
.test.context.TestConte
xtManager.prepareTestIn
stance(TestContextManag
er.java:260)
	at org.springframework
.test.context.junit4.Sp
ringJUnit4ClassRunner.c
reateTest(SpringJUnit4C
lassRunner.java:228)
	at org.springframework
.test.context.junit4.Sp
ringJUnit4ClassRunner$1
.runReflectiveCall(Spri
ngJUnit4ClassRunner.jav
a:289)
	at org.junit.internal.
runners.model.Reflectiv
eCallable.run(Reflectiv
eCallable.java:12)
	at org.springframework
.test.context.junit4.Sp
ringJUnit4ClassRunner.m
ethodBlock(SpringJUnit4
ClassRunner.java:291)
	at org.springframework
.test.context.junit4.Sp
ringJUnit4ClassRunner.r
unChild(SpringJUnit4Cla
ssRunner.java:247)
	at org.springframework
.test.context.junit4.Sp
ringJUnit4ClassRunner.r
unChild(SpringJUnit4Cla
ssRunner.java:97)
	at org.junit.runners.P
arentRunner$4.run(Paren
tRunner.java:331)
	at org.junit.runners.P
arentRunner$1.schedule(
ParentRunner.java:79)
	at org.junit.runners.P
arentRunner.runChildren
(ParentRunner.java:329)
	at org.junit.runners.P
arentRunner.access$100(
ParentRunner.java:66)
	at org.junit.runners.P
arentRunner$2.evaluate(
ParentRunner.java:293)
	at org.springframework
.test.context.junit4.st
atements.RunBeforeTestC
lassCallbacks.evaluate(
RunBeforeTestClassCallb
acks.java:61)
	at org.springframework
.test.context.junit4.st
atements.RunAfterTestCl
assCallbacks.evaluate(R
unAfterTestClassCallbac
ks.java:70)
	at org.junit.runners.P
arentRunner$3.evaluate(
ParentRunner.java:306)
	at org.junit.runners.P
arentRunner.run(ParentR
unner.java:413)
	at org.springframework
.test.context.junit4.Sp
ringJUnit4ClassRunner.r
un(SpringJUnit4ClassRun
ner.java:191)
	at org.junit.runner.JU
nitCore.run(JUnitCore.j
ava:137)
	at org.junit.runner.JU
nitCore.run(JUnitCore.j
ava:115)
	at org.junit.vintage.e
ngine.execution.RunnerE
xecutor.execute(RunnerE
xecutor.java:42)
	at org.junit.vintage.e
ngine.execution.Vintage
Executor.executeClasses
AndMethodsSequentially(
VintageExecutor.java:93
)
	at org.junit.vintage.e
ngine.execution.Vintage
Executor.executeAllChil
dren(VintageExecutor.ja
va:73)
	at org.junit.vintage.e
ngine.VintageTestEngine
.execute(VintageTestEng
ine.java:70)
	at org.junit.platform.
launcher.core.EngineExe
cutionOrchestrator.exec
ute(EngineExecutionOrch
estrator.java:201)
	at org.junit.platform.
launcher.core.EngineExe
cutionOrchestrator.exec
ute(EngineExecutionOrch
estrator.java:170)
	at org.junit.platform.
launcher.core.EngineExe
cutionOrchestrator.exec
ute(EngineExecutionOrch
estrator.java:94)
	at org.junit.platform.
launcher.core.EngineExe
cutionOrchestrator.lamb
da$execute$0(EngineExec
utionOrchestrator.java:
59)
	at org.junit.platform.
launcher.core.EngineExe
cutionOrchestrator.with
InterceptedStreams(Engi
neExecutionOrchestrator
.java:142)
	at org.junit.platform.
launcher.core.EngineExe
cutionOrchestrator.exec
ute(EngineExecutionOrch
estrator.java:58)
	at org.junit.platform.
launcher.core.DefaultLa
uncher.execute(DefaultL
auncher.java:103)
	at org.junit.platform.
launcher.core.DefaultLa
uncher.execute(DefaultL
auncher.java:85)
	at org.junit.platform.
launcher.core.Delegatin
gLauncher.execute(Deleg
atingLauncher.java:47)
	at org.junit.platform.
launcher.core.Intercept
ingLauncher.lambda$exec
ute$1(InterceptingLaunc
her.java:39)
	at org.junit.platform.
launcher.core.Classpath
AlignmentCheckingLaunch
erInterceptor.intercept
(ClasspathAlignmentChec
kingLauncherInterceptor
.java:25)
	at org.junit.platform.
launcher.core.Intercept
ingLauncher.execute(Int
erceptingLauncher.java:
38)
	at org.junit.platform.
launcher.core.Delegatin
gLauncher.execute(Deleg
atingLauncher.java:47)
	at org.apache.maven.su
refire.junitplatform.La
uncherAdapter.executeWi
thoutCancellationToken(
LauncherAdapter.java:60
)
	at org.apache.maven.su
refire.junitplatform.La
uncherAdapter.execute(L
auncherAdapter.java:52)
	at org.apache.maven.su
refire.junitplatform.JU
nitPlatformProvider.exe
cute(JUnitPlatformProvi
der.java:203)
	at org.apache.maven.su
refire.junitplatform.JU
nitPlatformProvider.inv
okeAllTests(JUnitPlatfo
rmProvider.java:168)
	at org.apache.maven.su
refire.junitplatform.JU
nitPlatformProvider.inv
oke(JUnitPlatformProvid
er.java:136)
	at org.apache.maven.su
refire.booter.ForkedBoo
ter.runSuitesInProcess(
ForkedBooter.java:385)
	at org.apache.maven.su
refire.booter.ForkedBoo
ter.execute(ForkedBoote
r.java:162)
	at org.apache.maven.su
refire.booter.ForkedBoo
ter.run(ForkedBooter.ja
va:507)
	at org.apache.maven.su
refire.booter.ForkedBoo
ter.main(ForkedBooter.j
ava:495)
Caused by: 
java.io.IOException: 
Error while 
instrumenting net/byteb
uddy/jar/asmjdkbridge/A
smWrappedAttribute 
with JaCoCo 0.8.11.2023
10140853/f33756c.
	at org.jacoco.agent.rt
.internal_4742761.core.
instr.Instrumenter.inst
rumentError(Instrumente
r.java:161)
	at org.jacoco.agent.rt
.internal_4742761.core.
instr.Instrumenter.inst
rument(Instrumenter.jav
a:111)
	at org.jacoco.agent.rt
.internal_4742761.Cover
ageTransformer.transfor
m(CoverageTransformer.j
ava:92)
	... 110 more
Caused by: java.lang.Il
legalArgumentException:
 Unsupported class 
file major version 68
	at org.jacoco.agent.rt
.internal_4742761.asm.C
lassReader.<init>(Class
Reader.java:200)
	at org.jacoco.agent.rt
.internal_4742761.asm.C
lassReader.<init>(Class
Reader.java:180)
	at org.jacoco.agent.rt
.internal_4742761.asm.C
lassReader.<init>(Class
Reader.java:166)
	at org.jacoco.agent.rt
.internal_4742761.core.
internal.instr.InstrSup
port.classReaderFor(Ins
trSupport.java:280)
	at org.jacoco.agent.rt
.internal_4742761.core.
instr.Instrumenter.inst
rument(Instrumenter.jav
a:77)
	at org.jacoco.agent.rt
.internal_4742761.core.
instr.Instrumenter.inst
rument(Instrumenter.jav
a:109)
	... 111 more
java.lang.instrument.Il
legalClassFormatExcepti
on: Error while 
instrumenting net/byteb
uddy/jar/asmjdkbridge/A
smWrappedAttribute$AsmS
ourceIdAttribute with 
JaCoCo 0.8.11.202310140
853/f33756c.
	at org.jacoco.agent.rt
.internal_4742761.Cover
ageTransformer.transfor
m(CoverageTransformer.j
ava:94)
	at java.instrument/jav
a.lang.instrument.Class
FileTransformer.transfo
rm(ClassFileTransformer
.java:257)
	at java.instrument/sun
.instrument.Transformer
Manager.transform(Trans
formerManager.java:188)
	at java.instrument/sun
.instrument.Instrumenta
tionImpl.transform(Inst
rumentationImpl.java:59
4)
	at java.base/java.lang
.ClassLoader.defineClas
s1(Native Method)
	at java.base/java.lang
.ClassLoader.defineClas
s(ClassLoader.java:962)
	at java.base/java.secu
rity.SecureClassLoader.
defineClass(SecureClass
Loader.java:132)
	at java.base/jdk.inter
nal.loader.BuiltinClass
Loader.defineClass(Buil
tinClassLoader.java:776
)
	at java.base/jdk.inter
nal.loader.BuiltinClass
Loader.findClassOnClass
PathOrNull(BuiltinClass
Loader.java:691)
	at java.base/jdk.inter
nal.loader.BuiltinClass
Loader.loadClassOrNull(
BuiltinClassLoader.java
:620)
	at java.base/jdk.inter
nal.loader.BuiltinClass
Loader.loadClass(Builti
nClassLoader.java:578)
	at java.base/java.lang
.ClassLoader.loadClass(
ClassLoader.java:490)
	at java.base/java.lang
.Class.forName0(Native 
Method)
	at java.base/java.lang
.Class.forName(Class.ja
va:463)
	at java.base/java.lang
.Class.forName(Class.ja
va:454)
	at net.bytebuddy.utili
ty.AsmClassWriter$Facto
ry$Default.<clinit>(Asm
ClassWriter.java:205)
	at net.bytebuddy.ByteB
uddy.<init>(ByteBuddy.j
ava:322)
	at net.bytebuddy.ByteB
uddy.<init>(ByteBuddy.j
ava:313)
	at org.mockito.interna
l.creation.bytebuddy.In
lineBytecodeGenerator.<
init>(InlineBytecodeGen
erator.java:92)
	at org.mockito.interna
l.creation.bytebuddy.In
lineDelegateByteBuddyMo
ckMaker.<init>(InlineDe
legateByteBuddyMockMake
r.java:354)
	at org.mockito.interna
l.creation.bytebuddy.In
lineByteBuddyMockMaker.
<init>(InlineByteBuddyM
ockMaker.java:23)
	at java.base/jdk.inter
nal.reflect.DirectConst
ructorHandleAccessor.ne
wInstance(DirectConstru
ctorHandleAccessor.java
:62)
	at java.base/java.lang
.reflect.Constructor.ne
wInstanceWithCaller(Con
structor.java:499)
	at java.base/java.lang
.reflect.Constructor.ne
wInstance(Constructor.j
ava:483)
	at org.mockito.interna
l.configuration.plugins
.DefaultMockitoPlugins.
create(DefaultMockitoPl
ugins.java:103)
	at org.mockito.interna
l.configuration.plugins
.DefaultMockitoPlugins.
getDefaultPlugin(Defaul
tMockitoPlugins.java:79
)
	at org.mockito.interna
l.configuration.plugins
.PluginLoader.loadPlugi
n(PluginLoader.java:75)
	at org.mockito.interna
l.configuration.plugins
.PluginLoader.loadPlugi
n(PluginLoader.java:49)
	at org.mockito.interna
l.configuration.plugins
.PluginRegistry.<init>(
PluginRegistry.java:29)
	at org.mockito.interna
l.configuration.plugins
.Plugins.<clinit>(Plugi
ns.java:26)
	at org.mockito.interna
l.MockitoCore.<clinit>(
MockitoCore.java:71)
	at org.mockito.Mockito
.<clinit>(Mockito.java:
1777)
	at org.springframework
.boot.test.mock.mockito
.MockReset.withSettings
(MockReset.java:84)
	at org.springframework
.boot.test.mock.mockito
.MockDefinition.createM
ock(MockDefinition.java
:150)
	at org.springframework
.boot.test.mock.mockito
.MockitoPostProcessor.r
egisterMock(MockitoPost
Processor.java:190)
	at org.springframework
.boot.test.mock.mockito
.MockitoPostProcessor.r
egister(MockitoPostProc
essor.java:172)
	at org.springframework
.boot.test.mock.mockito
.MockitoPostProcessor.p
ostProcessBeanFactory(M
ockitoPostProcessor.jav
a:146)
	at org.springframework
.boot.test.mock.mockito
.MockitoPostProcessor.p
ostProcessBeanFactory(M
ockitoPostProcessor.jav
a:134)
	at org.springframework
.context.support.PostPr
ocessorRegistrationDele
gate.invokeBeanFactoryP
ostProcessors(PostProce
ssorRegistrationDelegat
e.java:363)
	at org.springframework
.context.support.PostPr
ocessorRegistrationDele
gate.invokeBeanFactoryP
ostProcessors(PostProce
ssorRegistrationDelegat
e.java:197)
	at org.springframework
.context.support.Abstra
ctApplicationContext.in
vokeBeanFactoryPostProc
essors(AbstractApplicat
ionContext.java:792)
	at org.springframework
.context.support.Abstra
ctApplicationContext.re
fresh(AbstractApplicati
onContext.java:610)
	at org.springframework
.boot.SpringApplication
.refresh(SpringApplicat
ion.java:752)
	at org.springframework
.boot.SpringApplication
.refreshContext(SpringA
pplication.java:439)
	at org.springframework
.boot.SpringApplication
.run(SpringApplication.
java:318)
	at org.springframework
.boot.test.context.Spri
ngBootContextLoader.lam
bda$loadContext$3(Sprin
gBootContextLoader.java
:152)
	at org.springframework
.util.function.Throwing
Supplier.get(ThrowingSu
pplier.java:58)
	at org.springframework
.util.function.Throwing
Supplier.get(ThrowingSu
pplier.java:46)
	at org.springframework
.boot.SpringApplication
.withHook(SpringApplica
tion.java:1461)
	at org.springframework
.boot.test.context.Spri
ngBootContextLoader$Con
textLoaderHook.run(Spri
ngBootContextLoader.jav
a:595)
	at org.springframework
.boot.test.context.Spri
ngBootContextLoader.loa
dContext(SpringBootCont
extLoader.java:152)
	at org.springframework
.boot.test.context.Spri
ngBootContextLoader.loa
dContext(SpringBootCont
extLoader.java:111)
	at org.springframework
.test.context.cache.Def
aultCacheAwareContextLo
aderDelegate.loadContex
tInternal(DefaultCacheA
wareContextLoaderDelega
te.java:225)
	at org.springframework
.test.context.cache.Def
aultCacheAwareContextLo
aderDelegate.loadContex
t(DefaultCacheAwareCont
extLoaderDelegate.java:
152)
	at org.springframework
.test.context.support.D
efaultTestContext.getAp
plicationContext(Defaul
tTestContext.java:130)
	at org.springframework
.boot.test.mock.mockito
.MockitoTestExecutionLi
stener.postProcessField
s(MockitoTestExecutionL
istener.java:128)
	at org.springframework
.boot.test.mock.mockito
.MockitoTestExecutionLi
stener.injectFields(Moc
kitoTestExecutionListen
er.java:112)
	at org.springframework
.boot.test.mock.mockito
.MockitoTestExecutionLi
stener.prepareTestInsta
nce(MockitoTestExecutio
nListener.java:69)
	at org.springframework
.test.context.TestConte
xtManager.prepareTestIn
stance(TestContextManag
er.java:260)
	at org.springframework
.test.context.junit4.Sp
ringJUnit4ClassRunner.c
reateTest(SpringJUnit4C
lassRunner.java:228)
	at org.springframework
.test.context.junit4.Sp
ringJUnit4ClassRunner$1
.runReflectiveCall(Spri
ngJUnit4ClassRunner.jav
a:289)
	at org.junit.internal.
runners.model.Reflectiv
eCallable.run(Reflectiv
eCallable.java:12)
	at org.springframework
.test.context.junit4.Sp
ringJUnit4ClassRunner.m
ethodBlock(SpringJUnit4
ClassRunner.java:291)
	at org.springframework
.test.context.junit4.Sp
ringJUnit4ClassRunner.r
unChild(SpringJUnit4Cla
ssRunner.java:247)
	at org.springframework
.test.context.junit4.Sp
ringJUnit4ClassRunner.r
unChild(SpringJUnit4Cla
ssRunner.java:97)
	at org.junit.runners.P
arentRunner$4.run(Paren
tRunner.java:331)
	at org.junit.runners.P
arentRunner$1.schedule(
ParentRunner.java:79)
	at org.junit.runners.P
arentRunner.runChildren
(ParentRunner.java:329)
	at org.junit.runners.P
arentRunner.access$100(
ParentRunner.java:66)
	at org.junit.runners.P
arentRunner$2.evaluate(
ParentRunner.java:293)
	at org.springframework
.test.context.junit4.st
atements.RunBeforeTestC
lassCallbacks.evaluate(
RunBeforeTestClassCallb
acks.java:61)
	at org.springframework
.test.context.junit4.st
atements.RunAfterTestCl
assCallbacks.evaluate(R
unAfterTestClassCallbac
ks.java:70)
	at org.junit.runners.P
arentRunner$3.evaluate(
ParentRunner.java:306)
	at org.junit.runners.P
arentRunner.run(ParentR
unner.java:413)
	at org.springframework
.test.context.junit4.Sp
ringJUnit4ClassRunner.r
un(SpringJUnit4ClassRun
ner.java:191)
	at org.junit.runner.JU
nitCore.run(JUnitCore.j
ava:137)
	at org.junit.runner.JU
nitCore.run(JUnitCore.j
ava:115)
	at org.junit.vintage.e
ngine.execution.RunnerE
xecutor.execute(RunnerE
xecutor.java:42)
	at org.junit.vintage.e
ngine.execution.Vintage
Executor.executeClasses
AndMethodsSequentially(
VintageExecutor.java:93
)
	at org.junit.vintage.e
ngine.execution.Vintage
Executor.executeAllChil
dren(VintageExecutor.ja
va:73)
	at org.junit.vintage.e
ngine.VintageTestEngine
.execute(VintageTestEng
ine.java:70)
	at org.junit.platform.
launcher.core.EngineExe
cutionOrchestrator.exec
ute(EngineExecutionOrch
estrator.java:201)
	at org.junit.platform.
launcher.core.EngineExe
cutionOrchestrator.exec
ute(EngineExecutionOrch
estrator.java:170)
	at org.junit.platform.
launcher.core.EngineExe
cutionOrchestrator.exec
ute(EngineExecutionOrch
estrator.java:94)
	at org.junit.platform.
launcher.core.EngineExe
cutionOrchestrator.lamb
da$execute$0(EngineExec
utionOrchestrator.java:
59)
	at org.junit.platform.
launcher.core.EngineExe
cutionOrchestrator.with
InterceptedStreams(Engi
neExecutionOrchestrator
.java:142)
	at org.junit.platform.
launcher.core.EngineExe
cutionOrchestrator.exec
ute(EngineExecutionOrch
estrator.java:58)
	at org.junit.platform.
launcher.core.DefaultLa
uncher.execute(DefaultL
auncher.java:103)
	at org.junit.platform.
launcher.core.DefaultLa
uncher.execute(DefaultL
auncher.java:85)
	at org.junit.platform.
launcher.core.Delegatin
gLauncher.execute(Deleg
atingLauncher.java:47)
	at org.junit.platform.
launcher.core.Intercept
ingLauncher.lambda$exec
ute$1(InterceptingLaunc
her.java:39)
	at org.junit.platform.
launcher.core.Classpath
AlignmentCheckingLaunch
erInterceptor.intercept
(ClasspathAlignmentChec
kingLauncherInterceptor
.java:25)
	at org.junit.platform.
launcher.core.Intercept
ingLauncher.execute(Int
erceptingLauncher.java:
38)
	at org.junit.platform.
launcher.core.Delegatin
gLauncher.execute(Deleg
atingLauncher.java:47)
	at org.apache.maven.su
refire.junitplatform.La
uncherAdapter.executeWi
thoutCancellationToken(
LauncherAdapter.java:60
)
	at org.apache.maven.su
refire.junitplatform.La
uncherAdapter.execute(L
auncherAdapter.java:52)
	at org.apache.maven.su
refire.junitplatform.JU
nitPlatformProvider.exe
cute(JUnitPlatformProvi
der.java:203)
	at org.apache.maven.su
refire.junitplatform.JU
nitPlatformProvider.inv
okeAllTests(JUnitPlatfo
rmProvider.java:168)
	at org.apache.maven.su
refire.junitplatform.JU
nitPlatformProvider.inv
oke(JUnitPlatformProvid
er.java:136)
	at org.apache.maven.su
refire.booter.ForkedBoo
ter.runSuitesInProcess(
ForkedBooter.java:385)
	at org.apache.maven.su
refire.booter.ForkedBoo
ter.execute(ForkedBoote
r.java:162)
	at org.apache.maven.su
refire.booter.ForkedBoo
ter.run(ForkedBooter.ja
va:507)
	at org.apache.maven.su
refire.booter.ForkedBoo
ter.main(ForkedBooter.j
ava:495)
Caused by: 
java.io.IOException: 
Error while 
instrumenting net/byteb
uddy/jar/asmjdkbridge/A
smWrappedAttribute$AsmS
ourceIdAttribute with 
JaCoCo 0.8.11.202310140
853/f33756c.
	at org.jacoco.agent.rt
.internal_4742761.core.
instr.Instrumenter.inst
rumentError(Instrumente
r.java:161)
	at org.jacoco.agent.rt
.internal_4742761.core.
instr.Instrumenter.inst
rument(Instrumenter.jav
a:111)
	at org.jacoco.agent.rt
.internal_4742761.Cover
ageTransformer.transfor
m(CoverageTransformer.j
ava:92)
	... 102 more
Caused by: java.lang.Il
legalArgumentException:
 Unsupported class 
file major version 68
	at org.jacoco.agent.rt
.internal_4742761.asm.C
lassReader.<init>(Class
Reader.java:200)
	at org.jacoco.agent.rt
.internal_4742761.asm.C
lassReader.<init>(Class
Reader.java:180)
	at org.jacoco.agent.rt
.internal_4742761.asm.C
lassReader.<init>(Class
Reader.java:166)
	at org.jacoco.agent.rt
.internal_4742761.core.
internal.instr.InstrSup
port.classReaderFor(Ins
trSupport.java:280)
	at org.jacoco.agent.rt
.internal_4742761.core.
instr.Instrumenter.inst
rument(Instrumenter.jav
a:77)
	at org.jacoco.agent.rt
.internal_4742761.core.
instr.Instrumenter.inst
rument(Instrumenter.jav
a:109)
	... 103 more
java.lang.instrument.Il
legalClassFormatExcepti
on: Error while 
instrumenting net/byteb
uddy/jar/asmjdkbridge/A
smWrappedAttribute$AsmM
oduleHashesAttribute 
with JaCoCo 0.8.11.2023
10140853/f33756c.
	at org.jacoco.agent.rt
.internal_4742761.Cover
ageTransformer.transfor
m(CoverageTransformer.j
ava:94)
	at java.instrument/jav
a.lang.instrument.Class
FileTransformer.transfo
rm(ClassFileTransformer
.java:257)
	at java.instrument/sun
.instrument.Transformer
Manager.transform(Trans
formerManager.java:188)
	at java.instrument/sun
.instrument.Instrumenta
tionImpl.transform(Inst
rumentationImpl.java:59
4)
	at java.base/java.lang
.ClassLoader.defineClas
s1(Native Method)
	at java.base/java.lang
.ClassLoader.defineClas
s(ClassLoader.java:962)
	at java.base/java.secu
rity.SecureClassLoader.
defineClass(SecureClass
Loader.java:132)
	at java.base/jdk.inter
nal.loader.BuiltinClass
Loader.defineClass(Buil
tinClassLoader.java:776
)
	at java.base/jdk.inter
nal.loader.BuiltinClass
Loader.findClassOnClass
PathOrNull(BuiltinClass
Loader.java:691)
	at java.base/jdk.inter
nal.loader.BuiltinClass
Loader.loadClassOrNull(
BuiltinClassLoader.java
:620)
	at java.base/jdk.inter
nal.loader.BuiltinClass
Loader.loadClass(Builti
nClassLoader.java:578)
	at java.base/java.lang
.ClassLoader.loadClass(
ClassLoader.java:490)
	at java.base/java.lang
.Class.forName0(Native 
Method)
	at java.base/java.lang
.Class.forName(Class.ja
va:463)
	at java.base/java.lang
.Class.forName(Class.ja
va:454)
	at net.bytebuddy.utili
ty.AsmClassWriter$Facto
ry$Default.<clinit>(Asm
ClassWriter.java:205)
	at net.bytebuddy.ByteB
uddy.<init>(ByteBuddy.j
ava:322)
	at net.bytebuddy.ByteB
uddy.<init>(ByteBuddy.j
ava:313)
	at org.mockito.interna
l.creation.bytebuddy.In
lineBytecodeGenerator.<
init>(InlineBytecodeGen
erator.java:92)
	at org.mockito.interna
l.creation.bytebuddy.In
lineDelegateByteBuddyMo
ckMaker.<init>(InlineDe
legateByteBuddyMockMake
r.java:354)
	at org.mockito.interna
l.creation.bytebuddy.In
lineByteBuddyMockMaker.
<init>(InlineByteBuddyM
ockMaker.java:23)
	at java.base/jdk.inter
nal.reflect.DirectConst
ructorHandleAccessor.ne
wInstance(DirectConstru
ctorHandleAccessor.java
:62)
	at java.base/java.lang
.reflect.Constructor.ne
wInstanceWithCaller(Con
structor.java:499)
	at java.base/java.lang
.reflect.Constructor.ne
wInstance(Constructor.j
ava:483)
	at org.mockito.interna
l.configuration.plugins
.DefaultMockitoPlugins.
create(DefaultMockitoPl
ugins.java:103)
	at org.mockito.interna
l.configuration.plugins
.DefaultMockitoPlugins.
getDefaultPlugin(Defaul
tMockitoPlugins.java:79
)
	at org.mockito.interna
l.configuration.plugins
.PluginLoader.loadPlugi
n(PluginLoader.java:75)
	at org.mockito.interna
l.configuration.plugins
.PluginLoader.loadPlugi
n(PluginLoader.java:49)
	at org.mockito.interna
l.configuration.plugins
.PluginRegistry.<init>(
PluginRegistry.java:29)
	at org.mockito.interna
l.configuration.plugins
.Plugins.<clinit>(Plugi
ns.java:26)
	at org.mockito.interna
l.MockitoCore.<clinit>(
MockitoCore.java:71)
	at org.mockito.Mockito
.<clinit>(Mockito.java:
1777)
	at org.springframework
.boot.test.mock.mockito
.MockReset.withSettings
(MockReset.java:84)
	at org.springframework
.boot.test.mock.mockito
.MockDefinition.createM
ock(MockDefinition.java
:150)
	at org.springframework
.boot.test.mock.mockito
.MockitoPostProcessor.r
egisterMock(MockitoPost
Processor.java:190)
	at org.springframework
.boot.test.mock.mockito
.MockitoPostProcessor.r
egister(MockitoPostProc
essor.java:172)
	at org.springframework
.boot.test.mock.mockito
.MockitoPostProcessor.p
ostProcessBeanFactory(M
ockitoPostProcessor.jav
a:146)
	at org.springframework
.boot.test.mock.mockito
.MockitoPostProcessor.p
ostProcessBeanFactory(M
ockitoPostProcessor.jav
a:134)
	at org.springframework
.context.support.PostPr
ocessorRegistrationDele
gate.invokeBeanFactoryP
ostProcessors(PostProce
ssorRegistrationDelegat
e.java:363)
	at org.springframework
.context.support.PostPr
ocessorRegistrationDele
gate.invokeBeanFactoryP
ostProcessors(PostProce
ssorRegistrationDelegat
e.java:197)
	at org.springframework
.context.support.Abstra
ctApplicationContext.in
vokeBeanFactoryPostProc
essors(AbstractApplicat
ionContext.java:792)
	at org.springframework
.context.support.Abstra
ctApplicationContext.re
fresh(AbstractApplicati
onContext.java:610)
	at org.springframework
.boot.SpringApplication
.refresh(SpringApplicat
ion.java:752)
	at org.springframework
.boot.SpringApplication
.refreshContext(SpringA
pplication.java:439)
	at org.springframework
.boot.SpringApplication
.run(SpringApplication.
java:318)
	at org.springframework
.boot.test.context.Spri
ngBootContextLoader.lam
bda$loadContext$3(Sprin
gBootContextLoader.java
:152)
	at org.springframework
.util.function.Throwing
Supplier.get(ThrowingSu
pplier.java:58)
	at org.springframework
.util.function.Throwing
Supplier.get(ThrowingSu
pplier.java:46)
	at org.springframework
.boot.SpringApplication
.withHook(SpringApplica
tion.java:1461)
	at org.springframework
.boot.test.context.Spri
ngBootContextLoader$Con
textLoaderHook.run(Spri
ngBootContextLoader.jav
a:595)
	at org.springframework
.boot.test.context.Spri
ngBootContextLoader.loa
dContext(SpringBootCont
extLoader.java:152)
	at org.springframework
.boot.test.context.Spri
ngBootContextLoader.loa
dContext(SpringBootCont
extLoader.java:111)
	at org.springframework
.test.context.cache.Def
aultCacheAwareContextLo
aderDelegate.loadContex
tInternal(DefaultCacheA
wareContextLoaderDelega
te.java:225)
	at org.springframework
.test.context.cache.Def
aultCacheAwareContextLo
aderDelegate.loadContex
t(DefaultCacheAwareCont
extLoaderDelegate.java:
152)
	at org.springframework
.test.context.support.D
efaultTestContext.getAp
plicationContext(Defaul
tTestContext.java:130)
	at org.springframework
.boot.test.mock.mockito
.MockitoTestExecutionLi
stener.postProcessField
s(MockitoTestExecutionL
istener.java:128)
	at org.springframework
.boot.test.mock.mockito
.MockitoTestExecutionLi
stener.injectFields(Moc
kitoTestExecutionListen
er.java:112)
	at org.springframework
.boot.test.mock.mockito
.MockitoTestExecutionLi
stener.prepareTestInsta
nce(MockitoTestExecutio
nListener.java:69)
	at org.springframework
.test.context.TestConte
xtManager.prepareTestIn
stance(TestContextManag
er.java:260)
	at org.springframework
.test.context.junit4.Sp
ringJUnit4ClassRunner.c
reateTest(SpringJUnit4C
lassRunner.java:228)
	at org.springframework
.test.context.junit4.Sp
ringJUnit4ClassRunner$1
.runReflectiveCall(Spri
ngJUnit4ClassRunner.jav
a:289)
	at org.junit.internal.
runners.model.Reflectiv
eCallable.run(Reflectiv
eCallable.java:12)
	at org.springframework
.test.context.junit4.Sp
ringJUnit4ClassRunner.m
ethodBlock(SpringJUnit4
ClassRunner.java:291)
	at org.springframework
.test.context.junit4.Sp
ringJUnit4ClassRunner.r
unChild(SpringJUnit4Cla
ssRunner.java:247)
	at org.springframework
.test.context.junit4.Sp
ringJUnit4ClassRunner.r
unChild(SpringJUnit4Cla
ssRunner.java:97)
	at org.junit.runners.P
arentRunner$4.run(Paren
tRunner.java:331)
	at org.junit.runners.P
arentRunner$1.schedule(
ParentRunner.java:79)
	at org.junit.runners.P
arentRunner.runChildren
(ParentRunner.java:329)
	at org.junit.runners.P
arentRunner.access$100(
ParentRunner.java:66)
	at org.junit.runners.P
arentRunner$2.evaluate(
ParentRunner.java:293)
	at org.springframework
.test.context.junit4.st
atements.RunBeforeTestC
lassCallbacks.evaluate(
RunBeforeTestClassCallb
acks.java:61)
	at org.springframework
.test.context.junit4.st
atements.RunAfterTestCl
assCallbacks.evaluate(R
unAfterTestClassCallbac
ks.java:70)
	at org.junit.runners.P
arentRunner$3.evaluate(
ParentRunner.java:306)
	at org.junit.runners.P
arentRunner.run(ParentR
unner.java:413)
	at org.springframework
.test.context.junit4.Sp
ringJUnit4ClassRunner.r
un(SpringJUnit4ClassRun
ner.java:191)
	at org.junit.runner.JU
nitCore.run(JUnitCore.j
ava:137)
	at org.junit.runner.JU
nitCore.run(JUnitCore.j
ava:115)
	at org.junit.vintage.e
ngine.execution.RunnerE
xecutor.execute(RunnerE
xecutor.java:42)
	at org.junit.vintage.e
ngine.execution.Vintage
Executor.executeClasses
AndMethodsSequentially(
VintageExecutor.java:93
)
	at org.junit.vintage.e
ngine.execution.Vintage
Executor.executeAllChil
dren(VintageExecutor.ja
va:73)
	at org.junit.vintage.e
ngine.VintageTestEngine
.execute(VintageTestEng
ine.java:70)
	at org.junit.platform.
launcher.core.EngineExe
cutionOrchestrator.exec
ute(EngineExecutionOrch
estrator.java:201)
	at org.junit.platform.
launcher.core.EngineExe
cutionOrchestrator.exec
ute(EngineExecutionOrch
estrator.java:170)
	at org.junit.platform.
launcher.core.EngineExe
cutionOrchestrator.exec
ute(EngineExecutionOrch
estrator.java:94)
	at org.junit.platform.
launcher.core.EngineExe
cutionOrchestrator.lamb
da$execute$0(EngineExec
utionOrchestrator.java:
59)
	at org.junit.platform.
launcher.core.EngineExe
cutionOrchestrator.with
InterceptedStreams(Engi
neExecutionOrchestrator
.java:142)
	at org.junit.platform.
launcher.core.EngineExe
cutionOrchestrator.exec
ute(EngineExecutionOrch
estrator.java:58)
	at org.junit.platform.
launcher.core.DefaultLa
uncher.execute(DefaultL
auncher.java:103)
	at org.junit.platform.
launcher.core.DefaultLa
uncher.execute(DefaultL
auncher.java:85)
	at org.junit.platform.
launcher.core.Delegatin
gLauncher.execute(Deleg
atingLauncher.java:47)
	at org.junit.platform.
launcher.core.Intercept
ingLauncher.lambda$exec
ute$1(InterceptingLaunc
her.java:39)
	at org.junit.platform.
launcher.core.Classpath
AlignmentCheckingLaunch
erInterceptor.intercept
(ClasspathAlignmentChec
kingLauncherInterceptor
.java:25)
	at org.junit.platform.
launcher.core.Intercept
ingLauncher.execute(Int
erceptingLauncher.java:
38)
	at org.junit.platform.
launcher.core.Delegatin
gLauncher.execute(Deleg
atingLauncher.java:47)
	at org.apache.maven.su
refire.junitplatform.La
uncherAdapter.executeWi
thoutCancellationToken(
LauncherAdapter.java:60
)
	at org.apache.maven.su
refire.junitplatform.La
uncherAdapter.execute(L
auncherAdapter.java:52)
	at org.apache.maven.su
refire.junitplatform.JU
nitPlatformProvider.exe
cute(JUnitPlatformProvi
der.java:203)
	at org.apache.maven.su
refire.junitplatform.JU
nitPlatformProvider.inv
okeAllTests(JUnitPlatfo
rmProvider.java:168)
	at org.apache.maven.su
refire.junitplatform.JU
nitPlatformProvider.inv
oke(JUnitPlatformProvid
er.java:136)
	at org.apache.maven.su
refire.booter.ForkedBoo
ter.runSuitesInProcess(
ForkedBooter.java:385)
	at org.apache.maven.su
refire.booter.ForkedBoo
ter.execute(ForkedBoote
r.java:162)
	at org.apache.maven.su
refire.booter.ForkedBoo
ter.run(ForkedBooter.ja
va:507)
	at org.apache.maven.su
refire.booter.ForkedBoo
ter.main(ForkedBooter.j
ava:495)
Caused by: 
java.io.IOException: 
Error while 
instrumenting net/byteb
uddy/jar/asmjdkbridge/A
smWrappedAttribute$AsmM
oduleHashesAttribute 
with JaCoCo 0.8.11.2023
10140853/f33756c.
	at org.jacoco.agent.rt
.internal_4742761.core.
instr.Instrumenter.inst
rumentError(Instrumente
r.java:161)
	at org.jacoco.agent.rt
.internal_4742761.core.
instr.Instrumenter.inst
rument(Instrumenter.jav
a:111)
	at org.jacoco.agent.rt
.internal_4742761.Cover
ageTransformer.transfor
m(CoverageTransformer.j
ava:92)
	... 102 more
Caused by: java.lang.Il
legalArgumentException:
 Unsupported class 
file major version 68
	at org.jacoco.agent.rt
.internal_4742761.asm.C
lassReader.<init>(Class
Reader.java:200)
	at org.jacoco.agent.rt
.internal_4742761.asm.C
lassReader.<init>(Class
Reader.java:180)
	at org.jacoco.agent.rt
.internal_4742761.asm.C
lassReader.<init>(Class
Reader.java:166)
	at org.jacoco.agent.rt
.internal_4742761.core.
internal.instr.InstrSup
port.classReaderFor(Ins
trSupport.java:280)
	at org.jacoco.agent.rt
.internal_4742761.core.
instr.Instrumenter.inst
rument(Instrumenter.jav
a:77)
	at org.jacoco.agent.rt
.internal_4742761.core.
instr.Instrumenter.inst
rument(Instrumenter.jav
a:109)
	... 103 more
java.lang.instrument.Il
legalClassFormatExcepti
on: Error while 
instrumenting net/byteb
uddy/jar/asmjdkbridge/A
smWrappedAttribute$AsmM
oduleResolutionAttribut
e with JaCoCo 0.8.11.20
2310140853/f33756c.
	at org.jacoco.agent.rt
.internal_4742761.Cover
ageTransformer.transfor
m(CoverageTransformer.j
ava:94)
	at java.instrument/jav
a.lang.instrument.Class
FileTransformer.transfo
rm(ClassFileTransformer
.java:257)
	at java.instrument/sun
.instrument.Transformer
Manager.transform(Trans
formerManager.java:188)
	at java.instrument/sun
.instrument.Instrumenta
tionImpl.transform(Inst
rumentationImpl.java:59
4)
	at java.base/java.lang
.ClassLoader.defineClas
s1(Native Method)
	at java.base/java.lang
.ClassLoader.defineClas
s(ClassLoader.java:962)
	at java.base/java.secu
rity.SecureClassLoader.
defineClass(SecureClass
Loader.java:132)
	at java.base/jdk.inter
nal.loader.BuiltinClass
Loader.defineClass(Buil
tinClassLoader.java:776
)
	at java.base/jdk.inter
nal.loader.BuiltinClass
Loader.findClassOnClass
PathOrNull(BuiltinClass
Loader.java:691)
	at java.base/jdk.inter
nal.loader.BuiltinClass
Loader.loadClassOrNull(
BuiltinClassLoader.java
:620)
	at java.base/jdk.inter
nal.loader.BuiltinClass
Loader.loadClass(Builti
nClassLoader.java:578)
	at java.base/java.lang
.ClassLoader.loadClass(
ClassLoader.java:490)
	at java.base/java.lang
.Class.forName0(Native 
Method)
	at java.base/java.lang
.Class.forName(Class.ja
va:463)
	at java.base/java.lang
.Class.forName(Class.ja
va:454)
	at net.bytebuddy.utili
ty.AsmClassWriter$Facto
ry$Default.<clinit>(Asm
ClassWriter.java:205)
	at net.bytebuddy.ByteB
uddy.<init>(ByteBuddy.j
ava:322)
	at net.bytebuddy.ByteB
uddy.<init>(ByteBuddy.j
ava:313)
	at org.mockito.interna
l.creation.bytebuddy.In
lineBytecodeGenerator.<
init>(InlineBytecodeGen
erator.java:92)
	at org.mockito.interna
l.creation.bytebuddy.In
lineDelegateByteBuddyMo
ckMaker.<init>(InlineDe
legateByteBuddyMockMake
r.java:354)
	at org.mockito.interna
l.creation.bytebuddy.In
lineByteBuddyMockMaker.
<init>(InlineByteBuddyM
ockMaker.java:23)
	at java.base/jdk.inter
nal.reflect.DirectConst
ructorHandleAccessor.ne
wInstance(DirectConstru
ctorHandleAccessor.java
:62)
	at java.base/java.lang
.reflect.Constructor.ne
wInstanceWithCaller(Con
structor.java:499)
	at java.base/java.lang
.reflect.Constructor.ne
wInstance(Constructor.j
ava:483)
	at org.mockito.interna
l.configuration.plugins
.DefaultMockitoPlugins.
create(DefaultMockitoPl
ugins.java:103)
	at org.mockito.interna
l.configuration.plugins
.DefaultMockitoPlugins.
getDefaultPlugin(Defaul
tMockitoPlugins.java:79
)
	at org.mockito.interna
l.configuration.plugins
.PluginLoader.loadPlugi
n(PluginLoader.java:75)
	at org.mockito.interna
l.configuration.plugins
.PluginLoader.loadPlugi
n(PluginLoader.java:49)
	at org.mockito.interna
l.configuration.plugins
.PluginRegistry.<init>(
PluginRegistry.java:29)
	at org.mockito.interna
l.configuration.plugins
.Plugins.<clinit>(Plugi
ns.java:26)
	at org.mockito.interna
l.MockitoCore.<clinit>(
MockitoCore.java:71)
	at org.mockito.Mockito
.<clinit>(Mockito.java:
1777)
	at org.springframework
.boot.test.mock.mockito
.MockReset.withSettings
(MockReset.java:84)
	at org.springframework
.boot.test.mock.mockito
.MockDefinition.createM
ock(MockDefinition.java
:150)
	at org.springframework
.boot.test.mock.mockito
.MockitoPostProcessor.r
egisterMock(MockitoPost
Processor.java:190)
	at org.springframework
.boot.test.mock.mockito
.MockitoPostProcessor.r
egister(MockitoPostProc
essor.java:172)
	at org.springframework
.boot.test.mock.mockito
.MockitoPostProcessor.p
ostProcessBeanFactory(M
ockitoPostProcessor.jav
a:146)
	at org.springframework
.boot.test.mock.mockito
.MockitoPostProcessor.p
ostProcessBeanFactory(M
ockitoPostProcessor.jav
a:134)
	at org.springframework
.context.support.PostPr
ocessorRegistrationDele
gate.invokeBeanFactoryP
ostProcessors(PostProce
ssorRegistrationDelegat
e.java:363)
	at org.springframework
.context.support.PostPr
ocessorRegistrationDele
gate.invokeBeanFactoryP
ostProcessors(PostProce
ssorRegistrationDelegat
e.java:197)
	at org.springframework
.context.support.Abstra
ctApplicationContext.in
vokeBeanFactoryPostProc
essors(AbstractApplicat
ionContext.java:792)
	at org.springframework
.context.support.Abstra
ctApplicationContext.re
fresh(AbstractApplicati
onContext.java:610)
	at org.springframework
.boot.SpringApplication
.refresh(SpringApplicat
ion.java:752)
	at org.springframework
.boot.SpringApplication
.refreshContext(SpringA
pplication.java:439)
	at org.springframework
.boot.SpringApplication
.run(SpringApplication.
java:318)
	at org.springframework
.boot.test.context.Spri
ngBootContextLoader.lam
bda$loadContext$3(Sprin
gBootContextLoader.java
:152)
	at org.springframework
.util.function.Throwing
Supplier.get(ThrowingSu
pplier.java:58)
	at org.springframework
.util.function.Throwing
Supplier.get(ThrowingSu
pplier.java:46)
	at org.springframework
.boot.SpringApplication
.withHook(SpringApplica
tion.java:1461)
	at org.springframework
.boot.test.context.Spri
ngBootContextLoader$Con
textLoaderHook.run(Spri
ngBootContextLoader.jav
a:595)
	at org.springframework
.boot.test.context.Spri
ngBootContextLoader.loa
dContext(SpringBootCont
extLoader.java:152)
	at org.springframework
.boot.test.context.Spri
ngBootContextLoader.loa
dContext(SpringBootCont
extLoader.java:111)
	at org.springframework
.test.context.cache.Def
aultCacheAwareContextLo
aderDelegate.loadContex
tInternal(DefaultCacheA
wareContextLoaderDelega
te.java:225)
	at org.springframework
.test.context.cache.Def
aultCacheAwareContextLo
aderDelegate.loadContex
t(DefaultCacheAwareCont
extLoaderDelegate.java:
152)
	at org.springframework
.test.context.support.D
efaultTestContext.getAp
plicationContext(Defaul
tTestContext.java:130)
	at org.springframework
.boot.test.mock.mockito
.MockitoTestExecutionLi
stener.postProcessField
s(MockitoTestExecutionL
istener.java:128)
	at org.springframework
.boot.test.mock.mockito
.MockitoTestExecutionLi
stener.injectFields(Moc
kitoTestExecutionListen
er.java:112)
	at org.springframework
.boot.test.mock.mockito
.MockitoTestExecutionLi
stener.prepareTestInsta
nce(MockitoTestExecutio
nListener.java:69)
	at org.springframework
.test.context.TestConte
xtManager.prepareTestIn
stance(TestContextManag
er.java:260)
	at org.springframework
.test.context.junit4.Sp
ringJUnit4ClassRunner.c
reateTest(SpringJUnit4C
lassRunner.java:228)
	at org.springframework
.test.context.junit4.Sp
ringJUnit4ClassRunner$1
.runReflectiveCall(Spri
ngJUnit4ClassRunner.jav
a:289)
	at org.junit.internal.
runners.model.Reflectiv
eCallable.run(Reflectiv
eCallable.java:12)
	at org.springframework
.test.context.junit4.Sp
ringJUnit4ClassRunner.m
ethodBlock(SpringJUnit4
ClassRunner.java:291)
	at org.springframework
.test.context.junit4.Sp
ringJUnit4ClassRunner.r
unChild(SpringJUnit4Cla
ssRunner.java:247)
	at org.springframework
.test.context.junit4.Sp
ringJUnit4ClassRunner.r
unChild(SpringJUnit4Cla
ssRunner.java:97)
	at org.junit.runners.P
arentRunner$4.run(Paren
tRunner.java:331)
	at org.junit.runners.P
arentRunner$1.schedule(
ParentRunner.java:79)
	at org.junit.runners.P
arentRunner.runChildren
(ParentRunner.java:329)
	at org.junit.runners.P
arentRunner.access$100(
ParentRunner.java:66)
	at org.junit.runners.P
arentRunner$2.evaluate(
ParentRunner.java:293)
	at org.springframework
.test.context.junit4.st
atements.RunBeforeTestC
lassCallbacks.evaluate(
RunBeforeTestClassCallb
acks.java:61)
	at org.springframework
.test.context.junit4.st
atements.RunAfterTestCl
assCallbacks.evaluate(R
unAfterTestClassCallbac
ks.java:70)
	at org.junit.runners.P
arentRunner$3.evaluate(
ParentRunner.java:306)
	at org.junit.runners.P
arentRunner.run(ParentR
unner.java:413)
	at org.springframework
.test.context.junit4.Sp
ringJUnit4ClassRunner.r
un(SpringJUnit4ClassRun
ner.java:191)
	at org.junit.runner.JU
nitCore.run(JUnitCore.j
ava:137)
	at org.junit.runner.JU
nitCore.run(JUnitCore.j
ava:115)
	at org.junit.vintage.e
ngine.execution.RunnerE
xecutor.execute(RunnerE
xecutor.java:42)
	at org.junit.vintage.e
ngine.execution.Vintage
Executor.executeClasses
AndMethodsSequentially(
VintageExecutor.java:93
)
	at org.junit.vintage.e
ngine.execution.Vintage
Executor.executeAllChil
dren(VintageExecutor.ja
va:73)
	at org.junit.vintage.e
ngine.VintageTestEngine
.execute(VintageTestEng
ine.java:70)
	at org.junit.platform.
launcher.core.EngineExe
cutionOrchestrator.exec
ute(EngineExecutionOrch
estrator.java:201)
	at org.junit.platform.
launcher.core.EngineExe
cutionOrchestrator.exec
ute(EngineExecutionOrch
estrator.java:170)
	at org.junit.platform.
launcher.core.EngineExe
cutionOrchestrator.exec
ute(EngineExecutionOrch
estrator.java:94)
	at org.junit.platform.
launcher.core.EngineExe
cutionOrchestrator.lamb
da$execute$0(EngineExec
utionOrchestrator.java:
59)
	at org.junit.platform.
launcher.core.EngineExe
cutionOrchestrator.with
InterceptedStreams(Engi
neExecutionOrchestrator
.java:142)
	at org.junit.platform.
launcher.core.EngineExe
cutionOrchestrator.exec
ute(EngineExecutionOrch
estrator.java:58)
	at org.junit.platform.
launcher.core.DefaultLa
uncher.execute(DefaultL
auncher.java:103)
	at org.junit.platform.
launcher.core.DefaultLa
uncher.execute(DefaultL
auncher.java:85)
	at org.junit.platform.
launcher.core.Delegatin
gLauncher.execute(Deleg
atingLauncher.java:47)
	at org.junit.platform.
launcher.core.Intercept
ingLauncher.lambda$exec
ute$1(InterceptingLaunc
her.java:39)
	at org.junit.platform.
launcher.core.Classpath
AlignmentCheckingLaunch
erInterceptor.intercept
(ClasspathAlignmentChec
kingLauncherInterceptor
.java:25)
	at org.junit.platform.
launcher.core.Intercept
ingLauncher.execute(Int
erceptingLauncher.java:
38)
	at org.junit.platform.
launcher.core.Delegatin
gLauncher.execute(Deleg
atingLauncher.java:47)
	at org.apache.maven.su
refire.junitplatform.La
uncherAdapter.executeWi
thoutCancellationToken(
LauncherAdapter.java:60
)
	at org.apache.maven.su
refire.junitplatform.La
uncherAdapter.execute(L
auncherAdapter.java:52)
	at org.apache.maven.su
refire.junitplatform.JU
nitPlatformProvider.exe
cute(JUnitPlatformProvi
der.java:203)
	at org.apache.maven.su
refire.junitplatform.JU
nitPlatformProvider.inv
okeAllTests(JUnitPlatfo
rmProvider.java:168)
	at org.apache.maven.su
refire.junitplatform.JU
nitPlatformProvider.inv
oke(JUnitPlatformProvid
er.java:136)
	at org.apache.maven.su
refire.booter.ForkedBoo
ter.runSuitesInProcess(
ForkedBooter.java:385)
	at org.apache.maven.su
refire.booter.ForkedBoo
ter.execute(ForkedBoote
r.java:162)
	at org.apache.maven.su
refire.booter.ForkedBoo
ter.run(ForkedBooter.ja
va:507)
	at org.apache.maven.su
refire.booter.ForkedBoo
ter.main(ForkedBooter.j
ava:495)
Caused by: 
java.io.IOException: 
Error while 
instrumenting net/byteb
uddy/jar/asmjdkbridge/A
smWrappedAttribute$AsmM
oduleResolutionAttribut
e with JaCoCo 0.8.11.20
2310140853/f33756c.
	at org.jacoco.agent.rt
.internal_4742761.core.
instr.Instrumenter.inst
rumentError(Instrumente
r.java:161)
	at org.jacoco.agent.rt
.internal_4742761.core.
instr.Instrumenter.inst
rument(Instrumenter.jav
a:111)
	at org.jacoco.agent.rt
.internal_4742761.Cover
ageTransformer.transfor
m(CoverageTransformer.j
ava:92)
	... 102 more
Caused by: java.lang.Il
legalArgumentException:
 Unsupported class 
file major version 68
	at org.jacoco.agent.rt
.internal_4742761.asm.C
lassReader.<init>(Class
Reader.java:200)
	at org.jacoco.agent.rt
.internal_4742761.asm.C
lassReader.<init>(Class
Reader.java:180)
	at org.jacoco.agent.rt
.internal_4742761.asm.C
lassReader.<init>(Class
Reader.java:166)
	at org.jacoco.agent.rt
.internal_4742761.core.
internal.instr.InstrSup
port.classReaderFor(Ins
trSupport.java:280)
	at org.jacoco.agent.rt
.internal_4742761.core.
instr.Instrumenter.inst
rument(Instrumenter.jav
a:77)
	at org.jacoco.agent.rt
.internal_4742761.core.
instr.Instrumenter.inst
rument(Instrumenter.jav
a:109)
	... 103 more
java.lang.instrument.Il
legalClassFormatExcepti
on: Error while 
instrumenting net/byteb
uddy/utility/Invoker$Di
spatcher with JaCoCo 0.
8.11.202310140853/f3375
6c.
	at org.jacoco.agent.rt
.internal_4742761.Cover
ageTransformer.transfor
m(CoverageTransformer.j
ava:94)
	at java.instrument/jav
a.lang.instrument.Class
FileTransformer.transfo
rm(ClassFileTransformer
.java:257)
	at java.instrument/sun
.instrument.Transformer
Manager.transform(Trans
formerManager.java:188)
	at java.instrument/sun
.instrument.Instrumenta
tionImpl.transform(Inst
rumentationImpl.java:59
4)
	at java.base/java.lang
.ClassLoader.defineClas
s1(Native Method)
	at java.base/java.lang
.ClassLoader.defineClas
s(ClassLoader.java:962)
	at net.bytebuddy.utili
ty.dispatcher.JavaDispa
tcher$DynamicClassLoade
r.invoker(JavaDispatche
r.java:1389)
	at net.bytebuddy.utili
ty.dispatcher.JavaDispa
tcher$InvokerCreationAc
tion.run(JavaDispatcher
.java:465)
	at net.bytebuddy.utili
ty.dispatcher.JavaDispa
tcher$InvokerCreationAc
tion.run(JavaDispatcher
.java:458)
	at java.base/java.secu
rity.AccessController.d
oPrivileged(AccessContr
oller.java:74)
	at net.bytebuddy.utili
ty.dispatcher.JavaDispa
tcher.doPrivileged(Java
Dispatcher.java)
	at net.bytebuddy.utili
ty.dispatcher.JavaDispa
tcher.<clinit>(JavaDisp
atcher.java:88)
	at net.bytebuddy.descr
iption.type.TypeDescrip
tion$ForLoadedType.<cli
nit>(TypeDescription.ja
va:8746)
	at net.bytebuddy.match
er.ElementMatchers.isFi
nalizer(ElementMatchers
.java:1624)
	at net.bytebuddy.match
er.ElementMatchers.isDe
faultFinalizer(ElementM
atchers.java:1614)
	at net.bytebuddy.ByteB
uddy.<init>(ByteBuddy.j
ava:340)
	at net.bytebuddy.ByteB
uddy.<init>(ByteBuddy.j
ava:313)
	at org.mockito.interna
l.creation.bytebuddy.In
lineBytecodeGenerator.<
init>(InlineBytecodeGen
erator.java:92)
	at org.mockito.interna
l.creation.bytebuddy.In
lineDelegateByteBuddyMo
ckMaker.<init>(InlineDe
legateByteBuddyMockMake
r.java:354)
	at org.mockito.interna
l.creation.bytebuddy.In
lineByteBuddyMockMaker.
<init>(InlineByteBuddyM
ockMaker.java:23)
	at java.base/jdk.inter
nal.reflect.DirectConst
ructorHandleAccessor.ne
wInstance(DirectConstru
ctorHandleAccessor.java
:62)
	at java.base/java.lang
.reflect.Constructor.ne
wInstanceWithCaller(Con
structor.java:499)
	at java.base/java.lang
.reflect.Constructor.ne
wInstance(Constructor.j
ava:483)
	at org.mockito.interna
l.configuration.plugins
.DefaultMockitoPlugins.
create(DefaultMockitoPl
ugins.java:103)
	at org.mockito.interna
l.configuration.plugins
.DefaultMockitoPlugins.
getDefaultPlugin(Defaul
tMockitoPlugins.java:79
)
	at org.mockito.interna
l.configuration.plugins
.PluginLoader.loadPlugi
n(PluginLoader.java:75)
	at org.mockito.interna
l.configuration.plugins
.PluginLoader.loadPlugi
n(PluginLoader.java:49)
	at org.mockito.interna
l.configuration.plugins
.PluginRegistry.<init>(
PluginRegistry.java:29)
	at org.mockito.interna
l.configuration.plugins
.Plugins.<clinit>(Plugi
ns.java:26)
	at org.mockito.interna
l.MockitoCore.<clinit>(
MockitoCore.java:71)
	at org.mockito.Mockito
.<clinit>(Mockito.java:
1777)
	at org.springframework
.boot.test.mock.mockito
.MockReset.withSettings
(MockReset.java:84)
	at org.springframework
.boot.test.mock.mockito
.MockDefinition.createM
ock(MockDefinition.java
:150)
	at org.springframework
.boot.test.mock.mockito
.MockitoPostProcessor.r
egisterMock(MockitoPost
Processor.java:190)
	at org.springframework
.boot.test.mock.mockito
.MockitoPostProcessor.r
egister(MockitoPostProc
essor.java:172)
	at org.springframework
.boot.test.mock.mockito
.MockitoPostProcessor.p
ostProcessBeanFactory(M
ockitoPostProcessor.jav
a:146)
	at org.springframework
.boot.test.mock.mockito
.MockitoPostProcessor.p
ostProcessBeanFactory(M
ockitoPostProcessor.jav
a:134)
	at org.springframework
.context.support.PostPr
ocessorRegistrationDele
gate.invokeBeanFactoryP
ostProcessors(PostProce
ssorRegistrationDelegat
e.java:363)
	at org.springframework
.context.support.PostPr
ocessorRegistrationDele
gate.invokeBeanFactoryP
ostProcessors(PostProce
ssorRegistrationDelegat
e.java:197)
	at org.springframework
.context.support.Abstra
ctApplicationContext.in
vokeBeanFactoryPostProc
essors(AbstractApplicat
ionContext.java:792)
	at org.springframework
.context.support.Abstra
ctApplicationContext.re
fresh(AbstractApplicati
onContext.java:610)
	at org.springframework
.boot.SpringApplication
.refresh(SpringApplicat
ion.java:752)
	at org.springframework
.boot.SpringApplication
.refreshContext(SpringA
pplication.java:439)
	at org.springframework
.boot.SpringApplication
.run(SpringApplication.
java:318)
	at org.springframework
.boot.test.context.Spri
ngBootContextLoader.lam
bda$loadContext$3(Sprin
gBootContextLoader.java
:152)
	at org.springframework
.util.function.Throwing
Supplier.get(ThrowingSu
pplier.java:58)
	at org.springframework
.util.function.Throwing
Supplier.get(ThrowingSu
pplier.java:46)
	at org.springframework
.boot.SpringApplication
.withHook(SpringApplica
tion.java:1461)
	at org.springframework
.boot.test.context.Spri
ngBootContextLoader$Con
textLoaderHook.run(Spri
ngBootContextLoader.jav
a:595)
	at org.springframework
.boot.test.context.Spri
ngBootContextLoader.loa
dContext(SpringBootCont
extLoader.java:152)
	at org.springframework
.boot.test.context.Spri
ngBootContextLoader.loa
dContext(SpringBootCont
extLoader.java:111)
	at org.springframework
.test.context.cache.Def
aultCacheAwareContextLo
aderDelegate.loadContex
tInternal(DefaultCacheA
wareContextLoaderDelega
te.java:225)
	at org.springframework
.test.context.cache.Def
aultCacheAwareContextLo
aderDelegate.loadContex
t(DefaultCacheAwareCont
extLoaderDelegate.java:
152)
	at org.springframework
.test.context.support.D
efaultTestContext.getAp
plicationContext(Defaul
tTestContext.java:130)
	at org.springframework
.boot.test.mock.mockito
.MockitoTestExecutionLi
stener.postProcessField
s(MockitoTestExecutionL
istener.java:128)
	at org.springframework
.boot.test.mock.mockito
.MockitoTestExecutionLi
stener.injectFields(Moc
kitoTestExecutionListen
er.java:112)
	at org.springframework
.boot.test.mock.mockito
.MockitoTestExecutionLi
stener.prepareTestInsta
nce(MockitoTestExecutio
nListener.java:69)
	at org.springframework
.test.context.TestConte
xtManager.prepareTestIn
stance(TestContextManag
er.java:260)
	at org.springframework
.test.context.junit4.Sp
ringJUnit4ClassRunner.c
reateTest(SpringJUnit4C
lassRunner.java:228)
	at org.springframework
.test.context.junit4.Sp
ringJUnit4ClassRunner$1
.runReflectiveCall(Spri
ngJUnit4ClassRunner.jav
a:289)
	at org.junit.internal.
runners.model.Reflectiv
eCallable.run(Reflectiv
eCallable.java:12)
	at org.springframework
.test.context.junit4.Sp
ringJUnit4ClassRunner.m
ethodBlock(SpringJUnit4
ClassRunner.java:291)
	at org.springframework
.test.context.junit4.Sp
ringJUnit4ClassRunner.r
unChild(SpringJUnit4Cla
ssRunner.java:247)
	at org.springframework
.test.context.junit4.Sp
ringJUnit4ClassRunner.r
unChild(SpringJUnit4Cla
ssRunner.java:97)
	at org.junit.runners.P
arentRunner$4.run(Paren
tRunner.java:331)
	at org.junit.runners.P
arentRunner$1.schedule(
ParentRunner.java:79)
	at org.junit.runners.P
arentRunner.runChildren
(ParentRunner.java:329)
	at org.junit.runners.P
arentRunner.access$100(
ParentRunner.java:66)
	at org.junit.runners.P
arentRunner$2.evaluate(
ParentRunner.java:293)
	at org.springframework
.test.context.junit4.st
atements.RunBeforeTestC
lassCallbacks.evaluate(
RunBeforeTestClassCallb
acks.java:61)
	at org.springframework
.test.context.junit4.st
atements.RunAfterTestCl
assCallbacks.evaluate(R
unAfterTestClassCallbac
ks.java:70)
	at org.junit.runners.P
arentRunner$3.evaluate(
ParentRunner.java:306)
	at org.junit.runners.P
arentRunner.run(ParentR
unner.java:413)
	at org.springframework
.test.context.junit4.Sp
ringJUnit4ClassRunner.r
un(SpringJUnit4ClassRun
ner.java:191)
	at org.junit.runner.JU
nitCore.run(JUnitCore.j
ava:137)
	at org.junit.runner.JU
nitCore.run(JUnitCore.j
ava:115)
	at org.junit.vintage.e
ngine.execution.RunnerE
xecutor.execute(RunnerE
xecutor.java:42)
	at org.junit.vintage.e
ngine.execution.Vintage
Executor.executeClasses
AndMethodsSequentially(
VintageExecutor.java:93
)
	at org.junit.vintage.e
ngine.execution.Vintage
Executor.executeAllChil
dren(VintageExecutor.ja
va:73)
	at org.junit.vintage.e
ngine.VintageTestEngine
.execute(VintageTestEng
ine.java:70)
	at org.junit.platform.
launcher.core.EngineExe
cutionOrchestrator.exec
ute(EngineExecutionOrch
estrator.java:201)
	at org.junit.platform.
launcher.core.EngineExe
cutionOrchestrator.exec
ute(EngineExecutionOrch
estrator.java:170)
	at org.junit.platform.
launcher.core.EngineExe
cutionOrchestrator.exec
ute(EngineExecutionOrch
estrator.java:94)
	at org.junit.platform.
launcher.core.EngineExe
cutionOrchestrator.lamb
da$execute$0(EngineExec
utionOrchestrator.java:
59)
	at org.junit.platform.
launcher.core.EngineExe
cutionOrchestrator.with
InterceptedStreams(Engi
neExecutionOrchestrator
.java:142)
	at org.junit.platform.
launcher.core.EngineExe
cutionOrchestrator.exec
ute(EngineExecutionOrch
estrator.java:58)
	at org.junit.platform.
launcher.core.DefaultLa
uncher.execute(DefaultL
auncher.java:103)
	at org.junit.platform.
launcher.core.DefaultLa
uncher.execute(DefaultL
auncher.java:85)
	at org.junit.platform.
launcher.core.Delegatin
gLauncher.execute(Deleg
atingLauncher.java:47)
	at org.junit.platform.
launcher.core.Intercept
ingLauncher.lambda$exec
ute$1(InterceptingLaunc
her.java:39)
	at org.junit.platform.
launcher.core.Classpath
AlignmentCheckingLaunch
erInterceptor.intercept
(ClasspathAlignmentChec
kingLauncherInterceptor
.java:25)
	at org.junit.platform.
launcher.core.Intercept
ingLauncher.execute(Int
erceptingLauncher.java:
38)
	at org.junit.platform.
launcher.core.Delegatin
gLauncher.execute(Deleg
atingLauncher.java:47)
	at org.apache.maven.su
refire.junitplatform.La
uncherAdapter.executeWi
thoutCancellationToken(
LauncherAdapter.java:60
)
	at org.apache.maven.su
refire.junitplatform.La
uncherAdapter.execute(L
auncherAdapter.java:52)
	at org.apache.maven.su
refire.junitplatform.JU
nitPlatformProvider.exe
cute(JUnitPlatformProvi
der.java:203)
	at org.apache.maven.su
refire.junitplatform.JU
nitPlatformProvider.inv
okeAllTests(JUnitPlatfo
rmProvider.java:168)
	at org.apache.maven.su
refire.junitplatform.JU
nitPlatformProvider.inv
oke(JUnitPlatformProvid
er.java:136)
	at org.apache.maven.su
refire.booter.ForkedBoo
ter.runSuitesInProcess(
ForkedBooter.java:385)
	at org.apache.maven.su
refire.booter.ForkedBoo
ter.execute(ForkedBoote
r.java:162)
	at org.apache.maven.su
refire.booter.ForkedBoo
ter.run(ForkedBooter.ja
va:507)
	at org.apache.maven.su
refire.booter.ForkedBoo
ter.main(ForkedBooter.j
ava:495)
Caused by: 
java.io.IOException: 
Error while 
instrumenting net/byteb
uddy/utility/Invoker$Di
spatcher with JaCoCo 0.
8.11.202310140853/f3375
6c.
	at org.jacoco.agent.rt
.internal_4742761.core.
instr.Instrumenter.inst
rumentError(Instrumente
r.java:161)
	at org.jacoco.agent.rt
.internal_4742761.core.
instr.Instrumenter.inst
rument(Instrumenter.jav
a:111)
	at org.jacoco.agent.rt
.internal_4742761.Cover
ageTransformer.transfor
m(CoverageTransformer.j
ava:92)
	... 101 more
Caused by: java.lang.Il
legalArgumentException:
 Unsupported class 
file major version 68
	at org.jacoco.agent.rt
.internal_4742761.asm.C
lassReader.<init>(Class
Reader.java:200)
	at org.jacoco.agent.rt
.internal_4742761.asm.C
lassReader.<init>(Class
Reader.java:180)
	at org.jacoco.agent.rt
.internal_4742761.asm.C
lassReader.<init>(Class
Reader.java:166)
	at org.jacoco.agent.rt
.internal_4742761.core.
internal.instr.InstrSup
port.classReaderFor(Ins
trSupport.java:280)
	at org.jacoco.agent.rt
.internal_4742761.core.
instr.Instrumenter.inst
rument(Instrumenter.jav
a:77)
	at org.jacoco.agent.rt
.internal_4742761.core.
instr.Instrumenter.inst
rument(Instrumenter.jav
a:109)
	... 102 more
java.lang.instrument.Il
legalClassFormatExcepti
on: Error while 
instrumenting com/revpa
sswordmanager/service/I
UserService$MockitoMock
$Ex3TAYih with JaCoCo 0
.8.11.202310140853/f337
56c.
	at org.jacoco.agent.rt
.internal_4742761.Cover
ageTransformer.transfor
m(CoverageTransformer.j
ava:94)
	at java.instrument/jav
a.lang.instrument.Class
FileTransformer.transfo
rm(ClassFileTransformer
.java:257)
	at java.instrument/sun
.instrument.Transformer
Manager.transform(Trans
formerManager.java:188)
	at java.instrument/sun
.instrument.Instrumenta
tionImpl.transform(Inst
rumentationImpl.java:59
4)
	at java.base/java.lang
.ClassLoader.defineClas
s0(Native Method)
	at java.base/java.lang
.System$1.defineClass(S
ystem.java:2025)
	at java.base/java.lang
.invoke.MethodHandles$L
ookup$ClassDefiner.defi
neClass(MethodHandles.j
ava:2355)
	at java.base/java.lang
.invoke.MethodHandles$L
ookup$ClassDefiner.defi
neClass(MethodHandles.j
ava:2330)
	at java.base/java.lang
.invoke.MethodHandles$L
ookup.defineClass(Metho
dHandles.java:1754)
	at java.base/jdk.inter
nal.reflect.DirectMetho
dHandleAccessor.invoke(
DirectMethodHandleAcces
sor.java:104)
	at java.base/java.lang
.reflect.Method.invoke(
Method.java:565)
	at net.bytebuddy.utili
ty.Invoker$Dispatcher.i
nvoke(Unknown Source)
	at net.bytebuddy.utili
ty.dispatcher.JavaDispa
tcher$Dispatcher$ForNon
StaticMethod.invoke(Jav
aDispatcher.java:1038)
	at net.bytebuddy.utili
ty.dispatcher.JavaDispa
tcher$ProxiedInvocation
Handler.invoke(JavaDisp
atcher.java:1168)
	at jdk.proxy2/jdk.prox
y2.$Proxy150.defineClas
s(Unknown Source)
	at net.bytebuddy.dynam
ic.loading.ClassInjecto
r$UsingLookup.injectRaw
(ClassInjector.java:170
7)
	at net.bytebuddy.dynam
ic.loading.ClassInjecto
r$AbstractBase.injectRa
w(ClassInjector.java:18
8)
	at net.bytebuddy.dynam
ic.loading.ClassInjecto
r$AbstractBase.inject(C
lassInjector.java:176)
	at net.bytebuddy.dynam
ic.loading.ClassLoading
Strategy$UsingLookup.lo
ad(ClassLoadingStrategy
.java:519)
	at net.bytebuddy.dynam
ic.TypeResolutionStrate
gy$Passive.initialize(T
ypeResolutionStrategy.j
ava:101)
	at net.bytebuddy.dynam
ic.DynamicType$Default$
Unloaded.load(DynamicTy
pe.java:6432)
	at org.mockito.interna
l.creation.bytebuddy.Su
bclassBytecodeGenerator
.mockClass(SubclassByte
codeGenerator.java:282)
	at org.mockito.interna
l.creation.bytebuddy.Ty
peCachingBytecodeGenera
tor.lambda$mockClass$0(
TypeCachingBytecodeGene
rator.java:78)
	at net.bytebuddy.TypeC
ache.findOrInsert(TypeC
ache.java:168)
	at net.bytebuddy.TypeC
ache$WithInlineExpuncti
on.findOrInsert(TypeCac
he.java:399)
	at net.bytebuddy.TypeC
ache.findOrInsert(TypeC
ache.java:190)
	at net.bytebuddy.TypeC
ache$WithInlineExpuncti
on.findOrInsert(TypeCac
he.java:410)
	at org.mockito.interna
l.creation.bytebuddy.Ty
peCachingBytecodeGenera
tor.mockClass(TypeCachi
ngBytecodeGenerator.jav
a:75)
	at org.mockito.interna
l.creation.bytebuddy.In
lineBytecodeGenerator.m
ockClass(InlineBytecode
Generator.java:223)
	at org.mockito.interna
l.creation.bytebuddy.Ty
peCachingBytecodeGenera
tor.lambda$mockClass$0(
TypeCachingBytecodeGene
rator.java:78)
	at net.bytebuddy.TypeC
ache.findOrInsert(TypeC
ache.java:168)
	at net.bytebuddy.TypeC
ache$WithInlineExpuncti
on.findOrInsert(TypeCac
he.java:399)
	at net.bytebuddy.TypeC
ache.findOrInsert(TypeC
ache.java:190)
	at net.bytebuddy.TypeC
ache$WithInlineExpuncti
on.findOrInsert(TypeCac
he.java:410)
	at org.mockito.interna
l.creation.bytebuddy.Ty
peCachingBytecodeGenera
tor.mockClass(TypeCachi
ngBytecodeGenerator.jav
a:75)
	at org.mockito.interna
l.creation.bytebuddy.In
lineDelegateByteBuddyMo
ckMaker.createMockType(
InlineDelegateByteBuddy
MockMaker.java:429)
	at org.mockito.interna
l.creation.bytebuddy.In
lineDelegateByteBuddyMo
ckMaker.doCreateMock(In
lineDelegateByteBuddyMo
ckMaker.java:388)
	at org.mockito.interna
l.creation.bytebuddy.In
lineDelegateByteBuddyMo
ckMaker.createMock(Inli
neDelegateByteBuddyMock
Maker.java:367)
	at org.mockito.interna
l.creation.bytebuddy.In
lineByteBuddyMockMaker.
createMock(InlineByteBu
ddyMockMaker.java:56)
	at org.mockito.interna
l.util.MockUtil.createM
ock(MockUtil.java:99)
	at org.mockito.interna
l.MockitoCore.mock(Mock
itoCore.java:84)
	at org.mockito.Mockito
.mock(Mockito.java:2198
)
	at org.springframework
.boot.test.mock.mockito
.MockDefinition.createM
ock(MockDefinition.java
:161)
	at org.springframework
.boot.test.mock.mockito
.MockitoPostProcessor.r
egisterMock(MockitoPost
Processor.java:190)
	at org.springframework
.boot.test.mock.mockito
.MockitoPostProcessor.r
egister(MockitoPostProc
essor.java:172)
	at org.springframework
.boot.test.mock.mockito
.MockitoPostProcessor.p
ostProcessBeanFactory(M
ockitoPostProcessor.jav
a:146)
	at org.springframework
.boot.test.mock.mockito
.MockitoPostProcessor.p
ostProcessBeanFactory(M
ockitoPostProcessor.jav
a:134)
	at org.springframework
.context.support.PostPr
ocessorRegistrationDele
gate.invokeBeanFactoryP
ostProcessors(PostProce
ssorRegistrationDelegat
e.java:363)
	at org.springframework
.context.support.PostPr
ocessorRegistrationDele
gate.invokeBeanFactoryP
ostProcessors(PostProce
ssorRegistrationDelegat
e.java:197)
	at org.springframework
.context.support.Abstra
ctApplicationContext.in
vokeBeanFactoryPostProc
essors(AbstractApplicat
ionContext.java:792)
	at org.springframework
.context.support.Abstra
ctApplicationContext.re
fresh(AbstractApplicati
onContext.java:610)
	at org.springframework
.boot.SpringApplication
.refresh(SpringApplicat
ion.java:752)
	at org.springframework
.boot.SpringApplication
.refreshContext(SpringA
pplication.java:439)
	at org.springframework
.boot.SpringApplication
.run(SpringApplication.
java:318)
	at org.springframework
.boot.test.context.Spri
ngBootContextLoader.lam
bda$loadContext$3(Sprin
gBootContextLoader.java
:152)
	at org.springframework
.util.function.Throwing
Supplier.get(ThrowingSu
pplier.java:58)
	at org.springframework
.util.function.Throwing
Supplier.get(ThrowingSu
pplier.java:46)
	at org.springframework
.boot.SpringApplication
.withHook(SpringApplica
tion.java:1461)
	at org.springframework
.boot.test.context.Spri
ngBootContextLoader$Con
textLoaderHook.run(Spri
ngBootContextLoader.jav
a:595)
	at org.springframework
.boot.test.context.Spri
ngBootContextLoader.loa
dContext(SpringBootCont
extLoader.java:152)
	at org.springframework
.boot.test.context.Spri
ngBootContextLoader.loa
dContext(SpringBootCont
extLoader.java:111)
	at org.springframework
.test.context.cache.Def
aultCacheAwareContextLo
aderDelegate.loadContex
tInternal(DefaultCacheA
wareContextLoaderDelega
te.java:225)
	at org.springframework
.test.context.cache.Def
aultCacheAwareContextLo
aderDelegate.loadContex
t(DefaultCacheAwareCont
extLoaderDelegate.java:
152)
	at org.springframework
.test.context.support.D
efaultTestContext.getAp
plicationContext(Defaul
tTestContext.java:130)
	at org.springframework
.boot.test.mock.mockito
.MockitoTestExecutionLi
stener.postProcessField
s(MockitoTestExecutionL
istener.java:128)
	at org.springframework
.boot.test.mock.mockito
.MockitoTestExecutionLi
stener.injectFields(Moc
kitoTestExecutionListen
er.java:112)
	at org.springframework
.boot.test.mock.mockito
.MockitoTestExecutionLi
stener.prepareTestInsta
nce(MockitoTestExecutio
nListener.java:69)
	at org.springframework
.test.context.TestConte
xtManager.prepareTestIn
stance(TestContextManag
er.java:260)
	at org.springframework
.test.context.junit4.Sp
ringJUnit4ClassRunner.c
reateTest(SpringJUnit4C
lassRunner.java:228)
	at org.springframework
.test.context.junit4.Sp
ringJUnit4ClassRunner$1
.runReflectiveCall(Spri
ngJUnit4ClassRunner.jav
a:289)
	at org.junit.internal.
runners.model.Reflectiv
eCallable.run(Reflectiv
eCallable.java:12)
	at org.springframework
.test.context.junit4.Sp
ringJUnit4ClassRunner.m
ethodBlock(SpringJUnit4
ClassRunner.java:291)
	at org.springframework
.test.context.junit4.Sp
ringJUnit4ClassRunner.r
unChild(SpringJUnit4Cla
ssRunner.java:247)
	at org.springframework
.test.context.junit4.Sp
ringJUnit4ClassRunner.r
unChild(SpringJUnit4Cla
ssRunner.java:97)
	at org.junit.runners.P
arentRunner$4.run(Paren
tRunner.java:331)
	at org.junit.runners.P
arentRunner$1.schedule(
ParentRunner.java:79)
	at org.junit.runners.P
arentRunner.runChildren
(ParentRunner.java:329)
	at org.junit.runners.P
arentRunner.access$100(
ParentRunner.java:66)
	at org.junit.runners.P
arentRunner$2.evaluate(
ParentRunner.java:293)
	at org.springframework
.test.context.junit4.st
atements.RunBeforeTestC
lassCallbacks.evaluate(
RunBeforeTestClassCallb
acks.java:61)
	at org.springframework
.test.context.junit4.st
atements.RunAfterTestCl
assCallbacks.evaluate(R
unAfterTestClassCallbac
ks.java:70)
	at org.junit.runners.P
arentRunner$3.evaluate(
ParentRunner.java:306)
	at org.junit.runners.P
arentRunner.run(ParentR
unner.java:413)
	at org.springframework
.test.context.junit4.Sp
ringJUnit4ClassRunner.r
un(SpringJUnit4ClassRun
ner.java:191)
	at org.junit.runner.JU
nitCore.run(JUnitCore.j
ava:137)
	at org.junit.runner.JU
nitCore.run(JUnitCore.j
ava:115)
	at org.junit.vintage.e
ngine.execution.RunnerE
xecutor.execute(RunnerE
xecutor.java:42)
	at org.junit.vintage.e
ngine.execution.Vintage
Executor.executeClasses
AndMethodsSequentially(
VintageExecutor.java:93
)
	at org.junit.vintage.e
ngine.execution.Vintage
Executor.executeAllChil
dren(VintageExecutor.ja
va:73)
	at org.junit.vintage.e
ngine.VintageTestEngine
.execute(VintageTestEng
ine.java:70)
	at org.junit.platform.
launcher.core.EngineExe
cutionOrchestrator.exec
ute(EngineExecutionOrch
estrator.java:201)
	at org.junit.platform.
launcher.core.EngineExe
cutionOrchestrator.exec
ute(EngineExecutionOrch
estrator.java:170)
	at org.junit.platform.
launcher.core.EngineExe
cutionOrchestrator.exec
ute(EngineExecutionOrch
estrator.java:94)
	at org.junit.platform.
launcher.core.EngineExe
cutionOrchestrator.lamb
da$execute$0(EngineExec
utionOrchestrator.java:
59)
	at org.junit.platform.
launcher.core.EngineExe
cutionOrchestrator.with
InterceptedStreams(Engi
neExecutionOrchestrator
.java:142)
	at org.junit.platform.
launcher.core.EngineExe
cutionOrchestrator.exec
ute(EngineExecutionOrch
estrator.java:58)
	at org.junit.platform.
launcher.core.DefaultLa
uncher.execute(DefaultL
auncher.java:103)
	at org.junit.platform.
launcher.core.DefaultLa
uncher.execute(DefaultL
auncher.java:85)
	at org.junit.platform.
launcher.core.Delegatin
gLauncher.execute(Deleg
atingLauncher.java:47)
	at org.junit.platform.
launcher.core.Intercept
ingLauncher.lambda$exec
ute$1(InterceptingLaunc
her.java:39)
	at org.junit.platform.
launcher.core.Classpath
AlignmentCheckingLaunch
erInterceptor.intercept
(ClasspathAlignmentChec
kingLauncherInterceptor
.java:25)
	at org.junit.platform.
launcher.core.Intercept
ingLauncher.execute(Int
erceptingLauncher.java:
38)
	at org.junit.platform.
launcher.core.Delegatin
gLauncher.execute(Deleg
atingLauncher.java:47)
	at org.apache.maven.su
refire.junitplatform.La
uncherAdapter.executeWi
thoutCancellationToken(
LauncherAdapter.java:60
)
	at org.apache.maven.su
refire.junitplatform.La
uncherAdapter.execute(L
auncherAdapter.java:52)
	at org.apache.maven.su
refire.junitplatform.JU
nitPlatformProvider.exe
cute(JUnitPlatformProvi
der.java:203)
	at org.apache.maven.su
refire.junitplatform.JU
nitPlatformProvider.inv
okeAllTests(JUnitPlatfo
rmProvider.java:168)
	at org.apache.maven.su
refire.junitplatform.JU
nitPlatformProvider.inv
oke(JUnitPlatformProvid
er.java:136)
	at org.apache.maven.su
refire.booter.ForkedBoo
ter.runSuitesInProcess(
ForkedBooter.java:385)
	at org.apache.maven.su
refire.booter.ForkedBoo
ter.execute(ForkedBoote
r.java:162)
	at org.apache.maven.su
refire.booter.ForkedBoo
ter.run(ForkedBooter.ja
va:507)
	at org.apache.maven.su
refire.booter.ForkedBoo
ter.main(ForkedBooter.j
ava:495)
Caused by: 
java.io.IOException: 
Error while 
instrumenting com/revpa
sswordmanager/service/I
UserService$MockitoMock
$Ex3TAYih with JaCoCo 0
.8.11.202310140853/f337
56c.
	at org.jacoco.agent.rt
.internal_4742761.core.
instr.Instrumenter.inst
rumentError(Instrumente
r.java:161)
	at org.jacoco.agent.rt
.internal_4742761.core.
instr.Instrumenter.inst
rument(Instrumenter.jav
a:111)
	at org.jacoco.agent.rt
.internal_4742761.Cover
ageTransformer.transfor
m(CoverageTransformer.j
ava:92)
	... 111 more
Caused by: java.lang.Il
legalArgumentException:
 Unsupported class 
file major version 68
	at org.jacoco.agent.rt
.internal_4742761.asm.C
lassReader.<init>(Class
Reader.java:200)
	at org.jacoco.agent.rt
.internal_4742761.asm.C
lassReader.<init>(Class
Reader.java:180)
	at org.jacoco.agent.rt
.internal_4742761.asm.C
lassReader.<init>(Class
Reader.java:166)
	at org.jacoco.agent.rt
.internal_4742761.core.
internal.instr.InstrSup
port.classReaderFor(Ins
trSupport.java:280)
	at org.jacoco.agent.rt
.internal_4742761.core.
instr.Instrumenter.inst
rument(Instrumenter.jav
a:77)
	at org.jacoco.agent.rt
.internal_4742761.core.
instr.Instrumenter.inst
rument(Instrumenter.jav
a:109)
	... 112 more
java.lang.instrument.Il
legalClassFormatExcepti
on: Error while 
instrumenting com/revpa
sswordmanager/service/I
UserService$MockitoMock
$Ex3TAYih$auxiliary$fuI
ozjqY with JaCoCo 0.8.1
1.202310140853/f33756c.
	at org.jacoco.agent.rt
.internal_4742761.Cover
ageTransformer.transfor
m(CoverageTransformer.j
ava:94)
	at java.instrument/jav
a.lang.instrument.Class
FileTransformer.transfo
rm(ClassFileTransformer
.java:257)
	at java.instrument/sun
.instrument.Transformer
Manager.transform(Trans
formerManager.java:188)
	at java.instrument/sun
.instrument.Instrumenta
tionImpl.transform(Inst
rumentationImpl.java:59
4)
	at java.base/java.lang
.ClassLoader.defineClas
s0(Native Method)
	at java.base/java.lang
.System$1.defineClass(S
ystem.java:2025)
	at java.base/java.lang
.invoke.MethodHandles$L
ookup$ClassDefiner.defi
neClass(MethodHandles.j
ava:2355)
	at java.base/java.lang
.invoke.MethodHandles$L
ookup$ClassDefiner.defi
neClass(MethodHandles.j
ava:2330)
	at java.base/java.lang
.invoke.MethodHandles$L
ookup.defineClass(Metho
dHandles.java:1754)
	at java.base/jdk.inter
nal.reflect.DirectMetho
dHandleAccessor.invoke(
DirectMethodHandleAcces
sor.java:104)
	at java.base/java.lang
.reflect.Method.invoke(
Method.java:565)
	at net.bytebuddy.utili
ty.Invoker$Dispatcher.i
nvoke(Unknown Source)
	at net.bytebuddy.utili
ty.dispatcher.JavaDispa
tcher$Dispatcher$ForNon
StaticMethod.invoke(Jav
aDispatcher.java:1038)
	at net.bytebuddy.utili
ty.dispatcher.JavaDispa
tcher$ProxiedInvocation
Handler.invoke(JavaDisp
atcher.java:1168)
	at jdk.proxy2/jdk.prox
y2.$Proxy150.defineClas
s(Unknown Source)
	at net.bytebuddy.dynam
ic.loading.ClassInjecto
r$UsingLookup.injectRaw
(ClassInjector.java:170
7)
	at net.bytebuddy.dynam
ic.loading.ClassInjecto
r$AbstractBase.injectRa
w(ClassInjector.java:18
8)
	at net.bytebuddy.dynam
ic.loading.ClassInjecto
r$AbstractBase.inject(C
lassInjector.java:176)
	at net.bytebuddy.dynam
ic.loading.ClassLoading
Strategy$UsingLookup.lo
ad(ClassLoadingStrategy
.java:519)
	at net.bytebuddy.dynam
ic.TypeResolutionStrate
gy$Passive.initialize(T
ypeResolutionStrategy.j
ava:101)
	at net.bytebuddy.dynam
ic.DynamicType$Default$
Unloaded.load(DynamicTy
pe.java:6432)
	at org.mockito.interna
l.creation.bytebuddy.Su
bclassBytecodeGenerator
.mockClass(SubclassByte
codeGenerator.java:282)
	at org.mockito.interna
l.creation.bytebuddy.Ty
peCachingBytecodeGenera
tor.lambda$mockClass$0(
TypeCachingBytecodeGene
rator.java:78)
	at net.bytebuddy.TypeC
ache.findOrInsert(TypeC
ache.java:168)
	at net.bytebuddy.TypeC
ache$WithInlineExpuncti
on.findOrInsert(TypeCac
he.java:399)
	at net.bytebuddy.TypeC
ache.findOrInsert(TypeC
ache.java:190)
	at net.bytebuddy.TypeC
ache$WithInlineExpuncti
on.findOrInsert(TypeCac
he.java:410)
	at org.mockito.interna
l.creation.bytebuddy.Ty
peCachingBytecodeGenera
tor.mockClass(TypeCachi
ngBytecodeGenerator.jav
a:75)
	at org.mockito.interna
l.creation.bytebuddy.In
lineBytecodeGenerator.m
ockClass(InlineBytecode
Generator.java:223)
	at org.mockito.interna
l.creation.bytebuddy.Ty
peCachingBytecodeGenera
tor.lambda$mockClass$0(
TypeCachingBytecodeGene
rator.java:78)
	at net.bytebuddy.TypeC
ache.findOrInsert(TypeC
ache.java:168)
	at net.bytebuddy.TypeC
ache$WithInlineExpuncti
on.findOrInsert(TypeCac
he.java:399)
	at net.bytebuddy.TypeC
ache.findOrInsert(TypeC
ache.java:190)
	at net.bytebuddy.TypeC
ache$WithInlineExpuncti
on.findOrInsert(TypeCac
he.java:410)
	at org.mockito.interna
l.creation.bytebuddy.Ty
peCachingBytecodeGenera
tor.mockClass(TypeCachi
ngBytecodeGenerator.jav
a:75)
	at org.mockito.interna
l.creation.bytebuddy.In
lineDelegateByteBuddyMo
ckMaker.createMockType(
InlineDelegateByteBuddy
MockMaker.java:429)
	at org.mockito.interna
l.creation.bytebuddy.In
lineDelegateByteBuddyMo
ckMaker.doCreateMock(In
lineDelegateByteBuddyMo
ckMaker.java:388)
	at org.mockito.interna
l.creation.bytebuddy.In
lineDelegateByteBuddyMo
ckMaker.createMock(Inli
neDelegateByteBuddyMock
Maker.java:367)
	at org.mockito.interna
l.creation.bytebuddy.In
lineByteBuddyMockMaker.
createMock(InlineByteBu
ddyMockMaker.java:56)
	at org.mockito.interna
l.util.MockUtil.createM
ock(MockUtil.java:99)
	at org.mockito.interna
l.MockitoCore.mock(Mock
itoCore.java:84)
	at org.mockito.Mockito
.mock(Mockito.java:2198
)
	at org.springframework
.boot.test.mock.mockito
.MockDefinition.createM
ock(MockDefinition.java
:161)
	at org.springframework
.boot.test.mock.mockito
.MockitoPostProcessor.r
egisterMock(MockitoPost
Processor.java:190)
	at org.springframework
.boot.test.mock.mockito
.MockitoPostProcessor.r
egister(MockitoPostProc
essor.java:172)
	at org.springframework
.boot.test.mock.mockito
.MockitoPostProcessor.p
ostProcessBeanFactory(M
ockitoPostProcessor.jav
a:146)
	at org.springframework
.boot.test.mock.mockito
.MockitoPostProcessor.p
ostProcessBeanFactory(M
ockitoPostProcessor.jav
a:134)
	at org.springframework
.context.support.PostPr
ocessorRegistrationDele
gate.invokeBeanFactoryP
ostProcessors(PostProce
ssorRegistrationDelegat
e.java:363)
	at org.springframework
.context.support.PostPr
ocessorRegistrationDele
gate.invokeBeanFactoryP
ostProcessors(PostProce
ssorRegistrationDelegat
e.java:197)
	at org.springframework
.context.support.Abstra
ctApplicationContext.in
vokeBeanFactoryPostProc
essors(AbstractApplicat
ionContext.java:792)
	at org.springframework
.context.support.Abstra
ctApplicationContext.re
fresh(AbstractApplicati
onContext.java:610)
	at org.springframework
.boot.SpringApplication
.refresh(SpringApplicat
ion.java:752)
	at org.springframework
.boot.SpringApplication
.refreshContext(SpringA
pplication.java:439)
	at org.springframework
.boot.SpringApplication
.run(SpringApplication.
java:318)
	at org.springframework
.boot.test.context.Spri
ngBootContextLoader.lam
bda$loadContext$3(Sprin
gBootContextLoader.java
:152)
	at org.springframework
.util.function.Throwing
Supplier.get(ThrowingSu
pplier.java:58)
	at org.springframework
.util.function.Throwing
Supplier.get(ThrowingSu
pplier.java:46)
	at org.springframework
.boot.SpringApplication
.withHook(SpringApplica
tion.java:1461)
	at org.springframework
.boot.test.context.Spri
ngBootContextLoader$Con
textLoaderHook.run(Spri
ngBootContextLoader.jav
a:595)
	at org.springframework
.boot.test.context.Spri
ngBootContextLoader.loa
dContext(SpringBootCont
extLoader.java:152)
	at org.springframework
.boot.test.context.Spri
ngBootContextLoader.loa
dContext(SpringBootCont
extLoader.java:111)
	at org.springframework
.test.context.cache.Def
aultCacheAwareContextLo
aderDelegate.loadContex
tInternal(DefaultCacheA
wareContextLoaderDelega
te.java:225)
	at org.springframework
.test.context.cache.Def
aultCacheAwareContextLo
aderDelegate.loadContex
t(DefaultCacheAwareCont
extLoaderDelegate.java:
152)
	at org.springframework
.test.context.support.D
efaultTestContext.getAp
plicationContext(Defaul
tTestContext.java:130)
	at org.springframework
.boot.test.mock.mockito
.MockitoTestExecutionLi
stener.postProcessField
s(MockitoTestExecutionL
istener.java:128)
	at org.springframework
.boot.test.mock.mockito
.MockitoTestExecutionLi
stener.injectFields(Moc
kitoTestExecutionListen
er.java:112)
	at org.springframework
.boot.test.mock.mockito
.MockitoTestExecutionLi
stener.prepareTestInsta
nce(MockitoTestExecutio
nListener.java:69)
	at org.springframework
.test.context.TestConte
xtManager.prepareTestIn
stance(TestContextManag
er.java:260)
	at org.springframework
.test.context.junit4.Sp
ringJUnit4ClassRunner.c
reateTest(SpringJUnit4C
lassRunner.java:228)
	at org.springframework
.test.context.junit4.Sp
ringJUnit4ClassRunner$1
.runReflectiveCall(Spri
ngJUnit4ClassRunner.jav
a:289)
	at org.junit.internal.
runners.model.Reflectiv
eCallable.run(Reflectiv
eCallable.java:12)
	at org.springframework
.test.context.junit4.Sp
ringJUnit4ClassRunner.m
ethodBlock(SpringJUnit4
ClassRunner.java:291)
	at org.springframework
.test.context.junit4.Sp
ringJUnit4ClassRunner.r
unChild(SpringJUnit4Cla
ssRunner.java:247)
	at org.springframework
.test.context.junit4.Sp
ringJUnit4ClassRunner.r
unChild(SpringJUnit4Cla
ssRunner.java:97)
	at org.junit.runners.P
arentRunner$4.run(Paren
tRunner.java:331)
	at org.junit.runners.P
arentRunner$1.schedule(
ParentRunner.java:79)
	at org.junit.runners.P
arentRunner.runChildren
(ParentRunner.java:329)
	at org.junit.runners.P
arentRunner.access$100(
ParentRunner.java:66)
	at org.junit.runners.P
arentRunner$2.evaluate(
ParentRunner.java:293)
	at org.springframework
.test.context.junit4.st
atements.RunBeforeTestC
lassCallbacks.evaluate(
RunBeforeTestClassCallb
acks.java:61)
	at org.springframework
.test.context.junit4.st
atements.RunAfterTestCl
assCallbacks.evaluate(R
unAfterTestClassCallbac
ks.java:70)
	at org.junit.runners.P
arentRunner$3.evaluate(
ParentRunner.java:306)
	at org.junit.runners.P
arentRunner.run(ParentR
unner.java:413)
	at org.springframework
.test.context.junit4.Sp
ringJUnit4ClassRunner.r
un(SpringJUnit4ClassRun
ner.java:191)
	at org.junit.runner.JU
nitCore.run(JUnitCore.j
ava:137)
	at org.junit.runner.JU
nitCore.run(JUnitCore.j
ava:115)
	at org.junit.vintage.e
ngine.execution.RunnerE
xecutor.execute(RunnerE
xecutor.java:42)
	at org.junit.vintage.e
ngine.execution.Vintage
Executor.executeClasses
AndMethodsSequentially(
VintageExecutor.java:93
)
	at org.junit.vintage.e
ngine.execution.Vintage
Executor.executeAllChil
dren(VintageExecutor.ja
va:73)
	at org.junit.vintage.e
ngine.VintageTestEngine
.execute(VintageTestEng
ine.java:70)
	at org.junit.platform.
launcher.core.EngineExe
cutionOrchestrator.exec
ute(EngineExecutionOrch
estrator.java:201)
	at org.junit.platform.
launcher.core.EngineExe
cutionOrchestrator.exec
ute(EngineExecutionOrch
estrator.java:170)
	at org.junit.platform.
launcher.core.EngineExe
cutionOrchestrator.exec
ute(EngineExecutionOrch
estrator.java:94)
	at org.junit.platform.
launcher.core.EngineExe
cutionOrchestrator.lamb
da$execute$0(EngineExec
utionOrchestrator.java:
59)
	at org.junit.platform.
launcher.core.EngineExe
cutionOrchestrator.with
InterceptedStreams(Engi
neExecutionOrchestrator
.java:142)
	at org.junit.platform.
launcher.core.EngineExe
cutionOrchestrator.exec
ute(EngineExecutionOrch
estrator.java:58)
	at org.junit.platform.
launcher.core.DefaultLa
uncher.execute(DefaultL
auncher.java:103)
	at org.junit.platform.
launcher.core.DefaultLa
uncher.execute(DefaultL
auncher.java:85)
	at org.junit.platform.
launcher.core.Delegatin
gLauncher.execute(Deleg
atingLauncher.java:47)
	at org.junit.platform.
launcher.core.Intercept
ingLauncher.lambda$exec
ute$1(InterceptingLaunc
her.java:39)
	at org.junit.platform.
launcher.core.Classpath
AlignmentCheckingLaunch
erInterceptor.intercept
(ClasspathAlignmentChec
kingLauncherInterceptor
.java:25)
	at org.junit.platform.
launcher.core.Intercept
ingLauncher.execute(Int
erceptingLauncher.java:
38)
	at org.junit.platform.
launcher.core.Delegatin
gLauncher.execute(Deleg
atingLauncher.java:47)
	at org.apache.maven.su
refire.junitplatform.La
uncherAdapter.executeWi
thoutCancellationToken(
LauncherAdapter.java:60
)
	at org.apache.maven.su
refire.junitplatform.La
uncherAdapter.execute(L
auncherAdapter.java:52)
	at org.apache.maven.su
refire.junitplatform.JU
nitPlatformProvider.exe
cute(JUnitPlatformProvi
der.java:203)
	at org.apache.maven.su
refire.junitplatform.JU
nitPlatformProvider.inv
okeAllTests(JUnitPlatfo
rmProvider.java:168)
	at org.apache.maven.su
refire.junitplatform.JU
nitPlatformProvider.inv
oke(JUnitPlatformProvid
er.java:136)
	at org.apache.maven.su
refire.booter.ForkedBoo
ter.runSuitesInProcess(
ForkedBooter.java:385)
	at org.apache.maven.su
refire.booter.ForkedBoo
ter.execute(ForkedBoote
r.java:162)
	at org.apache.maven.su
refire.booter.ForkedBoo
ter.run(ForkedBooter.ja
va:507)
	at org.apache.maven.su
refire.booter.ForkedBoo
ter.main(ForkedBooter.j
ava:495)
Caused by: 
java.io.IOException: 
Error while 
instrumenting com/revpa
sswordmanager/service/I
UserService$MockitoMock
$Ex3TAYih$auxiliary$fuI
ozjqY with JaCoCo 0.8.1
1.202310140853/f33756c.
	at org.jacoco.agent.rt
.internal_4742761.core.
instr.Instrumenter.inst
rumentError(Instrumente
r.java:161)
	at org.jacoco.agent.rt
.internal_4742761.core.
instr.Instrumenter.inst
rument(Instrumenter.jav
a:111)
	at org.jacoco.agent.rt
.internal_4742761.Cover
ageTransformer.transfor
m(CoverageTransformer.j
ava:92)
	... 111 more
Caused by: java.lang.Il
legalArgumentException:
 Unsupported class 
file major version 68
	at org.jacoco.agent.rt
.internal_4742761.asm.C
lassReader.<init>(Class
Reader.java:200)
	at org.jacoco.agent.rt
.internal_4742761.asm.C
lassReader.<init>(Class
Reader.java:180)
	at org.jacoco.agent.rt
.internal_4742761.asm.C
lassReader.<init>(Class
Reader.java:166)
	at org.jacoco.agent.rt
.internal_4742761.core.
internal.instr.InstrSup
port.classReaderFor(Ins
trSupport.java:280)
	at org.jacoco.agent.rt
.internal_4742761.core.
instr.Instrumenter.inst
rument(Instrumenter.jav
a:77)
	at org.jacoco.agent.rt
.internal_4742761.core.
instr.Instrumenter.inst
rument(Instrumenter.jav
a:109)
	... 112 more
java.lang.instrument.Il
legalClassFormatExcepti
on: Error while 
instrumenting com/revpa
sswordmanager/service/I
UserService$MockitoMock
$Ex3TAYih$auxiliary$YeO
3wYZ0 with JaCoCo 0.8.1
1.202310140853/f33756c.
	at org.jacoco.agent.rt
.internal_4742761.Cover
ageTransformer.transfor
m(CoverageTransformer.j
ava:94)
	at java.instrument/jav
a.lang.instrument.Class
FileTransformer.transfo
rm(ClassFileTransformer
.java:257)
	at java.instrument/sun
.instrument.Transformer
Manager.transform(Trans
formerManager.java:188)
	at java.instrument/sun
.instrument.Instrumenta
tionImpl.transform(Inst
rumentationImpl.java:59
4)
	at java.base/java.lang
.ClassLoader.defineClas
s0(Native Method)
	at java.base/java.lang
.System$1.defineClass(S
ystem.java:2025)
	at java.base/java.lang
.invoke.MethodHandles$L
ookup$ClassDefiner.defi
neClass(MethodHandles.j
ava:2355)
	at java.base/java.lang
.invoke.MethodHandles$L
ookup$ClassDefiner.defi
neClass(MethodHandles.j
ava:2330)
	at java.base/java.lang
.invoke.MethodHandles$L
ookup.defineClass(Metho
dHandles.java:1754)
	at java.base/jdk.inter
nal.reflect.DirectMetho
dHandleAccessor.invoke(
DirectMethodHandleAcces
sor.java:104)
	at java.base/java.lang
.reflect.Method.invoke(
Method.java:565)
	at net.bytebuddy.utili
ty.Invoker$Dispatcher.i
nvoke(Unknown Source)
	at net.bytebuddy.utili
ty.dispatcher.JavaDispa
tcher$Dispatcher$ForNon
StaticMethod.invoke(Jav
aDispatcher.java:1038)
	at net.bytebuddy.utili
ty.dispatcher.JavaDispa
tcher$ProxiedInvocation
Handler.invoke(JavaDisp
atcher.java:1168)
	at jdk.proxy2/jdk.prox
y2.$Proxy150.defineClas
s(Unknown Source)
	at net.bytebuddy.dynam
ic.loading.ClassInjecto
r$UsingLookup.injectRaw
(ClassInjector.java:170
7)
	at net.bytebuddy.dynam
ic.loading.ClassInjecto
r$AbstractBase.injectRa
w(ClassInjector.java:18
8)
	at net.bytebuddy.dynam
ic.loading.ClassInjecto
r$AbstractBase.inject(C
lassInjector.java:176)
	at net.bytebuddy.dynam
ic.loading.ClassLoading
Strategy$UsingLookup.lo
ad(ClassLoadingStrategy
.java:519)
	at net.bytebuddy.dynam
ic.TypeResolutionStrate
gy$Passive.initialize(T
ypeResolutionStrategy.j
ava:101)
	at net.bytebuddy.dynam
ic.DynamicType$Default$
Unloaded.load(DynamicTy
pe.java:6432)
	at org.mockito.interna
l.creation.bytebuddy.Su
bclassBytecodeGenerator
.mockClass(SubclassByte
codeGenerator.java:282)
	at org.mockito.interna
l.creation.bytebuddy.Ty
peCachingBytecodeGenera
tor.lambda$mockClass$0(
TypeCachingBytecodeGene
rator.java:78)
	at net.bytebuddy.TypeC
ache.findOrInsert(TypeC
ache.java:168)
	at net.bytebuddy.TypeC
ache$WithInlineExpuncti
on.findOrInsert(TypeCac
he.java:399)
	at net.bytebuddy.TypeC
ache.findOrInsert(TypeC
ache.java:190)
	at net.bytebuddy.TypeC
ache$WithInlineExpuncti
on.findOrInsert(TypeCac
he.java:410)
	at org.mockito.interna
l.creation.bytebuddy.Ty
peCachingBytecodeGenera
tor.mockClass(TypeCachi
ngBytecodeGenerator.jav
a:75)
	at org.mockito.interna
l.creation.bytebuddy.In
lineBytecodeGenerator.m
ockClass(InlineBytecode
Generator.java:223)
	at org.mockito.interna
l.creation.bytebuddy.Ty
peCachingBytecodeGenera
tor.lambda$mockClass$0(
TypeCachingBytecodeGene
rator.java:78)
	at net.bytebuddy.TypeC
ache.findOrInsert(TypeC
ache.java:168)
	at net.bytebuddy.TypeC
ache$WithInlineExpuncti
on.findOrInsert(TypeCac
he.java:399)
	at net.bytebuddy.TypeC
ache.findOrInsert(TypeC
ache.java:190)
	at net.bytebuddy.TypeC
ache$WithInlineExpuncti
on.findOrInsert(TypeCac
he.java:410)
	at org.mockito.interna
l.creation.bytebuddy.Ty
peCachingBytecodeGenera
tor.mockClass(TypeCachi
ngBytecodeGenerator.jav
a:75)
	at org.mockito.interna
l.creation.bytebuddy.In
lineDelegateByteBuddyMo
ckMaker.createMockType(
InlineDelegateByteBuddy
MockMaker.java:429)
	at org.mockito.interna
l.creation.bytebuddy.In
lineDelegateByteBuddyMo
ckMaker.doCreateMock(In
lineDelegateByteBuddyMo
ckMaker.java:388)
	at org.mockito.interna
l.creation.bytebuddy.In
lineDelegateByteBuddyMo
ckMaker.createMock(Inli
neDelegateByteBuddyMock
Maker.java:367)
	at org.mockito.interna
l.creation.bytebuddy.In
lineByteBuddyMockMaker.
createMock(InlineByteBu
ddyMockMaker.java:56)
	at org.mockito.interna
l.util.MockUtil.createM
ock(MockUtil.java:99)
	at org.mockito.interna
l.MockitoCore.mock(Mock
itoCore.java:84)
	at org.mockito.Mockito
.mock(Mockito.java:2198
)
	at org.springframework
.boot.test.mock.mockito
.MockDefinition.createM
ock(MockDefinition.java
:161)
	at org.springframework
.boot.test.mock.mockito
.MockitoPostProcessor.r
egisterMock(MockitoPost
Processor.java:190)
	at org.springframework
.boot.test.mock.mockito
.MockitoPostProcessor.r
egister(MockitoPostProc
essor.java:172)
	at org.springframework
.boot.test.mock.mockito
.MockitoPostProcessor.p
ostProcessBeanFactory(M
ockitoPostProcessor.jav
a:146)
	at org.springframework
.boot.test.mock.mockito
.MockitoPostProcessor.p
ostProcessBeanFactory(M
ockitoPostProcessor.jav
a:134)
	at org.springframework
.context.support.PostPr
ocessorRegistrationDele
gate.invokeBeanFactoryP
ostProcessors(PostProce
ssorRegistrationDelegat
e.java:363)
	at org.springframework
.context.support.PostPr
ocessorRegistrationDele
gate.invokeBeanFactoryP
ostProcessors(PostProce
ssorRegistrationDelegat
e.java:197)
	at org.springframework
.context.support.Abstra
ctApplicationContext.in
vokeBeanFactoryPostProc
essors(AbstractApplicat
ionContext.java:792)
	at org.springframework
.context.support.Abstra
ctApplicationContext.re
fresh(AbstractApplicati
onContext.java:610)
	at org.springframework
.boot.SpringApplication
.refresh(SpringApplicat
ion.java:752)
	at org.springframework
.boot.SpringApplication
.refreshContext(SpringA
pplication.java:439)
	at org.springframework
.boot.SpringApplication
.run(SpringApplication.
java:318)
	at org.springframework
.boot.test.context.Spri
ngBootContextLoader.lam
bda$loadContext$3(Sprin
gBootContextLoader.java
:152)
	at org.springframework
.util.function.Throwing
Supplier.get(ThrowingSu
pplier.java:58)
	at org.springframework
.util.function.Throwing
Supplier.get(ThrowingSu
pplier.java:46)
	at org.springframework
.boot.SpringApplication
.withHook(SpringApplica
tion.java:1461)
	at org.springframework
.boot.test.context.Spri
ngBootContextLoader$Con
textLoaderHook.run(Spri
ngBootContextLoader.jav
a:595)
	at org.springframework
.boot.test.context.Spri
ngBootContextLoader.loa
dContext(SpringBootCont
extLoader.java:152)
	at org.springframework
.boot.test.context.Spri
ngBootContextLoader.loa
dContext(SpringBootCont
extLoader.java:111)
	at org.springframework
.test.context.cache.Def
aultCacheAwareContextLo
aderDelegate.loadContex
tInternal(DefaultCacheA
wareContextLoaderDelega
te.java:225)
	at org.springframework
.test.context.cache.Def
aultCacheAwareContextLo
aderDelegate.loadContex
t(DefaultCacheAwareCont
extLoaderDelegate.java:
152)
	at org.springframework
.test.context.support.D
efaultTestContext.getAp
plicationContext(Defaul
tTestContext.java:130)
	at org.springframework
.boot.test.mock.mockito
.MockitoTestExecutionLi
stener.postProcessField
s(MockitoTestExecutionL
istener.java:128)
	at org.springframework
.boot.test.mock.mockito
.MockitoTestExecutionLi
stener.injectFields(Moc
kitoTestExecutionListen
er.java:112)
	at org.springframework
.boot.test.mock.mockito
.MockitoTestExecutionLi
stener.prepareTestInsta
nce(MockitoTestExecutio
nListener.java:69)
	at org.springframework
.test.context.TestConte
xtManager.prepareTestIn
stance(TestContextManag
er.java:260)
	at org.springframework
.test.context.junit4.Sp
ringJUnit4ClassRunner.c
reateTest(SpringJUnit4C
lassRunner.java:228)
	at org.springframework
.test.context.junit4.Sp
ringJUnit4ClassRunner$1
.runReflectiveCall(Spri
ngJUnit4ClassRunner.jav
a:289)
	at org.junit.internal.
runners.model.Reflectiv
eCallable.run(Reflectiv
eCallable.java:12)
	at org.springframework
.test.context.junit4.Sp
ringJUnit4ClassRunner.m
ethodBlock(SpringJUnit4
ClassRunner.java:291)
	at org.springframework
.test.context.junit4.Sp
ringJUnit4ClassRunner.r
unChild(SpringJUnit4Cla
ssRunner.java:247)
	at org.springframework
.test.context.junit4.Sp
ringJUnit4ClassRunner.r
unChild(SpringJUnit4Cla
ssRunner.java:97)
	at org.junit.runners.P
arentRunner$4.run(Paren
tRunner.java:331)
	at org.junit.runners.P
arentRunner$1.schedule(
ParentRunner.java:79)
	at org.junit.runners.P
arentRunner.runChildren
(ParentRunner.java:329)
	at org.junit.runners.P
arentRunner.access$100(
ParentRunner.java:66)
	at org.junit.runners.P
arentRunner$2.evaluate(
ParentRunner.java:293)
	at org.springframework
.test.context.junit4.st
atements.RunBeforeTestC
lassCallbacks.evaluate(
RunBeforeTestClassCallb
acks.java:61)
	at org.springframework
.test.context.junit4.st
atements.RunAfterTestCl
assCallbacks.evaluate(R
unAfterTestClassCallbac
ks.java:70)
	at org.junit.runners.P
arentRunner$3.evaluate(
ParentRunner.java:306)
	at org.junit.runners.P
arentRunner.run(ParentR
unner.java:413)
	at org.springframework
.test.context.junit4.Sp
ringJUnit4ClassRunner.r
un(SpringJUnit4ClassRun
ner.java:191)
	at org.junit.runner.JU
nitCore.run(JUnitCore.j
ava:137)
	at org.junit.runner.JU
nitCore.run(JUnitCore.j
ava:115)
	at org.junit.vintage.e
ngine.execution.RunnerE
xecutor.execute(RunnerE
xecutor.java:42)
	at org.junit.vintage.e
ngine.execution.Vintage
Executor.executeClasses
AndMethodsSequentially(
VintageExecutor.java:93
)
	at org.junit.vintage.e
ngine.execution.Vintage
Executor.executeAllChil
dren(VintageExecutor.ja
va:73)
	at org.junit.vintage.e
ngine.VintageTestEngine
.execute(VintageTestEng
ine.java:70)
	at org.junit.platform.
launcher.core.EngineExe
cutionOrchestrator.exec
ute(EngineExecutionOrch
estrator.java:201)
	at org.junit.platform.
launcher.core.EngineExe
cutionOrchestrator.exec
ute(EngineExecutionOrch
estrator.java:170)
	at org.junit.platform.
launcher.core.EngineExe
cutionOrchestrator.exec
ute(EngineExecutionOrch
estrator.java:94)
	at org.junit.platform.
launcher.core.EngineExe
cutionOrchestrator.lamb
da$execute$0(EngineExec
utionOrchestrator.java:
59)
	at org.junit.platform.
launcher.core.EngineExe
cutionOrchestrator.with
InterceptedStreams(Engi
neExecutionOrchestrator
.java:142)
	at org.junit.platform.
launcher.core.EngineExe
cutionOrchestrator.exec
ute(EngineExecutionOrch
estrator.java:58)
	at org.junit.platform.
launcher.core.DefaultLa
uncher.execute(DefaultL
auncher.java:103)
	at org.junit.platform.
launcher.core.DefaultLa
uncher.execute(DefaultL
auncher.java:85)
	at org.junit.platform.
launcher.core.Delegatin
gLauncher.execute(Deleg
atingLauncher.java:47)
	at org.junit.platform.
launcher.core.Intercept
ingLauncher.lambda$exec
ute$1(InterceptingLaunc
her.java:39)
	at org.junit.platform.
launcher.core.Classpath
AlignmentCheckingLaunch
erInterceptor.intercept
(ClasspathAlignmentChec
kingLauncherInterceptor
.java:25)
	at org.junit.platform.
launcher.core.Intercept
ingLauncher.execute(Int
erceptingLauncher.java:
38)
	at org.junit.platform.
launcher.core.Delegatin
gLauncher.execute(Deleg
atingLauncher.java:47)
	at org.apache.maven.su
refire.junitplatform.La
uncherAdapter.executeWi
thoutCancellationToken(
LauncherAdapter.java:60
)
	at org.apache.maven.su
refire.junitplatform.La
uncherAdapter.execute(L
auncherAdapter.java:52)
	at org.apache.maven.su
refire.junitplatform.JU
nitPlatformProvider.exe
cute(JUnitPlatformProvi
der.java:203)
	at org.apache.maven.su
refire.junitplatform.JU
nitPlatformProvider.inv
okeAllTests(JUnitPlatfo
rmProvider.java:168)
	at org.apache.maven.su
refire.junitplatform.JU
nitPlatformProvider.inv
oke(JUnitPlatformProvid
er.java:136)
	at org.apache.maven.su
refire.booter.ForkedBoo
ter.runSuitesInProcess(
ForkedBooter.java:385)
	at org.apache.maven.su
refire.booter.ForkedBoo
ter.execute(ForkedBoote
r.java:162)
	at org.apache.maven.su
refire.booter.ForkedBoo
ter.run(ForkedBooter.ja
va:507)
	at org.apache.maven.su
refire.booter.ForkedBoo
ter.main(ForkedBooter.j
ava:495)
Caused by: 
java.io.IOException: 
Error while 
instrumenting com/revpa
sswordmanager/service/I
UserService$MockitoMock
$Ex3TAYih$auxiliary$YeO
3wYZ0 with JaCoCo 0.8.1
1.202310140853/f33756c.
	at org.jacoco.agent.rt
.internal_4742761.core.
instr.Instrumenter.inst
rumentError(Instrumente
r.java:161)
	at org.jacoco.agent.rt
.internal_4742761.core.
instr.Instrumenter.inst
rument(Instrumenter.jav
a:111)
	at org.jacoco.agent.rt
.internal_4742761.Cover
ageTransformer.transfor
m(CoverageTransformer.j
ava:92)
	... 111 more
Caused by: java.lang.Il
legalArgumentException:
 Unsupported class 
file major version 68
	at org.jacoco.agent.rt
.internal_4742761.asm.C
lassReader.<init>(Class
Reader.java:200)
	at org.jacoco.agent.rt
.internal_4742761.asm.C
lassReader.<init>(Class
Reader.java:180)
	at org.jacoco.agent.rt
.internal_4742761.asm.C
lassReader.<init>(Class
Reader.java:166)
	at org.jacoco.agent.rt
.internal_4742761.core.
internal.instr.InstrSup
port.classReaderFor(Ins
trSupport.java:280)
	at org.jacoco.agent.rt
.internal_4742761.core.
instr.Instrumenter.inst
rument(Instrumenter.jav
a:77)
	at org.jacoco.agent.rt
.internal_4742761.core.
instr.Instrumenter.inst
rument(Instrumenter.jav
a:109)
	... 112 more
2026-03-03 09:36:10.525 [main] INFO  org.springframework.boot.autoconfigure.web.servlet.WelcomePageHandlerMapping - Adding welcome page template: index
2026-03-03 09:36:11.450 [main] WARN  org.springframework.boot.autoconfigure.security.servlet.UserDetailsServiceAutoConfiguration - 

Using generated security password: a87bc512-a16a-4b7f-b0e7-68a327a6a529

This generated password is for development use only. Your security configuration must be updated before running your application in production.

2026-03-03 09:36:11.474 [main] INFO  org.springframework.security.config.annotation.authentication.configuration.InitializeUserDetailsBeanManagerConfigurer$InitializeUserDetailsManagerConfigurer - Global AuthenticationManager configured with UserDetailsService bean with name inMemoryUserDetailsManager
2026-03-03 09:36:11.806 [main] INFO  org.springframework.boot.test.mock.web.SpringBootMockServletContext - Initializing Spring TestDispatcherServlet ''
2026-03-03 09:36:11.806 [main] INFO  org.springframework.test.web.servlet.TestDispatcherServlet - Initializing Servlet ''
2026-03-03 09:36:11.807 [main] INFO  org.springframework.test.web.servlet.TestDispatcherServlet - Completed initialization in 1 ms
2026-03-03 09:36:11.886 [main] INFO  com.revpasswordmanager.controller.ForgotPasswordControllerTest - Started ForgotPasswordControllerTest in 6.244 seconds (process running for 11.726)

MockHttpServletRequest:
      HTTP Method = POST
      Request URI = /forgot-password/request
       Parameters = {username=[unknown], _csrf=[ABJ8F46z1ZVtdbZauLnZbHoAY0YdTbI__B9luXs2U6KciH8OOSVNcr3QtPFAFINsipTtX00yTid_eIYSnitQgEJQZZqrvh0-]}
          Headers = []
             Body = null
    Session Attrs = {}

Handler:
             Type = null

Async:
    Async started = false
     Async result = null

Resolved Exception:
             Type = null

ModelAndView:
        View name = null
             View = null
            Model = null

FlashMap:
       Attributes = null

MockHttpServletResponse:
           Status = 401
    Error message = Unauthorized
          Headers = [WWW-Authenticate:"Basic realm="Realm"", X-Content-Type-Options:"nosniff", X-XSS-Protection:"0", Cache-Control:"no-cache, no-store, max-age=0, must-revalidate", Pragma:"no-cache", Expires:"0", X-Frame-Options:"DENY"]
     Content type = null
             Body = 
    Forwarded URL = null
   Redirected URL = null
          Cookies = []

MockHttpServletRequest:
      HTTP Method = GET
      Request URI = /forgot-password
       Parameters = {}
          Headers = []
             Body = null
    Session Attrs = {SPRING_SECURITY_SAVED_REQUEST=DefaultSavedRequest [http://localhost/forgot-password?continue]}

Handler:
             Type = null

Async:
    Async started = false
     Async result = null

Resolved Exception:
             Type = null

ModelAndView:
        View name = null
             View = null
            Model = null

FlashMap:
       Attributes = null

MockHttpServletResponse:
           Status = 401
    Error message = Unauthorized
          Headers = [WWW-Authenticate:"Basic realm="Realm"", X-Content-Type-Options:"nosniff", X-XSS-Protection:"0", Cache-Control:"no-cache, no-store, max-age=0, must-revalidate", Pragma:"no-cache", Expires:"0", X-Frame-Options:"DENY"]
     Content type = null
             Body = 
    Forwarded URL = null
   Redirected URL = null
          Cookies = []

MockHttpServletRequest:
      HTTP Method = POST
      Request URI = /forgot-password/request
       Parameters = {username=[testuser], _csrf=[d4x8brYH07XUsu9Siun8FESPcGBujPZeiGFHTG62KsH_lVERFOhEW45l44X50Nxr7MTIdSG-XVgN6cFzvFl-L1aHSKXNpGJ3]}
          Headers = []
             Body = null
    Session Attrs = {}

Handler:
             Type = null

Async:
    Async started = false
     Async result = null

Resolved Exception:
             Type = null

ModelAndView:
        View name = null
             View = null
            Model = null

FlashMap:
       Attributes = null

MockHttpServletResponse:
           Status = 401
    Error message = Unauthorized
          Headers = [WWW-Authenticate:"Basic realm="Realm"", X-Content-Type-Options:"nosniff", X-XSS-Protection:"0", Cache-Control:"no-cache, no-store, max-age=0, must-revalidate", Pragma:"no-cache", Expires:"0", X-Frame-Options:"DENY"]
     Content type = null
             Body = 
    Forwarded URL = null
   Redirected URL = null
          Cookies = []
[ERROR] Tests run: 3, Failures: 3, Errors: 0, Skipped: 0, Time elapsed: 6.610 s <<< FAILURE! -- in com.revpasswordmanager.controller.ForgotPasswordControllerTest
[ERROR] com.revpasswordmanager.controller.ForgotPasswordControllerTest.testProcessRequest_UserNotFound -- Time elapsed: 0.150 s <<< FAILURE!
java.lang.AssertionError: Status expected:<200> but was:<401>
	at org.springframework.test.util.AssertionErrors.fail(AssertionErrors.java:61)
	at org.springframework.test.util.AssertionErrors.assertEquals(AssertionErrors.java:128)
	at org.springframework.test.web.servlet.result.StatusResultMatchers.lambda$matcher$9(StatusResultMatchers.java:640)
	at org.springframework.test.web.servlet.MockMvc$1.andExpect(MockMvc.java:214)
	at com.revpasswordmanager.controller.ForgotPasswordControllerTest.testProcessRequest_UserNotFound(ForgotPasswordControllerTest.java:61)
	at java.base/java.lang.reflect.Method.invoke(Method.java:565)
	at org.springframework.test.context.junit4.statements.RunBeforeTestExecutionCallbacks.evaluate(RunBeforeTestExecutionCallbacks.java:76)
	at org.springframework.test.context.junit4.statements.RunAfterTestExecutionCallbacks.evaluate(RunAfterTestExecutionCallbacks.java:84)
	at org.springframework.test.context.junit4.statements.RunBeforeTestMethodCallbacks.evaluate(RunBeforeTestMethodCallbacks.java:75)
	at org.springframework.test.context.junit4.statements.RunAfterTestMethodCallbacks.evaluate(RunAfterTestMethodCallbacks.java:86)
	at org.springframework.test.context.junit4.statements.SpringRepeat.evaluate(SpringRepeat.java:84)
	at org.springframework.test.context.junit4.SpringJUnit4ClassRunner.runChild(SpringJUnit4ClassRunner.java:252)
	at org.springframework.test.context.junit4.SpringJUnit4ClassRunner.runChild(SpringJUnit4ClassRunner.java:97)
	at org.springframework.test.context.junit4.statements.RunBeforeTestClassCallbacks.evaluate(RunBeforeTestClassCallbacks.java:61)
	at org.springframework.test.context.junit4.statements.RunAfterTestClassCallbacks.evaluate(RunAfterTestClassCallbacks.java:70)
	at org.springframework.test.context.junit4.SpringJUnit4ClassRunner.run(SpringJUnit4ClassRunner.java:191)

[ERROR] com.revpasswordmanager.controller.ForgotPasswordControllerTest.testShowRequestForm -- Time elapsed: 0.017 s <<< FAILURE!
java.lang.AssertionError: Status expected:<200> but was:<401>
	at org.springframework.test.util.AssertionErrors.fail(AssertionErrors.java:61)
	at org.springframework.test.util.AssertionErrors.assertEquals(AssertionErrors.java:128)
	at org.springframework.test.web.servlet.result.StatusResultMatchers.lambda$matcher$9(StatusResultMatchers.java:640)
	at org.springframework.test.web.servlet.MockMvc$1.andExpect(MockMvc.java:214)
	at com.revpasswordmanager.controller.ForgotPasswordControllerTest.testShowRequestForm(ForgotPasswordControllerTest.java:36)
	at java.base/java.lang.reflect.Method.invoke(Method.java:565)
	at org.springframework.test.context.junit4.statements.RunBeforeTestExecutionCallbacks.evaluate(RunBeforeTestExecutionCallbacks.java:76)
	at org.springframework.test.context.junit4.statements.RunAfterTestExecutionCallbacks.evaluate(RunAfterTestExecutionCallbacks.java:84)
	at org.springframework.test.context.junit4.statements.RunBeforeTestMethodCallbacks.evaluate(RunBeforeTestMethodCallbacks.java:75)
	at org.springframework.test.context.junit4.statements.RunAfterTestMethodCallbacks.evaluate(RunAfterTestMethodCallbacks.java:86)
	at org.springframework.test.context.junit4.statements.SpringRepeat.evaluate(SpringRepeat.java:84)
	at org.springframework.test.context.junit4.SpringJUnit4ClassRunner.runChild(SpringJUnit4ClassRunner.java:252)
	at org.springframework.test.context.junit4.SpringJUnit4ClassRunner.runChild(SpringJUnit4ClassRunner.java:97)
	at org.springframework.test.context.junit4.statements.RunBeforeTestClassCallbacks.evaluate(RunBeforeTestClassCallbacks.java:61)
	at org.springframework.test.context.junit4.statements.RunAfterTestClassCallbacks.evaluate(RunAfterTestClassCallbacks.java:70)
	at org.springframework.test.context.junit4.SpringJUnit4ClassRunner.run(SpringJUnit4ClassRunner.java:191)

[ERROR] com.revpasswordmanager.controller.ForgotPasswordControllerTest.testProcessRequest_Success -- Time elapsed: 0.011 s <<< FAILURE!
java.lang.AssertionError: Range for response status value 401 expected:<REDIRECTION> but was:<CLIENT_ERROR>
	at org.springframework.test.util.AssertionErrors.fail(AssertionErrors.java:61)
	at org.springframework.test.util.AssertionErrors.assertEquals(AssertionErrors.java:128)
	at org.springframework.test.web.servlet.result.StatusResultMatchers.lambda$is3xxRedirection$4(StatusResultMatchers.java:88)
	at org.springframework.test.web.servlet.MockMvc$1.andExpect(MockMvc.java:214)
	at com.revpasswordmanager.controller.ForgotPasswordControllerTest.testProcessRequest_Success(ForgotPasswordControllerTest.java:50)
	at java.base/java.lang.reflect.Method.invoke(Method.java:565)
	at org.springframework.test.context.junit4.statements.RunBeforeTestExecutionCallbacks.evaluate(RunBeforeTestExecutionCallbacks.java:76)
	at org.springframework.test.context.junit4.statements.RunAfterTestExecutionCallbacks.evaluate(RunAfterTestExecutionCallbacks.java:84)
	at org.springframework.test.context.junit4.statements.RunBeforeTestMethodCallbacks.evaluate(RunBeforeTestMethodCallbacks.java:75)
	at org.springframework.test.context.junit4.statements.RunAfterTestMethodCallbacks.evaluate(RunAfterTestMethodCallbacks.java:86)
	at org.springframework.test.context.junit4.statements.SpringRepeat.evaluate(SpringRepeat.java:84)
	at org.springframework.test.context.junit4.SpringJUnit4ClassRunner.runChild(SpringJUnit4ClassRunner.java:252)
	at org.springframework.test.context.junit4.SpringJUnit4ClassRunner.runChild(SpringJUnit4ClassRunner.java:97)
	at org.springframework.test.context.junit4.statements.RunBeforeTestClassCallbacks.evaluate(RunBeforeTestClassCallbacks.java:61)
	at org.springframework.test.context.junit4.statements.RunAfterTestClassCallbacks.evaluate(RunAfterTestClassCallbacks.java:70)
	at org.springframework.test.context.junit4.SpringJUnit4ClassRunner.run(SpringJUnit4ClassRunner.java:191)

[INFO] Running com.revpasswordmanager.controller.UserControllerTest
2026-03-03 09:36:12.111 [main] INFO  org.springframework.boot.devtools.restart.RestartApplicationListener - Restart disabled due to context in which it is running

  .   ____          _            __ _ _
 /\\ / ___'_ __ _ _(_)_ __  __ _ \ \ \ \
( ( )\___ | '_ | '_| | '_ \/ _` | \ \ \ \
 \\/  ___)| |_)| | | | | || (_| |  ) ) ) )
  '  |____| .__|_| |_|_| |_\__, | / / / /
 =========|_|==============|___/=/_/_/_/

 :: Spring Boot ::               (v3.5.11)

2026-03-03 09:36:12.162 [main] INFO  com.revpasswordmanager.controller.UserControllerTest - Starting UserControllerTest using Java 24.0.1 with PID 6788 (started by RAHUL in C:\Users\RAHUL\Desktop\P2_RevPasswordManager)
2026-03-03 09:36:12.164 [main] DEBUG com.revpasswordmanager.controller.UserControllerTest - Running with Spring Boot v3.5.11, Spring v6.2.16
2026-03-03 09:36:12.164 [main] INFO  com.revpasswordmanager.controller.UserControllerTest - No active profile set, falling back to 1 default profile: "default"
2026-03-03 09:36:12.431 [main] INFO  org.springframework.boot.autoconfigure.web.servlet.WelcomePageHandlerMapping - Adding welcome page template: index
2026-03-03 09:36:12.516 [main] WARN  org.springframework.boot.autoconfigure.security.servlet.UserDetailsServiceAutoConfiguration - 

Using generated security password: 5d407860-d42b-40ae-9e88-4efa5e8e37c4

This generated password is for development use only. Your security configuration must be updated before running your application in production.

2026-03-03 09:36:12.518 [main] INFO  org.springframework.security.config.annotation.authentication.configuration.InitializeUserDetailsBeanManagerConfigurer$InitializeUserDetailsManagerConfigurer - Global AuthenticationManager configured with UserDetailsService bean with name inMemoryUserDetailsManager
2026-03-03 09:36:12.535 [main] INFO  org.springframework.boot.test.mock.web.SpringBootMockServletContext - Initializing Spring TestDispatcherServlet ''
2026-03-03 09:36:12.535 [main] INFO  org.springframework.test.web.servlet.TestDispatcherServlet - Initializing Servlet ''
2026-03-03 09:36:12.536 [main] INFO  org.springframework.test.web.servlet.TestDispatcherServlet - Completed initialization in 1 ms
2026-03-03 09:36:12.543 [main] INFO  com.revpasswordmanager.controller.UserControllerTest - Started UserControllerTest in 0.432 seconds (process running for 12.382)

MockHttpServletRequest:
      HTTP Method = GET
      Request URI = /register
       Parameters = {}
          Headers = []
             Body = null
    Session Attrs = {SPRING_SECURITY_SAVED_REQUEST=DefaultSavedRequest [http://localhost/register?continue]}

Handler:
             Type = null

Async:
    Async started = false
     Async result = null

Resolved Exception:
             Type = null

ModelAndView:
        View name = null
             View = null
            Model = null

FlashMap:
       Attributes = null

MockHttpServletResponse:
           Status = 401
    Error message = Unauthorized
          Headers = [WWW-Authenticate:"Basic realm="Realm"", X-Content-Type-Options:"nosniff", X-XSS-Protection:"0", Cache-Control:"no-cache, no-store, max-age=0, must-revalidate", Pragma:"no-cache", Expires:"0", X-Frame-Options:"DENY"]
     Content type = null
             Body = 
    Forwarded URL = null
   Redirected URL = null
          Cookies = []

MockHttpServletRequest:
      HTTP Method = POST
      Request URI = /register
       Parameters = {username=[newuser], email=[new@example.com], masterPassword=[password123], _csrf=[o2Wgpnt9HMDvkkdiWCeoJzXzbIp3LGROJ9MJsQx6oj_9vQB3x13Bk0tPfvLCp3dbYQqcFQyWQbJDSFRjFetrhmpClg_EjzkU]}
          Headers = []
             Body = null
    Session Attrs = {}

Handler:
             Type = null

Async:
    Async started = false
     Async result = null

Resolved Exception:
             Type = null

ModelAndView:
        View name = null
             View = null
            Model = null

FlashMap:
       Attributes = null

MockHttpServletResponse:
           Status = 401
    Error message = Unauthorized
          Headers = [WWW-Authenticate:"Basic realm="Realm"", X-Content-Type-Options:"nosniff", X-XSS-Protection:"0", Cache-Control:"no-cache, no-store, max-age=0, must-revalidate", Pragma:"no-cache", Expires:"0", X-Frame-Options:"DENY"]
     Content type = null
             Body = 
    Forwarded URL = null
   Redirected URL = null
          Cookies = []

MockHttpServletRequest:
      HTTP Method = POST
      Request URI = /register
       Parameters = {username=[], email=[invalid-email], _csrf=[WwH7jXPoyNEP1yYEPY-8fpTIBcmghFkPTR4YJn5r-TqLqUgvbTPCuBfR_rUitRY1D6KIH_H4KKuVsT8idSghF0kPwAq9zykb]}
          Headers = []
             Body = null
    Session Attrs = {}

Handler:
             Type = null

Async:
    Async started = false
     Async result = null

Resolved Exception:
             Type = null

ModelAndView:
        View name = null
             View = null
            Model = null

FlashMap:
       Attributes = null

MockHttpServletResponse:
           Status = 401
    Error message = Unauthorized
          Headers = [WWW-Authenticate:"Basic realm="Realm"", X-Content-Type-Options:"nosniff", X-XSS-Protection:"0", Cache-Control:"no-cache, no-store, max-age=0, must-revalidate", Pragma:"no-cache", Expires:"0", X-Frame-Options:"DENY"]
     Content type = null
             Body = 
    Forwarded URL = null
   Redirected URL = null
          Cookies = []
[ERROR] Tests run: 3, Failures: 3, Errors: 0, Skipped: 0, Time elapsed: 0.473 s <<< FAILURE! -- in com.revpasswordmanager.controller.UserControllerTest
[ERROR] com.revpasswordmanager.controller.UserControllerTest.testShowRegistrationForm -- Time elapsed: 0.009 s <<< FAILURE!
java.lang.AssertionError: Status expected:<200> but was:<401>
	at org.springframework.test.util.AssertionErrors.fail(AssertionErrors.java:61)
	at org.springframework.test.util.AssertionErrors.assertEquals(AssertionErrors.java:128)
	at org.springframework.test.web.servlet.result.StatusResultMatchers.lambda$matcher$9(StatusResultMatchers.java:640)
	at org.springframework.test.web.servlet.MockMvc$1.andExpect(MockMvc.java:214)
	at com.revpasswordmanager.controller.UserControllerTest.testShowRegistrationForm(UserControllerTest.java:30)
	at java.base/java.lang.reflect.Method.invoke(Method.java:565)
	at org.springframework.test.context.junit4.statements.RunBeforeTestExecutionCallbacks.evaluate(RunBeforeTestExecutionCallbacks.java:76)
	at org.springframework.test.context.junit4.statements.RunAfterTestExecutionCallbacks.evaluate(RunAfterTestExecutionCallbacks.java:84)
	at org.springframework.test.context.junit4.statements.RunBeforeTestMethodCallbacks.evaluate(RunBeforeTestMethodCallbacks.java:75)
	at org.springframework.test.context.junit4.statements.RunAfterTestMethodCallbacks.evaluate(RunAfterTestMethodCallbacks.java:86)
	at org.springframework.test.context.junit4.statements.SpringRepeat.evaluate(SpringRepeat.java:84)
	at org.springframework.test.context.junit4.SpringJUnit4ClassRunner.runChild(SpringJUnit4ClassRunner.java:252)
	at org.springframework.test.context.junit4.SpringJUnit4ClassRunner.runChild(SpringJUnit4ClassRunner.java:97)
	at org.springframework.test.context.junit4.statements.RunBeforeTestClassCallbacks.evaluate(RunBeforeTestClassCallbacks.java:61)
	at org.springframework.test.context.junit4.statements.RunAfterTestClassCallbacks.evaluate(RunAfterTestClassCallbacks.java:70)
	at org.springframework.test.context.junit4.SpringJUnit4ClassRunner.run(SpringJUnit4ClassRunner.java:191)

[ERROR] com.revpasswordmanager.controller.UserControllerTest.testRegisterUser_Success -- Time elapsed: 0.009 s <<< FAILURE!
java.lang.AssertionError: Range for response status value 401 expected:<REDIRECTION> but was:<CLIENT_ERROR>
	at org.springframework.test.util.AssertionErrors.fail(AssertionErrors.java:61)
	at org.springframework.test.util.AssertionErrors.assertEquals(AssertionErrors.java:128)
	at org.springframework.test.web.servlet.result.StatusResultMatchers.lambda$is3xxRedirection$4(StatusResultMatchers.java:88)
	at org.springframework.test.web.servlet.MockMvc$1.andExpect(MockMvc.java:214)
	at com.revpasswordmanager.controller.UserControllerTest.testRegisterUser_Success(UserControllerTest.java:42)
	at java.base/java.lang.reflect.Method.invoke(Method.java:565)
	at org.springframework.test.context.junit4.statements.RunBeforeTestExecutionCallbacks.evaluate(RunBeforeTestExecutionCallbacks.java:76)
	at org.springframework.test.context.junit4.statements.RunAfterTestExecutionCallbacks.evaluate(RunAfterTestExecutionCallbacks.java:84)
	at org.springframework.test.context.junit4.statements.RunBeforeTestMethodCallbacks.evaluate(RunBeforeTestMethodCallbacks.java:75)
	at org.springframework.test.context.junit4.statements.RunAfterTestMethodCallbacks.evaluate(RunAfterTestMethodCallbacks.java:86)
	at org.springframework.test.context.junit4.statements.SpringRepeat.evaluate(SpringRepeat.java:84)
	at org.springframework.test.context.junit4.SpringJUnit4ClassRunner.runChild(SpringJUnit4ClassRunner.java:252)
	at org.springframework.test.context.junit4.SpringJUnit4ClassRunner.runChild(SpringJUnit4ClassRunner.java:97)
	at org.springframework.test.context.junit4.statements.RunBeforeTestClassCallbacks.evaluate(RunBeforeTestClassCallbacks.java:61)
	at org.springframework.test.context.junit4.statements.RunAfterTestClassCallbacks.evaluate(RunAfterTestClassCallbacks.java:70)
	at org.springframework.test.context.junit4.SpringJUnit4ClassRunner.run(SpringJUnit4ClassRunner.java:191)

[ERROR] com.revpasswordmanager.controller.UserControllerTest.testRegisterUser_ValidationError -- Time elapsed: 0.007 s <<< FAILURE!
java.lang.AssertionError: Status expected:<200> but was:<401>
	at org.springframework.test.util.AssertionErrors.fail(AssertionErrors.java:61)
	at org.springframework.test.util.AssertionErrors.assertEquals(AssertionErrors.java:128)
	at org.springframework.test.web.servlet.result.StatusResultMatchers.lambda$matcher$9(StatusResultMatchers.java:640)
	at org.springframework.test.web.servlet.MockMvc$1.andExpect(MockMvc.java:214)
	at com.revpasswordmanager.controller.UserControllerTest.testRegisterUser_ValidationError(UserControllerTest.java:52)
	at java.base/java.lang.reflect.Method.invoke(Method.java:565)
	at org.springframework.test.context.junit4.statements.RunBeforeTestExecutionCallbacks.evaluate(RunBeforeTestExecutionCallbacks.java:76)
	at org.springframework.test.context.junit4.statements.RunAfterTestExecutionCallbacks.evaluate(RunAfterTestExecutionCallbacks.java:84)
	at org.springframework.test.context.junit4.statements.RunBeforeTestMethodCallbacks.evaluate(RunBeforeTestMethodCallbacks.java:75)
	at org.springframework.test.context.junit4.statements.RunAfterTestMethodCallbacks.evaluate(RunAfterTestMethodCallbacks.java:86)
	at org.springframework.test.context.junit4.statements.SpringRepeat.evaluate(SpringRepeat.java:84)
	at org.springframework.test.context.junit4.SpringJUnit4ClassRunner.runChild(SpringJUnit4ClassRunner.java:252)
	at org.springframework.test.context.junit4.SpringJUnit4ClassRunner.runChild(SpringJUnit4ClassRunner.java:97)
	at org.springframework.test.context.junit4.statements.RunBeforeTestClassCallbacks.evaluate(RunBeforeTestClassCallbacks.java:61)
	at org.springframework.test.context.junit4.statements.RunAfterTestClassCallbacks.evaluate(RunAfterTestClassCallbacks.java:70)
	at org.springframework.test.context.junit4.SpringJUnit4ClassRunner.run(SpringJUnit4ClassRunner.java:191)

[INFO] Running com.revpasswordmanager.controller.VaultControllerTest
2026-03-03 09:36:12.584 [main] INFO  org.springframework.boot.devtools.restart.RestartApplicationListener - Restart disabled due to context in which it is running

  .   ____          _            __ _ _
 /\\ / ___'_ __ _ _(_)_ __  __ _ \ \ \ \
( ( )\___ | '_ | '_| | '_ \/ _` | \ \ \ \
 \\/  ___)| |_)| | | | | || (_| |  ) ) ) )
  '  |____| .__|_| |_|_| |_\__, | / / / /
 =========|_|==============|___/=/_/_/_/

 :: Spring Boot ::               (v3.5.11)

2026-03-03 09:36:12.612 [main] INFO  com.revpasswordmanager.controller.VaultControllerTest - Starting VaultControllerTest using Java 24.0.1 with PID 6788 (started by RAHUL in C:\Users\RAHUL\Desktop\P2_RevPasswordManager)
2026-03-03 09:36:12.614 [main] DEBUG com.revpasswordmanager.controller.VaultControllerTest - Running with Spring Boot v3.5.11, Spring v6.2.16
2026-03-03 09:36:12.615 [main] INFO  com.revpasswordmanager.controller.VaultControllerTest - No active profile set, falling back to 1 default profile: "default"
java.lang.instrument.Il
legalClassFormatExcepti
on: Error while 
instrumenting com/revpa
sswordmanager/service/I
VaultService$MockitoMoc
k$LyQRLhTZ with JaCoCo 
0.8.11.202310140853/f33
756c.
	at org.jacoco.agent.rt
.internal_4742761.Cover
ageTransformer.transfor
m(CoverageTransformer.j
ava:94)
	at java.instrument/jav
a.lang.instrument.Class
FileTransformer.transfo
rm(ClassFileTransformer
.java:257)
	at java.instrument/sun
.instrument.Transformer
Manager.transform(Trans
formerManager.java:188)
	at java.instrument/sun
.instrument.Instrumenta
tionImpl.transform(Inst
rumentationImpl.java:59
4)
	at java.base/java.lang
.ClassLoader.defineClas
s0(Native Method)
	at java.base/java.lang
.System$1.defineClass(S
ystem.java:2025)
	at java.base/java.lang
.invoke.MethodHandles$L
ookup$ClassDefiner.defi
neClass(MethodHandles.j
ava:2355)
	at java.base/java.lang
.invoke.MethodHandles$L
ookup$ClassDefiner.defi
neClass(MethodHandles.j
ava:2330)
	at java.base/java.lang
.invoke.MethodHandles$L
ookup.defineClass(Metho
dHandles.java:1754)
	at java.base/jdk.inter
nal.reflect.DirectMetho
dHandleAccessor.invoke(
DirectMethodHandleAcces
sor.java:104)
	at java.base/java.lang
.reflect.Method.invoke(
Method.java:565)
	at net.bytebuddy.utili
ty.Invoker$Dispatcher.i
nvoke(Unknown Source)
	at net.bytebuddy.utili
ty.dispatcher.JavaDispa
tcher$Dispatcher$ForNon
StaticMethod.invoke(Jav
aDispatcher.java:1038)
	at net.bytebuddy.utili
ty.dispatcher.JavaDispa
tcher$ProxiedInvocation
Handler.invoke(JavaDisp
atcher.java:1168)
	at jdk.proxy2/jdk.prox
y2.$Proxy150.defineClas
s(Unknown Source)
	at net.bytebuddy.dynam
ic.loading.ClassInjecto
r$UsingLookup.injectRaw
(ClassInjector.java:170
7)
	at net.bytebuddy.dynam
ic.loading.ClassInjecto
r$AbstractBase.injectRa
w(ClassInjector.java:18
8)
	at net.bytebuddy.dynam
ic.loading.ClassInjecto
r$AbstractBase.inject(C
lassInjector.java:176)
	at net.bytebuddy.dynam
ic.loading.ClassLoading
Strategy$UsingLookup.lo
ad(ClassLoadingStrategy
.java:519)
	at net.bytebuddy.dynam
ic.TypeResolutionStrate
gy$Passive.initialize(T
ypeResolutionStrategy.j
ava:101)
	at net.bytebuddy.dynam
ic.DynamicType$Default$
Unloaded.load(DynamicTy
pe.java:6432)
	at org.mockito.interna
l.creation.bytebuddy.Su
bclassBytecodeGenerator
.mockClass(SubclassByte
codeGenerator.java:282)
	at org.mockito.interna
l.creation.bytebuddy.Ty
peCachingBytecodeGenera
tor.lambda$mockClass$0(
TypeCachingBytecodeGene
rator.java:78)
	at net.bytebuddy.TypeC
ache.findOrInsert(TypeC
ache.java:168)
	at net.bytebuddy.TypeC
ache$WithInlineExpuncti
on.findOrInsert(TypeCac
he.java:399)
	at net.bytebuddy.TypeC
ache.findOrInsert(TypeC
ache.java:190)
	at net.bytebuddy.TypeC
ache$WithInlineExpuncti
on.findOrInsert(TypeCac
he.java:410)
	at org.mockito.interna
l.creation.bytebuddy.Ty
peCachingBytecodeGenera
tor.mockClass(TypeCachi
ngBytecodeGenerator.jav
a:75)
	at org.mockito.interna
l.creation.bytebuddy.In
lineBytecodeGenerator.m
ockClass(InlineBytecode
Generator.java:223)
	at org.mockito.interna
l.creation.bytebuddy.Ty
peCachingBytecodeGenera
tor.lambda$mockClass$0(
TypeCachingBytecodeGene
rator.java:78)
	at net.bytebuddy.TypeC
ache.findOrInsert(TypeC
ache.java:168)
	at net.bytebuddy.TypeC
ache$WithInlineExpuncti
on.findOrInsert(TypeCac
he.java:399)
	at net.bytebuddy.TypeC
ache.findOrInsert(TypeC
ache.java:190)
	at net.bytebuddy.TypeC
ache$WithInlineExpuncti
on.findOrInsert(TypeCac
he.java:410)
	at org.mockito.interna
l.creation.bytebuddy.Ty
peCachingBytecodeGenera
tor.mockClass(TypeCachi
ngBytecodeGenerator.jav
a:75)
	at org.mockito.interna
l.creation.bytebuddy.In
lineDelegateByteBuddyMo
ckMaker.createMockType(
InlineDelegateByteBuddy
MockMaker.java:429)
	at org.mockito.interna
l.creation.bytebuddy.In
lineDelegateByteBuddyMo
ckMaker.doCreateMock(In
lineDelegateByteBuddyMo
ckMaker.java:388)
	at org.mockito.interna
l.creation.bytebuddy.In
lineDelegateByteBuddyMo
ckMaker.createMock(Inli
neDelegateByteBuddyMock
Maker.java:367)
	at org.mockito.interna
l.creation.bytebuddy.In
lineByteBuddyMockMaker.
createMock(InlineByteBu
ddyMockMaker.java:56)
	at org.mockito.interna
l.util.MockUtil.createM
ock(MockUtil.java:99)
	at org.mockito.interna
l.MockitoCore.mock(Mock
itoCore.java:84)
	at org.mockito.Mockito
.mock(Mockito.java:2198
)
	at org.springframework
.test.context.bean.over
ride.mockito.MockitoBea
nOverrideHandler.create
Mock(MockitoBeanOverrid
eHandler.java:136)
	at org.springframework
.test.context.bean.over
ride.mockito.MockitoBea
nOverrideHandler.create
OverrideInstance(Mockit
oBeanOverrideHandler.ja
va:119)
	at org.springframework
.test.context.bean.over
ride.BeanOverrideHandle
r.createOverrideInstanc
e(BeanOverrideHandler.j
ava:324)
	at org.springframework
.test.context.bean.over
ride.BeanOverrideBeanFa
ctoryPostProcessor.repl
aceOrCreateBean(BeanOve
rrideBeanFactoryPostPro
cessor.java:220)
	at org.springframework
.test.context.bean.over
ride.BeanOverrideBeanFa
ctoryPostProcessor.regi
sterBeanOverride(BeanOv
errideBeanFactoryPostPr
ocessor.java:115)
	at org.springframework
.test.context.bean.over
ride.BeanOverrideBeanFa
ctoryPostProcessor.post
ProcessBeanFactory(Bean
OverrideBeanFactoryPost
Processor.java:100)
	at org.springframework
.context.support.PostPr
ocessorRegistrationDele
gate.invokeBeanFactoryP
ostProcessors(PostProce
ssorRegistrationDelegat
e.java:363)
	at org.springframework
.context.support.PostPr
ocessorRegistrationDele
gate.invokeBeanFactoryP
ostProcessors(PostProce
ssorRegistrationDelegat
e.java:197)
	at org.springframework
.context.support.Abstra
ctApplicationContext.in
vokeBeanFactoryPostProc
essors(AbstractApplicat
ionContext.java:792)
	at org.springframework
.context.support.Abstra
ctApplicationContext.re
fresh(AbstractApplicati
onContext.java:610)
	at org.springframework
.boot.SpringApplication
.refresh(SpringApplicat
ion.java:752)
	at org.springframework
.boot.SpringApplication
.refreshContext(SpringA
pplication.java:439)
	at org.springframework
.boot.SpringApplication
.run(SpringApplication.
java:318)
	at org.springframework
.boot.test.context.Spri
ngBootContextLoader.lam
bda$loadContext$3(Sprin
gBootContextLoader.java
:152)
	at org.springframework
.util.function.Throwing
Supplier.get(ThrowingSu
pplier.java:58)
	at org.springframework
.util.function.Throwing
Supplier.get(ThrowingSu
pplier.java:46)
	at org.springframework
.boot.SpringApplication
.withHook(SpringApplica
tion.java:1461)
	at org.springframework
.boot.test.context.Spri
ngBootContextLoader$Con
textLoaderHook.run(Spri
ngBootContextLoader.jav
a:595)
	at org.springframework
.boot.test.context.Spri
ngBootContextLoader.loa
dContext(SpringBootCont
extLoader.java:152)
	at org.springframework
.boot.test.context.Spri
ngBootContextLoader.loa
dContext(SpringBootCont
extLoader.java:111)
	at org.springframework
.test.context.cache.Def
aultCacheAwareContextLo
aderDelegate.loadContex
tInternal(DefaultCacheA
wareContextLoaderDelega
te.java:225)
	at org.springframework
.test.context.cache.Def
aultCacheAwareContextLo
aderDelegate.loadContex
t(DefaultCacheAwareCont
extLoaderDelegate.java:
152)
	at org.springframework
.test.context.support.D
efaultTestContext.getAp
plicationContext(Defaul
tTestContext.java:130)
	at org.springframework
.test.context.bean.over
ride.BeanOverrideTestEx
ecutionListener.injectF
ields(BeanOverrideTestE
xecutionListener.java:1
07)
	at org.springframework
.test.context.bean.over
ride.BeanOverrideTestEx
ecutionListener.prepare
TestInstance(BeanOverri
deTestExecutionListener
.java:70)
	at org.springframework
.test.context.TestConte
xtManager.prepareTestIn
stance(TestContextManag
er.java:260)
	at org.springframework
.test.context.junit4.Sp
ringJUnit4ClassRunner.c
reateTest(SpringJUnit4C
lassRunner.java:228)
	at org.springframework
.test.context.junit4.Sp
ringJUnit4ClassRunner$1
.runReflectiveCall(Spri
ngJUnit4ClassRunner.jav
a:289)
	at org.junit.internal.
runners.model.Reflectiv
eCallable.run(Reflectiv
eCallable.java:12)
	at org.springframework
.test.context.junit4.Sp
ringJUnit4ClassRunner.m
ethodBlock(SpringJUnit4
ClassRunner.java:291)
	at org.springframework
.test.context.junit4.Sp
ringJUnit4ClassRunner.r
unChild(SpringJUnit4Cla
ssRunner.java:247)
	at org.springframework
.test.context.junit4.Sp
ringJUnit4ClassRunner.r
unChild(SpringJUnit4Cla
ssRunner.java:97)
	at org.junit.runners.P
arentRunner$4.run(Paren
tRunner.java:331)
	at org.junit.runners.P
arentRunner$1.schedule(
ParentRunner.java:79)
	at org.junit.runners.P
arentRunner.runChildren
(ParentRunner.java:329)
	at org.junit.runners.P
arentRunner.access$100(
ParentRunner.java:66)
	at org.junit.runners.P
arentRunner$2.evaluate(
ParentRunner.java:293)
	at org.springframework
.test.context.junit4.st
atements.RunBeforeTestC
lassCallbacks.evaluate(
RunBeforeTestClassCallb
acks.java:61)
	at org.springframework
.test.context.junit4.st
atements.RunAfterTestCl
assCallbacks.evaluate(R
unAfterTestClassCallbac
ks.java:70)
	at org.junit.runners.P
arentRunner$3.evaluate(
ParentRunner.java:306)
	at org.junit.runners.P
arentRunner.run(ParentR
unner.java:413)
	at org.springframework
.test.context.junit4.Sp
ringJUnit4ClassRunner.r
un(SpringJUnit4ClassRun
ner.java:191)
	at org.junit.runner.JU
nitCore.run(JUnitCore.j
ava:137)
	at org.junit.runner.JU
nitCore.run(JUnitCore.j
ava:115)
	at org.junit.vintage.e
ngine.execution.RunnerE
xecutor.execute(RunnerE
xecutor.java:42)
	at org.junit.vintage.e
ngine.execution.Vintage
Executor.executeClasses
AndMethodsSequentially(
VintageExecutor.java:93
)
	at org.junit.vintage.e
ngine.execution.Vintage
Executor.executeAllChil
dren(VintageExecutor.ja
va:73)
	at org.junit.vintage.e
ngine.VintageTestEngine
.execute(VintageTestEng
ine.java:70)
	at org.junit.platform.
launcher.core.EngineExe
cutionOrchestrator.exec
ute(EngineExecutionOrch
estrator.java:201)
	at org.junit.platform.
launcher.core.EngineExe
cutionOrchestrator.exec
ute(EngineExecutionOrch
estrator.java:170)
	at org.junit.platform.
launcher.core.EngineExe
cutionOrchestrator.exec
ute(EngineExecutionOrch
estrator.java:94)
	at org.junit.platform.
launcher.core.EngineExe
cutionOrchestrator.lamb
da$execute$0(EngineExec
utionOrchestrator.java:
59)
	at org.junit.platform.
launcher.core.EngineExe
cutionOrchestrator.with
InterceptedStreams(Engi
neExecutionOrchestrator
.java:142)
	at org.junit.platform.
launcher.core.EngineExe
cutionOrchestrator.exec
ute(EngineExecutionOrch
estrator.java:58)
	at org.junit.platform.
launcher.core.DefaultLa
uncher.execute(DefaultL
auncher.java:103)
	at org.junit.platform.
launcher.core.DefaultLa
uncher.execute(DefaultL
auncher.java:85)
	at org.junit.platform.
launcher.core.Delegatin
gLauncher.execute(Deleg
atingLauncher.java:47)
	at org.junit.platform.
launcher.core.Intercept
ingLauncher.lambda$exec
ute$1(InterceptingLaunc
her.java:39)
	at org.junit.platform.
launcher.core.Classpath
AlignmentCheckingLaunch
erInterceptor.intercept
(ClasspathAlignmentChec
kingLauncherInterceptor
.java:25)
	at org.junit.platform.
launcher.core.Intercept
ingLauncher.execute(Int
erceptingLauncher.java:
38)
	at org.junit.platform.
launcher.core.Delegatin
gLauncher.execute(Deleg
atingLauncher.java:47)
	at org.apache.maven.su
refire.junitplatform.La
uncherAdapter.executeWi
thoutCancellationToken(
LauncherAdapter.java:60
)
	at org.apache.maven.su
refire.junitplatform.La
uncherAdapter.execute(L
auncherAdapter.java:52)
	at org.apache.maven.su
refire.junitplatform.JU
nitPlatformProvider.exe
cute(JUnitPlatformProvi
der.java:203)
	at org.apache.maven.su
refire.junitplatform.JU
nitPlatformProvider.inv
okeAllTests(JUnitPlatfo
rmProvider.java:168)
	at org.apache.maven.su
refire.junitplatform.JU
nitPlatformProvider.inv
oke(JUnitPlatformProvid
er.java:136)
	at org.apache.maven.su
refire.booter.ForkedBoo
ter.runSuitesInProcess(
ForkedBooter.java:385)
	at org.apache.maven.su
refire.booter.ForkedBoo
ter.execute(ForkedBoote
r.java:162)
	at org.apache.maven.su
refire.booter.ForkedBoo
ter.run(ForkedBooter.ja
va:507)
	at org.apache.maven.su
refire.booter.ForkedBoo
ter.main(ForkedBooter.j
ava:495)
Caused by: 
java.io.IOException: 
Error while 
instrumenting com/revpa
sswordmanager/service/I
VaultService$MockitoMoc
k$LyQRLhTZ with JaCoCo 
0.8.11.202310140853/f33
756c.
	at org.jacoco.agent.rt
.internal_4742761.core.
instr.Instrumenter.inst
rumentError(Instrumente
r.java:161)
	at org.jacoco.agent.rt
.internal_4742761.core.
instr.Instrumenter.inst
rument(Instrumenter.jav
a:111)
	at org.jacoco.agent.rt
.internal_4742761.Cover
ageTransformer.transfor
m(CoverageTransformer.j
ava:92)
	... 111 more
Caused by: java.lang.Il
legalArgumentException:
 Unsupported class 
file major version 68
	at org.jacoco.agent.rt
.internal_4742761.asm.C
lassReader.<init>(Class
Reader.java:200)
	at org.jacoco.agent.rt
.internal_4742761.asm.C
lassReader.<init>(Class
Reader.java:180)
	at org.jacoco.agent.rt
.internal_4742761.asm.C
lassReader.<init>(Class
Reader.java:166)
	at org.jacoco.agent.rt
.internal_4742761.core.
internal.instr.InstrSup
port.classReaderFor(Ins
trSupport.java:280)
	at org.jacoco.agent.rt
.internal_4742761.core.
instr.Instrumenter.inst
rument(Instrumenter.jav
a:77)
	at org.jacoco.agent.rt
.internal_4742761.core.
instr.Instrumenter.inst
rument(Instrumenter.jav
a:109)
	... 112 more
java.lang.instrument.Il
legalClassFormatExcepti
on: Error while 
instrumenting com/revpa
sswordmanager/service/I
VaultService$MockitoMoc
k$LyQRLhTZ$auxiliary$iT
h2Hi7p with JaCoCo 0.8.
11.202310140853/f33756c
.
	at org.jacoco.agent.rt
.internal_4742761.Cover
ageTransformer.transfor
m(CoverageTransformer.j
ava:94)
	at java.instrument/jav
a.lang.instrument.Class
FileTransformer.transfo
rm(ClassFileTransformer
.java:257)
	at java.instrument/sun
.instrument.Transformer
Manager.transform(Trans
formerManager.java:188)
	at java.instrument/sun
.instrument.Instrumenta
tionImpl.transform(Inst
rumentationImpl.java:59
4)
	at java.base/java.lang
.ClassLoader.defineClas
s0(Native Method)
	at java.base/java.lang
.System$1.defineClass(S
ystem.java:2025)
	at java.base/java.lang
.invoke.MethodHandles$L
ookup$ClassDefiner.defi
neClass(MethodHandles.j
ava:2355)
	at java.base/java.lang
.invoke.MethodHandles$L
ookup$ClassDefiner.defi
neClass(MethodHandles.j
ava:2330)
	at java.base/java.lang
.invoke.MethodHandles$L
ookup.defineClass(Metho
dHandles.java:1754)
	at java.base/jdk.inter
nal.reflect.DirectMetho
dHandleAccessor.invoke(
DirectMethodHandleAcces
sor.java:104)
	at java.base/java.lang
.reflect.Method.invoke(
Method.java:565)
	at net.bytebuddy.utili
ty.Invoker$Dispatcher.i
nvoke(Unknown Source)
	at net.bytebuddy.utili
ty.dispatcher.JavaDispa
tcher$Dispatcher$ForNon
StaticMethod.invoke(Jav
aDispatcher.java:1038)
	at net.bytebuddy.utili
ty.dispatcher.JavaDispa
tcher$ProxiedInvocation
Handler.invoke(JavaDisp
atcher.java:1168)
	at jdk.proxy2/jdk.prox
y2.$Proxy150.defineClas
s(Unknown Source)
	at net.bytebuddy.dynam
ic.loading.ClassInjecto
r$UsingLookup.injectRaw
(ClassInjector.java:170
7)
	at net.bytebuddy.dynam
ic.loading.ClassInjecto
r$AbstractBase.injectRa
w(ClassInjector.java:18
8)
	at net.bytebuddy.dynam
ic.loading.ClassInjecto
r$AbstractBase.inject(C
lassInjector.java:176)
	at net.bytebuddy.dynam
ic.loading.ClassLoading
Strategy$UsingLookup.lo
ad(ClassLoadingStrategy
.java:519)
	at net.bytebuddy.dynam
ic.TypeResolutionStrate
gy$Passive.initialize(T
ypeResolutionStrategy.j
ava:101)
	at net.bytebuddy.dynam
ic.DynamicType$Default$
Unloaded.load(DynamicTy
pe.java:6432)
	at org.mockito.interna
l.creation.bytebuddy.Su
bclassBytecodeGenerator
.mockClass(SubclassByte
codeGenerator.java:282)
	at org.mockito.interna
l.creation.bytebuddy.Ty
peCachingBytecodeGenera
tor.lambda$mockClass$0(
TypeCachingBytecodeGene
rator.java:78)
	at net.bytebuddy.TypeC
ache.findOrInsert(TypeC
ache.java:168)
	at net.bytebuddy.TypeC
ache$WithInlineExpuncti
on.findOrInsert(TypeCac
he.java:399)
	at net.bytebuddy.TypeC
ache.findOrInsert(TypeC
ache.java:190)
	at net.bytebuddy.TypeC
ache$WithInlineExpuncti
on.findOrInsert(TypeCac
he.java:410)
	at org.mockito.interna
l.creation.bytebuddy.Ty
peCachingBytecodeGenera
tor.mockClass(TypeCachi
ngBytecodeGenerator.jav
a:75)
	at org.mockito.interna
l.creation.bytebuddy.In
lineBytecodeGenerator.m
ockClass(InlineBytecode
Generator.java:223)
	at org.mockito.interna
l.creation.bytebuddy.Ty
peCachingBytecodeGenera
tor.lambda$mockClass$0(
TypeCachingBytecodeGene
rator.java:78)
	at net.bytebuddy.TypeC
ache.findOrInsert(TypeC
ache.java:168)
	at net.bytebuddy.TypeC
ache$WithInlineExpuncti
on.findOrInsert(TypeCac
he.java:399)
	at net.bytebuddy.TypeC
ache.findOrInsert(TypeC
ache.java:190)
	at net.bytebuddy.TypeC
ache$WithInlineExpuncti
on.findOrInsert(TypeCac
he.java:410)
	at org.mockito.interna
l.creation.bytebuddy.Ty
peCachingBytecodeGenera
tor.mockClass(TypeCachi
ngBytecodeGenerator.jav
a:75)
	at org.mockito.interna
l.creation.bytebuddy.In
lineDelegateByteBuddyMo
ckMaker.createMockType(
InlineDelegateByteBuddy
MockMaker.java:429)
	at org.mockito.interna
l.creation.bytebuddy.In
lineDelegateByteBuddyMo
ckMaker.doCreateMock(In
lineDelegateByteBuddyMo
ckMaker.java:388)
	at org.mockito.interna
l.creation.bytebuddy.In
lineDelegateByteBuddyMo
ckMaker.createMock(Inli
neDelegateByteBuddyMock
Maker.java:367)
	at org.mockito.interna
l.creation.bytebuddy.In
lineByteBuddyMockMaker.
createMock(InlineByteBu
ddyMockMaker.java:56)
	at org.mockito.interna
l.util.MockUtil.createM
ock(MockUtil.java:99)
	at org.mockito.interna
l.MockitoCore.mock(Mock
itoCore.java:84)
	at org.mockito.Mockito
.mock(Mockito.java:2198
)
	at org.springframework
.test.context.bean.over
ride.mockito.MockitoBea
nOverrideHandler.create
Mock(MockitoBeanOverrid
eHandler.java:136)
	at org.springframework
.test.context.bean.over
ride.mockito.MockitoBea
nOverrideHandler.create
OverrideInstance(Mockit
oBeanOverrideHandler.ja
va:119)
	at org.springframework
.test.context.bean.over
ride.BeanOverrideHandle
r.createOverrideInstanc
e(BeanOverrideHandler.j
ava:324)
	at org.springframework
.test.context.bean.over
ride.BeanOverrideBeanFa
ctoryPostProcessor.repl
aceOrCreateBean(BeanOve
rrideBeanFactoryPostPro
cessor.java:220)
	at org.springframework
.test.context.bean.over
ride.BeanOverrideBeanFa
ctoryPostProcessor.regi
sterBeanOverride(BeanOv
errideBeanFactoryPostPr
ocessor.java:115)
	at org.springframework
.test.context.bean.over
ride.BeanOverrideBeanFa
ctoryPostProcessor.post
ProcessBeanFactory(Bean
OverrideBeanFactoryPost
Processor.java:100)
	at org.springframework
.context.support.PostPr
ocessorRegistrationDele
gate.invokeBeanFactoryP
ostProcessors(PostProce
ssorRegistrationDelegat
e.java:363)
	at org.springframework
.context.support.PostPr
ocessorRegistrationDele
gate.invokeBeanFactoryP
ostProcessors(PostProce
ssorRegistrationDelegat
e.java:197)
	at org.springframework
.context.support.Abstra
ctApplicationContext.in
vokeBeanFactoryPostProc
essors(AbstractApplicat
ionContext.java:792)
	at org.springframework
.context.support.Abstra
ctApplicationContext.re
fresh(AbstractApplicati
onContext.java:610)
	at org.springframework
.boot.SpringApplication
.refresh(SpringApplicat
ion.java:752)
	at org.springframework
.boot.SpringApplication
.refreshContext(SpringA
pplication.java:439)
	at org.springframework
.boot.SpringApplication
.run(SpringApplication.
java:318)
	at org.springframework
.boot.test.context.Spri
ngBootContextLoader.lam
bda$loadContext$3(Sprin
gBootContextLoader.java
:152)
	at org.springframework
.util.function.Throwing
Supplier.get(ThrowingSu
pplier.java:58)
	at org.springframework
.util.function.Throwing
Supplier.get(ThrowingSu
pplier.java:46)
	at org.springframework
.boot.SpringApplication
.withHook(SpringApplica
tion.java:1461)
	at org.springframework
.boot.test.context.Spri
ngBootContextLoader$Con
textLoaderHook.run(Spri
ngBootContextLoader.jav
a:595)
	at org.springframework
.boot.test.context.Spri
ngBootContextLoader.loa
dContext(SpringBootCont
extLoader.java:152)
	at org.springframework
.boot.test.context.Spri
ngBootContextLoader.loa
dContext(SpringBootCont
extLoader.java:111)
	at org.springframework
.test.context.cache.Def
aultCacheAwareContextLo
aderDelegate.loadContex
tInternal(DefaultCacheA
wareContextLoaderDelega
te.java:225)
	at org.springframework
.test.context.cache.Def
aultCacheAwareContextLo
aderDelegate.loadContex
t(DefaultCacheAwareCont
extLoaderDelegate.java:
152)
	at org.springframework
.test.context.support.D
efaultTestContext.getAp
plicationContext(Defaul
tTestContext.java:130)
	at org.springframework
.test.context.bean.over
ride.BeanOverrideTestEx
ecutionListener.injectF
ields(BeanOverrideTestE
xecutionListener.java:1
07)
	at org.springframework
.test.context.bean.over
ride.BeanOverrideTestEx
ecutionListener.prepare
TestInstance(BeanOverri
deTestExecutionListener
.java:70)
	at org.springframework
.test.context.TestConte
xtManager.prepareTestIn
stance(TestContextManag
er.java:260)
	at org.springframework
.test.context.junit4.Sp
ringJUnit4ClassRunner.c
reateTest(SpringJUnit4C
lassRunner.java:228)
	at org.springframework
.test.context.junit4.Sp
ringJUnit4ClassRunner$1
.runReflectiveCall(Spri
ngJUnit4ClassRunner.jav
a:289)
	at org.junit.internal.
runners.model.Reflectiv
eCallable.run(Reflectiv
eCallable.java:12)
	at org.springframework
.test.context.junit4.Sp
ringJUnit4ClassRunner.m
ethodBlock(SpringJUnit4
ClassRunner.java:291)
	at org.springframework
.test.context.junit4.Sp
ringJUnit4ClassRunner.r
unChild(SpringJUnit4Cla
ssRunner.java:247)
	at org.springframework
.test.context.junit4.Sp
ringJUnit4ClassRunner.r
unChild(SpringJUnit4Cla
ssRunner.java:97)
	at org.junit.runners.P
arentRunner$4.run(Paren
tRunner.java:331)
	at org.junit.runners.P
arentRunner$1.schedule(
ParentRunner.java:79)
	at org.junit.runners.P
arentRunner.runChildren
(ParentRunner.java:329)
	at org.junit.runners.P
arentRunner.access$100(
ParentRunner.java:66)
	at org.junit.runners.P
arentRunner$2.evaluate(
ParentRunner.java:293)
	at org.springframework
.test.context.junit4.st
atements.RunBeforeTestC
lassCallbacks.evaluate(
RunBeforeTestClassCallb
acks.java:61)
	at org.springframework
.test.context.junit4.st
atements.RunAfterTestCl
assCallbacks.evaluate(R
unAfterTestClassCallbac
ks.java:70)
	at org.junit.runners.P
arentRunner$3.evaluate(
ParentRunner.java:306)
	at org.junit.runners.P
arentRunner.run(ParentR
unner.java:413)
	at org.springframework
.test.context.junit4.Sp
ringJUnit4ClassRunner.r
un(SpringJUnit4ClassRun
ner.java:191)
	at org.junit.runner.JU
nitCore.run(JUnitCore.j
ava:137)
	at org.junit.runner.JU
nitCore.run(JUnitCore.j
ava:115)
	at org.junit.vintage.e
ngine.execution.RunnerE
xecutor.execute(RunnerE
xecutor.java:42)
	at org.junit.vintage.e
ngine.execution.Vintage
Executor.executeClasses
AndMethodsSequentially(
VintageExecutor.java:93
)
	at org.junit.vintage.e
ngine.execution.Vintage
Executor.executeAllChil
dren(VintageExecutor.ja
va:73)
	at org.junit.vintage.e
ngine.VintageTestEngine
.execute(VintageTestEng
ine.java:70)
	at org.junit.platform.
launcher.core.EngineExe
cutionOrchestrator.exec
ute(EngineExecutionOrch
estrator.java:201)
	at org.junit.platform.
launcher.core.EngineExe
cutionOrchestrator.exec
ute(EngineExecutionOrch
estrator.java:170)
	at org.junit.platform.
launcher.core.EngineExe
cutionOrchestrator.exec
ute(EngineExecutionOrch
estrator.java:94)
	at org.junit.platform.
launcher.core.EngineExe
cutionOrchestrator.lamb
da$execute$0(EngineExec
utionOrchestrator.java:
59)
	at org.junit.platform.
launcher.core.EngineExe
cutionOrchestrator.with
InterceptedStreams(Engi
neExecutionOrchestrator
.java:142)
	at org.junit.platform.
launcher.core.EngineExe
cutionOrchestrator.exec
ute(EngineExecutionOrch
estrator.java:58)
	at org.junit.platform.
launcher.core.DefaultLa
uncher.execute(DefaultL
auncher.java:103)
	at org.junit.platform.
launcher.core.DefaultLa
uncher.execute(DefaultL
auncher.java:85)
	at org.junit.platform.
launcher.core.Delegatin
gLauncher.execute(Deleg
atingLauncher.java:47)
	at org.junit.platform.
launcher.core.Intercept
ingLauncher.lambda$exec
ute$1(InterceptingLaunc
her.java:39)
	at org.junit.platform.
launcher.core.Classpath
AlignmentCheckingLaunch
erInterceptor.intercept
(ClasspathAlignmentChec
kingLauncherInterceptor
.java:25)
	at org.junit.platform.
launcher.core.Intercept
ingLauncher.execute(Int
erceptingLauncher.java:
38)
	at org.junit.platform.
launcher.core.Delegatin
gLauncher.execute(Deleg
atingLauncher.java:47)
	at org.apache.maven.su
refire.junitplatform.La
uncherAdapter.executeWi
thoutCancellationToken(
LauncherAdapter.java:60
)
	at org.apache.maven.su
refire.junitplatform.La
uncherAdapter.execute(L
auncherAdapter.java:52)
	at org.apache.maven.su
refire.junitplatform.JU
nitPlatformProvider.exe
cute(JUnitPlatformProvi
der.java:203)
	at org.apache.maven.su
refire.junitplatform.JU
nitPlatformProvider.inv
okeAllTests(JUnitPlatfo
rmProvider.java:168)
	at org.apache.maven.su
refire.junitplatform.JU
nitPlatformProvider.inv
oke(JUnitPlatformProvid
er.java:136)
	at org.apache.maven.su
refire.booter.ForkedBoo
ter.runSuitesInProcess(
ForkedBooter.java:385)
	at org.apache.maven.su
refire.booter.ForkedBoo
ter.execute(ForkedBoote
r.java:162)
	at org.apache.maven.su
refire.booter.ForkedBoo
ter.run(ForkedBooter.ja
va:507)
	at org.apache.maven.su
refire.booter.ForkedBoo
ter.main(ForkedBooter.j
ava:495)
Caused by: 
java.io.IOException: 
Error while 
instrumenting com/revpa
sswordmanager/service/I
VaultService$MockitoMoc
k$LyQRLhTZ$auxiliary$iT
h2Hi7p with JaCoCo 0.8.
11.202310140853/f33756c
.
	at org.jacoco.agent.rt
.internal_4742761.core.
instr.Instrumenter.inst
rumentError(Instrumente
r.java:161)
	at org.jacoco.agent.rt
.internal_4742761.core.
instr.Instrumenter.inst
rument(Instrumenter.jav
a:111)
	at org.jacoco.agent.rt
.internal_4742761.Cover
ageTransformer.transfor
m(CoverageTransformer.j
ava:92)
	... 111 more
Caused by: java.lang.Il
legalArgumentException:
 Unsupported class 
file major version 68
	at org.jacoco.agent.rt
.internal_4742761.asm.C
lassReader.<init>(Class
Reader.java:200)
	at org.jacoco.agent.rt
.internal_4742761.asm.C
lassReader.<init>(Class
Reader.java:180)
	at org.jacoco.agent.rt
.internal_4742761.asm.C
lassReader.<init>(Class
Reader.java:166)
	at org.jacoco.agent.rt
.internal_4742761.core.
internal.instr.InstrSup
port.classReaderFor(Ins
trSupport.java:280)
	at org.jacoco.agent.rt
.internal_4742761.core.
instr.Instrumenter.inst
rument(Instrumenter.jav
a:77)
	at org.jacoco.agent.rt
.internal_4742761.core.
instr.Instrumenter.inst
rument(Instrumenter.jav
a:109)
	... 112 more
java.lang.instrument.Il
legalClassFormatExcepti
on: Error while 
instrumenting com/revpa
sswordmanager/service/I
VaultService$MockitoMoc
k$LyQRLhTZ$auxiliary$Yj
MbYjKE with JaCoCo 0.8.
11.202310140853/f33756c
.
	at org.jacoco.agent.rt
.internal_4742761.Cover
ageTransformer.transfor
m(CoverageTransformer.j
ava:94)
	at java.instrument/jav
a.lang.instrument.Class
FileTransformer.transfo
rm(ClassFileTransformer
.java:257)
	at java.instrument/sun
.instrument.Transformer
Manager.transform(Trans
formerManager.java:188)
	at java.instrument/sun
.instrument.Instrumenta
tionImpl.transform(Inst
rumentationImpl.java:59
4)
	at java.base/java.lang
.ClassLoader.defineClas
s0(Native Method)
	at java.base/java.lang
.System$1.defineClass(S
ystem.java:2025)
	at java.base/java.lang
.invoke.MethodHandles$L
ookup$ClassDefiner.defi
neClass(MethodHandles.j
ava:2355)
	at java.base/java.lang
.invoke.MethodHandles$L
ookup$ClassDefiner.defi
neClass(MethodHandles.j
ava:2330)
	at java.base/java.lang
.invoke.MethodHandles$L
ookup.defineClass(Metho
dHandles.java:1754)
	at java.base/jdk.inter
nal.reflect.DirectMetho
dHandleAccessor.invoke(
DirectMethodHandleAcces
sor.java:104)
	at java.base/java.lang
.reflect.Method.invoke(
Method.java:565)
	at net.bytebuddy.utili
ty.Invoker$Dispatcher.i
nvoke(Unknown Source)
	at net.bytebuddy.utili
ty.dispatcher.JavaDispa
tcher$Dispatcher$ForNon
StaticMethod.invoke(Jav
aDispatcher.java:1038)
	at net.bytebuddy.utili
ty.dispatcher.JavaDispa
tcher$ProxiedInvocation
Handler.invoke(JavaDisp
atcher.java:1168)
	at jdk.proxy2/jdk.prox
y2.$Proxy150.defineClas
s(Unknown Source)
	at net.bytebuddy.dynam
ic.loading.ClassInjecto
r$UsingLookup.injectRaw
(ClassInjector.java:170
7)
	at net.bytebuddy.dynam
ic.loading.ClassInjecto
r$AbstractBase.injectRa
w(ClassInjector.java:18
8)
	at net.bytebuddy.dynam
ic.loading.ClassInjecto
r$AbstractBase.inject(C
lassInjector.java:176)
	at net.bytebuddy.dynam
ic.loading.ClassLoading
Strategy$UsingLookup.lo
ad(ClassLoadingStrategy
.java:519)
	at net.bytebuddy.dynam
ic.TypeResolutionStrate
gy$Passive.initialize(T
ypeResolutionStrategy.j
ava:101)
	at net.bytebuddy.dynam
ic.DynamicType$Default$
Unloaded.load(DynamicTy
pe.java:6432)
	at org.mockito.interna
l.creation.bytebuddy.Su
bclassBytecodeGenerator
.mockClass(SubclassByte
codeGenerator.java:282)
	at org.mockito.interna
l.creation.bytebuddy.Ty
peCachingBytecodeGenera
tor.lambda$mockClass$0(
TypeCachingBytecodeGene
rator.java:78)
	at net.bytebuddy.TypeC
ache.findOrInsert(TypeC
ache.java:168)
	at net.bytebuddy.TypeC
ache$WithInlineExpuncti
on.findOrInsert(TypeCac
he.java:399)
	at net.bytebuddy.TypeC
ache.findOrInsert(TypeC
ache.java:190)
	at net.bytebuddy.TypeC
ache$WithInlineExpuncti
on.findOrInsert(TypeCac
he.java:410)
	at org.mockito.interna
l.creation.bytebuddy.Ty
peCachingBytecodeGenera
tor.mockClass(TypeCachi
ngBytecodeGenerator.jav
a:75)
	at org.mockito.interna
l.creation.bytebuddy.In
lineBytecodeGenerator.m
ockClass(InlineBytecode
Generator.java:223)
	at org.mockito.interna
l.creation.bytebuddy.Ty
peCachingBytecodeGenera
tor.lambda$mockClass$0(
TypeCachingBytecodeGene
rator.java:78)
	at net.bytebuddy.TypeC
ache.findOrInsert(TypeC
ache.java:168)
	at net.bytebuddy.TypeC
ache$WithInlineExpuncti
on.findOrInsert(TypeCac
he.java:399)
	at net.bytebuddy.TypeC
ache.findOrInsert(TypeC
ache.java:190)
	at net.bytebuddy.TypeC
ache$WithInlineExpuncti
on.findOrInsert(TypeCac
he.java:410)
	at org.mockito.interna
l.creation.bytebuddy.Ty
peCachingBytecodeGenera
tor.mockClass(TypeCachi
ngBytecodeGenerator.jav
a:75)
	at org.mockito.interna
l.creation.bytebuddy.In
lineDelegateByteBuddyMo
ckMaker.createMockType(
InlineDelegateByteBuddy
MockMaker.java:429)
	at org.mockito.interna
l.creation.bytebuddy.In
lineDelegateByteBuddyMo
ckMaker.doCreateMock(In
lineDelegateByteBuddyMo
ckMaker.java:388)
	at org.mockito.interna
l.creation.bytebuddy.In
lineDelegateByteBuddyMo
ckMaker.createMock(Inli
neDelegateByteBuddyMock
Maker.java:367)
	at org.mockito.interna
l.creation.bytebuddy.In
lineByteBuddyMockMaker.
createMock(InlineByteBu
ddyMockMaker.java:56)
	at org.mockito.interna
l.util.MockUtil.createM
ock(MockUtil.java:99)
	at org.mockito.interna
l.MockitoCore.mock(Mock
itoCore.java:84)
	at org.mockito.Mockito
.mock(Mockito.java:2198
)
	at org.springframework
.test.context.bean.over
ride.mockito.MockitoBea
nOverrideHandler.create
Mock(MockitoBeanOverrid
eHandler.java:136)
	at org.springframework
.test.context.bean.over
ride.mockito.MockitoBea
nOverrideHandler.create
OverrideInstance(Mockit
oBeanOverrideHandler.ja
va:119)
	at org.springframework
.test.context.bean.over
ride.BeanOverrideHandle
r.createOverrideInstanc
e(BeanOverrideHandler.j
ava:324)
	at org.springframework
.test.context.bean.over
ride.BeanOverrideBeanFa
ctoryPostProcessor.repl
aceOrCreateBean(BeanOve
rrideBeanFactoryPostPro
cessor.java:220)
	at org.springframework
.test.context.bean.over
ride.BeanOverrideBeanFa
ctoryPostProcessor.regi
sterBeanOverride(BeanOv
errideBeanFactoryPostPr
ocessor.java:115)
	at org.springframework
.test.context.bean.over
ride.BeanOverrideBeanFa
ctoryPostProcessor.post
ProcessBeanFactory(Bean
OverrideBeanFactoryPost
Processor.java:100)
	at org.springframework
.context.support.PostPr
ocessorRegistrationDele
gate.invokeBeanFactoryP
ostProcessors(PostProce
ssorRegistrationDelegat
e.java:363)
	at org.springframework
.context.support.PostPr
ocessorRegistrationDele
gate.invokeBeanFactoryP
ostProcessors(PostProce
ssorRegistrationDelegat
e.java:197)
	at org.springframework
.context.support.Abstra
ctApplicationContext.in
vokeBeanFactoryPostProc
essors(AbstractApplicat
ionContext.java:792)
	at org.springframework
.context.support.Abstra
ctApplicationContext.re
fresh(AbstractApplicati
onContext.java:610)
	at org.springframework
.boot.SpringApplication
.refresh(SpringApplicat
ion.java:752)
	at org.springframework
.boot.SpringApplication
.refreshContext(SpringA
pplication.java:439)
	at org.springframework
.boot.SpringApplication
.run(SpringApplication.
java:318)
	at org.springframework
.boot.test.context.Spri
ngBootContextLoader.lam
bda$loadContext$3(Sprin
gBootContextLoader.java
:152)
	at org.springframework
.util.function.Throwing
Supplier.get(ThrowingSu
pplier.java:58)
	at org.springframework
.util.function.Throwing
Supplier.get(ThrowingSu
pplier.java:46)
	at org.springframework
.boot.SpringApplication
.withHook(SpringApplica
tion.java:1461)
	at org.springframework
.boot.test.context.Spri
ngBootContextLoader$Con
textLoaderHook.run(Spri
ngBootContextLoader.jav
a:595)
	at org.springframework
.boot.test.context.Spri
ngBootContextLoader.loa
dContext(SpringBootCont
extLoader.java:152)
	at org.springframework
.boot.test.context.Spri
ngBootContextLoader.loa
dContext(SpringBootCont
extLoader.java:111)
	at org.springframework
.test.context.cache.Def
aultCacheAwareContextLo
aderDelegate.loadContex
tInternal(DefaultCacheA
wareContextLoaderDelega
te.java:225)
	at org.springframework
.test.context.cache.Def
aultCacheAwareContextLo
aderDelegate.loadContex
t(DefaultCacheAwareCont
extLoaderDelegate.java:
152)
	at org.springframework
.test.context.support.D
efaultTestContext.getAp
plicationContext(Defaul
tTestContext.java:130)
	at org.springframework
.test.context.bean.over
ride.BeanOverrideTestEx
ecutionListener.injectF
ields(BeanOverrideTestE
xecutionListener.java:1
07)
	at org.springframework
.test.context.bean.over
ride.BeanOverrideTestEx
ecutionListener.prepare
TestInstance(BeanOverri
deTestExecutionListener
.java:70)
	at org.springframework
.test.context.TestConte
xtManager.prepareTestIn
stance(TestContextManag
er.java:260)
	at org.springframework
.test.context.junit4.Sp
ringJUnit4ClassRunner.c
reateTest(SpringJUnit4C
lassRunner.java:228)
	at org.springframework
.test.context.junit4.Sp
ringJUnit4ClassRunner$1
.runReflectiveCall(Spri
ngJUnit4ClassRunner.jav
a:289)
	at org.junit.internal.
runners.model.Reflectiv
eCallable.run(Reflectiv
eCallable.java:12)
	at org.springframework
.test.context.junit4.Sp
ringJUnit4ClassRunner.m
ethodBlock(SpringJUnit4
ClassRunner.java:291)
	at org.springframework
.test.context.junit4.Sp
ringJUnit4ClassRunner.r
unChild(SpringJUnit4Cla
ssRunner.java:247)
	at org.springframework
.test.context.junit4.Sp
ringJUnit4ClassRunner.r
unChild(SpringJUnit4Cla
ssRunner.java:97)
	at org.junit.runners.P
arentRunner$4.run(Paren
tRunner.java:331)
	at org.junit.runners.P
arentRunner$1.schedule(
ParentRunner.java:79)
	at org.junit.runners.P
arentRunner.runChildren
(ParentRunner.java:329)
	at org.junit.runners.P
arentRunner.access$100(
ParentRunner.java:66)
	at org.junit.runners.P
arentRunner$2.evaluate(
ParentRunner.java:293)
	at org.springframework
.test.context.junit4.st
atements.RunBeforeTestC
lassCallbacks.evaluate(
RunBeforeTestClassCallb
acks.java:61)
	at org.springframework
.test.context.junit4.st
atements.RunAfterTestCl
assCallbacks.evaluate(R
unAfterTestClassCallbac
ks.java:70)
	at org.junit.runners.P
arentRunner$3.evaluate(
ParentRunner.java:306)
	at org.junit.runners.P
arentRunner.run(ParentR
unner.java:413)
	at org.springframework
.test.context.junit4.Sp
ringJUnit4ClassRunner.r
un(SpringJUnit4ClassRun
ner.java:191)
	at org.junit.runner.JU
nitCore.run(JUnitCore.j
ava:137)
	at org.junit.runner.JU
nitCore.run(JUnitCore.j
ava:115)
	at org.junit.vintage.e
ngine.execution.RunnerE
xecutor.execute(RunnerE
xecutor.java:42)
	at org.junit.vintage.e
ngine.execution.Vintage
Executor.executeClasses
AndMethodsSequentially(
VintageExecutor.java:93
)
	at org.junit.vintage.e
ngine.execution.Vintage
Executor.executeAllChil
dren(VintageExecutor.ja
va:73)
	at org.junit.vintage.e
ngine.VintageTestEngine
.execute(VintageTestEng
ine.java:70)
	at org.junit.platform.
launcher.core.EngineExe
cutionOrchestrator.exec
ute(EngineExecutionOrch
estrator.java:201)
	at org.junit.platform.
launcher.core.EngineExe
cutionOrchestrator.exec
ute(EngineExecutionOrch
estrator.java:170)
	at org.junit.platform.
launcher.core.EngineExe
cutionOrchestrator.exec
ute(EngineExecutionOrch
estrator.java:94)
	at org.junit.platform.
launcher.core.EngineExe
cutionOrchestrator.lamb
da$execute$0(EngineExec
utionOrchestrator.java:
59)
	at org.junit.platform.
launcher.core.EngineExe
cutionOrchestrator.with
InterceptedStreams(Engi
neExecutionOrchestrator
.java:142)
	at org.junit.platform.
launcher.core.EngineExe
cutionOrchestrator.exec
ute(EngineExecutionOrch
estrator.java:58)
	at org.junit.platform.
launcher.core.DefaultLa
uncher.execute(DefaultL
auncher.java:103)
	at org.junit.platform.
launcher.core.DefaultLa
uncher.execute(DefaultL
auncher.java:85)
	at org.junit.platform.
launcher.core.Delegatin
gLauncher.execute(Deleg
atingLauncher.java:47)
	at org.junit.platform.
launcher.core.Intercept
ingLauncher.lambda$exec
ute$1(InterceptingLaunc
her.java:39)
	at org.junit.platform.
launcher.core.Classpath
AlignmentCheckingLaunch
erInterceptor.intercept
(ClasspathAlignmentChec
kingLauncherInterceptor
.java:25)
	at org.junit.platform.
launcher.core.Intercept
ingLauncher.execute(Int
erceptingLauncher.java:
38)
	at org.junit.platform.
launcher.core.Delegatin
gLauncher.execute(Deleg
atingLauncher.java:47)
	at org.apache.maven.su
refire.junitplatform.La
uncherAdapter.executeWi
thoutCancellationToken(
LauncherAdapter.java:60
)
	at org.apache.maven.su
refire.junitplatform.La
uncherAdapter.execute(L
auncherAdapter.java:52)
	at org.apache.maven.su
refire.junitplatform.JU
nitPlatformProvider.exe
cute(JUnitPlatformProvi
der.java:203)
	at org.apache.maven.su
refire.junitplatform.JU
nitPlatformProvider.inv
okeAllTests(JUnitPlatfo
rmProvider.java:168)
	at org.apache.maven.su
refire.junitplatform.JU
nitPlatformProvider.inv
oke(JUnitPlatformProvid
er.java:136)
	at org.apache.maven.su
refire.booter.ForkedBoo
ter.runSuitesInProcess(
ForkedBooter.java:385)
	at org.apache.maven.su
refire.booter.ForkedBoo
ter.execute(ForkedBoote
r.java:162)
	at org.apache.maven.su
refire.booter.ForkedBoo
ter.run(ForkedBooter.ja
va:507)
	at org.apache.maven.su
refire.booter.ForkedBoo
ter.main(ForkedBooter.j
ava:495)
Caused by: 
java.io.IOException: 
Error while 
instrumenting com/revpa
sswordmanager/service/I
VaultService$MockitoMoc
k$LyQRLhTZ$auxiliary$Yj
MbYjKE with JaCoCo 0.8.
11.202310140853/f33756c
.
	at org.jacoco.agent.rt
.internal_4742761.core.
instr.Instrumenter.inst
rumentError(Instrumente
r.java:161)
	at org.jacoco.agent.rt
.internal_4742761.core.
instr.Instrumenter.inst
rument(Instrumenter.jav
a:111)
	at org.jacoco.agent.rt
.internal_4742761.Cover
ageTransformer.transfor
m(CoverageTransformer.j
ava:92)
	... 111 more
Caused by: java.lang.Il
legalArgumentException:
 Unsupported class 
file major version 68
	at org.jacoco.agent.rt
.internal_4742761.asm.C
lassReader.<init>(Class
Reader.java:200)
	at org.jacoco.agent.rt
.internal_4742761.asm.C
lassReader.<init>(Class
Reader.java:180)
	at org.jacoco.agent.rt
.internal_4742761.asm.C
lassReader.<init>(Class
Reader.java:166)
	at org.jacoco.agent.rt
.internal_4742761.core.
internal.instr.InstrSup
port.classReaderFor(Ins
trSupport.java:280)
	at org.jacoco.agent.rt
.internal_4742761.core.
instr.Instrumenter.inst
rument(Instrumenter.jav
a:77)
	at org.jacoco.agent.rt
.internal_4742761.core.
instr.Instrumenter.inst
rument(Instrumenter.jav
a:109)
	... 112 more
2026-03-03 09:36:12.920 [main] INFO  org.springframework.boot.autoconfigure.web.servlet.WelcomePageHandlerMapping - Adding welcome page template: index
2026-03-03 09:36:12.994 [main] WARN  org.springframework.boot.autoconfigure.security.servlet.UserDetailsServiceAutoConfiguration - 

Using generated security password: e6c7e71e-64c1-4243-a923-54da229b105d

This generated password is for development use only. Your security configuration must be updated before running your application in production.

2026-03-03 09:36:12.995 [main] INFO  org.springframework.security.config.annotation.authentication.configuration.InitializeUserDetailsBeanManagerConfigurer$InitializeUserDetailsManagerConfigurer - Global AuthenticationManager configured with UserDetailsService bean with name inMemoryUserDetailsManager
2026-03-03 09:36:13.013 [main] INFO  org.springframework.boot.test.mock.web.SpringBootMockServletContext - Initializing Spring TestDispatcherServlet ''
2026-03-03 09:36:13.013 [main] INFO  org.springframework.test.web.servlet.TestDispatcherServlet - Initializing Servlet ''
2026-03-03 09:36:13.013 [main] INFO  org.springframework.test.web.servlet.TestDispatcherServlet - Completed initialization in 0 ms
2026-03-03 09:36:13.022 [main] INFO  com.revpasswordmanager.controller.VaultControllerTest - Started VaultControllerTest in 0.438 seconds (process running for 12.861)
2026-03-03 09:36:13.072 [main] ERROR com.revpasswordmanager.exception.GlobalExceptionHandler - Unexpected error occurred: 
org.springframework.web.servlet.resource.NoResourceFoundException: No static resource dashboard.
	at org.springframework.web.servlet.resource.ResourceHttpRequestHandler.handleRequest(ResourceHttpRequestHandler.java:585) ~[spring-webmvc-6.2.16.jar:6.2.16]
	at org.springframework.web.servlet.mvc.HttpRequestHandlerAdapter.handle(HttpRequestHandlerAdapter.java:52) ~[spring-webmvc-6.2.16.jar:6.2.16]
	at org.springframework.web.servlet.DispatcherServlet.doDispatch(DispatcherServlet.java:1089) [spring-webmvc-6.2.16.jar:6.2.16]
	at org.springframework.web.servlet.DispatcherServlet.doService(DispatcherServlet.java:979) [spring-webmvc-6.2.16.jar:6.2.16]
	at org.springframework.web.servlet.FrameworkServlet.processRequest(FrameworkServlet.java:1014) [spring-webmvc-6.2.16.jar:6.2.16]
	at org.springframework.web.servlet.FrameworkServlet.doGet(FrameworkServlet.java:903) [spring-webmvc-6.2.16.jar:6.2.16]
	at jakarta.servlet.http.HttpServlet.service(HttpServlet.java:564) [tomcat-embed-core-10.1.52.jar:6.0]
	at org.springframework.web.servlet.FrameworkServlet.service(FrameworkServlet.java:885) [spring-webmvc-6.2.16.jar:6.2.16]
	at org.springframework.test.web.servlet.TestDispatcherServlet.service(TestDispatcherServlet.java:72) [spring-test-6.2.16.jar:6.2.16]
	at jakarta.servlet.http.HttpServlet.service(HttpServlet.java:658) [tomcat-embed-core-10.1.52.jar:6.0]
	at org.springframework.mock.web.MockFilterChain$ServletFilterProxy.doFilter(MockFilterChain.java:165) [spring-test-6.2.16.jar:6.2.16]
	at org.springframework.mock.web.MockFilterChain.doFilter(MockFilterChain.java:132) [spring-test-6.2.16.jar:6.2.16]
	at org.springframework.web.filter.CompositeFilter$VirtualFilterChain.doFilter(CompositeFilter.java:108) [spring-web-6.2.16.jar:6.2.16]
	at org.springframework.web.filter.CompositeFilter$VirtualFilterChain.doFilter(CompositeFilter.java:108) [spring-web-6.2.16.jar:6.2.16]
	at org.springframework.security.web.FilterChainProxy.lambda$doFilterInternal$3(FilterChainProxy.java:231) [spring-security-web-6.5.8.jar:6.5.8]
	at org.springframework.security.web.FilterChainProxy$VirtualFilterChain.doFilter(FilterChainProxy.java:365) [spring-security-web-6.5.8.jar:6.5.8]
	at org.springframework.security.web.access.intercept.AuthorizationFilter.doFilter(AuthorizationFilter.java:101) [spring-security-web-6.5.8.jar:6.5.8]
	at org.springframework.security.web.FilterChainProxy$VirtualFilterChain.doFilter(FilterChainProxy.java:374) [spring-security-web-6.5.8.jar:6.5.8]
	at org.springframework.security.web.access.ExceptionTranslationFilter.doFilter(ExceptionTranslationFilter.java:125) [spring-security-web-6.5.8.jar:6.5.8]
	at org.springframework.security.web.access.ExceptionTranslationFilter.doFilter(ExceptionTranslationFilter.java:119) [spring-security-web-6.5.8.jar:6.5.8]
	at org.springframework.security.web.FilterChainProxy$VirtualFilterChain.doFilter(FilterChainProxy.java:374) [spring-security-web-6.5.8.jar:6.5.8]
	at org.springframework.security.web.authentication.AnonymousAuthenticationFilter.doFilter(AnonymousAuthenticationFilter.java:100) [spring-security-web-6.5.8.jar:6.5.8]
	at org.springframework.security.web.FilterChainProxy$VirtualFilterChain.doFilter(FilterChainProxy.java:374) [spring-security-web-6.5.8.jar:6.5.8]
	at org.springframework.security.web.servletapi.SecurityContextHolderAwareRequestFilter.doFilter(SecurityContextHolderAwareRequestFilter.java:179) [spring-security-web-6.5.8.jar:6.5.8]
	at org.springframework.security.web.FilterChainProxy$VirtualFilterChain.doFilter(FilterChainProxy.java:374) [spring-security-web-6.5.8.jar:6.5.8]
	at org.springframework.security.web.savedrequest.RequestCacheAwareFilter.doFilter(RequestCacheAwareFilter.java:63) [spring-security-web-6.5.8.jar:6.5.8]
	at org.springframework.security.web.FilterChainProxy$VirtualFilterChain.doFilter(FilterChainProxy.java:374) [spring-security-web-6.5.8.jar:6.5.8]
	at org.springframework.security.web.authentication.www.BasicAuthenticationFilter.doFilterInternal(BasicAuthenticationFilter.java:181) [spring-security-web-6.5.8.jar:6.5.8]
	at org.springframework.web.filter.OncePerRequestFilter.doFilter(OncePerRequestFilter.java:116) [spring-web-6.2.16.jar:6.2.16]
	at org.springframework.security.web.FilterChainProxy$VirtualFilterChain.doFilter(FilterChainProxy.java:374) [spring-security-web-6.5.8.jar:6.5.8]
	at org.springframework.security.web.authentication.ui.DefaultLogoutPageGeneratingFilter.doFilterInternal(DefaultLogoutPageGeneratingFilter.java:59) [spring-security-web-6.5.8.jar:6.5.8]
	at org.springframework.web.filter.OncePerRequestFilter.doFilter(OncePerRequestFilter.java:116) [spring-web-6.2.16.jar:6.2.16]
	at org.springframework.security.web.FilterChainProxy$VirtualFilterChain.doFilter(FilterChainProxy.java:374) [spring-security-web-6.5.8.jar:6.5.8]
	at org.springframework.security.web.authentication.ui.DefaultLoginPageGeneratingFilter.doFilter(DefaultLoginPageGeneratingFilter.java:216) [spring-security-web-6.5.8.jar:6.5.8]
	at org.springframework.security.web.authentication.ui.DefaultLoginPageGeneratingFilter.doFilter(DefaultLoginPageGeneratingFilter.java:202) [spring-security-web-6.5.8.jar:6.5.8]
	at org.springframework.security.web.FilterChainProxy$VirtualFilterChain.doFilter(FilterChainProxy.java:374) [spring-security-web-6.5.8.jar:6.5.8]
	at org.springframework.security.web.authentication.ui.DefaultResourcesFilter.doFilter(DefaultResourcesFilter.java:72) [spring-security-web-6.5.8.jar:6.5.8]
	at org.springframework.security.web.FilterChainProxy$VirtualFilterChain.doFilter(FilterChainProxy.java:374) [spring-security-web-6.5.8.jar:6.5.8]
	at org.springframework.security.web.authentication.AbstractAuthenticationProcessingFilter.doFilter(AbstractAuthenticationProcessingFilter.java:235) [spring-security-web-6.5.8.jar:6.5.8]
	at org.springframework.security.web.authentication.AbstractAuthenticationProcessingFilter.doFilter(AbstractAuthenticationProcessingFilter.java:229) [spring-security-web-6.5.8.jar:6.5.8]
	at org.springframework.security.web.FilterChainProxy$VirtualFilterChain.doFilter(FilterChainProxy.java:374) [spring-security-web-6.5.8.jar:6.5.8]
	at org.springframework.security.web.authentication.logout.LogoutFilter.doFilter(LogoutFilter.java:107) [spring-security-web-6.5.8.jar:6.5.8]
	at org.springframework.security.web.authentication.logout.LogoutFilter.doFilter(LogoutFilter.java:93) [spring-security-web-6.5.8.jar:6.5.8]
	at org.springframework.security.web.FilterChainProxy$VirtualFilterChain.doFilter(FilterChainProxy.java:374) [spring-security-web-6.5.8.jar:6.5.8]
	at org.springframework.security.web.csrf.CsrfFilter.doFilterInternal(CsrfFilter.java:117) [spring-security-web-6.5.8.jar:6.5.8]
	at org.springframework.web.filter.OncePerRequestFilter.doFilter(OncePerRequestFilter.java:116) [spring-web-6.2.16.jar:6.2.16]
	at org.springframework.security.web.FilterChainProxy$VirtualFilterChain.doFilter(FilterChainProxy.java:374) [spring-security-web-6.5.8.jar:6.5.8]
	at org.springframework.security.web.header.HeaderWriterFilter.doHeadersAfter(HeaderWriterFilter.java:90) [spring-security-web-6.5.8.jar:6.5.8]
	at org.springframework.security.web.header.HeaderWriterFilter.doFilterInternal(HeaderWriterFilter.java:75) [spring-security-web-6.5.8.jar:6.5.8]
	at org.springframework.web.filter.OncePerRequestFilter.doFilter(OncePerRequestFilter.java:116) [spring-web-6.2.16.jar:6.2.16]
	at org.springframework.security.web.FilterChainProxy$VirtualFilterChain.doFilter(FilterChainProxy.java:374) [spring-security-web-6.5.8.jar:6.5.8]
	at org.springframework.security.web.context.SecurityContextHolderFilter.doFilter(SecurityContextHolderFilter.java:82) [spring-security-web-6.5.8.jar:6.5.8]
	at org.springframework.security.web.context.SecurityContextHolderFilter.doFilter(SecurityContextHolderFilter.java:69) [spring-security-web-6.5.8.jar:6.5.8]
	at org.springframework.security.web.FilterChainProxy$VirtualFilterChain.doFilter(FilterChainProxy.java:374) [spring-security-web-6.5.8.jar:6.5.8]
	at org.springframework.security.web.context.request.async.WebAsyncManagerIntegrationFilter.doFilterInternal(WebAsyncManagerIntegrationFilter.java:62) [spring-security-web-6.5.8.jar:6.5.8]
	at org.springframework.web.filter.OncePerRequestFilter.doFilter(OncePerRequestFilter.java:116) [spring-web-6.2.16.jar:6.2.16]
	at org.springframework.security.web.FilterChainProxy$VirtualFilterChain.doFilter(FilterChainProxy.java:374) [spring-security-web-6.5.8.jar:6.5.8]
	at org.springframework.security.web.session.DisableEncodeUrlFilter.doFilterInternal(DisableEncodeUrlFilter.java:42) [spring-security-web-6.5.8.jar:6.5.8]
	at org.springframework.web.filter.OncePerRequestFilter.doFilter(OncePerRequestFilter.java:116) [spring-web-6.2.16.jar:6.2.16]
	at org.springframework.security.web.FilterChainProxy$VirtualFilterChain.doFilter(FilterChainProxy.java:374) [spring-security-web-6.5.8.jar:6.5.8]
	at org.springframework.security.web.FilterChainProxy.doFilterInternal(FilterChainProxy.java:233) [spring-security-web-6.5.8.jar:6.5.8]
	at org.springframework.security.web.FilterChainProxy.doFilter(FilterChainProxy.java:191) [spring-security-web-6.5.8.jar:6.5.8]
	at org.springframework.web.filter.CompositeFilter$VirtualFilterChain.doFilter(CompositeFilter.java:113) [spring-web-6.2.16.jar:6.2.16]
	at org.springframework.web.filter.ServletRequestPathFilter.doFilter(ServletRequestPathFilter.java:52) [spring-web-6.2.16.jar:6.2.16]
	at org.springframework.web.filter.CompositeFilter$VirtualFilterChain.doFilter(CompositeFilter.java:113) [spring-web-6.2.16.jar:6.2.16]
	at org.springframework.web.filter.CompositeFilter.doFilter(CompositeFilter.java:74) [spring-web-6.2.16.jar:6.2.16]
	at org.springframework.security.config.annotation.web.configuration.WebSecurityConfiguration$CompositeFilterChainProxy.doFilter(WebSecurityConfiguration.java:319) [spring-security-config-6.5.8.jar:6.5.8]
	at org.springframework.web.filter.CompositeFilter$VirtualFilterChain.doFilter(CompositeFilter.java:113) [spring-web-6.2.16.jar:6.2.16]
	at org.springframework.web.servlet.handler.HandlerMappingIntrospector.lambda$createCacheFilter$4(HandlerMappingIntrospector.java:267) [spring-webmvc-6.2.16.jar:6.2.16]
	at org.springframework.web.filter.CompositeFilter$VirtualFilterChain.doFilter(CompositeFilter.java:113) [spring-web-6.2.16.jar:6.2.16]
	at org.springframework.web.filter.CompositeFilter.doFilter(CompositeFilter.java:74) [spring-web-6.2.16.jar:6.2.16]
	at org.springframework.security.config.annotation.web.configuration.WebMvcSecurityConfiguration$CompositeFilterChainProxy.doFilter(WebMvcSecurityConfiguration.java:240) [spring-security-config-6.5.8.jar:6.5.8]
	at org.springframework.web.filter.DelegatingFilterProxy.invokeDelegate(DelegatingFilterProxy.java:362) [spring-web-6.2.16.jar:6.2.16]
	at org.springframework.web.filter.DelegatingFilterProxy.doFilter(DelegatingFilterProxy.java:278) [spring-web-6.2.16.jar:6.2.16]
	at org.springframework.test.web.servlet.setup.MockMvcFilterDecorator.doFilter(MockMvcFilterDecorator.java:162) [spring-test-6.2.16.jar:6.2.16]
	at org.springframework.mock.web.MockFilterChain.doFilter(MockFilterChain.java:132) [spring-test-6.2.16.jar:6.2.16]
	at org.springframework.web.filter.RequestContextFilter.doFilterInternal(RequestContextFilter.java:100) [spring-web-6.2.16.jar:6.2.16]
	at org.springframework.web.filter.OncePerRequestFilter.doFilter(OncePerRequestFilter.java:116) [spring-web-6.2.16.jar:6.2.16]
	at org.springframework.test.web.servlet.setup.MockMvcFilterDecorator.doFilter(MockMvcFilterDecorator.java:162) [spring-test-6.2.16.jar:6.2.16]
	at org.springframework.mock.web.MockFilterChain.doFilter(MockFilterChain.java:132) [spring-test-6.2.16.jar:6.2.16]
	at org.springframework.web.filter.FormContentFilter.doFilterInternal(FormContentFilter.java:93) [spring-web-6.2.16.jar:6.2.16]
	at org.springframework.web.filter.OncePerRequestFilter.doFilter(OncePerRequestFilter.java:116) [spring-web-6.2.16.jar:6.2.16]
	at org.springframework.test.web.servlet.setup.MockMvcFilterDecorator.doFilter(MockMvcFilterDecorator.java:162) [spring-test-6.2.16.jar:6.2.16]
	at org.springframework.mock.web.MockFilterChain.doFilter(MockFilterChain.java:132) [spring-test-6.2.16.jar:6.2.16]
	at org.springframework.web.filter.CharacterEncodingFilter.doFilterInternal(CharacterEncodingFilter.java:201) [spring-web-6.2.16.jar:6.2.16]
	at org.springframework.web.filter.OncePerRequestFilter.doFilter(OncePerRequestFilter.java:116) [spring-web-6.2.16.jar:6.2.16]
	at org.springframework.test.web.servlet.setup.MockMvcFilterDecorator.doFilter(MockMvcFilterDecorator.java:162) [spring-test-6.2.16.jar:6.2.16]
	at org.springframework.mock.web.MockFilterChain.doFilter(MockFilterChain.java:132) [spring-test-6.2.16.jar:6.2.16]
	at org.springframework.test.web.servlet.MockMvc.perform(MockMvc.java:201) [spring-test-6.2.16.jar:6.2.16]
	at com.revpasswordmanager.controller.VaultControllerTest.testDashboard(VaultControllerTest.java:39) [test-classes/:?]
	at java.base/jdk.internal.reflect.DirectMethodHandleAccessor.invoke(DirectMethodHandleAccessor.java:104) ~[?:?]
	at java.base/java.lang.reflect.Method.invoke(Method.java:565) ~[?:?]
	at org.junit.runners.model.FrameworkMethod$1.runReflectiveCall(FrameworkMethod.java:59) [junit-4.13.2.jar:4.13.2]
	at org.junit.internal.runners.model.ReflectiveCallable.run(ReflectiveCallable.java:12) [junit-4.13.2.jar:4.13.2]
	at org.junit.runners.model.FrameworkMethod.invokeExplosively(FrameworkMethod.java:56) [junit-4.13.2.jar:4.13.2]
	at org.junit.internal.runners.statements.InvokeMethod.evaluate(InvokeMethod.java:17) [junit-4.13.2.jar:4.13.2]
	at org.springframework.test.context.junit4.statements.RunBeforeTestExecutionCallbacks.evaluate(RunBeforeTestExecutionCallbacks.java:76) [spring-test-6.2.16.jar:6.2.16]
	at org.springframework.test.context.junit4.statements.RunAfterTestExecutionCallbacks.evaluate(RunAfterTestExecutionCallbacks.java:84) [spring-test-6.2.16.jar:6.2.16]
	at org.springframework.test.context.junit4.statements.RunBeforeTestMethodCallbacks.evaluate(RunBeforeTestMethodCallbacks.java:75) [spring-test-6.2.16.jar:6.2.16]
	at org.springframework.test.context.junit4.statements.RunAfterTestMethodCallbacks.evaluate(RunAfterTestMethodCallbacks.java:86) [spring-test-6.2.16.jar:6.2.16]
	at org.springframework.test.context.junit4.statements.SpringRepeat.evaluate(SpringRepeat.java:84) [spring-test-6.2.16.jar:6.2.16]
	at org.junit.runners.ParentRunner.runLeaf(ParentRunner.java:366) [junit-4.13.2.jar:4.13.2]
	at org.springframework.test.context.junit4.SpringJUnit4ClassRunner.runChild(SpringJUnit4ClassRunner.java:252) [spring-test-6.2.16.jar:6.2.16]
	at org.springframework.test.context.junit4.SpringJUnit4ClassRunner.runChild(SpringJUnit4ClassRunner.java:97) [spring-test-6.2.16.jar:6.2.16]
	at org.junit.runners.ParentRunner$4.run(ParentRunner.java:331) [junit-4.13.2.jar:4.13.2]
	at org.junit.runners.ParentRunner$1.schedule(ParentRunner.java:79) [junit-4.13.2.jar:4.13.2]
	at org.junit.runners.ParentRunner.runChildren(ParentRunner.java:329) [junit-4.13.2.jar:4.13.2]
	at org.junit.runners.ParentRunner.access$100(ParentRunner.java:66) [junit-4.13.2.jar:4.13.2]
	at org.junit.runners.ParentRunner$2.evaluate(ParentRunner.java:293) [junit-4.13.2.jar:4.13.2]
	at org.springframework.test.context.junit4.statements.RunBeforeTestClassCallbacks.evaluate(RunBeforeTestClassCallbacks.java:61) [spring-test-6.2.16.jar:6.2.16]
	at org.springframework.test.context.junit4.statements.RunAfterTestClassCallbacks.evaluate(RunAfterTestClassCallbacks.java:70) [spring-test-6.2.16.jar:6.2.16]
	at org.junit.runners.ParentRunner$3.evaluate(ParentRunner.java:306) [junit-4.13.2.jar:4.13.2]
	at org.junit.runners.ParentRunner.run(ParentRunner.java:413) [junit-4.13.2.jar:4.13.2]
	at org.springframework.test.context.junit4.SpringJUnit4ClassRunner.run(SpringJUnit4ClassRunner.java:191) [spring-test-6.2.16.jar:6.2.16]
	at org.junit.runner.JUnitCore.run(JUnitCore.java:137) [junit-4.13.2.jar:4.13.2]
	at org.junit.runner.JUnitCore.run(JUnitCore.java:115) [junit-4.13.2.jar:4.13.2]
	at org.junit.vintage.engine.execution.RunnerExecutor.execute(RunnerExecutor.java:42) [junit-vintage-engine-5.12.2.jar:5.12.2]
	at org.junit.vintage.engine.execution.VintageExecutor.executeClassesAndMethodsSequentially(VintageExecutor.java:93) [junit-vintage-engine-5.12.2.jar:5.12.2]
	at org.junit.vintage.engine.execution.VintageExecutor.executeAllChildren(VintageExecutor.java:73) [junit-vintage-engine-5.12.2.jar:5.12.2]
	at org.junit.vintage.engine.VintageTestEngine.execute(VintageTestEngine.java:70) [junit-vintage-engine-5.12.2.jar:5.12.2]
	at org.junit.platform.launcher.core.EngineExecutionOrchestrator.execute(EngineExecutionOrchestrator.java:201) [junit-platform-launcher-1.12.2.jar:1.12.2]
	at org.junit.platform.launcher.core.EngineExecutionOrchestrator.execute(EngineExecutionOrchestrator.java:170) [junit-platform-launcher-1.12.2.jar:1.12.2]
	at org.junit.platform.launcher.core.EngineExecutionOrchestrator.execute(EngineExecutionOrchestrator.java:94) [junit-platform-launcher-1.12.2.jar:1.12.2]
	at org.junit.platform.launcher.core.EngineExecutionOrchestrator.lambda$execute$0(EngineExecutionOrchestrator.java:59) [junit-platform-launcher-1.12.2.jar:1.12.2]
	at org.junit.platform.launcher.core.EngineExecutionOrchestrator.withInterceptedStreams(EngineExecutionOrchestrator.java:142) [junit-platform-launcher-1.12.2.jar:1.12.2]
	at org.junit.platform.launcher.core.EngineExecutionOrchestrator.execute(EngineExecutionOrchestrator.java:58) [junit-platform-launcher-1.12.2.jar:1.12.2]
	at org.junit.platform.launcher.core.DefaultLauncher.execute(DefaultLauncher.java:103) [junit-platform-launcher-1.12.2.jar:1.12.2]
	at org.junit.platform.launcher.core.DefaultLauncher.execute(DefaultLauncher.java:85) [junit-platform-launcher-1.12.2.jar:1.12.2]
	at org.junit.platform.launcher.core.DelegatingLauncher.execute(DelegatingLauncher.java:47) [junit-platform-launcher-1.12.2.jar:1.12.2]
	at org.junit.platform.launcher.core.InterceptingLauncher.lambda$execute$1(InterceptingLauncher.java:39) [junit-platform-launcher-1.12.2.jar:1.12.2]
	at org.junit.platform.launcher.core.ClasspathAlignmentCheckingLauncherInterceptor.intercept(ClasspathAlignmentCheckingLauncherInterceptor.java:25) [junit-platform-launcher-1.12.2.jar:1.12.2]
	at org.junit.platform.launcher.core.InterceptingLauncher.execute(InterceptingLauncher.java:38) [junit-platform-launcher-1.12.2.jar:1.12.2]
	at org.junit.platform.launcher.core.DelegatingLauncher.execute(DelegatingLauncher.java:47) [junit-platform-launcher-1.12.2.jar:1.12.2]
	at org.apache.maven.surefire.junitplatform.LauncherAdapter.executeWithoutCancellationToken(LauncherAdapter.java:60) [surefire-junit-platform-3.5.4.jar:3.5.4]
	at org.apache.maven.surefire.junitplatform.LauncherAdapter.execute(LauncherAdapter.java:52) [surefire-junit-platform-3.5.4.jar:3.5.4]
	at org.apache.maven.surefire.junitplatform.JUnitPlatformProvider.execute(JUnitPlatformProvider.java:203) [surefire-junit-platform-3.5.4.jar:3.5.4]
	at org.apache.maven.surefire.junitplatform.JUnitPlatformProvider.invokeAllTests(JUnitPlatformProvider.java:168) [surefire-junit-platform-3.5.4.jar:3.5.4]
	at org.apache.maven.surefire.junitplatform.JUnitPlatformProvider.invoke(JUnitPlatformProvider.java:136) [surefire-junit-platform-3.5.4.jar:3.5.4]
	at org.apache.maven.surefire.booter.ForkedBooter.runSuitesInProcess(ForkedBooter.java:385) [surefire-booter-3.5.4.jar:3.5.4]
	at org.apache.maven.surefire.booter.ForkedBooter.execute(ForkedBooter.java:162) [surefire-booter-3.5.4.jar:3.5.4]
	at org.apache.maven.surefire.booter.ForkedBooter.run(ForkedBooter.java:507) [surefire-booter-3.5.4.jar:3.5.4]
	at org.apache.maven.surefire.booter.ForkedBooter.main(ForkedBooter.java:495) [surefire-booter-3.5.4.jar:3.5.4]
2026-03-03 09:36:13.089 [main] ERROR com.revpasswordmanager.exception.GlobalExceptionHandler - Error: 
org.springframework.web.servlet.resource.NoResourceFoundException: No static resource dashboard.
	at org.springframework.web.servlet.resource.ResourceHttpRequestHandler.handleRequest(ResourceHttpRequestHandler.java:585) ~[spring-webmvc-6.2.16.jar:6.2.16]
	at org.springframework.web.servlet.mvc.HttpRequestHandlerAdapter.handle(HttpRequestHandlerAdapter.java:52) ~[spring-webmvc-6.2.16.jar:6.2.16]
	at org.springframework.web.servlet.DispatcherServlet.doDispatch(DispatcherServlet.java:1089) [spring-webmvc-6.2.16.jar:6.2.16]
	at org.springframework.web.servlet.DispatcherServlet.doService(DispatcherServlet.java:979) [spring-webmvc-6.2.16.jar:6.2.16]
	at org.springframework.web.servlet.FrameworkServlet.processRequest(FrameworkServlet.java:1014) [spring-webmvc-6.2.16.jar:6.2.16]
	at org.springframework.web.servlet.FrameworkServlet.doGet(FrameworkServlet.java:903) [spring-webmvc-6.2.16.jar:6.2.16]
	at jakarta.servlet.http.HttpServlet.service(HttpServlet.java:564) [tomcat-embed-core-10.1.52.jar:6.0]
	at org.springframework.web.servlet.FrameworkServlet.service(FrameworkServlet.java:885) [spring-webmvc-6.2.16.jar:6.2.16]
	at org.springframework.test.web.servlet.TestDispatcherServlet.service(TestDispatcherServlet.java:72) [spring-test-6.2.16.jar:6.2.16]
	at jakarta.servlet.http.HttpServlet.service(HttpServlet.java:658) [tomcat-embed-core-10.1.52.jar:6.0]
	at org.springframework.mock.web.MockFilterChain$ServletFilterProxy.doFilter(MockFilterChain.java:165) [spring-test-6.2.16.jar:6.2.16]
	at org.springframework.mock.web.MockFilterChain.doFilter(MockFilterChain.java:132) [spring-test-6.2.16.jar:6.2.16]
	at org.springframework.web.filter.CompositeFilter$VirtualFilterChain.doFilter(CompositeFilter.java:108) [spring-web-6.2.16.jar:6.2.16]
	at org.springframework.web.filter.CompositeFilter$VirtualFilterChain.doFilter(CompositeFilter.java:108) [spring-web-6.2.16.jar:6.2.16]
	at org.springframework.security.web.FilterChainProxy.lambda$doFilterInternal$3(FilterChainProxy.java:231) [spring-security-web-6.5.8.jar:6.5.8]
	at org.springframework.security.web.FilterChainProxy$VirtualFilterChain.doFilter(FilterChainProxy.java:365) [spring-security-web-6.5.8.jar:6.5.8]
	at org.springframework.security.web.access.intercept.AuthorizationFilter.doFilter(AuthorizationFilter.java:101) [spring-security-web-6.5.8.jar:6.5.8]
	at org.springframework.security.web.FilterChainProxy$VirtualFilterChain.doFilter(FilterChainProxy.java:374) [spring-security-web-6.5.8.jar:6.5.8]
	at org.springframework.security.web.access.ExceptionTranslationFilter.doFilter(ExceptionTranslationFilter.java:125) [spring-security-web-6.5.8.jar:6.5.8]
	at org.springframework.security.web.access.ExceptionTranslationFilter.doFilter(ExceptionTranslationFilter.java:119) [spring-security-web-6.5.8.jar:6.5.8]
	at org.springframework.security.web.FilterChainProxy$VirtualFilterChain.doFilter(FilterChainProxy.java:374) [spring-security-web-6.5.8.jar:6.5.8]
	at org.springframework.security.web.authentication.AnonymousAuthenticationFilter.doFilter(AnonymousAuthenticationFilter.java:100) [spring-security-web-6.5.8.jar:6.5.8]
	at org.springframework.security.web.FilterChainProxy$VirtualFilterChain.doFilter(FilterChainProxy.java:374) [spring-security-web-6.5.8.jar:6.5.8]
	at org.springframework.security.web.servletapi.SecurityContextHolderAwareRequestFilter.doFilter(SecurityContextHolderAwareRequestFilter.java:179) [spring-security-web-6.5.8.jar:6.5.8]
	at org.springframework.security.web.FilterChainProxy$VirtualFilterChain.doFilter(FilterChainProxy.java:374) [spring-security-web-6.5.8.jar:6.5.8]
	at org.springframework.security.web.savedrequest.RequestCacheAwareFilter.doFilter(RequestCacheAwareFilter.java:63) [spring-security-web-6.5.8.jar:6.5.8]
	at org.springframework.security.web.FilterChainProxy$VirtualFilterChain.doFilter(FilterChainProxy.java:374) [spring-security-web-6.5.8.jar:6.5.8]
	at org.springframework.security.web.authentication.www.BasicAuthenticationFilter.doFilterInternal(BasicAuthenticationFilter.java:181) [spring-security-web-6.5.8.jar:6.5.8]
	at org.springframework.web.filter.OncePerRequestFilter.doFilter(OncePerRequestFilter.java:116) [spring-web-6.2.16.jar:6.2.16]
	at org.springframework.security.web.FilterChainProxy$VirtualFilterChain.doFilter(FilterChainProxy.java:374) [spring-security-web-6.5.8.jar:6.5.8]
	at org.springframework.security.web.authentication.ui.DefaultLogoutPageGeneratingFilter.doFilterInternal(DefaultLogoutPageGeneratingFilter.java:59) [spring-security-web-6.5.8.jar:6.5.8]
	at org.springframework.web.filter.OncePerRequestFilter.doFilter(OncePerRequestFilter.java:116) [spring-web-6.2.16.jar:6.2.16]
	at org.springframework.security.web.FilterChainProxy$VirtualFilterChain.doFilter(FilterChainProxy.java:374) [spring-security-web-6.5.8.jar:6.5.8]
	at org.springframework.security.web.authentication.ui.DefaultLoginPageGeneratingFilter.doFilter(DefaultLoginPageGeneratingFilter.java:216) [spring-security-web-6.5.8.jar:6.5.8]
	at org.springframework.security.web.authentication.ui.DefaultLoginPageGeneratingFilter.doFilter(DefaultLoginPageGeneratingFilter.java:202) [spring-security-web-6.5.8.jar:6.5.8]
	at org.springframework.security.web.FilterChainProxy$VirtualFilterChain.doFilter(FilterChainProxy.java:374) [spring-security-web-6.5.8.jar:6.5.8]
	at org.springframework.security.web.authentication.ui.DefaultResourcesFilter.doFilter(DefaultResourcesFilter.java:72) [spring-security-web-6.5.8.jar:6.5.8]
	at org.springframework.security.web.FilterChainProxy$VirtualFilterChain.doFilter(FilterChainProxy.java:374) [spring-security-web-6.5.8.jar:6.5.8]
	at org.springframework.security.web.authentication.AbstractAuthenticationProcessingFilter.doFilter(AbstractAuthenticationProcessingFilter.java:235) [spring-security-web-6.5.8.jar:6.5.8]
	at org.springframework.security.web.authentication.AbstractAuthenticationProcessingFilter.doFilter(AbstractAuthenticationProcessingFilter.java:229) [spring-security-web-6.5.8.jar:6.5.8]
	at org.springframework.security.web.FilterChainProxy$VirtualFilterChain.doFilter(FilterChainProxy.java:374) [spring-security-web-6.5.8.jar:6.5.8]
	at org.springframework.security.web.authentication.logout.LogoutFilter.doFilter(LogoutFilter.java:107) [spring-security-web-6.5.8.jar:6.5.8]
	at org.springframework.security.web.authentication.logout.LogoutFilter.doFilter(LogoutFilter.java:93) [spring-security-web-6.5.8.jar:6.5.8]
	at org.springframework.security.web.FilterChainProxy$VirtualFilterChain.doFilter(FilterChainProxy.java:374) [spring-security-web-6.5.8.jar:6.5.8]
	at org.springframework.security.web.csrf.CsrfFilter.doFilterInternal(CsrfFilter.java:117) [spring-security-web-6.5.8.jar:6.5.8]
	at org.springframework.web.filter.OncePerRequestFilter.doFilter(OncePerRequestFilter.java:116) [spring-web-6.2.16.jar:6.2.16]
	at org.springframework.security.web.FilterChainProxy$VirtualFilterChain.doFilter(FilterChainProxy.java:374) [spring-security-web-6.5.8.jar:6.5.8]
	at org.springframework.security.web.header.HeaderWriterFilter.doHeadersAfter(HeaderWriterFilter.java:90) [spring-security-web-6.5.8.jar:6.5.8]
	at org.springframework.security.web.header.HeaderWriterFilter.doFilterInternal(HeaderWriterFilter.java:75) [spring-security-web-6.5.8.jar:6.5.8]
	at org.springframework.web.filter.OncePerRequestFilter.doFilter(OncePerRequestFilter.java:116) [spring-web-6.2.16.jar:6.2.16]
	at org.springframework.security.web.FilterChainProxy$VirtualFilterChain.doFilter(FilterChainProxy.java:374) [spring-security-web-6.5.8.jar:6.5.8]
	at org.springframework.security.web.context.SecurityContextHolderFilter.doFilter(SecurityContextHolderFilter.java:82) [spring-security-web-6.5.8.jar:6.5.8]
	at org.springframework.security.web.context.SecurityContextHolderFilter.doFilter(SecurityContextHolderFilter.java:69) [spring-security-web-6.5.8.jar:6.5.8]
	at org.springframework.security.web.FilterChainProxy$VirtualFilterChain.doFilter(FilterChainProxy.java:374) [spring-security-web-6.5.8.jar:6.5.8]
	at org.springframework.security.web.context.request.async.WebAsyncManagerIntegrationFilter.doFilterInternal(WebAsyncManagerIntegrationFilter.java:62) [spring-security-web-6.5.8.jar:6.5.8]
	at org.springframework.web.filter.OncePerRequestFilter.doFilter(OncePerRequestFilter.java:116) [spring-web-6.2.16.jar:6.2.16]
	at org.springframework.security.web.FilterChainProxy$VirtualFilterChain.doFilter(FilterChainProxy.java:374) [spring-security-web-6.5.8.jar:6.5.8]
	at org.springframework.security.web.session.DisableEncodeUrlFilter.doFilterInternal(DisableEncodeUrlFilter.java:42) [spring-security-web-6.5.8.jar:6.5.8]
	at org.springframework.web.filter.OncePerRequestFilter.doFilter(OncePerRequestFilter.java:116) [spring-web-6.2.16.jar:6.2.16]
	at org.springframework.security.web.FilterChainProxy$VirtualFilterChain.doFilter(FilterChainProxy.java:374) [spring-security-web-6.5.8.jar:6.5.8]
	at org.springframework.security.web.FilterChainProxy.doFilterInternal(FilterChainProxy.java:233) [spring-security-web-6.5.8.jar:6.5.8]
	at org.springframework.security.web.FilterChainProxy.doFilter(FilterChainProxy.java:191) [spring-security-web-6.5.8.jar:6.5.8]
	at org.springframework.web.filter.CompositeFilter$VirtualFilterChain.doFilter(CompositeFilter.java:113) [spring-web-6.2.16.jar:6.2.16]
	at org.springframework.web.filter.ServletRequestPathFilter.doFilter(ServletRequestPathFilter.java:52) [spring-web-6.2.16.jar:6.2.16]
	at org.springframework.web.filter.CompositeFilter$VirtualFilterChain.doFilter(CompositeFilter.java:113) [spring-web-6.2.16.jar:6.2.16]
	at org.springframework.web.filter.CompositeFilter.doFilter(CompositeFilter.java:74) [spring-web-6.2.16.jar:6.2.16]
	at org.springframework.security.config.annotation.web.configuration.WebSecurityConfiguration$CompositeFilterChainProxy.doFilter(WebSecurityConfiguration.java:319) [spring-security-config-6.5.8.jar:6.5.8]
	at org.springframework.web.filter.CompositeFilter$VirtualFilterChain.doFilter(CompositeFilter.java:113) [spring-web-6.2.16.jar:6.2.16]
	at org.springframework.web.servlet.handler.HandlerMappingIntrospector.lambda$createCacheFilter$4(HandlerMappingIntrospector.java:267) [spring-webmvc-6.2.16.jar:6.2.16]
	at org.springframework.web.filter.CompositeFilter$VirtualFilterChain.doFilter(CompositeFilter.java:113) [spring-web-6.2.16.jar:6.2.16]
	at org.springframework.web.filter.CompositeFilter.doFilter(CompositeFilter.java:74) [spring-web-6.2.16.jar:6.2.16]
	at org.springframework.security.config.annotation.web.configuration.WebMvcSecurityConfiguration$CompositeFilterChainProxy.doFilter(WebMvcSecurityConfiguration.java:240) [spring-security-config-6.5.8.jar:6.5.8]
	at org.springframework.web.filter.DelegatingFilterProxy.invokeDelegate(DelegatingFilterProxy.java:362) [spring-web-6.2.16.jar:6.2.16]
	at org.springframework.web.filter.DelegatingFilterProxy.doFilter(DelegatingFilterProxy.java:278) [spring-web-6.2.16.jar:6.2.16]
	at org.springframework.test.web.servlet.setup.MockMvcFilterDecorator.doFilter(MockMvcFilterDecorator.java:162) [spring-test-6.2.16.jar:6.2.16]
	at org.springframework.mock.web.MockFilterChain.doFilter(MockFilterChain.java:132) [spring-test-6.2.16.jar:6.2.16]
	at org.springframework.web.filter.RequestContextFilter.doFilterInternal(RequestContextFilter.java:100) [spring-web-6.2.16.jar:6.2.16]
	at org.springframework.web.filter.OncePerRequestFilter.doFilter(OncePerRequestFilter.java:116) [spring-web-6.2.16.jar:6.2.16]
	at org.springframework.test.web.servlet.setup.MockMvcFilterDecorator.doFilter(MockMvcFilterDecorator.java:162) [spring-test-6.2.16.jar:6.2.16]
	at org.springframework.mock.web.MockFilterChain.doFilter(MockFilterChain.java:132) [spring-test-6.2.16.jar:6.2.16]
	at org.springframework.web.filter.FormContentFilter.doFilterInternal(FormContentFilter.java:93) [spring-web-6.2.16.jar:6.2.16]
	at org.springframework.web.filter.OncePerRequestFilter.doFilter(OncePerRequestFilter.java:116) [spring-web-6.2.16.jar:6.2.16]
	at org.springframework.test.web.servlet.setup.MockMvcFilterDecorator.doFilter(MockMvcFilterDecorator.java:162) [spring-test-6.2.16.jar:6.2.16]
	at org.springframework.mock.web.MockFilterChain.doFilter(MockFilterChain.java:132) [spring-test-6.2.16.jar:6.2.16]
	at org.springframework.web.filter.CharacterEncodingFilter.doFilterInternal(CharacterEncodingFilter.java:201) [spring-web-6.2.16.jar:6.2.16]
	at org.springframework.web.filter.OncePerRequestFilter.doFilter(OncePerRequestFilter.java:116) [spring-web-6.2.16.jar:6.2.16]
	at org.springframework.test.web.servlet.setup.MockMvcFilterDecorator.doFilter(MockMvcFilterDecorator.java:162) [spring-test-6.2.16.jar:6.2.16]
	at org.springframework.mock.web.MockFilterChain.doFilter(MockFilterChain.java:132) [spring-test-6.2.16.jar:6.2.16]
	at org.springframework.test.web.servlet.MockMvc.perform(MockMvc.java:201) [spring-test-6.2.16.jar:6.2.16]
	at com.revpasswordmanager.controller.VaultControllerTest.testDashboard(VaultControllerTest.java:39) [test-classes/:?]
	at java.base/jdk.internal.reflect.DirectMethodHandleAccessor.invoke(DirectMethodHandleAccessor.java:104) ~[?:?]
	at java.base/java.lang.reflect.Method.invoke(Method.java:565) ~[?:?]
	at org.junit.runners.model.FrameworkMethod$1.runReflectiveCall(FrameworkMethod.java:59) [junit-4.13.2.jar:4.13.2]
	at org.junit.internal.runners.model.ReflectiveCallable.run(ReflectiveCallable.java:12) [junit-4.13.2.jar:4.13.2]
	at org.junit.runners.model.FrameworkMethod.invokeExplosively(FrameworkMethod.java:56) [junit-4.13.2.jar:4.13.2]
	at org.junit.internal.runners.statements.InvokeMethod.evaluate(InvokeMethod.java:17) [junit-4.13.2.jar:4.13.2]
	at org.springframework.test.context.junit4.statements.RunBeforeTestExecutionCallbacks.evaluate(RunBeforeTestExecutionCallbacks.java:76) [spring-test-6.2.16.jar:6.2.16]
	at org.springframework.test.context.junit4.statements.RunAfterTestExecutionCallbacks.evaluate(RunAfterTestExecutionCallbacks.java:84) [spring-test-6.2.16.jar:6.2.16]
	at org.springframework.test.context.junit4.statements.RunBeforeTestMethodCallbacks.evaluate(RunBeforeTestMethodCallbacks.java:75) [spring-test-6.2.16.jar:6.2.16]
	at org.springframework.test.context.junit4.statements.RunAfterTestMethodCallbacks.evaluate(RunAfterTestMethodCallbacks.java:86) [spring-test-6.2.16.jar:6.2.16]
	at org.springframework.test.context.junit4.statements.SpringRepeat.evaluate(SpringRepeat.java:84) [spring-test-6.2.16.jar:6.2.16]
	at org.junit.runners.ParentRunner.runLeaf(ParentRunner.java:366) [junit-4.13.2.jar:4.13.2]
	at org.springframework.test.context.junit4.SpringJUnit4ClassRunner.runChild(SpringJUnit4ClassRunner.java:252) [spring-test-6.2.16.jar:6.2.16]
	at org.springframework.test.context.junit4.SpringJUnit4ClassRunner.runChild(SpringJUnit4ClassRunner.java:97) [spring-test-6.2.16.jar:6.2.16]
	at org.junit.runners.ParentRunner$4.run(ParentRunner.java:331) [junit-4.13.2.jar:4.13.2]
	at org.junit.runners.ParentRunner$1.schedule(ParentRunner.java:79) [junit-4.13.2.jar:4.13.2]
	at org.junit.runners.ParentRunner.runChildren(ParentRunner.java:329) [junit-4.13.2.jar:4.13.2]
	at org.junit.runners.ParentRunner.access$100(ParentRunner.java:66) [junit-4.13.2.jar:4.13.2]
	at org.junit.runners.ParentRunner$2.evaluate(ParentRunner.java:293) [junit-4.13.2.jar:4.13.2]
	at org.springframework.test.context.junit4.statements.RunBeforeTestClassCallbacks.evaluate(RunBeforeTestClassCallbacks.java:61) [spring-test-6.2.16.jar:6.2.16]
	at org.springframework.test.context.junit4.statements.RunAfterTestClassCallbacks.evaluate(RunAfterTestClassCallbacks.java:70) [spring-test-6.2.16.jar:6.2.16]
	at org.junit.runners.ParentRunner$3.evaluate(ParentRunner.java:306) [junit-4.13.2.jar:4.13.2]
	at org.junit.runners.ParentRunner.run(ParentRunner.java:413) [junit-4.13.2.jar:4.13.2]
	at org.springframework.test.context.junit4.SpringJUnit4ClassRunner.run(SpringJUnit4ClassRunner.java:191) [spring-test-6.2.16.jar:6.2.16]
	at org.junit.runner.JUnitCore.run(JUnitCore.java:137) [junit-4.13.2.jar:4.13.2]
	at org.junit.runner.JUnitCore.run(JUnitCore.java:115) [junit-4.13.2.jar:4.13.2]
	at org.junit.vintage.engine.execution.RunnerExecutor.execute(RunnerExecutor.java:42) [junit-vintage-engine-5.12.2.jar:5.12.2]
	at org.junit.vintage.engine.execution.VintageExecutor.executeClassesAndMethodsSequentially(VintageExecutor.java:93) [junit-vintage-engine-5.12.2.jar:5.12.2]
	at org.junit.vintage.engine.execution.VintageExecutor.executeAllChildren(VintageExecutor.java:73) [junit-vintage-engine-5.12.2.jar:5.12.2]
	at org.junit.vintage.engine.VintageTestEngine.execute(VintageTestEngine.java:70) [junit-vintage-engine-5.12.2.jar:5.12.2]
	at org.junit.platform.launcher.core.EngineExecutionOrchestrator.execute(EngineExecutionOrchestrator.java:201) [junit-platform-launcher-1.12.2.jar:1.12.2]
	at org.junit.platform.launcher.core.EngineExecutionOrchestrator.execute(EngineExecutionOrchestrator.java:170) [junit-platform-launcher-1.12.2.jar:1.12.2]
	at org.junit.platform.launcher.core.EngineExecutionOrchestrator.execute(EngineExecutionOrchestrator.java:94) [junit-platform-launcher-1.12.2.jar:1.12.2]
	at org.junit.platform.launcher.core.EngineExecutionOrchestrator.lambda$execute$0(EngineExecutionOrchestrator.java:59) [junit-platform-launcher-1.12.2.jar:1.12.2]
	at org.junit.platform.launcher.core.EngineExecutionOrchestrator.withInterceptedStreams(EngineExecutionOrchestrator.java:142) [junit-platform-launcher-1.12.2.jar:1.12.2]
	at org.junit.platform.launcher.core.EngineExecutionOrchestrator.execute(EngineExecutionOrchestrator.java:58) [junit-platform-launcher-1.12.2.jar:1.12.2]
	at org.junit.platform.launcher.core.DefaultLauncher.execute(DefaultLauncher.java:103) [junit-platform-launcher-1.12.2.jar:1.12.2]
	at org.junit.platform.launcher.core.DefaultLauncher.execute(DefaultLauncher.java:85) [junit-platform-launcher-1.12.2.jar:1.12.2]
	at org.junit.platform.launcher.core.DelegatingLauncher.execute(DelegatingLauncher.java:47) [junit-platform-launcher-1.12.2.jar:1.12.2]
	at org.junit.platform.launcher.core.InterceptingLauncher.lambda$execute$1(InterceptingLauncher.java:39) [junit-platform-launcher-1.12.2.jar:1.12.2]
	at org.junit.platform.launcher.core.ClasspathAlignmentCheckingLauncherInterceptor.intercept(ClasspathAlignmentCheckingLauncherInterceptor.java:25) [junit-platform-launcher-1.12.2.jar:1.12.2]
	at org.junit.platform.launcher.core.InterceptingLauncher.execute(InterceptingLauncher.java:38) [junit-platform-launcher-1.12.2.jar:1.12.2]
	at org.junit.platform.launcher.core.DelegatingLauncher.execute(DelegatingLauncher.java:47) [junit-platform-launcher-1.12.2.jar:1.12.2]
	at org.apache.maven.surefire.junitplatform.LauncherAdapter.executeWithoutCancellationToken(LauncherAdapter.java:60) [surefire-junit-platform-3.5.4.jar:3.5.4]
	at org.apache.maven.surefire.junitplatform.LauncherAdapter.execute(LauncherAdapter.java:52) [surefire-junit-platform-3.5.4.jar:3.5.4]
	at org.apache.maven.surefire.junitplatform.JUnitPlatformProvider.execute(JUnitPlatformProvider.java:203) [surefire-junit-platform-3.5.4.jar:3.5.4]
	at org.apache.maven.surefire.junitplatform.JUnitPlatformProvider.invokeAllTests(JUnitPlatformProvider.java:168) [surefire-junit-platform-3.5.4.jar:3.5.4]
	at org.apache.maven.surefire.junitplatform.JUnitPlatformProvider.invoke(JUnitPlatformProvider.java:136) [surefire-junit-platform-3.5.4.jar:3.5.4]
	at org.apache.maven.surefire.booter.ForkedBooter.runSuitesInProcess(ForkedBooter.java:385) [surefire-booter-3.5.4.jar:3.5.4]
	at org.apache.maven.surefire.booter.ForkedBooter.execute(ForkedBooter.java:162) [surefire-booter-3.5.4.jar:3.5.4]
	at org.apache.maven.surefire.booter.ForkedBooter.run(ForkedBooter.java:507) [surefire-booter-3.5.4.jar:3.5.4]
	at org.apache.maven.surefire.booter.ForkedBooter.main(ForkedBooter.java:495) [surefire-booter-3.5.4.jar:3.5.4]

MockHttpServletRequest:
      HTTP Method = GET
      Request URI = /dashboard
       Parameters = {}
          Headers = []
             Body = null
    Session Attrs = {SPRING_SECURITY_CONTEXT=SecurityContextImpl [Authentication=UsernamePasswordAuthenticationToken [Principal=org.springframework.security.core.userdetails.User [Username=testuser, Password=[PROTECTED], Enabled=true, AccountNonExpired=true, CredentialsNonExpired=true, AccountNonLocked=true, Granted Authorities=[ROLE_USER]], Credentials=[PROTECTED], Authenticated=true, Details=null, Granted Authorities=[ROLE_USER]]]}

Handler:
             Type = org.springframework.web.servlet.resource.ResourceHttpRequestHandler

Async:
    Async started = false
     Async result = null

Resolved Exception:
             Type = org.springframework.web.servlet.resource.NoResourceFoundException

ModelAndView:
        View name = error
             View = null
        Attribute = status
            value = 500
        Attribute = error
            value = Internal Server Error
        Attribute = message
            value = No static resource dashboard.

FlashMap:
       Attributes = null

MockHttpServletResponse:
           Status = 200
    Error message = null
          Headers = [Vary:"Origin", "Access-Control-Request-Method", "Access-Control-Request-Headers", Content-Language:"en", Content-Type:"text/html;charset=UTF-8", X-Content-Type-Options:"nosniff", X-XSS-Protection:"0", Cache-Control:"no-cache, no-store, max-age=0, must-revalidate", Pragma:"no-cache", Expires:"0", X-Frame-Options:"DENY"]
     Content type = text/html;charset=UTF-8
             Body = <!DOCTYPE html>
<html>

<head>
    <title>Error - RevVault</title>
    <link rel="stylesheet" href="https://cdn.jsdelivr.net/npm/bootstrap@5.3.0/dist/css/bootstrap.min.css">
    <link rel="stylesheet" href="https://cdnjs.cloudflare.com/ajax/libs/font-awesome/6.0.0/css/all.min.css">
    <style>
        :root {
            --primary-color: #2c3e50;
            --bg-color: #f4f7f6;
        }

        body {
            background-color: var(--bg-color);
            height: 100vh;
            display: flex;
            align-items: center;
            justify-content: center;
            font-family: 'Segoe UI', sans-serif;
        }

        .error-container {
            background: white;
            padding: 50px;
            border-radius: 20px;
            box-shadow: 0 15px 35px rgba(0, 0, 0, 0.1);
            text-align: center;
            max-width: 500px;
            width: 100%;
        }

        .error-icon {
            font-size: 80px;
            color: #e74c3c;
            margin-bottom: 25px;
        }

        h1 {
            color: var(--primary-color);
            font-weight: 800;
            margin-bottom: 15px;
        }

        p {
            color: #7f8c8d;
            font-size: 1.1rem;
            margin-bottom: 30px;
        }

        .btn-primary {
            background-color: var(--primary-color);
            border: none;
            padding: 12px 30px;
            border-radius: 10px;
            font-weight: 600;
        }
    </style>
</head>

<body>
    <div class="error-container">
        <div class="error-icon">
            <i class="fas fa-exclamation-triangle"></i>
        </div>
        <h1>Error 500</h1>
        <p>No static resource dashboard.</p>
        
        <a href="/" class="btn btn-primary">
            <i class="fas fa-home me-2"></i>Back to Safety
        </a>
    </div>
</body>

</html>
    Forwarded URL = null
   Redirected URL = null
          Cookies = []
[ERROR] Tests run: 2, Failures: 1, Errors: 0, Skipped: 0, Time elapsed: 1.297 s <<< FAILURE! -- in com.revpasswordmanager.controller.VaultControllerTest
[ERROR] com.revpasswordmanager.controller.VaultControllerTest.testDashboard -- Time elapsed: 0.712 s <<< FAILURE!
java.lang.AssertionError: View name expected:<dashboard> but was:<error>
	at org.springframework.test.util.AssertionErrors.fail(AssertionErrors.java:61)
	at org.springframework.test.util.AssertionErrors.assertEquals(AssertionErrors.java:128)
	at org.springframework.test.web.servlet.result.ViewResultMatchers.lambda$name$1(ViewResultMatchers.java:69)
	at org.springframework.test.web.servlet.MockMvc$1.andExpect(MockMvc.java:214)
	at com.revpasswordmanager.controller.VaultControllerTest.testDashboard(VaultControllerTest.java:41)
	at java.base/java.lang.reflect.Method.invoke(Method.java:565)
	at org.springframework.test.context.junit4.statements.RunBeforeTestExecutionCallbacks.evaluate(RunBeforeTestExecutionCallbacks.java:76)
	at org.springframework.test.context.junit4.statements.RunAfterTestExecutionCallbacks.evaluate(RunAfterTestExecutionCallbacks.java:84)
	at org.springframework.test.context.junit4.statements.RunBeforeTestMethodCallbacks.evaluate(RunBeforeTestMethodCallbacks.java:75)
	at org.springframework.test.context.junit4.statements.RunAfterTestMethodCallbacks.evaluate(RunAfterTestMethodCallbacks.java:86)
	at org.springframework.test.context.junit4.statements.SpringRepeat.evaluate(SpringRepeat.java:84)
	at org.springframework.test.context.junit4.SpringJUnit4ClassRunner.runChild(SpringJUnit4ClassRunner.java:252)
	at org.springframework.test.context.junit4.SpringJUnit4ClassRunner.runChild(SpringJUnit4ClassRunner.java:97)
	at org.springframework.test.context.junit4.statements.RunBeforeTestClassCallbacks.evaluate(RunBeforeTestClassCallbacks.java:61)
	at org.springframework.test.context.junit4.statements.RunAfterTestClassCallbacks.evaluate(RunAfterTestClassCallbacks.java:70)
	at org.springframework.test.context.junit4.SpringJUnit4ClassRunner.run(SpringJUnit4ClassRunner.java:191)

[INFO] Running com.revpasswordmanager.repository.VerificationCodeRepositoryTest
2026-03-03 09:36:13.884 [main] INFO  org.springframework.boot.devtools.restart.RestartApplicationListener - Restart disabled due to context in which it is running

  .   ____          _            __ _ _
 /\\ / ___'_ __ _ _(_)_ __  __ _ \ \ \ \
( ( )\___ | '_ | '_| | '_ \/ _` | \ \ \ \
 \\/  ___)| |_)| | | | | || (_| |  ) ) ) )
  '  |____| .__|_| |_|_| |_\__, | / / / /
 =========|_|==============|___/=/_/_/_/

 :: Spring Boot ::               (v3.5.11)

2026-03-03 09:36:13.919 [main] INFO  com.revpasswordmanager.repository.VerificationCodeRepositoryTest - Starting VerificationCodeRepositoryTest using Java 24.0.1 with PID 6788 (started by RAHUL in C:\Users\RAHUL\Desktop\P2_RevPasswordManager)
2026-03-03 09:36:13.920 [main] DEBUG com.revpasswordmanager.repository.VerificationCodeRepositoryTest - Running with Spring Boot v3.5.11, Spring v6.2.16
2026-03-03 09:36:13.921 [main] INFO  com.revpasswordmanager.repository.VerificationCodeRepositoryTest - No active profile set, falling back to 1 default profile: "default"
java.lang.instrument.Il
legalClassFormatExcepti
on: Error while 
instrumenting 
java/sql/Connection 
with JaCoCo 0.8.11.2023
10140853/f33756c.
	at org.jacoco.agent.rt
.internal_4742761.Cover
ageTransformer.transfor
m(CoverageTransformer.j
ava:94)
	at java.instrument/jav
a.lang.instrument.Class
FileTransformer.transfo
rm(ClassFileTransformer
.java:257)
	at java.instrument/sun
.instrument.Transformer
Manager.transform(Trans
formerManager.java:188)
	at java.instrument/sun
.instrument.Instrumenta
tionImpl.transform(Inst
rumentationImpl.java:59
4)
	at java.base/java.lang
.ClassLoader.defineClas
s2(Native Method)
	at java.base/java.lang
.ClassLoader.defineClas
s(ClassLoader.java:1052
)
	at java.base/java.secu
rity.SecureClassLoader.
defineClass(SecureClass
Loader.java:164)
	at java.base/jdk.inter
nal.loader.BuiltinClass
Loader.defineClass(Buil
tinClassLoader.java:735
)
	at java.base/jdk.inter
nal.loader.BuiltinClass
Loader.findClassInModul
eOrNull(BuiltinClassLoa
der.java:678)
	at java.base/jdk.inter
nal.loader.BuiltinClass
Loader.loadClassOrNull(
BuiltinClassLoader.java
:604)
	at java.base/jdk.inter
nal.loader.BuiltinClass
Loader.loadClassOrNull(
BuiltinClassLoader.java
:639)
	at java.base/jdk.inter
nal.loader.BuiltinClass
Loader.loadClassOrNull(
BuiltinClassLoader.java
:608)
	at java.base/jdk.inter
nal.loader.BuiltinClass
Loader.loadClass(Builti
nClassLoader.java:578)
	at java.base/java.lang
.ClassLoader.loadClass(
ClassLoader.java:490)
	at java.base/java.lang
.ClassLoader.defineClas
s1(Native Method)
	at java.base/java.lang
.ClassLoader.defineClas
s(ClassLoader.java:962)
	at java.base/java.secu
rity.SecureClassLoader.
defineClass(SecureClass
Loader.java:132)
	at java.base/jdk.inter
nal.loader.BuiltinClass
Loader.defineClass(Buil
tinClassLoader.java:776
)
	at java.base/jdk.inter
nal.loader.BuiltinClass
Loader.findClassOnClass
PathOrNull(BuiltinClass
Loader.java:691)
	at java.base/jdk.inter
nal.loader.BuiltinClass
Loader.loadClassOrNull(
BuiltinClassLoader.java
:620)
	at java.base/jdk.inter
nal.loader.BuiltinClass
Loader.loadClass(Builti
nClassLoader.java:578)
	at java.base/java.lang
.ClassLoader.loadClass(
ClassLoader.java:490)
	at java.base/java.lang
.ClassLoader.defineClas
s1(Native Method)
	at java.base/java.lang
.ClassLoader.defineClas
s(ClassLoader.java:962)
	at java.base/java.secu
rity.SecureClassLoader.
defineClass(SecureClass
Loader.java:132)
	at java.base/jdk.inter
nal.loader.BuiltinClass
Loader.defineClass(Buil
tinClassLoader.java:776
)
	at java.base/jdk.inter
nal.loader.BuiltinClass
Loader.findClassOnClass
PathOrNull(BuiltinClass
Loader.java:691)
	at java.base/jdk.inter
nal.loader.BuiltinClass
Loader.loadClassOrNull(
BuiltinClassLoader.java
:620)
	at java.base/jdk.inter
nal.loader.BuiltinClass
Loader.loadClass(Builti
nClassLoader.java:578)
	at java.base/java.lang
.ClassLoader.loadClass(
ClassLoader.java:490)
	at java.base/java.lang
.Class.forName0(Native 
Method)
	at java.base/java.lang
.Class.forName(Class.ja
va:543)
	at org.springframework
.boot.autoconfigure.con
dition.FilteringSpringB
ootCondition.resolve(Fi
lteringSpringBootCondit
ion.java:108)
	at org.springframework
.boot.autoconfigure.con
dition.FilteringSpringB
ootCondition$ClassNameF
ilter.isPresent(Filteri
ngSpringBootCondition.j
ava:140)
	at org.springframework
.boot.autoconfigure.con
dition.FilteringSpringB
ootCondition$ClassNameF
ilter$2.matches(Filteri
ngSpringBootCondition.j
ava:128)
	at org.springframework
.boot.autoconfigure.con
dition.FilteringSpringB
ootCondition.filter(Fil
teringSpringBootConditi
on.java:91)
	at org.springframework
.boot.autoconfigure.con
dition.OnClassCondition
.getMatchOutcome(OnClas
sCondition.java:90)
	at org.springframework
.boot.autoconfigure.con
dition.SpringBootCondit
ion.matches(SpringBootC
ondition.java:47)
	at org.springframework
.context.annotation.Con
ditionEvaluator.shouldS
kip(ConditionEvaluator.
java:99)
	at org.springframework
.context.annotation.Con
figurationClassParser.p
rocessConfigurationClas
s(ConfigurationClassPar
ser.java:247)
	at org.springframework
.context.annotation.Con
figurationClassParser.p
rocessImports(Configura
tionClassParser.java:61
7)
	at org.springframework
.context.annotation.Con
figurationClassParser.d
oProcessConfigurationCl
ass(ConfigurationClassP
arser.java:361)
	at org.springframework
.context.annotation.Con
figurationClassParser.p
rocessConfigurationClas
s(ConfigurationClassPar
ser.java:281)
	at org.springframework
.context.annotation.Con
figurationClassParser.p
rocessMemberClasses(Con
figurationClassParser.j
ava:427)
	at org.springframework
.context.annotation.Con
figurationClassParser.d
oProcessConfigurationCl
ass(ConfigurationClassP
arser.java:308)
	at org.springframework
.context.annotation.Con
figurationClassParser.p
rocessConfigurationClas
s(ConfigurationClassPar
ser.java:281)
	at org.springframework
.context.annotation.Con
figurationClassParser.p
rocessImports(Configura
tionClassParser.java:61
7)
	at org.springframework
.context.annotation.Con
figurationClassParser$D
eferredImportSelectorGr
oupingHandler.lambda$pr
ocessGroupImports$1(Con
figurationClassParser.j
ava:850)
	at java.base/java.lang
.Iterable.forEach(Itera
ble.java:75)
	at org.springframework
.context.annotation.Con
figurationClassParser$D
eferredImportSelectorGr
oupingHandler.processGr
oupImports(Configuratio
nClassParser.java:847)
	at org.springframework
.context.annotation.Con
figurationClassParser$D
eferredImportSelectorHa
ndler.process(Configura
tionClassParser.java:81
7)
	at org.springframework
.context.annotation.Con
figurationClassParser.p
arse(ConfigurationClass
Parser.java:198)
	at org.springframework
.context.annotation.Con
figurationClassPostProc
essor.processConfigBean
Definitions(Configurati
onClassPostProcessor.ja
va:418)
	at org.springframework
.context.annotation.Con
figurationClassPostProc
essor.postProcessBeanDe
finitionRegistry(Config
urationClassPostProcess
or.java:290)
	at org.springframework
.context.support.PostPr
ocessorRegistrationDele
gate.invokeBeanDefiniti
onRegistryPostProcessor
s(PostProcessorRegistra
tionDelegate.java:349)
	at org.springframework
.context.support.PostPr
ocessorRegistrationDele
gate.invokeBeanFactoryP
ostProcessors(PostProce
ssorRegistrationDelegat
e.java:118)
	at org.springframework
.context.support.Abstra
ctApplicationContext.in
vokeBeanFactoryPostProc
essors(AbstractApplicat
ionContext.java:792)
	at org.springframework
.context.support.Abstra
ctApplicationContext.re
fresh(AbstractApplicati
onContext.java:610)
	at org.springframework
.boot.SpringApplication
.refresh(SpringApplicat
ion.java:752)
	at org.springframework
.boot.SpringApplication
.refreshContext(SpringA
pplication.java:439)
	at org.springframework
.boot.SpringApplication
.run(SpringApplication.
java:318)
	at org.springframework
.boot.test.context.Spri
ngBootContextLoader.lam
bda$loadContext$3(Sprin
gBootContextLoader.java
:152)
	at org.springframework
.util.function.Throwing
Supplier.get(ThrowingSu
pplier.java:58)
	at org.springframework
.util.function.Throwing
Supplier.get(ThrowingSu
pplier.java:46)
	at org.springframework
.boot.SpringApplication
.withHook(SpringApplica
tion.java:1461)
	at org.springframework
.boot.test.context.Spri
ngBootContextLoader$Con
textLoaderHook.run(Spri
ngBootContextLoader.jav
a:595)
	at org.springframework
.boot.test.context.Spri
ngBootContextLoader.loa
dContext(SpringBootCont
extLoader.java:152)
	at org.springframework
.boot.test.context.Spri
ngBootContextLoader.loa
dContext(SpringBootCont
extLoader.java:111)
	at org.springframework
.test.context.cache.Def
aultCacheAwareContextLo
aderDelegate.loadContex
tInternal(DefaultCacheA
wareContextLoaderDelega
te.java:225)
	at org.springframework
.test.context.cache.Def
aultCacheAwareContextLo
aderDelegate.loadContex
t(DefaultCacheAwareCont
extLoaderDelegate.java:
152)
	at org.springframework
.test.context.support.D
efaultTestContext.getAp
plicationContext(Defaul
tTestContext.java:130)
	at org.springframework
.test.context.support.D
ependencyInjectionTestE
xecutionListener.inject
Dependencies(Dependency
InjectionTestExecutionL
istener.java:155)
	at org.springframework
.test.context.support.D
ependencyInjectionTestE
xecutionListener.prepar
eTestInstance(Dependenc
yInjectionTestExecution
Listener.java:111)
	at org.springframework
.test.context.TestConte
xtManager.prepareTestIn
stance(TestContextManag
er.java:260)
	at org.springframework
.test.context.junit4.Sp
ringJUnit4ClassRunner.c
reateTest(SpringJUnit4C
lassRunner.java:228)
	at org.springframework
.test.context.junit4.Sp
ringJUnit4ClassRunner$1
.runReflectiveCall(Spri
ngJUnit4ClassRunner.jav
a:289)
	at org.junit.internal.
runners.model.Reflectiv
eCallable.run(Reflectiv
eCallable.java:12)
	at org.springframework
.test.context.junit4.Sp
ringJUnit4ClassRunner.m
ethodBlock(SpringJUnit4
ClassRunner.java:291)
	at org.springframework
.test.context.junit4.Sp
ringJUnit4ClassRunner.r
unChild(SpringJUnit4Cla
ssRunner.java:247)
	at org.springframework
.test.context.junit4.Sp
ringJUnit4ClassRunner.r
unChild(SpringJUnit4Cla
ssRunner.java:97)
	at org.junit.runners.P
arentRunner$4.run(Paren
tRunner.java:331)
	at org.junit.runners.P
arentRunner$1.schedule(
ParentRunner.java:79)
	at org.junit.runners.P
arentRunner.runChildren
(ParentRunner.java:329)
	at org.junit.runners.P
arentRunner.access$100(
ParentRunner.java:66)
	at org.junit.runners.P
arentRunner$2.evaluate(
ParentRunner.java:293)
	at org.springframework
.test.context.junit4.st
atements.RunBeforeTestC
lassCallbacks.evaluate(
RunBeforeTestClassCallb
acks.java:61)
	at org.springframework
.test.context.junit4.st
atements.RunAfterTestCl
assCallbacks.evaluate(R
unAfterTestClassCallbac
ks.java:70)
	at org.junit.runners.P
arentRunner$3.evaluate(
ParentRunner.java:306)
	at org.junit.runners.P
arentRunner.run(ParentR
unner.java:413)
	at org.springframework
.test.context.junit4.Sp
ringJUnit4ClassRunner.r
un(SpringJUnit4ClassRun
ner.java:191)
	at org.junit.runner.JU
nitCore.run(JUnitCore.j
ava:137)
	at org.junit.runner.JU
nitCore.run(JUnitCore.j
ava:115)
	at org.junit.vintage.e
ngine.execution.RunnerE
xecutor.execute(RunnerE
xecutor.java:42)
	at org.junit.vintage.e
ngine.execution.Vintage
Executor.executeClasses
AndMethodsSequentially(
VintageExecutor.java:93
)
	at org.junit.vintage.e
ngine.execution.Vintage
Executor.executeAllChil
dren(VintageExecutor.ja
va:73)
	at org.junit.vintage.e
ngine.VintageTestEngine
.execute(VintageTestEng
ine.java:70)
	at org.junit.platform.
launcher.core.EngineExe
cutionOrchestrator.exec
ute(EngineExecutionOrch
estrator.java:201)
	at org.junit.platform.
launcher.core.EngineExe
cutionOrchestrator.exec
ute(EngineExecutionOrch
estrator.java:170)
	at org.junit.platform.
launcher.core.EngineExe
cutionOrchestrator.exec
ute(EngineExecutionOrch
estrator.java:94)
	at org.junit.platform.
launcher.core.EngineExe
cutionOrchestrator.lamb
da$execute$0(EngineExec
utionOrchestrator.java:
59)
	at org.junit.platform.
launcher.core.EngineExe
cutionOrchestrator.with
InterceptedStreams(Engi
neExecutionOrchestrator
.java:142)
	at org.junit.platform.
launcher.core.EngineExe
cutionOrchestrator.exec
ute(EngineExecutionOrch
estrator.java:58)
	at org.junit.platform.
launcher.core.DefaultLa
uncher.execute(DefaultL
auncher.java:103)
	at org.junit.platform.
launcher.core.DefaultLa
uncher.execute(DefaultL
auncher.java:85)
	at org.junit.platform.
launcher.core.Delegatin
gLauncher.execute(Deleg
atingLauncher.java:47)
	at org.junit.platform.
launcher.core.Intercept
ingLauncher.lambda$exec
ute$1(InterceptingLaunc
her.java:39)
	at org.junit.platform.
launcher.core.Classpath
AlignmentCheckingLaunch
erInterceptor.intercept
(ClasspathAlignmentChec
kingLauncherInterceptor
.java:25)
	at org.junit.platform.
launcher.core.Intercept
ingLauncher.execute(Int
erceptingLauncher.java:
38)
	at org.junit.platform.
launcher.core.Delegatin
gLauncher.execute(Deleg
atingLauncher.java:47)
	at org.apache.maven.su
refire.junitplatform.La
uncherAdapter.executeWi
thoutCancellationToken(
LauncherAdapter.java:60
)
	at org.apache.maven.su
refire.junitplatform.La
uncherAdapter.execute(L
auncherAdapter.java:52)
	at org.apache.maven.su
refire.junitplatform.JU
nitPlatformProvider.exe
cute(JUnitPlatformProvi
der.java:203)
	at org.apache.maven.su
refire.junitplatform.JU
nitPlatformProvider.inv
okeAllTests(JUnitPlatfo
rmProvider.java:168)
	at org.apache.maven.su
refire.junitplatform.JU
nitPlatformProvider.inv
oke(JUnitPlatformProvid
er.java:136)
	at org.apache.maven.su
refire.booter.ForkedBoo
ter.runSuitesInProcess(
ForkedBooter.java:385)
	at org.apache.maven.su
refire.booter.ForkedBoo
ter.execute(ForkedBoote
r.java:162)
	at org.apache.maven.su
refire.booter.ForkedBoo
ter.run(ForkedBooter.ja
va:507)
	at org.apache.maven.su
refire.booter.ForkedBoo
ter.main(ForkedBooter.j
ava:495)
Caused by: 
java.io.IOException: 
Error while 
instrumenting 
java/sql/Connection 
with JaCoCo 0.8.11.2023
10140853/f33756c.
	at org.jacoco.agent.rt
.internal_4742761.core.
instr.Instrumenter.inst
rumentError(Instrumente
r.java:161)
	at org.jacoco.agent.rt
.internal_4742761.core.
instr.Instrumenter.inst
rument(Instrumenter.jav
a:111)
	at org.jacoco.agent.rt
.internal_4742761.Cover
ageTransformer.transfor
m(CoverageTransformer.j
ava:92)
	... 117 more
Caused by: java.lang.Il
legalArgumentException:
 Unsupported class 
file major version 68
	at org.jacoco.agent.rt
.internal_4742761.asm.C
lassReader.<init>(Class
Reader.java:200)
	at org.jacoco.agent.rt
.internal_4742761.asm.C
lassReader.<init>(Class
Reader.java:180)
	at org.jacoco.agent.rt
.internal_4742761.asm.C
lassReader.<init>(Class
Reader.java:166)
	at org.jacoco.agent.rt
.internal_4742761.core.
internal.instr.InstrSup
port.classReaderFor(Ins
trSupport.java:280)
	at org.jacoco.agent.rt
.internal_4742761.core.
instr.Instrumenter.inst
rument(Instrumenter.jav
a:77)
	at org.jacoco.agent.rt
.internal_4742761.core.
instr.Instrumenter.inst
rument(Instrumenter.jav
a:109)
	... 118 more
java.lang.instrument.Il
legalClassFormatExcepti
on: Error while 
instrumenting 
javax/sql/XADataSource 
with JaCoCo 0.8.11.2023
10140853/f33756c.
	at org.jacoco.agent.rt
.internal_4742761.Cover
ageTransformer.transfor
m(CoverageTransformer.j
ava:94)
	at java.instrument/jav
a.lang.instrument.Class
FileTransformer.transfo
rm(ClassFileTransformer
.java:257)
	at java.instrument/sun
.instrument.Transformer
Manager.transform(Trans
formerManager.java:188)
	at java.instrument/sun
.instrument.Instrumenta
tionImpl.transform(Inst
rumentationImpl.java:59
4)
	at java.base/java.lang
.ClassLoader.defineClas
s2(Native Method)
	at java.base/java.lang
.ClassLoader.defineClas
s(ClassLoader.java:1052
)
	at java.base/java.secu
rity.SecureClassLoader.
defineClass(SecureClass
Loader.java:164)
	at java.base/jdk.inter
nal.loader.BuiltinClass
Loader.defineClass(Buil
tinClassLoader.java:735
)
	at java.base/jdk.inter
nal.loader.BuiltinClass
Loader.findClassInModul
eOrNull(BuiltinClassLoa
der.java:678)
	at java.base/jdk.inter
nal.loader.BuiltinClass
Loader.loadClassOrNull(
BuiltinClassLoader.java
:604)
	at java.base/jdk.inter
nal.loader.BuiltinClass
Loader.loadClassOrNull(
BuiltinClassLoader.java
:639)
	at java.base/jdk.inter
nal.loader.BuiltinClass
Loader.loadClassOrNull(
BuiltinClassLoader.java
:608)
	at java.base/jdk.inter
nal.loader.BuiltinClass
Loader.loadClass(Builti
nClassLoader.java:578)
	at java.base/java.lang
.ClassLoader.loadClass(
ClassLoader.java:490)
	at java.base/java.lang
.Class.forName0(Native 
Method)
	at java.base/java.lang
.Class.forName(Class.ja
va:543)
	at org.springframework
.boot.autoconfigure.con
dition.FilteringSpringB
ootCondition.resolve(Fi
lteringSpringBootCondit
ion.java:108)
	at org.springframework
.boot.autoconfigure.con
dition.OnBeanCondition$
Spec.resolveWhenPossibl
e(OnBeanCondition.java:
628)
	at org.springframework
.boot.autoconfigure.con
dition.OnBeanCondition$
Spec.<init>(OnBeanCondi
tion.java:580)
	at org.springframework
.boot.autoconfigure.con
dition.OnBeanCondition.
getMatchOutcome(OnBeanC
ondition.java:142)
	at org.springframework
.boot.autoconfigure.con
dition.SpringBootCondit
ion.matches(SpringBootC
ondition.java:47)
	at org.springframework
.context.annotation.Con
ditionEvaluator.shouldS
kip(ConditionEvaluator.
java:99)
	at org.springframework
.context.annotation.Con
figurationClassBeanDefi
nitionReader$TrackedCon
ditionEvaluator.shouldS
kip(ConfigurationClassB
eanDefinitionReader.jav
a:503)
	at org.springframework
.context.annotation.Con
figurationClassBeanDefi
nitionReader$TrackedCon
ditionEvaluator.shouldS
kip(ConfigurationClassB
eanDefinitionReader.jav
a:492)
	at org.springframework
.context.annotation.Con
figurationClassBeanDefi
nitionReader.loadBeanDe
finitionsForConfigurati
onClass(ConfigurationCl
assBeanDefinitionReader
.java:131)
	at org.springframework
.context.annotation.Con
figurationClassBeanDefi
nitionReader.loadBeanDe
finitions(Configuration
ClassBeanDefinitionRead
er.java:120)
	at org.springframework
.context.annotation.Con
figurationClassPostProc
essor.processConfigBean
Definitions(Configurati
onClassPostProcessor.ja
va:430)
	at org.springframework
.context.annotation.Con
figurationClassPostProc
essor.postProcessBeanDe
finitionRegistry(Config
urationClassPostProcess
or.java:290)
	at org.springframework
.context.support.PostPr
ocessorRegistrationDele
gate.invokeBeanDefiniti
onRegistryPostProcessor
s(PostProcessorRegistra
tionDelegate.java:349)
	at org.springframework
.context.support.PostPr
ocessorRegistrationDele
gate.invokeBeanFactoryP
ostProcessors(PostProce
ssorRegistrationDelegat
e.java:118)
	at org.springframework
.context.support.Abstra
ctApplicationContext.in
vokeBeanFactoryPostProc
essors(AbstractApplicat
ionContext.java:792)
	at org.springframework
.context.support.Abstra
ctApplicationContext.re
fresh(AbstractApplicati
onContext.java:610)
	at org.springframework
.boot.SpringApplication
.refresh(SpringApplicat
ion.java:752)
	at org.springframework
.boot.SpringApplication
.refreshContext(SpringA
pplication.java:439)
	at org.springframework
.boot.SpringApplication
.run(SpringApplication.
java:318)
	at org.springframework
.boot.test.context.Spri
ngBootContextLoader.lam
bda$loadContext$3(Sprin
gBootContextLoader.java
:152)
	at org.springframework
.util.function.Throwing
Supplier.get(ThrowingSu
pplier.java:58)
	at org.springframework
.util.function.Throwing
Supplier.get(ThrowingSu
pplier.java:46)
	at org.springframework
.boot.SpringApplication
.withHook(SpringApplica
tion.java:1461)
	at org.springframework
.boot.test.context.Spri
ngBootContextLoader$Con
textLoaderHook.run(Spri
ngBootContextLoader.jav
a:595)
	at org.springframework
.boot.test.context.Spri
ngBootContextLoader.loa
dContext(SpringBootCont
extLoader.java:152)
	at org.springframework
.boot.test.context.Spri
ngBootContextLoader.loa
dContext(SpringBootCont
extLoader.java:111)
	at org.springframework
.test.context.cache.Def
aultCacheAwareContextLo
aderDelegate.loadContex
tInternal(DefaultCacheA
wareContextLoaderDelega
te.java:225)
	at org.springframework
.test.context.cache.Def
aultCacheAwareContextLo
aderDelegate.loadContex
t(DefaultCacheAwareCont
extLoaderDelegate.java:
152)
	at org.springframework
.test.context.support.D
efaultTestContext.getAp
plicationContext(Defaul
tTestContext.java:130)
	at org.springframework
.test.context.support.D
ependencyInjectionTestE
xecutionListener.inject
Dependencies(Dependency
InjectionTestExecutionL
istener.java:155)
	at org.springframework
.test.context.support.D
ependencyInjectionTestE
xecutionListener.prepar
eTestInstance(Dependenc
yInjectionTestExecution
Listener.java:111)
	at org.springframework
.test.context.TestConte
xtManager.prepareTestIn
stance(TestContextManag
er.java:260)
	at org.springframework
.test.context.junit4.Sp
ringJUnit4ClassRunner.c
reateTest(SpringJUnit4C
lassRunner.java:228)
	at org.springframework
.test.context.junit4.Sp
ringJUnit4ClassRunner$1
.runReflectiveCall(Spri
ngJUnit4ClassRunner.jav
a:289)
	at org.junit.internal.
runners.model.Reflectiv
eCallable.run(Reflectiv
eCallable.java:12)
	at org.springframework
.test.context.junit4.Sp
ringJUnit4ClassRunner.m
ethodBlock(SpringJUnit4
ClassRunner.java:291)
	at org.springframework
.test.context.junit4.Sp
ringJUnit4ClassRunner.r
unChild(SpringJUnit4Cla
ssRunner.java:247)
	at org.springframework
.test.context.junit4.Sp
ringJUnit4ClassRunner.r
unChild(SpringJUnit4Cla
ssRunner.java:97)
	at org.junit.runners.P
arentRunner$4.run(Paren
tRunner.java:331)
	at org.junit.runners.P
arentRunner$1.schedule(
ParentRunner.java:79)
	at org.junit.runners.P
arentRunner.runChildren
(ParentRunner.java:329)
	at org.junit.runners.P
arentRunner.access$100(
ParentRunner.java:66)
	at org.junit.runners.P
arentRunner$2.evaluate(
ParentRunner.java:293)
	at org.springframework
.test.context.junit4.st
atements.RunBeforeTestC
lassCallbacks.evaluate(
RunBeforeTestClassCallb
acks.java:61)
	at org.springframework
.test.context.junit4.st
atements.RunAfterTestCl
assCallbacks.evaluate(R
unAfterTestClassCallbac
ks.java:70)
	at org.junit.runners.P
arentRunner$3.evaluate(
ParentRunner.java:306)
	at org.junit.runners.P
arentRunner.run(ParentR
unner.java:413)
	at org.springframework
.test.context.junit4.Sp
ringJUnit4ClassRunner.r
un(SpringJUnit4ClassRun
ner.java:191)
	at org.junit.runner.JU
nitCore.run(JUnitCore.j
ava:137)
	at org.junit.runner.JU
nitCore.run(JUnitCore.j
ava:115)
	at org.junit.vintage.e
ngine.execution.RunnerE
xecutor.execute(RunnerE
xecutor.java:42)
	at org.junit.vintage.e
ngine.execution.Vintage
Executor.executeClasses
AndMethodsSequentially(
VintageExecutor.java:93
)
	at org.junit.vintage.e
ngine.execution.Vintage
Executor.executeAllChil
dren(VintageExecutor.ja
va:73)
	at org.junit.vintage.e
ngine.VintageTestEngine
.execute(VintageTestEng
ine.java:70)
	at org.junit.platform.
launcher.core.EngineExe
cutionOrchestrator.exec
ute(EngineExecutionOrch
estrator.java:201)
	at org.junit.platform.
launcher.core.EngineExe
cutionOrchestrator.exec
ute(EngineExecutionOrch
estrator.java:170)
	at org.junit.platform.
launcher.core.EngineExe
cutionOrchestrator.exec
ute(EngineExecutionOrch
estrator.java:94)
	at org.junit.platform.
launcher.core.EngineExe
cutionOrchestrator.lamb
da$execute$0(EngineExec
utionOrchestrator.java:
59)
	at org.junit.platform.
launcher.core.EngineExe
cutionOrchestrator.with
InterceptedStreams(Engi
neExecutionOrchestrator
.java:142)
	at org.junit.platform.
launcher.core.EngineExe
cutionOrchestrator.exec
ute(EngineExecutionOrch
estrator.java:58)
	at org.junit.platform.
launcher.core.DefaultLa
uncher.execute(DefaultL
auncher.java:103)
	at org.junit.platform.
launcher.core.DefaultLa
uncher.execute(DefaultL
auncher.java:85)
	at org.junit.platform.
launcher.core.Delegatin
gLauncher.execute(Deleg
atingLauncher.java:47)
	at org.junit.platform.
launcher.core.Intercept
ingLauncher.lambda$exec
ute$1(InterceptingLaunc
her.java:39)
	at org.junit.platform.
launcher.core.Classpath
AlignmentCheckingLaunch
erInterceptor.intercept
(ClasspathAlignmentChec
kingLauncherInterceptor
.java:25)
	at org.junit.platform.
launcher.core.Intercept
ingLauncher.execute(Int
erceptingLauncher.java:
38)
	at org.junit.platform.
launcher.core.Delegatin
gLauncher.execute(Deleg
atingLauncher.java:47)
	at org.apache.maven.su
refire.junitplatform.La
uncherAdapter.executeWi
thoutCancellationToken(
LauncherAdapter.java:60
)
	at org.apache.maven.su
refire.junitplatform.La
uncherAdapter.execute(L
auncherAdapter.java:52)
	at org.apache.maven.su
refire.junitplatform.JU
nitPlatformProvider.exe
cute(JUnitPlatformProvi
der.java:203)
	at org.apache.maven.su
refire.junitplatform.JU
nitPlatformProvider.inv
okeAllTests(JUnitPlatfo
rmProvider.java:168)
	at org.apache.maven.su
refire.junitplatform.JU
nitPlatformProvider.inv
oke(JUnitPlatformProvid
er.java:136)
	at org.apache.maven.su
refire.booter.ForkedBoo
ter.runSuitesInProcess(
ForkedBooter.java:385)
	at org.apache.maven.su
refire.booter.ForkedBoo
ter.execute(ForkedBoote
r.java:162)
	at org.apache.maven.su
refire.booter.ForkedBoo
ter.run(ForkedBooter.ja
va:507)
	at org.apache.maven.su
refire.booter.ForkedBoo
ter.main(ForkedBooter.j
ava:495)
Caused by: 
java.io.IOException: 
Error while 
instrumenting 
javax/sql/XADataSource 
with JaCoCo 0.8.11.2023
10140853/f33756c.
	at org.jacoco.agent.rt
.internal_4742761.core.
instr.Instrumenter.inst
rumentError(Instrumente
r.java:161)
	at org.jacoco.agent.rt
.internal_4742761.core.
instr.Instrumenter.inst
rument(Instrumenter.jav
a:111)
	at org.jacoco.agent.rt
.internal_4742761.Cover
ageTransformer.transfor
m(CoverageTransformer.j
ava:92)
	... 91 more
Caused by: java.lang.Il
legalArgumentException:
 Unsupported class 
file major version 68
	at org.jacoco.agent.rt
.internal_4742761.asm.C
lassReader.<init>(Class
Reader.java:200)
	at org.jacoco.agent.rt
.internal_4742761.asm.C
lassReader.<init>(Class
Reader.java:180)
	at org.jacoco.agent.rt
.internal_4742761.asm.C
lassReader.<init>(Class
Reader.java:166)
	at org.jacoco.agent.rt
.internal_4742761.core.
internal.instr.InstrSup
port.classReaderFor(Ins
trSupport.java:280)
	at org.jacoco.agent.rt
.internal_4742761.core.
instr.Instrumenter.inst
rument(Instrumenter.jav
a:77)
	at org.jacoco.agent.rt
.internal_4742761.core.
instr.Instrumenter.inst
rument(Instrumenter.jav
a:109)
	... 92 more
2026-03-03 09:36:14.336 [main] INFO  org.springframework.data.repository.config.RepositoryConfigurationDelegate - Bootstrapping Spring Data JPA repositories in DEFAULT mode.
2026-03-03 09:36:14.464 [main] INFO  org.springframework.data.repository.config.RepositoryConfigurationDelegate - Finished Spring Data repository scanning in 108 ms. Found 4 JPA repository interfaces.
java.lang.instrument.Il
legalClassFormatExcepti
on: Error while 
instrumenting 
java/sql/Driver with 
JaCoCo 0.8.11.202310140
853/f33756c.
	at org.jacoco.agent.rt
.internal_4742761.Cover
ageTransformer.transfor
m(CoverageTransformer.j
ava:94)
	at java.instrument/jav
a.lang.instrument.Class
FileTransformer.transfo
rm(ClassFileTransformer
.java:257)
	at java.instrument/sun
.instrument.Transformer
Manager.transform(Trans
formerManager.java:188)
	at java.instrument/sun
.instrument.Instrumenta
tionImpl.transform(Inst
rumentationImpl.java:59
4)
	at java.base/java.lang
.ClassLoader.defineClas
s2(Native Method)
	at java.base/java.lang
.ClassLoader.defineClas
s(ClassLoader.java:1052
)
	at java.base/java.secu
rity.SecureClassLoader.
defineClass(SecureClass
Loader.java:164)
	at java.base/jdk.inter
nal.loader.BuiltinClass
Loader.defineClass(Buil
tinClassLoader.java:735
)
	at java.base/jdk.inter
nal.loader.BuiltinClass
Loader.findClassInModul
eOrNull(BuiltinClassLoa
der.java:678)
	at java.base/jdk.inter
nal.loader.BuiltinClass
Loader.loadClassOrNull(
BuiltinClassLoader.java
:604)
	at java.base/jdk.inter
nal.loader.BuiltinClass
Loader.loadClassOrNull(
BuiltinClassLoader.java
:639)
	at java.base/jdk.inter
nal.loader.BuiltinClass
Loader.loadClassOrNull(
BuiltinClassLoader.java
:608)
	at java.base/jdk.inter
nal.loader.BuiltinClass
Loader.loadClass(Builti
nClassLoader.java:578)
	at java.base/java.lang
.ClassLoader.loadClass(
ClassLoader.java:490)
	at java.base/java.lang
.ClassLoader.defineClas
s1(Native Method)
	at java.base/java.lang
.ClassLoader.defineClas
s(ClassLoader.java:962)
	at java.base/java.secu
rity.SecureClassLoader.
defineClass(SecureClass
Loader.java:132)
	at java.base/jdk.inter
nal.loader.BuiltinClass
Loader.defineClass(Buil
tinClassLoader.java:776
)
	at java.base/jdk.inter
nal.loader.BuiltinClass
Loader.findClassOnClass
PathOrNull(BuiltinClass
Loader.java:691)
	at java.base/jdk.inter
nal.loader.BuiltinClass
Loader.loadClassOrNull(
BuiltinClassLoader.java
:620)
	at java.base/jdk.inter
nal.loader.BuiltinClass
Loader.loadClass(Builti
nClassLoader.java:578)
	at java.base/java.lang
.ClassLoader.loadClass(
ClassLoader.java:490)
	at java.base/java.lang
.ClassLoader.defineClas
s1(Native Method)
	at java.base/java.lang
.ClassLoader.defineClas
s(ClassLoader.java:962)
	at java.base/java.secu
rity.SecureClassLoader.
defineClass(SecureClass
Loader.java:132)
	at java.base/jdk.inter
nal.loader.BuiltinClass
Loader.defineClass(Buil
tinClassLoader.java:776
)
	at java.base/jdk.inter
nal.loader.BuiltinClass
Loader.findClassOnClass
PathOrNull(BuiltinClass
Loader.java:691)
	at java.base/jdk.inter
nal.loader.BuiltinClass
Loader.loadClassOrNull(
BuiltinClassLoader.java
:620)
	at java.base/jdk.inter
nal.loader.BuiltinClass
Loader.loadClass(Builti
nClassLoader.java:578)
	at java.base/java.lang
.ClassLoader.loadClass(
ClassLoader.java:490)
	at java.base/java.lang
.Class.forName0(Native 
Method)
	at java.base/java.lang
.Class.forName(Class.ja
va:543)
	at org.springframework
.util.ClassUtils.forNam
e(ClassUtils.java:321)
	at org.springframework
.boot.autoconfigure.jdb
c.DataSourceProperties.
driverClassIsLoadable(D
ataSourceProperties.jav
a:199)
	at org.springframework
.boot.autoconfigure.jdb
c.DataSourceProperties.
findDriverClassName(Dat
aSourceProperties.java:
184)
	at org.springframework
.boot.autoconfigure.jdb
c.DataSourceProperties.
determineDriverClassNam
e(DataSourceProperties.
java:174)
	at org.springframework
.boot.autoconfigure.jdb
c.PropertiesJdbcConnect
ionDetails.getDriverCla
ssName(PropertiesJdbcCo
nnectionDetails.java:49
)
	at org.springframework
.boot.autoconfigure.jdb
c.DataSourceConfigurati
on.createDataSource(Dat
aSourceConfiguration.ja
va:62)
	at org.springframework
.boot.autoconfigure.jdb
c.DataSourceConfigurati
on$Hikari.dataSource(Da
taSourceConfiguration.j
ava:127)
	at java.base/jdk.inter
nal.reflect.DirectMetho
dHandleAccessor.invoke(
DirectMethodHandleAcces
sor.java:104)
	at java.base/java.lang
.reflect.Method.invoke(
Method.java:565)
	at org.springframework
.beans.factory.support.
SimpleInstantiationStra
tegy.lambda$instantiate
$0(SimpleInstantiationS
trategy.java:172)
	at org.springframework
.beans.factory.support.
SimpleInstantiationStra
tegy.instantiateWithFac
toryMethod(SimpleInstan
tiationStrategy.java:89
)
	at org.springframework
.beans.factory.support.
SimpleInstantiationStra
tegy.instantiate(Simple
InstantiationStrategy.j
ava:169)
	at org.springframework
.beans.factory.support.
ConstructorResolver.ins
tantiate(ConstructorRes
olver.java:653)
	at org.springframework
.beans.factory.support.
ConstructorResolver.ins
tantiateUsingFactoryMet
hod(ConstructorResolver
.java:645)
	at org.springframework
.beans.factory.support.
AbstractAutowireCapable
BeanFactory.instantiate
UsingFactoryMethod(Abst
ractAutowireCapableBean
Factory.java:1375)
	at org.springframework
.beans.factory.support.
AbstractAutowireCapable
BeanFactory.createBeanI
nstance(AbstractAutowir
eCapableBeanFactory.jav
a:1205)
	at org.springframework
.beans.factory.support.
AbstractAutowireCapable
BeanFactory.doCreateBea
n(AbstractAutowireCapab
leBeanFactory.java:569)
	at org.springframework
.beans.factory.support.
AbstractAutowireCapable
BeanFactory.createBean(
AbstractAutowireCapable
BeanFactory.java:529)
	at org.springframework
.beans.factory.support.
AbstractBeanFactory.lam
bda$doGetBean$0(Abstrac
tBeanFactory.java:339)
	at org.springframework
.beans.factory.support.
DefaultSingletonBeanReg
istry.getSingleton(Defa
ultSingletonBeanRegistr
y.java:373)
	at org.springframework
.beans.factory.support.
AbstractBeanFactory.doG
etBean(AbstractBeanFact
ory.java:337)
	at org.springframework
.beans.factory.support.
AbstractBeanFactory.get
Bean(AbstractBeanFactor
y.java:202)
	at org.springframework
.beans.factory.support.
DefaultListableBeanFact
ory.doResolveDependency
(DefaultListableBeanFac
tory.java:1708)
	at org.springframework
.beans.factory.support.
DefaultListableBeanFact
ory.resolveDependency(D
efaultListableBeanFacto
ry.java:1653)
	at org.springframework
.beans.factory.support.
ConstructorResolver.res
olveAutowiredArgument(C
onstructorResolver.java
:913)
	at org.springframework
.beans.factory.support.
ConstructorResolver.cre
ateArgumentArray(Constr
uctorResolver.java:791)
	at org.springframework
.beans.factory.support.
ConstructorResolver.ins
tantiateUsingFactoryMet
hod(ConstructorResolver
.java:546)
	at org.springframework
.beans.factory.support.
AbstractAutowireCapable
BeanFactory.instantiate
UsingFactoryMethod(Abst
ractAutowireCapableBean
Factory.java:1375)
	at org.springframework
.beans.factory.support.
AbstractAutowireCapable
BeanFactory.createBeanI
nstance(AbstractAutowir
eCapableBeanFactory.jav
a:1205)
	at org.springframework
.beans.factory.support.
AbstractAutowireCapable
BeanFactory.doCreateBea
n(AbstractAutowireCapab
leBeanFactory.java:569)
	at org.springframework
.beans.factory.support.
AbstractAutowireCapable
BeanFactory.createBean(
AbstractAutowireCapable
BeanFactory.java:529)
	at org.springframework
.beans.factory.support.
AbstractBeanFactory.lam
bda$doGetBean$0(Abstrac
tBeanFactory.java:339)
	at org.springframework
.beans.factory.support.
DefaultSingletonBeanReg
istry.getSingleton(Defa
ultSingletonBeanRegistr
y.java:373)
	at org.springframework
.beans.factory.support.
AbstractBeanFactory.doG
etBean(AbstractBeanFact
ory.java:337)
	at org.springframework
.beans.factory.support.
AbstractBeanFactory.get
Bean(AbstractBeanFactor
y.java:202)
	at org.springframework
.beans.factory.support.
AbstractBeanFactory.doG
etBean(AbstractBeanFact
ory.java:315)
	at org.springframework
.beans.factory.support.
AbstractBeanFactory.get
Bean(AbstractBeanFactor
y.java:207)
	at org.springframework
.context.support.Abstra
ctApplicationContext.fi
nishBeanFactoryInitiali
zation(AbstractApplicat
ionContext.java:974)
	at org.springframework
.context.support.Abstra
ctApplicationContext.re
fresh(AbstractApplicati
onContext.java:628)
	at org.springframework
.boot.SpringApplication
.refresh(SpringApplicat
ion.java:752)
	at org.springframework
.boot.SpringApplication
.refreshContext(SpringA
pplication.java:439)
	at org.springframework
.boot.SpringApplication
.run(SpringApplication.
java:318)
	at org.springframework
.boot.test.context.Spri
ngBootContextLoader.lam
bda$loadContext$3(Sprin
gBootContextLoader.java
:152)
	at org.springframework
.util.function.Throwing
Supplier.get(ThrowingSu
pplier.java:58)
	at org.springframework
.util.function.Throwing
Supplier.get(ThrowingSu
pplier.java:46)
	at org.springframework
.boot.SpringApplication
.withHook(SpringApplica
tion.java:1461)
	at org.springframework
.boot.test.context.Spri
ngBootContextLoader$Con
textLoaderHook.run(Spri
ngBootContextLoader.jav
a:595)
	at org.springframework
.boot.test.context.Spri
ngBootContextLoader.loa
dContext(SpringBootCont
extLoader.java:152)
	at org.springframework
.boot.test.context.Spri
ngBootContextLoader.loa
dContext(SpringBootCont
extLoader.java:111)
	at org.springframework
.test.context.cache.Def
aultCacheAwareContextLo
aderDelegate.loadContex
tInternal(DefaultCacheA
wareContextLoaderDelega
te.java:225)
	at org.springframework
.test.context.cache.Def
aultCacheAwareContextLo
aderDelegate.loadContex
t(DefaultCacheAwareCont
extLoaderDelegate.java:
152)
	at org.springframework
.test.context.support.D
efaultTestContext.getAp
plicationContext(Defaul
tTestContext.java:130)
	at org.springframework
.test.context.support.D
ependencyInjectionTestE
xecutionListener.inject
Dependencies(Dependency
InjectionTestExecutionL
istener.java:155)
	at org.springframework
.test.context.support.D
ependencyInjectionTestE
xecutionListener.prepar
eTestInstance(Dependenc
yInjectionTestExecution
Listener.java:111)
	at org.springframework
.test.context.TestConte
xtManager.prepareTestIn
stance(TestContextManag
er.java:260)
	at org.springframework
.test.context.junit4.Sp
ringJUnit4ClassRunner.c
reateTest(SpringJUnit4C
lassRunner.java:228)
	at org.springframework
.test.context.junit4.Sp
ringJUnit4ClassRunner$1
.runReflectiveCall(Spri
ngJUnit4ClassRunner.jav
a:289)
	at org.junit.internal.
runners.model.Reflectiv
eCallable.run(Reflectiv
eCallable.java:12)
	at org.springframework
.test.context.junit4.Sp
ringJUnit4ClassRunner.m
ethodBlock(SpringJUnit4
ClassRunner.java:291)
	at org.springframework
.test.context.junit4.Sp
ringJUnit4ClassRunner.r
unChild(SpringJUnit4Cla
ssRunner.java:247)
	at org.springframework
.test.context.junit4.Sp
ringJUnit4ClassRunner.r
unChild(SpringJUnit4Cla
ssRunner.java:97)
	at org.junit.runners.P
arentRunner$4.run(Paren
tRunner.java:331)
	at org.junit.runners.P
arentRunner$1.schedule(
ParentRunner.java:79)
	at org.junit.runners.P
arentRunner.runChildren
(ParentRunner.java:329)
	at org.junit.runners.P
arentRunner.access$100(
ParentRunner.java:66)
	at org.junit.runners.P
arentRunner$2.evaluate(
ParentRunner.java:293)
	at org.springframework
.test.context.junit4.st
atements.RunBeforeTestC
lassCallbacks.evaluate(
RunBeforeTestClassCallb
acks.java:61)
	at org.springframework
.test.context.junit4.st
atements.RunAfterTestCl
assCallbacks.evaluate(R
unAfterTestClassCallbac
ks.java:70)
	at org.junit.runners.P
arentRunner$3.evaluate(
ParentRunner.java:306)
	at org.junit.runners.P
arentRunner.run(ParentR
unner.java:413)
	at org.springframework
.test.context.junit4.Sp
ringJUnit4ClassRunner.r
un(SpringJUnit4ClassRun
ner.java:191)
	at org.junit.runner.JU
nitCore.run(JUnitCore.j
ava:137)
	at org.junit.runner.JU
nitCore.run(JUnitCore.j
ava:115)
	at org.junit.vintage.e
ngine.execution.RunnerE
xecutor.execute(RunnerE
xecutor.java:42)
	at org.junit.vintage.e
ngine.execution.Vintage
Executor.executeClasses
AndMethodsSequentially(
VintageExecutor.java:93
)
	at org.junit.vintage.e
ngine.execution.Vintage
Executor.executeAllChil
dren(VintageExecutor.ja
va:73)
	at org.junit.vintage.e
ngine.VintageTestEngine
.execute(VintageTestEng
ine.java:70)
	at org.junit.platform.
launcher.core.EngineExe
cutionOrchestrator.exec
ute(EngineExecutionOrch
estrator.java:201)
	at org.junit.platform.
launcher.core.EngineExe
cutionOrchestrator.exec
ute(EngineExecutionOrch
estrator.java:170)
	at org.junit.platform.
launcher.core.EngineExe
cutionOrchestrator.exec
ute(EngineExecutionOrch
estrator.java:94)
	at org.junit.platform.
launcher.core.EngineExe
cutionOrchestrator.lamb
da$execute$0(EngineExec
utionOrchestrator.java:
59)
	at org.junit.platform.
launcher.core.EngineExe
cutionOrchestrator.with
InterceptedStreams(Engi
neExecutionOrchestrator
.java:142)
	at org.junit.platform.
launcher.core.EngineExe
cutionOrchestrator.exec
ute(EngineExecutionOrch
estrator.java:58)
	at org.junit.platform.
launcher.core.DefaultLa
uncher.execute(DefaultL
auncher.java:103)
	at org.junit.platform.
launcher.core.DefaultLa
uncher.execute(DefaultL
auncher.java:85)
	at org.junit.platform.
launcher.core.Delegatin
gLauncher.execute(Deleg
atingLauncher.java:47)
	at org.junit.platform.
launcher.core.Intercept
ingLauncher.lambda$exec
ute$1(InterceptingLaunc
her.java:39)
	at org.junit.platform.
launcher.core.Classpath
AlignmentCheckingLaunch
erInterceptor.intercept
(ClasspathAlignmentChec
kingLauncherInterceptor
.java:25)
	at org.junit.platform.
launcher.core.Intercept
ingLauncher.execute(Int
erceptingLauncher.java:
38)
	at org.junit.platform.
launcher.core.Delegatin
gLauncher.execute(Deleg
atingLauncher.java:47)
	at org.apache.maven.su
refire.junitplatform.La
uncherAdapter.executeWi
thoutCancellationToken(
LauncherAdapter.java:60
)
	at org.apache.maven.su
refire.junitplatform.La
uncherAdapter.execute(L
auncherAdapter.java:52)
	at org.apache.maven.su
refire.junitplatform.JU
nitPlatformProvider.exe
cute(JUnitPlatformProvi
der.java:203)
	at org.apache.maven.su
refire.junitplatform.JU
nitPlatformProvider.inv
okeAllTests(JUnitPlatfo
rmProvider.java:168)
	at org.apache.maven.su
refire.junitplatform.JU
nitPlatformProvider.inv
oke(JUnitPlatformProvid
er.java:136)
	at org.apache.maven.su
refire.booter.ForkedBoo
ter.runSuitesInProcess(
ForkedBooter.java:385)
	at org.apache.maven.su
refire.booter.ForkedBoo
ter.execute(ForkedBoote
r.java:162)
	at org.apache.maven.su
refire.booter.ForkedBoo
ter.run(ForkedBooter.ja
va:507)
	at org.apache.maven.su
refire.booter.ForkedBoo
ter.main(ForkedBooter.j
ava:495)
Caused by: 
java.io.IOException: 
Error while 
instrumenting 
java/sql/Driver with 
JaCoCo 0.8.11.202310140
853/f33756c.
	at org.jacoco.agent.rt
.internal_4742761.core.
instr.Instrumenter.inst
rumentError(Instrumente
r.java:161)
	at org.jacoco.agent.rt
.internal_4742761.core.
instr.Instrumenter.inst
rument(Instrumenter.jav
a:111)
	at org.jacoco.agent.rt
.internal_4742761.Cover
ageTransformer.transfor
m(CoverageTransformer.j
ava:92)
	... 130 more
Caused by: java.lang.Il
legalArgumentException:
 Unsupported class 
file major version 68
	at org.jacoco.agent.rt
.internal_4742761.asm.C
lassReader.<init>(Class
Reader.java:200)
	at org.jacoco.agent.rt
.internal_4742761.asm.C
lassReader.<init>(Class
Reader.java:180)
	at org.jacoco.agent.rt
.internal_4742761.asm.C
lassReader.<init>(Class
Reader.java:166)
	at org.jacoco.agent.rt
.internal_4742761.core.
internal.instr.InstrSup
port.classReaderFor(Ins
trSupport.java:280)
	at org.jacoco.agent.rt
.internal_4742761.core.
instr.Instrumenter.inst
rument(Instrumenter.jav
a:77)
	at org.jacoco.agent.rt
.internal_4742761.core.
instr.Instrumenter.inst
rument(Instrumenter.jav
a:109)
	... 131 more
java.lang.instrument.Il
legalClassFormatExcepti
on: Error while 
instrumenting java/sql/
SQLFeatureNotSupportedE
xception with JaCoCo 0.
8.11.202310140853/f3375
6c.
	at org.jacoco.agent.rt
.internal_4742761.Cover
ageTransformer.transfor
m(CoverageTransformer.j
ava:94)
	at java.instrument/jav
a.lang.instrument.Class
FileTransformer.transfo
rm(ClassFileTransformer
.java:257)
	at java.instrument/sun
.instrument.Transformer
Manager.transform(Trans
formerManager.java:188)
	at java.instrument/sun
.instrument.Instrumenta
tionImpl.transform(Inst
rumentationImpl.java:59
4)
	at java.base/java.lang
.ClassLoader.defineClas
s2(Native Method)
	at java.base/java.lang
.ClassLoader.defineClas
s(ClassLoader.java:1052
)
	at java.base/java.secu
rity.SecureClassLoader.
defineClass(SecureClass
Loader.java:164)
	at java.base/jdk.inter
nal.loader.BuiltinClass
Loader.defineClass(Buil
tinClassLoader.java:735
)
	at java.base/jdk.inter
nal.loader.BuiltinClass
Loader.findClassInModul
eOrNull(BuiltinClassLoa
der.java:678)
	at java.base/jdk.inter
nal.loader.BuiltinClass
Loader.loadClassOrNull(
BuiltinClassLoader.java
:604)
	at java.base/jdk.inter
nal.loader.BuiltinClass
Loader.loadClass(Builti
nClassLoader.java:578)
	at java.base/java.lang
.ClassLoader.loadClass(
ClassLoader.java:490)
	at java.base/java.lang
.Class.getDeclaredConst
ructors0(Native Method)
	at java.base/java.lang
.Class.privateGetDeclar
edConstructors(Class.ja
va:3006)
	at java.base/java.lang
.Class.getConstructor0(
Class.java:3211)
	at java.base/java.lang
.Class.getDeclaredConst
ructor(Class.java:2493)
	at org.springframework
.beans.BeanUtils.instan
tiateClass(BeanUtils.ja
va:141)
	at org.springframework
.boot.jdbc.DataSourceBu
ilder.build(DataSourceB
uilder.java:177)
	at org.springframework
.boot.autoconfigure.jdb
c.DataSourceConfigurati
on.createDataSource(Dat
aSourceConfiguration.ja
va:67)
	at org.springframework
.boot.autoconfigure.jdb
c.DataSourceConfigurati
on$Hikari.dataSource(Da
taSourceConfiguration.j
ava:127)
	at java.base/jdk.inter
nal.reflect.DirectMetho
dHandleAccessor.invoke(
DirectMethodHandleAcces
sor.java:104)
	at java.base/java.lang
.reflect.Method.invoke(
Method.java:565)
	at org.springframework
.beans.factory.support.
SimpleInstantiationStra
tegy.lambda$instantiate
$0(SimpleInstantiationS
trategy.java:172)
	at org.springframework
.beans.factory.support.
SimpleInstantiationStra
tegy.instantiateWithFac
toryMethod(SimpleInstan
tiationStrategy.java:89
)
	at org.springframework
.beans.factory.support.
SimpleInstantiationStra
tegy.instantiate(Simple
InstantiationStrategy.j
ava:169)
	at org.springframework
.beans.factory.support.
ConstructorResolver.ins
tantiate(ConstructorRes
olver.java:653)
	at org.springframework
.beans.factory.support.
ConstructorResolver.ins
tantiateUsingFactoryMet
hod(ConstructorResolver
.java:645)
	at org.springframework
.beans.factory.support.
AbstractAutowireCapable
BeanFactory.instantiate
UsingFactoryMethod(Abst
ractAutowireCapableBean
Factory.java:1375)
	at org.springframework
.beans.factory.support.
AbstractAutowireCapable
BeanFactory.createBeanI
nstance(AbstractAutowir
eCapableBeanFactory.jav
a:1205)
	at org.springframework
.beans.factory.support.
AbstractAutowireCapable
BeanFactory.doCreateBea
n(AbstractAutowireCapab
leBeanFactory.java:569)
	at org.springframework
.beans.factory.support.
AbstractAutowireCapable
BeanFactory.createBean(
AbstractAutowireCapable
BeanFactory.java:529)
	at org.springframework
.beans.factory.support.
AbstractBeanFactory.lam
bda$doGetBean$0(Abstrac
tBeanFactory.java:339)
	at org.springframework
.beans.factory.support.
DefaultSingletonBeanReg
istry.getSingleton(Defa
ultSingletonBeanRegistr
y.java:373)
	at org.springframework
.beans.factory.support.
AbstractBeanFactory.doG
etBean(AbstractBeanFact
ory.java:337)
	at org.springframework
.beans.factory.support.
AbstractBeanFactory.get
Bean(AbstractBeanFactor
y.java:202)
	at org.springframework
.beans.factory.support.
DefaultListableBeanFact
ory.doResolveDependency
(DefaultListableBeanFac
tory.java:1708)
	at org.springframework
.beans.factory.support.
DefaultListableBeanFact
ory.resolveDependency(D
efaultListableBeanFacto
ry.java:1653)
	at org.springframework
.beans.factory.support.
ConstructorResolver.res
olveAutowiredArgument(C
onstructorResolver.java
:913)
	at org.springframework
.beans.factory.support.
ConstructorResolver.cre
ateArgumentArray(Constr
uctorResolver.java:791)
	at org.springframework
.beans.factory.support.
ConstructorResolver.ins
tantiateUsingFactoryMet
hod(ConstructorResolver
.java:546)
	at org.springframework
.beans.factory.support.
AbstractAutowireCapable
BeanFactory.instantiate
UsingFactoryMethod(Abst
ractAutowireCapableBean
Factory.java:1375)
	at org.springframework
.beans.factory.support.
AbstractAutowireCapable
BeanFactory.createBeanI
nstance(AbstractAutowir
eCapableBeanFactory.jav
a:1205)
	at org.springframework
.beans.factory.support.
AbstractAutowireCapable
BeanFactory.doCreateBea
n(AbstractAutowireCapab
leBeanFactory.java:569)
	at org.springframework
.beans.factory.support.
AbstractAutowireCapable
BeanFactory.createBean(
AbstractAutowireCapable
BeanFactory.java:529)
	at org.springframework
.beans.factory.support.
AbstractBeanFactory.lam
bda$doGetBean$0(Abstrac
tBeanFactory.java:339)
	at org.springframework
.beans.factory.support.
DefaultSingletonBeanReg
istry.getSingleton(Defa
ultSingletonBeanRegistr
y.java:373)
	at org.springframework
.beans.factory.support.
AbstractBeanFactory.doG
etBean(AbstractBeanFact
ory.java:337)
	at org.springframework
.beans.factory.support.
AbstractBeanFactory.get
Bean(AbstractBeanFactor
y.java:202)
	at org.springframework
.beans.factory.support.
AbstractBeanFactory.doG
etBean(AbstractBeanFact
ory.java:315)
	at org.springframework
.beans.factory.support.
AbstractBeanFactory.get
Bean(AbstractBeanFactor
y.java:207)
	at org.springframework
.context.support.Abstra
ctApplicationContext.fi
nishBeanFactoryInitiali
zation(AbstractApplicat
ionContext.java:974)
	at org.springframework
.context.support.Abstra
ctApplicationContext.re
fresh(AbstractApplicati
onContext.java:628)
	at org.springframework
.boot.SpringApplication
.refresh(SpringApplicat
ion.java:752)
	at org.springframework
.boot.SpringApplication
.refreshContext(SpringA
pplication.java:439)
	at org.springframework
.boot.SpringApplication
.run(SpringApplication.
java:318)
	at org.springframework
.boot.test.context.Spri
ngBootContextLoader.lam
bda$loadContext$3(Sprin
gBootContextLoader.java
:152)
	at org.springframework
.util.function.Throwing
Supplier.get(ThrowingSu
pplier.java:58)
	at org.springframework
.util.function.Throwing
Supplier.get(ThrowingSu
pplier.java:46)
	at org.springframework
.boot.SpringApplication
.withHook(SpringApplica
tion.java:1461)
	at org.springframework
.boot.test.context.Spri
ngBootContextLoader$Con
textLoaderHook.run(Spri
ngBootContextLoader.jav
a:595)
	at org.springframework
.boot.test.context.Spri
ngBootContextLoader.loa
dContext(SpringBootCont
extLoader.java:152)
	at org.springframework
.boot.test.context.Spri
ngBootContextLoader.loa
dContext(SpringBootCont
extLoader.java:111)
	at org.springframework
.test.context.cache.Def
aultCacheAwareContextLo
aderDelegate.loadContex
tInternal(DefaultCacheA
wareContextLoaderDelega
te.java:225)
	at org.springframework
.test.context.cache.Def
aultCacheAwareContextLo
aderDelegate.loadContex
t(DefaultCacheAwareCont
extLoaderDelegate.java:
152)
	at org.springframework
.test.context.support.D
efaultTestContext.getAp
plicationContext(Defaul
tTestContext.java:130)
	at org.springframework
.test.context.support.D
ependencyInjectionTestE
xecutionListener.inject
Dependencies(Dependency
InjectionTestExecutionL
istener.java:155)
	at org.springframework
.test.context.support.D
ependencyInjectionTestE
xecutionListener.prepar
eTestInstance(Dependenc
yInjectionTestExecution
Listener.java:111)
	at org.springframework
.test.context.TestConte
xtManager.prepareTestIn
stance(TestContextManag
er.java:260)
	at org.springframework
.test.context.junit4.Sp
ringJUnit4ClassRunner.c
reateTest(SpringJUnit4C
lassRunner.java:228)
	at org.springframework
.test.context.junit4.Sp
ringJUnit4ClassRunner$1
.runReflectiveCall(Spri
ngJUnit4ClassRunner.jav
a:289)
	at org.junit.internal.
runners.model.Reflectiv
eCallable.run(Reflectiv
eCallable.java:12)
	at org.springframework
.test.context.junit4.Sp
ringJUnit4ClassRunner.m
ethodBlock(SpringJUnit4
ClassRunner.java:291)
	at org.springframework
.test.context.junit4.Sp
ringJUnit4ClassRunner.r
unChild(SpringJUnit4Cla
ssRunner.java:247)
	at org.springframework
.test.context.junit4.Sp
ringJUnit4ClassRunner.r
unChild(SpringJUnit4Cla
ssRunner.java:97)
	at org.junit.runners.P
arentRunner$4.run(Paren
tRunner.java:331)
	at org.junit.runners.P
arentRunner$1.schedule(
ParentRunner.java:79)
	at org.junit.runners.P
arentRunner.runChildren
(ParentRunner.java:329)
	at org.junit.runners.P
arentRunner.access$100(
ParentRunner.java:66)
	at org.junit.runners.P
arentRunner$2.evaluate(
ParentRunner.java:293)
	at org.springframework
.test.context.junit4.st
atements.RunBeforeTestC
lassCallbacks.evaluate(
RunBeforeTestClassCallb
acks.java:61)
	at org.springframework
.test.context.junit4.st
atements.RunAfterTestCl
assCallbacks.evaluate(R
unAfterTestClassCallbac
ks.java:70)
	at org.junit.runners.P
arentRunner$3.evaluate(
ParentRunner.java:306)
	at org.junit.runners.P
arentRunner.run(ParentR
unner.java:413)
	at org.springframework
.test.context.junit4.Sp
ringJUnit4ClassRunner.r
un(SpringJUnit4ClassRun
ner.java:191)
	at org.junit.runner.JU
nitCore.run(JUnitCore.j
ava:137)
	at org.junit.runner.JU
nitCore.run(JUnitCore.j
ava:115)
	at org.junit.vintage.e
ngine.execution.RunnerE
xecutor.execute(RunnerE
xecutor.java:42)
	at org.junit.vintage.e
ngine.execution.Vintage
Executor.executeClasses
AndMethodsSequentially(
VintageExecutor.java:93
)
	at org.junit.vintage.e
ngine.execution.Vintage
Executor.executeAllChil
dren(VintageExecutor.ja
va:73)
	at org.junit.vintage.e
ngine.VintageTestEngine
.execute(VintageTestEng
ine.java:70)
	at org.junit.platform.
launcher.core.EngineExe
cutionOrchestrator.exec
ute(EngineExecutionOrch
estrator.java:201)
	at org.junit.platform.
launcher.core.EngineExe
cutionOrchestrator.exec
ute(EngineExecutionOrch
estrator.java:170)
	at org.junit.platform.
launcher.core.EngineExe
cutionOrchestrator.exec
ute(EngineExecutionOrch
estrator.java:94)
	at org.junit.platform.
launcher.core.EngineExe
cutionOrchestrator.lamb
da$execute$0(EngineExec
utionOrchestrator.java:
59)
	at org.junit.platform.
launcher.core.EngineExe
cutionOrchestrator.with
InterceptedStreams(Engi
neExecutionOrchestrator
.java:142)
	at org.junit.platform.
launcher.core.EngineExe
cutionOrchestrator.exec
ute(EngineExecutionOrch
estrator.java:58)
	at org.junit.platform.
launcher.core.DefaultLa
uncher.execute(DefaultL
auncher.java:103)
	at org.junit.platform.
launcher.core.DefaultLa
uncher.execute(DefaultL
auncher.java:85)
	at org.junit.platform.
launcher.core.Delegatin
gLauncher.execute(Deleg
atingLauncher.java:47)
	at org.junit.platform.
launcher.core.Intercept
ingLauncher.lambda$exec
ute$1(InterceptingLaunc
her.java:39)
	at org.junit.platform.
launcher.core.Classpath
AlignmentCheckingLaunch
erInterceptor.intercept
(ClasspathAlignmentChec
kingLauncherInterceptor
.java:25)
	at org.junit.platform.
launcher.core.Intercept
ingLauncher.execute(Int
erceptingLauncher.java:
38)
	at org.junit.platform.
launcher.core.Delegatin
gLauncher.execute(Deleg
atingLauncher.java:47)
	at org.apache.maven.su
refire.junitplatform.La
uncherAdapter.executeWi
thoutCancellationToken(
LauncherAdapter.java:60
)
	at org.apache.maven.su
refire.junitplatform.La
uncherAdapter.execute(L
auncherAdapter.java:52)
	at org.apache.maven.su
refire.junitplatform.JU
nitPlatformProvider.exe
cute(JUnitPlatformProvi
der.java:203)
	at org.apache.maven.su
refire.junitplatform.JU
nitPlatformProvider.inv
okeAllTests(JUnitPlatfo
rmProvider.java:168)
	at org.apache.maven.su
refire.junitplatform.JU
nitPlatformProvider.inv
oke(JUnitPlatformProvid
er.java:136)
	at org.apache.maven.su
refire.booter.ForkedBoo
ter.runSuitesInProcess(
ForkedBooter.java:385)
	at org.apache.maven.su
refire.booter.ForkedBoo
ter.execute(ForkedBoote
r.java:162)
	at org.apache.maven.su
refire.booter.ForkedBoo
ter.run(ForkedBooter.ja
va:507)
	at org.apache.maven.su
refire.booter.ForkedBoo
ter.main(ForkedBooter.j
ava:495)
Caused by: 
java.io.IOException: 
Error while 
instrumenting java/sql/
SQLFeatureNotSupportedE
xception with JaCoCo 0.
8.11.202310140853/f3375
6c.
	at org.jacoco.agent.rt
.internal_4742761.core.
instr.Instrumenter.inst
rumentError(Instrumente
r.java:161)
	at org.jacoco.agent.rt
.internal_4742761.core.
instr.Instrumenter.inst
rument(Instrumenter.jav
a:111)
	at org.jacoco.agent.rt
.internal_4742761.Cover
ageTransformer.transfor
m(CoverageTransformer.j
ava:92)
	... 111 more
Caused by: java.lang.Il
legalArgumentException:
 Unsupported class 
file major version 68
	at org.jacoco.agent.rt
.internal_4742761.asm.C
lassReader.<init>(Class
Reader.java:200)
	at org.jacoco.agent.rt
.internal_4742761.asm.C
lassReader.<init>(Class
Reader.java:180)
	at org.jacoco.agent.rt
.internal_4742761.asm.C
lassReader.<init>(Class
Reader.java:166)
	at org.jacoco.agent.rt
.internal_4742761.core.
internal.instr.InstrSup
port.classReaderFor(Ins
trSupport.java:280)
	at org.jacoco.agent.rt
.internal_4742761.core.
instr.Instrumenter.inst
rument(Instrumenter.jav
a:77)
	at org.jacoco.agent.rt
.internal_4742761.core.
instr.Instrumenter.inst
rument(Instrumenter.jav
a:109)
	... 112 more
java.lang.instrument.Il
legalClassFormatExcepti
on: Error while 
instrumenting java/sql/
SQLNonTransientExceptio
n with JaCoCo 0.8.11.20
2310140853/f33756c.
	at org.jacoco.agent.rt
.internal_4742761.Cover
ageTransformer.transfor
m(CoverageTransformer.j
ava:94)
	at java.instrument/jav
a.lang.instrument.Class
FileTransformer.transfo
rm(ClassFileTransformer
.java:257)
	at java.instrument/sun
.instrument.Transformer
Manager.transform(Trans
formerManager.java:188)
	at java.instrument/sun
.instrument.Instrumenta
tionImpl.transform(Inst
rumentationImpl.java:59
4)
	at java.base/java.lang
.ClassLoader.defineClas
s2(Native Method)
	at java.base/java.lang
.ClassLoader.defineClas
s(ClassLoader.java:1052
)
	at java.base/java.secu
rity.SecureClassLoader.
defineClass(SecureClass
Loader.java:164)
	at java.base/jdk.inter
nal.loader.BuiltinClass
Loader.defineClass(Buil
tinClassLoader.java:735
)
	at java.base/jdk.inter
nal.loader.BuiltinClass
Loader.findClassInModul
eOrNull(BuiltinClassLoa
der.java:678)
	at java.base/jdk.inter
nal.loader.BuiltinClass
Loader.loadClassOrNull(
BuiltinClassLoader.java
:604)
	at java.base/jdk.inter
nal.loader.BuiltinClass
Loader.loadClass(Builti
nClassLoader.java:578)
	at java.base/java.lang
.ClassLoader.loadClass(
ClassLoader.java:490)
	at java.base/java.lang
.ClassLoader.defineClas
s2(Native Method)
	at java.base/java.lang
.ClassLoader.defineClas
s(ClassLoader.java:1052
)
	at java.base/java.secu
rity.SecureClassLoader.
defineClass(SecureClass
Loader.java:164)
	at java.base/jdk.inter
nal.loader.BuiltinClass
Loader.defineClass(Buil
tinClassLoader.java:735
)
	at java.base/jdk.inter
nal.loader.BuiltinClass
Loader.findClassInModul
eOrNull(BuiltinClassLoa
der.java:678)
	at java.base/jdk.inter
nal.loader.BuiltinClass
Loader.loadClassOrNull(
BuiltinClassLoader.java
:604)
	at java.base/jdk.inter
nal.loader.BuiltinClass
Loader.loadClass(Builti
nClassLoader.java:578)
	at java.base/java.lang
.ClassLoader.loadClass(
ClassLoader.java:490)
	at java.base/java.lang
.Class.getDeclaredConst
ructors0(Native Method)
	at java.base/java.lang
.Class.privateGetDeclar
edConstructors(Class.ja
va:3006)
	at java.base/java.lang
.Class.getConstructor0(
Class.java:3211)
	at java.base/java.lang
.Class.getDeclaredConst
ructor(Class.java:2493)
	at org.springframework
.beans.BeanUtils.instan
tiateClass(BeanUtils.ja
va:141)
	at org.springframework
.boot.jdbc.DataSourceBu
ilder.build(DataSourceB
uilder.java:177)
	at org.springframework
.boot.autoconfigure.jdb
c.DataSourceConfigurati
on.createDataSource(Dat
aSourceConfiguration.ja
va:67)
	at org.springframework
.boot.autoconfigure.jdb
c.DataSourceConfigurati
on$Hikari.dataSource(Da
taSourceConfiguration.j
ava:127)
	at java.base/jdk.inter
nal.reflect.DirectMetho
dHandleAccessor.invoke(
DirectMethodHandleAcces
sor.java:104)
	at java.base/java.lang
.reflect.Method.invoke(
Method.java:565)
	at org.springframework
.beans.factory.support.
SimpleInstantiationStra
tegy.lambda$instantiate
$0(SimpleInstantiationS
trategy.java:172)
	at org.springframework
.beans.factory.support.
SimpleInstantiationStra
tegy.instantiateWithFac
toryMethod(SimpleInstan
tiationStrategy.java:89
)
	at org.springframework
.beans.factory.support.
SimpleInstantiationStra
tegy.instantiate(Simple
InstantiationStrategy.j
ava:169)
	at org.springframework
.beans.factory.support.
ConstructorResolver.ins
tantiate(ConstructorRes
olver.java:653)
	at org.springframework
.beans.factory.support.
ConstructorResolver.ins
tantiateUsingFactoryMet
hod(ConstructorResolver
.java:645)
	at org.springframework
.beans.factory.support.
AbstractAutowireCapable
BeanFactory.instantiate
UsingFactoryMethod(Abst
ractAutowireCapableBean
Factory.java:1375)
	at org.springframework
.beans.factory.support.
AbstractAutowireCapable
BeanFactory.createBeanI
nstance(AbstractAutowir
eCapableBeanFactory.jav
a:1205)
	at org.springframework
.beans.factory.support.
AbstractAutowireCapable
BeanFactory.doCreateBea
n(AbstractAutowireCapab
leBeanFactory.java:569)
	at org.springframework
.beans.factory.support.
AbstractAutowireCapable
BeanFactory.createBean(
AbstractAutowireCapable
BeanFactory.java:529)
	at org.springframework
.beans.factory.support.
AbstractBeanFactory.lam
bda$doGetBean$0(Abstrac
tBeanFactory.java:339)
	at org.springframework
.beans.factory.support.
DefaultSingletonBeanReg
istry.getSingleton(Defa
ultSingletonBeanRegistr
y.java:373)
	at org.springframework
.beans.factory.support.
AbstractBeanFactory.doG
etBean(AbstractBeanFact
ory.java:337)
	at org.springframework
.beans.factory.support.
AbstractBeanFactory.get
Bean(AbstractBeanFactor
y.java:202)
	at org.springframework
.beans.factory.support.
DefaultListableBeanFact
ory.doResolveDependency
(DefaultListableBeanFac
tory.java:1708)
	at org.springframework
.beans.factory.support.
DefaultListableBeanFact
ory.resolveDependency(D
efaultListableBeanFacto
ry.java:1653)
	at org.springframework
.beans.factory.support.
ConstructorResolver.res
olveAutowiredArgument(C
onstructorResolver.java
:913)
	at org.springframework
.beans.factory.support.
ConstructorResolver.cre
ateArgumentArray(Constr
uctorResolver.java:791)
	at org.springframework
.beans.factory.support.
ConstructorResolver.ins
tantiateUsingFactoryMet
hod(ConstructorResolver
.java:546)
	at org.springframework
.beans.factory.support.
AbstractAutowireCapable
BeanFactory.instantiate
UsingFactoryMethod(Abst
ractAutowireCapableBean
Factory.java:1375)
	at org.springframework
.beans.factory.support.
AbstractAutowireCapable
BeanFactory.createBeanI
nstance(AbstractAutowir
eCapableBeanFactory.jav
a:1205)
	at org.springframework
.beans.factory.support.
AbstractAutowireCapable
BeanFactory.doCreateBea
n(AbstractAutowireCapab
leBeanFactory.java:569)
	at org.springframework
.beans.factory.support.
AbstractAutowireCapable
BeanFactory.createBean(
AbstractAutowireCapable
BeanFactory.java:529)
	at org.springframework
.beans.factory.support.
AbstractBeanFactory.lam
bda$doGetBean$0(Abstrac
tBeanFactory.java:339)
	at org.springframework
.beans.factory.support.
DefaultSingletonBeanReg
istry.getSingleton(Defa
ultSingletonBeanRegistr
y.java:373)
	at org.springframework
.beans.factory.support.
AbstractBeanFactory.doG
etBean(AbstractBeanFact
ory.java:337)
	at org.springframework
.beans.factory.support.
AbstractBeanFactory.get
Bean(AbstractBeanFactor
y.java:202)
	at org.springframework
.beans.factory.support.
AbstractBeanFactory.doG
etBean(AbstractBeanFact
ory.java:315)
	at org.springframework
.beans.factory.support.
AbstractBeanFactory.get
Bean(AbstractBeanFactor
y.java:207)
	at org.springframework
.context.support.Abstra
ctApplicationContext.fi
nishBeanFactoryInitiali
zation(AbstractApplicat
ionContext.java:974)
	at org.springframework
.context.support.Abstra
ctApplicationContext.re
fresh(AbstractApplicati
onContext.java:628)
	at org.springframework
.boot.SpringApplication
.refresh(SpringApplicat
ion.java:752)
	at org.springframework
.boot.SpringApplication
.refreshContext(SpringA
pplication.java:439)
	at org.springframework
.boot.SpringApplication
.run(SpringApplication.
java:318)
	at org.springframework
.boot.test.context.Spri
ngBootContextLoader.lam
bda$loadContext$3(Sprin
gBootContextLoader.java
:152)
	at org.springframework
.util.function.Throwing
Supplier.get(ThrowingSu
pplier.java:58)
	at org.springframework
.util.function.Throwing
Supplier.get(ThrowingSu
pplier.java:46)
	at org.springframework
.boot.SpringApplication
.withHook(SpringApplica
tion.java:1461)
	at org.springframework
.boot.test.context.Spri
ngBootContextLoader$Con
textLoaderHook.run(Spri
ngBootContextLoader.jav
a:595)
	at org.springframework
.boot.test.context.Spri
ngBootContextLoader.loa
dContext(SpringBootCont
extLoader.java:152)
	at org.springframework
.boot.test.context.Spri
ngBootContextLoader.loa
dContext(SpringBootCont
extLoader.java:111)
	at org.springframework
.test.context.cache.Def
aultCacheAwareContextLo
aderDelegate.loadContex
tInternal(DefaultCacheA
wareContextLoaderDelega
te.java:225)
	at org.springframework
.test.context.cache.Def
aultCacheAwareContextLo
aderDelegate.loadContex
t(DefaultCacheAwareCont
extLoaderDelegate.java:
152)
	at org.springframework
.test.context.support.D
efaultTestContext.getAp
plicationContext(Defaul
tTestContext.java:130)
	at org.springframework
.test.context.support.D
ependencyInjectionTestE
xecutionListener.inject
Dependencies(Dependency
InjectionTestExecutionL
istener.java:155)
	at org.springframework
.test.context.support.D
ependencyInjectionTestE
xecutionListener.prepar
eTestInstance(Dependenc
yInjectionTestExecution
Listener.java:111)
	at org.springframework
.test.context.TestConte
xtManager.prepareTestIn
stance(TestContextManag
er.java:260)
	at org.springframework
.test.context.junit4.Sp
ringJUnit4ClassRunner.c
reateTest(SpringJUnit4C
lassRunner.java:228)
	at org.springframework
.test.context.junit4.Sp
ringJUnit4ClassRunner$1
.runReflectiveCall(Spri
ngJUnit4ClassRunner.jav
a:289)
	at org.junit.internal.
runners.model.Reflectiv
eCallable.run(Reflectiv
eCallable.java:12)
	at org.springframework
.test.context.junit4.Sp
ringJUnit4ClassRunner.m
ethodBlock(SpringJUnit4
ClassRunner.java:291)
	at org.springframework
.test.context.junit4.Sp
ringJUnit4ClassRunner.r
unChild(SpringJUnit4Cla
ssRunner.java:247)
	at org.springframework
.test.context.junit4.Sp
ringJUnit4ClassRunner.r
unChild(SpringJUnit4Cla
ssRunner.java:97)
	at org.junit.runners.P
arentRunner$4.run(Paren
tRunner.java:331)
	at org.junit.runners.P
arentRunner$1.schedule(
ParentRunner.java:79)
	at org.junit.runners.P
arentRunner.runChildren
(ParentRunner.java:329)
	at org.junit.runners.P
arentRunner.access$100(
ParentRunner.java:66)
	at org.junit.runners.P
arentRunner$2.evaluate(
ParentRunner.java:293)
	at org.springframework
.test.context.junit4.st
atements.RunBeforeTestC
lassCallbacks.evaluate(
RunBeforeTestClassCallb
acks.java:61)
	at org.springframework
.test.context.junit4.st
atements.RunAfterTestCl
assCallbacks.evaluate(R
unAfterTestClassCallbac
ks.java:70)
	at org.junit.runners.P
arentRunner$3.evaluate(
ParentRunner.java:306)
	at org.junit.runners.P
arentRunner.run(ParentR
unner.java:413)
	at org.springframework
.test.context.junit4.Sp
ringJUnit4ClassRunner.r
un(SpringJUnit4ClassRun
ner.java:191)
	at org.junit.runner.JU
nitCore.run(JUnitCore.j
ava:137)
	at org.junit.runner.JU
nitCore.run(JUnitCore.j
ava:115)
	at org.junit.vintage.e
ngine.execution.RunnerE
xecutor.execute(RunnerE
xecutor.java:42)
	at org.junit.vintage.e
ngine.execution.Vintage
Executor.executeClasses
AndMethodsSequentially(
VintageExecutor.java:93
)
	at org.junit.vintage.e
ngine.execution.Vintage
Executor.executeAllChil
dren(VintageExecutor.ja
va:73)
	at org.junit.vintage.e
ngine.VintageTestEngine
.execute(VintageTestEng
ine.java:70)
	at org.junit.platform.
launcher.core.EngineExe
cutionOrchestrator.exec
ute(EngineExecutionOrch
estrator.java:201)
	at org.junit.platform.
launcher.core.EngineExe
cutionOrchestrator.exec
ute(EngineExecutionOrch
estrator.java:170)
	at org.junit.platform.
launcher.core.EngineExe
cutionOrchestrator.exec
ute(EngineExecutionOrch
estrator.java:94)
	at org.junit.platform.
launcher.core.EngineExe
cutionOrchestrator.lamb
da$execute$0(EngineExec
utionOrchestrator.java:
59)
	at org.junit.platform.
launcher.core.EngineExe
cutionOrchestrator.with
InterceptedStreams(Engi
neExecutionOrchestrator
.java:142)
	at org.junit.platform.
launcher.core.EngineExe
cutionOrchestrator.exec
ute(EngineExecutionOrch
estrator.java:58)
	at org.junit.platform.
launcher.core.DefaultLa
uncher.execute(DefaultL
auncher.java:103)
	at org.junit.platform.
launcher.core.DefaultLa
uncher.execute(DefaultL
auncher.java:85)
	at org.junit.platform.
launcher.core.Delegatin
gLauncher.execute(Deleg
atingLauncher.java:47)
	at org.junit.platform.
launcher.core.Intercept
ingLauncher.lambda$exec
ute$1(InterceptingLaunc
her.java:39)
	at org.junit.platform.
launcher.core.Classpath
AlignmentCheckingLaunch
erInterceptor.intercept
(ClasspathAlignmentChec
kingLauncherInterceptor
.java:25)
	at org.junit.platform.
launcher.core.Intercept
ingLauncher.execute(Int
erceptingLauncher.java:
38)
	at org.junit.platform.
launcher.core.Delegatin
gLauncher.execute(Deleg
atingLauncher.java:47)
	at org.apache.maven.su
refire.junitplatform.La
uncherAdapter.executeWi
thoutCancellationToken(
LauncherAdapter.java:60
)
	at org.apache.maven.su
refire.junitplatform.La
uncherAdapter.execute(L
auncherAdapter.java:52)
	at org.apache.maven.su
refire.junitplatform.JU
nitPlatformProvider.exe
cute(JUnitPlatformProvi
der.java:203)
	at org.apache.maven.su
refire.junitplatform.JU
nitPlatformProvider.inv
okeAllTests(JUnitPlatfo
rmProvider.java:168)
	at org.apache.maven.su
refire.junitplatform.JU
nitPlatformProvider.inv
oke(JUnitPlatformProvid
er.java:136)
	at org.apache.maven.su
refire.booter.ForkedBoo
ter.runSuitesInProcess(
ForkedBooter.java:385)
	at org.apache.maven.su
refire.booter.ForkedBoo
ter.execute(ForkedBoote
r.java:162)
	at org.apache.maven.su
refire.booter.ForkedBoo
ter.run(ForkedBooter.ja
va:507)
	at org.apache.maven.su
refire.booter.ForkedBoo
ter.main(ForkedBooter.j
ava:495)
Caused by: 
java.io.IOException: 
Error while 
instrumenting java/sql/
SQLNonTransientExceptio
n with JaCoCo 0.8.11.20
2310140853/f33756c.
	at org.jacoco.agent.rt
.internal_4742761.core.
instr.Instrumenter.inst
rumentError(Instrumente
r.java:161)
	at org.jacoco.agent.rt
.internal_4742761.core.
instr.Instrumenter.inst
rument(Instrumenter.jav
a:111)
	at org.jacoco.agent.rt
.internal_4742761.Cover
ageTransformer.transfor
m(CoverageTransformer.j
ava:92)
	... 119 more
Caused by: java.lang.Il
legalArgumentException:
 Unsupported class 
file major version 68
	at org.jacoco.agent.rt
.internal_4742761.asm.C
lassReader.<init>(Class
Reader.java:200)
	at org.jacoco.agent.rt
.internal_4742761.asm.C
lassReader.<init>(Class
Reader.java:180)
	at org.jacoco.agent.rt
.internal_4742761.asm.C
lassReader.<init>(Class
Reader.java:166)
	at org.jacoco.agent.rt
.internal_4742761.core.
internal.instr.InstrSup
port.classReaderFor(Ins
trSupport.java:280)
	at org.jacoco.agent.rt
.internal_4742761.core.
instr.Instrumenter.inst
rument(Instrumenter.jav
a:77)
	at org.jacoco.agent.rt
.internal_4742761.core.
instr.Instrumenter.inst
rument(Instrumenter.jav
a:109)
	... 120 more
java.lang.instrument.Il
legalClassFormatExcepti
on: Error while 
instrumenting 
java/sql/DriverAction 
with JaCoCo 0.8.11.2023
10140853/f33756c.
	at org.jacoco.agent.rt
.internal_4742761.Cover
ageTransformer.transfor
m(CoverageTransformer.j
ava:94)
	at java.instrument/jav
a.lang.instrument.Class
FileTransformer.transfo
rm(ClassFileTransformer
.java:257)
	at java.instrument/sun
.instrument.Transformer
Manager.transform(Trans
formerManager.java:188)
	at java.instrument/sun
.instrument.Instrumenta
tionImpl.transform(Inst
rumentationImpl.java:59
4)
	at java.base/java.lang
.ClassLoader.defineClas
s2(Native Method)
	at java.base/java.lang
.ClassLoader.defineClas
s(ClassLoader.java:1052
)
	at java.base/java.secu
rity.SecureClassLoader.
defineClass(SecureClass
Loader.java:164)
	at java.base/jdk.inter
nal.loader.BuiltinClass
Loader.defineClass(Buil
tinClassLoader.java:735
)
	at java.base/jdk.inter
nal.loader.BuiltinClass
Loader.findClassInModul
eOrNull(BuiltinClassLoa
der.java:678)
	at java.base/jdk.inter
nal.loader.BuiltinClass
Loader.loadClassOrNull(
BuiltinClassLoader.java
:604)
	at java.base/jdk.inter
nal.loader.BuiltinClass
Loader.loadClassOrNull(
BuiltinClassLoader.java
:639)
	at java.base/jdk.inter
nal.loader.BuiltinClass
Loader.loadClassOrNull(
BuiltinClassLoader.java
:608)
	at java.base/jdk.inter
nal.loader.BuiltinClass
Loader.loadClass(Builti
nClassLoader.java:578)
	at java.base/java.lang
.ClassLoader.loadClass(
ClassLoader.java:490)
	at oracle.jdbc.driver.
OracleDriver.<clinit>(O
racleDriver.java:280)
	at java.base/jdk.inter
nal.misc.Unsafe.ensureC
lassInitialized0(Native
 Method)
	at java.base/jdk.inter
nal.misc.Unsafe.ensureC
lassInitialized(Unsafe.
java:1166)
	at java.base/jdk.inter
nal.reflect.MethodHandl
eAccessorFactory.ensure
ClassInitialized(Method
HandleAccessorFactory.j
ava:341)
	at java.base/jdk.inter
nal.reflect.MethodHandl
eAccessorFactory.newCon
structorAccessor(Method
HandleAccessorFactory.j
ava:104)
	at java.base/jdk.inter
nal.reflect.ReflectionF
actory.newConstructorAc
cessor(ReflectionFactor
y.java:143)
	at java.base/java.lang
.reflect.Constructor.ac
quireConstructorAccesso
r(Constructor.java:546)
	at java.base/java.lang
.reflect.Constructor.ne
wInstanceWithCaller(Con
structor.java:496)
	at java.base/java.lang
.reflect.Constructor.ne
wInstance(Constructor.j
ava:483)
	at com.zaxxer.hikari.H
ikariConfig.setDriverCl
assName(HikariConfig.ja
va:518)
	at org.springframework
.boot.jdbc.DataSourceBu
ilder$MappedDataSourceP
roperty.set(DataSourceB
uilder.java:478)
	at org.springframework
.boot.jdbc.DataSourceBu
ilder$MappedDataSourceP
roperties.set(DataSourc
eBuilder.java:370)
	at org.springframework
.boot.jdbc.DataSourceBu
ilder.build(DataSourceB
uilder.java:185)
	at org.springframework
.boot.autoconfigure.jdb
c.DataSourceConfigurati
on.createDataSource(Dat
aSourceConfiguration.ja
va:67)
	at org.springframework
.boot.autoconfigure.jdb
c.DataSourceConfigurati
on$Hikari.dataSource(Da
taSourceConfiguration.j
ava:127)
	at java.base/jdk.inter
nal.reflect.DirectMetho
dHandleAccessor.invoke(
DirectMethodHandleAcces
sor.java:104)
	at java.base/java.lang
.reflect.Method.invoke(
Method.java:565)
	at org.springframework
.beans.factory.support.
SimpleInstantiationStra
tegy.lambda$instantiate
$0(SimpleInstantiationS
trategy.java:172)
	at org.springframework
.beans.factory.support.
SimpleInstantiationStra
tegy.instantiateWithFac
toryMethod(SimpleInstan
tiationStrategy.java:89
)
	at org.springframework
.beans.factory.support.
SimpleInstantiationStra
tegy.instantiate(Simple
InstantiationStrategy.j
ava:169)
	at org.springframework
.beans.factory.support.
ConstructorResolver.ins
tantiate(ConstructorRes
olver.java:653)
	at org.springframework
.beans.factory.support.
ConstructorResolver.ins
tantiateUsingFactoryMet
hod(ConstructorResolver
.java:645)
	at org.springframework
.beans.factory.support.
AbstractAutowireCapable
BeanFactory.instantiate
UsingFactoryMethod(Abst
ractAutowireCapableBean
Factory.java:1375)
	at org.springframework
.beans.factory.support.
AbstractAutowireCapable
BeanFactory.createBeanI
nstance(AbstractAutowir
eCapableBeanFactory.jav
a:1205)
	at org.springframework
.beans.factory.support.
AbstractAutowireCapable
BeanFactory.doCreateBea
n(AbstractAutowireCapab
leBeanFactory.java:569)
	at org.springframework
.beans.factory.support.
AbstractAutowireCapable
BeanFactory.createBean(
AbstractAutowireCapable
BeanFactory.java:529)
	at org.springframework
.beans.factory.support.
AbstractBeanFactory.lam
bda$doGetBean$0(Abstrac
tBeanFactory.java:339)
	at org.springframework
.beans.factory.support.
DefaultSingletonBeanReg
istry.getSingleton(Defa
ultSingletonBeanRegistr
y.java:373)
	at org.springframework
.beans.factory.support.
AbstractBeanFactory.doG
etBean(AbstractBeanFact
ory.java:337)
	at org.springframework
.beans.factory.support.
AbstractBeanFactory.get
Bean(AbstractBeanFactor
y.java:202)
	at org.springframework
.beans.factory.support.
DefaultListableBeanFact
ory.doResolveDependency
(DefaultListableBeanFac
tory.java:1708)
	at org.springframework
.beans.factory.support.
DefaultListableBeanFact
ory.resolveDependency(D
efaultListableBeanFacto
ry.java:1653)
	at org.springframework
.beans.factory.support.
ConstructorResolver.res
olveAutowiredArgument(C
onstructorResolver.java
:913)
	at org.springframework
.beans.factory.support.
ConstructorResolver.cre
ateArgumentArray(Constr
uctorResolver.java:791)
	at org.springframework
.beans.factory.support.
ConstructorResolver.ins
tantiateUsingFactoryMet
hod(ConstructorResolver
.java:546)
	at org.springframework
.beans.factory.support.
AbstractAutowireCapable
BeanFactory.instantiate
UsingFactoryMethod(Abst
ractAutowireCapableBean
Factory.java:1375)
	at org.springframework
.beans.factory.support.
AbstractAutowireCapable
BeanFactory.createBeanI
nstance(AbstractAutowir
eCapableBeanFactory.jav
a:1205)
	at org.springframework
.beans.factory.support.
AbstractAutowireCapable
BeanFactory.doCreateBea
n(AbstractAutowireCapab
leBeanFactory.java:569)
	at org.springframework
.beans.factory.support.
AbstractAutowireCapable
BeanFactory.createBean(
AbstractAutowireCapable
BeanFactory.java:529)
	at org.springframework
.beans.factory.support.
AbstractBeanFactory.lam
bda$doGetBean$0(Abstrac
tBeanFactory.java:339)
	at org.springframework
.beans.factory.support.
DefaultSingletonBeanReg
istry.getSingleton(Defa
ultSingletonBeanRegistr
y.java:373)
	at org.springframework
.beans.factory.support.
AbstractBeanFactory.doG
etBean(AbstractBeanFact
ory.java:337)
	at org.springframework
.beans.factory.support.
AbstractBeanFactory.get
Bean(AbstractBeanFactor
y.java:202)
	at org.springframework
.beans.factory.support.
AbstractBeanFactory.doG
etBean(AbstractBeanFact
ory.java:315)
	at org.springframework
.beans.factory.support.
AbstractBeanFactory.get
Bean(AbstractBeanFactor
y.java:207)
	at org.springframework
.context.support.Abstra
ctApplicationContext.fi
nishBeanFactoryInitiali
zation(AbstractApplicat
ionContext.java:974)
	at org.springframework
.context.support.Abstra
ctApplicationContext.re
fresh(AbstractApplicati
onContext.java:628)
	at org.springframework
.boot.SpringApplication
.refresh(SpringApplicat
ion.java:752)
	at org.springframework
.boot.SpringApplication
.refreshContext(SpringA
pplication.java:439)
	at org.springframework
.boot.SpringApplication
.run(SpringApplication.
java:318)
	at org.springframework
.boot.test.context.Spri
ngBootContextLoader.lam
bda$loadContext$3(Sprin
gBootContextLoader.java
:152)
	at org.springframework
.util.function.Throwing
Supplier.get(ThrowingSu
pplier.java:58)
	at org.springframework
.util.function.Throwing
Supplier.get(ThrowingSu
pplier.java:46)
	at org.springframework
.boot.SpringApplication
.withHook(SpringApplica
tion.java:1461)
	at org.springframework
.boot.test.context.Spri
ngBootContextLoader$Con
textLoaderHook.run(Spri
ngBootContextLoader.jav
a:595)
	at org.springframework
.boot.test.context.Spri
ngBootContextLoader.loa
dContext(SpringBootCont
extLoader.java:152)
	at org.springframework
.boot.test.context.Spri
ngBootContextLoader.loa
dContext(SpringBootCont
extLoader.java:111)
	at org.springframework
.test.context.cache.Def
aultCacheAwareContextLo
aderDelegate.loadContex
tInternal(DefaultCacheA
wareContextLoaderDelega
te.java:225)
	at org.springframework
.test.context.cache.Def
aultCacheAwareContextLo
aderDelegate.loadContex
t(DefaultCacheAwareCont
extLoaderDelegate.java:
152)
	at org.springframework
.test.context.support.D
efaultTestContext.getAp
plicationContext(Defaul
tTestContext.java:130)
	at org.springframework
.test.context.support.D
ependencyInjectionTestE
xecutionListener.inject
Dependencies(Dependency
InjectionTestExecutionL
istener.java:155)
	at org.springframework
.test.context.support.D
ependencyInjectionTestE
xecutionListener.prepar
eTestInstance(Dependenc
yInjectionTestExecution
Listener.java:111)
	at org.springframework
.test.context.TestConte
xtManager.prepareTestIn
stance(TestContextManag
er.java:260)
	at org.springframework
.test.context.junit4.Sp
ringJUnit4ClassRunner.c
reateTest(SpringJUnit4C
lassRunner.java:228)
	at org.springframework
.test.context.junit4.Sp
ringJUnit4ClassRunner$1
.runReflectiveCall(Spri
ngJUnit4ClassRunner.jav
a:289)
	at org.junit.internal.
runners.model.Reflectiv
eCallable.run(Reflectiv
eCallable.java:12)
	at org.springframework
.test.context.junit4.Sp
ringJUnit4ClassRunner.m
ethodBlock(SpringJUnit4
ClassRunner.java:291)
	at org.springframework
.test.context.junit4.Sp
ringJUnit4ClassRunner.r
unChild(SpringJUnit4Cla
ssRunner.java:247)
	at org.springframework
.test.context.junit4.Sp
ringJUnit4ClassRunner.r
unChild(SpringJUnit4Cla
ssRunner.java:97)
	at org.junit.runners.P
arentRunner$4.run(Paren
tRunner.java:331)
	at org.junit.runners.P
arentRunner$1.schedule(
ParentRunner.java:79)
	at org.junit.runners.P
arentRunner.runChildren
(ParentRunner.java:329)
	at org.junit.runners.P
arentRunner.access$100(
ParentRunner.java:66)
	at org.junit.runners.P
arentRunner$2.evaluate(
ParentRunner.java:293)
	at org.springframework
.test.context.junit4.st
atements.RunBeforeTestC
lassCallbacks.evaluate(
RunBeforeTestClassCallb
acks.java:61)
	at org.springframework
.test.context.junit4.st
atements.RunAfterTestCl
assCallbacks.evaluate(R
unAfterTestClassCallbac
ks.java:70)
	at org.junit.runners.P
arentRunner$3.evaluate(
ParentRunner.java:306)
	at org.junit.runners.P
arentRunner.run(ParentR
unner.java:413)
	at org.springframework
.test.context.junit4.Sp
ringJUnit4ClassRunner.r
un(SpringJUnit4ClassRun
ner.java:191)
	at org.junit.runner.JU
nitCore.run(JUnitCore.j
ava:137)
	at org.junit.runner.JU
nitCore.run(JUnitCore.j
ava:115)
	at org.junit.vintage.e
ngine.execution.RunnerE
xecutor.execute(RunnerE
xecutor.java:42)
	at org.junit.vintage.e
ngine.execution.Vintage
Executor.executeClasses
AndMethodsSequentially(
VintageExecutor.java:93
)
	at org.junit.vintage.e
ngine.execution.Vintage
Executor.executeAllChil
dren(VintageExecutor.ja
va:73)
	at org.junit.vintage.e
ngine.VintageTestEngine
.execute(VintageTestEng
ine.java:70)
	at org.junit.platform.
launcher.core.EngineExe
cutionOrchestrator.exec
ute(EngineExecutionOrch
estrator.java:201)
	at org.junit.platform.
launcher.core.EngineExe
cutionOrchestrator.exec
ute(EngineExecutionOrch
estrator.java:170)
	at org.junit.platform.
launcher.core.EngineExe
cutionOrchestrator.exec
ute(EngineExecutionOrch
estrator.java:94)
	at org.junit.platform.
launcher.core.EngineExe
cutionOrchestrator.lamb
da$execute$0(EngineExec
utionOrchestrator.java:
59)
	at org.junit.platform.
launcher.core.EngineExe
cutionOrchestrator.with
InterceptedStreams(Engi
neExecutionOrchestrator
.java:142)
	at org.junit.platform.
launcher.core.EngineExe
cutionOrchestrator.exec
ute(EngineExecutionOrch
estrator.java:58)
	at org.junit.platform.
launcher.core.DefaultLa
uncher.execute(DefaultL
auncher.java:103)
	at org.junit.platform.
launcher.core.DefaultLa
uncher.execute(DefaultL
auncher.java:85)
	at org.junit.platform.
launcher.core.Delegatin
gLauncher.execute(Deleg
atingLauncher.java:47)
	at org.junit.platform.
launcher.core.Intercept
ingLauncher.lambda$exec
ute$1(InterceptingLaunc
her.java:39)
	at org.junit.platform.
launcher.core.Classpath
AlignmentCheckingLaunch
erInterceptor.intercept
(ClasspathAlignmentChec
kingLauncherInterceptor
.java:25)
	at org.junit.platform.
launcher.core.Intercept
ingLauncher.execute(Int
erceptingLauncher.java:
38)
	at org.junit.platform.
launcher.core.Delegatin
gLauncher.execute(Deleg
atingLauncher.java:47)
	at org.apache.maven.su
refire.junitplatform.La
uncherAdapter.executeWi
thoutCancellationToken(
LauncherAdapter.java:60
)
	at org.apache.maven.su
refire.junitplatform.La
uncherAdapter.execute(L
auncherAdapter.java:52)
	at org.apache.maven.su
refire.junitplatform.JU
nitPlatformProvider.exe
cute(JUnitPlatformProvi
der.java:203)
	at org.apache.maven.su
refire.junitplatform.JU
nitPlatformProvider.inv
okeAllTests(JUnitPlatfo
rmProvider.java:168)
	at org.apache.maven.su
refire.junitplatform.JU
nitPlatformProvider.inv
oke(JUnitPlatformProvid
er.java:136)
	at org.apache.maven.su
refire.booter.ForkedBoo
ter.runSuitesInProcess(
ForkedBooter.java:385)
	at org.apache.maven.su
refire.booter.ForkedBoo
ter.execute(ForkedBoote
r.java:162)
	at org.apache.maven.su
refire.booter.ForkedBoo
ter.run(ForkedBooter.ja
va:507)
	at org.apache.maven.su
refire.booter.ForkedBoo
ter.main(ForkedBooter.j
ava:495)
Caused by: 
java.io.IOException: 
Error while 
instrumenting 
java/sql/DriverAction 
with JaCoCo 0.8.11.2023
10140853/f33756c.
	at org.jacoco.agent.rt
.internal_4742761.core.
instr.Instrumenter.inst
rumentError(Instrumente
r.java:161)
	at org.jacoco.agent.rt
.internal_4742761.core.
instr.Instrumenter.inst
rument(Instrumenter.jav
a:111)
	at org.jacoco.agent.rt
.internal_4742761.Cover
ageTransformer.transfor
m(CoverageTransformer.j
ava:92)
	... 120 more
Caused by: java.lang.Il
legalArgumentException:
 Unsupported class 
file major version 68
	at org.jacoco.agent.rt
.internal_4742761.asm.C
lassReader.<init>(Class
Reader.java:200)
	at org.jacoco.agent.rt
.internal_4742761.asm.C
lassReader.<init>(Class
Reader.java:180)
	at org.jacoco.agent.rt
.internal_4742761.asm.C
lassReader.<init>(Class
Reader.java:166)
	at org.jacoco.agent.rt
.internal_4742761.core.
internal.instr.InstrSup
port.classReaderFor(Ins
trSupport.java:280)
	at org.jacoco.agent.rt
.internal_4742761.core.
instr.Instrumenter.inst
rument(Instrumenter.jav
a:77)
	at org.jacoco.agent.rt
.internal_4742761.core.
instr.Instrumenter.inst
rument(Instrumenter.jav
a:109)
	... 121 more
java.lang.instrument.Il
legalClassFormatExcepti
on: Error while 
instrumenting 
java/sql/DriverManager 
with JaCoCo 0.8.11.2023
10140853/f33756c.
	at org.jacoco.agent.rt
.internal_4742761.Cover
ageTransformer.transfor
m(CoverageTransformer.j
ava:94)
	at java.instrument/jav
a.lang.instrument.Class
FileTransformer.transfo
rm(ClassFileTransformer
.java:257)
	at java.instrument/sun
.instrument.Transformer
Manager.transform(Trans
formerManager.java:188)
	at java.instrument/sun
.instrument.Instrumenta
tionImpl.transform(Inst
rumentationImpl.java:59
4)
	at java.base/java.lang
.ClassLoader.defineClas
s2(Native Method)
	at java.base/java.lang
.ClassLoader.defineClas
s(ClassLoader.java:1052
)
	at java.base/java.secu
rity.SecureClassLoader.
defineClass(SecureClass
Loader.java:164)
	at java.base/jdk.inter
nal.loader.BuiltinClass
Loader.defineClass(Buil
tinClassLoader.java:735
)
	at java.base/jdk.inter
nal.loader.BuiltinClass
Loader.findClassInModul
eOrNull(BuiltinClassLoa
der.java:678)
	at java.base/jdk.inter
nal.loader.BuiltinClass
Loader.loadClassOrNull(
BuiltinClassLoader.java
:604)
	at java.base/jdk.inter
nal.loader.BuiltinClass
Loader.loadClassOrNull(
BuiltinClassLoader.java
:639)
	at java.base/jdk.inter
nal.loader.BuiltinClass
Loader.loadClassOrNull(
BuiltinClassLoader.java
:608)
	at java.base/jdk.inter
nal.loader.BuiltinClass
Loader.loadClass(Builti
nClassLoader.java:578)
	at java.base/java.lang
.ClassLoader.loadClass(
ClassLoader.java:490)
	at oracle.jdbc.driver.
OracleDriver.<clinit>(O
racleDriver.java:280)
	at java.base/jdk.inter
nal.misc.Unsafe.ensureC
lassInitialized0(Native
 Method)
	at java.base/jdk.inter
nal.misc.Unsafe.ensureC
lassInitialized(Unsafe.
java:1166)
	at java.base/jdk.inter
nal.reflect.MethodHandl
eAccessorFactory.ensure
ClassInitialized(Method
HandleAccessorFactory.j
ava:341)
	at java.base/jdk.inter
nal.reflect.MethodHandl
eAccessorFactory.newCon
structorAccessor(Method
HandleAccessorFactory.j
ava:104)
	at java.base/jdk.inter
nal.reflect.ReflectionF
actory.newConstructorAc
cessor(ReflectionFactor
y.java:143)
	at java.base/java.lang
.reflect.Constructor.ac
quireConstructorAccesso
r(Constructor.java:546)
	at java.base/java.lang
.reflect.Constructor.ne
wInstanceWithCaller(Con
structor.java:496)
	at java.base/java.lang
.reflect.Constructor.ne
wInstance(Constructor.j
ava:483)
	at com.zaxxer.hikari.H
ikariConfig.setDriverCl
assName(HikariConfig.ja
va:518)
	at org.springframework
.boot.jdbc.DataSourceBu
ilder$MappedDataSourceP
roperty.set(DataSourceB
uilder.java:478)
	at org.springframework
.boot.jdbc.DataSourceBu
ilder$MappedDataSourceP
roperties.set(DataSourc
eBuilder.java:370)
	at org.springframework
.boot.jdbc.DataSourceBu
ilder.build(DataSourceB
uilder.java:185)
	at org.springframework
.boot.autoconfigure.jdb
c.DataSourceConfigurati
on.createDataSource(Dat
aSourceConfiguration.ja
va:67)
	at org.springframework
.boot.autoconfigure.jdb
c.DataSourceConfigurati
on$Hikari.dataSource(Da
taSourceConfiguration.j
ava:127)
	at java.base/jdk.inter
nal.reflect.DirectMetho
dHandleAccessor.invoke(
DirectMethodHandleAcces
sor.java:104)
	at java.base/java.lang
.reflect.Method.invoke(
Method.java:565)
	at org.springframework
.beans.factory.support.
SimpleInstantiationStra
tegy.lambda$instantiate
$0(SimpleInstantiationS
trategy.java:172)
	at org.springframework
.beans.factory.support.
SimpleInstantiationStra
tegy.instantiateWithFac
toryMethod(SimpleInstan
tiationStrategy.java:89
)
	at org.springframework
.beans.factory.support.
SimpleInstantiationStra
tegy.instantiate(Simple
InstantiationStrategy.j
ava:169)
	at org.springframework
.beans.factory.support.
ConstructorResolver.ins
tantiate(ConstructorRes
olver.java:653)
	at org.springframework
.beans.factory.support.
ConstructorResolver.ins
tantiateUsingFactoryMet
hod(ConstructorResolver
.java:645)
	at org.springframework
.beans.factory.support.
AbstractAutowireCapable
BeanFactory.instantiate
UsingFactoryMethod(Abst
ractAutowireCapableBean
Factory.java:1375)
	at org.springframework
.beans.factory.support.
AbstractAutowireCapable
BeanFactory.createBeanI
nstance(AbstractAutowir
eCapableBeanFactory.jav
a:1205)
	at org.springframework
.beans.factory.support.
AbstractAutowireCapable
BeanFactory.doCreateBea
n(AbstractAutowireCapab
leBeanFactory.java:569)
	at org.springframework
.beans.factory.support.
AbstractAutowireCapable
BeanFactory.createBean(
AbstractAutowireCapable
BeanFactory.java:529)
	at org.springframework
.beans.factory.support.
AbstractBeanFactory.lam
bda$doGetBean$0(Abstrac
tBeanFactory.java:339)
	at org.springframework
.beans.factory.support.
DefaultSingletonBeanReg
istry.getSingleton(Defa
ultSingletonBeanRegistr
y.java:373)
	at org.springframework
.beans.factory.support.
AbstractBeanFactory.doG
etBean(AbstractBeanFact
ory.java:337)
	at org.springframework
.beans.factory.support.
AbstractBeanFactory.get
Bean(AbstractBeanFactor
y.java:202)
	at org.springframework
.beans.factory.support.
DefaultListableBeanFact
ory.doResolveDependency
(DefaultListableBeanFac
tory.java:1708)
	at org.springframework
.beans.factory.support.
DefaultListableBeanFact
ory.resolveDependency(D
efaultListableBeanFacto
ry.java:1653)
	at org.springframework
.beans.factory.support.
ConstructorResolver.res
olveAutowiredArgument(C
onstructorResolver.java
:913)
	at org.springframework
.beans.factory.support.
ConstructorResolver.cre
ateArgumentArray(Constr
uctorResolver.java:791)
	at org.springframework
.beans.factory.support.
ConstructorResolver.ins
tantiateUsingFactoryMet
hod(ConstructorResolver
.java:546)
	at org.springframework
.beans.factory.support.
AbstractAutowireCapable
BeanFactory.instantiate
UsingFactoryMethod(Abst
ractAutowireCapableBean
Factory.java:1375)
	at org.springframework
.beans.factory.support.
AbstractAutowireCapable
BeanFactory.createBeanI
nstance(AbstractAutowir
eCapableBeanFactory.jav
a:1205)
	at org.springframework
.beans.factory.support.
AbstractAutowireCapable
BeanFactory.doCreateBea
n(AbstractAutowireCapab
leBeanFactory.java:569)
	at org.springframework
.beans.factory.support.
AbstractAutowireCapable
BeanFactory.createBean(
AbstractAutowireCapable
BeanFactory.java:529)
	at org.springframework
.beans.factory.support.
AbstractBeanFactory.lam
bda$doGetBean$0(Abstrac
tBeanFactory.java:339)
	at org.springframework
.beans.factory.support.
DefaultSingletonBeanReg
istry.getSingleton(Defa
ultSingletonBeanRegistr
y.java:373)
	at org.springframework
.beans.factory.support.
AbstractBeanFactory.doG
etBean(AbstractBeanFact
ory.java:337)
	at org.springframework
.beans.factory.support.
AbstractBeanFactory.get
Bean(AbstractBeanFactor
y.java:202)
	at org.springframework
.beans.factory.support.
AbstractBeanFactory.doG
etBean(AbstractBeanFact
ory.java:315)
	at org.springframework
.beans.factory.support.
AbstractBeanFactory.get
Bean(AbstractBeanFactor
y.java:207)
	at org.springframework
.context.support.Abstra
ctApplicationContext.fi
nishBeanFactoryInitiali
zation(AbstractApplicat
ionContext.java:974)
	at org.springframework
.context.support.Abstra
ctApplicationContext.re
fresh(AbstractApplicati
onContext.java:628)
	at org.springframework
.boot.SpringApplication
.refresh(SpringApplicat
ion.java:752)
	at org.springframework
.boot.SpringApplication
.refreshContext(SpringA
pplication.java:439)
	at org.springframework
.boot.SpringApplication
.run(SpringApplication.
java:318)
	at org.springframework
.boot.test.context.Spri
ngBootContextLoader.lam
bda$loadContext$3(Sprin
gBootContextLoader.java
:152)
	at org.springframework
.util.function.Throwing
Supplier.get(ThrowingSu
pplier.java:58)
	at org.springframework
.util.function.Throwing
Supplier.get(ThrowingSu
pplier.java:46)
	at org.springframework
.boot.SpringApplication
.withHook(SpringApplica
tion.java:1461)
	at org.springframework
.boot.test.context.Spri
ngBootContextLoader$Con
textLoaderHook.run(Spri
ngBootContextLoader.jav
a:595)
	at org.springframework
.boot.test.context.Spri
ngBootContextLoader.loa
dContext(SpringBootCont
extLoader.java:152)
	at org.springframework
.boot.test.context.Spri
ngBootContextLoader.loa
dContext(SpringBootCont
extLoader.java:111)
	at org.springframework
.test.context.cache.Def
aultCacheAwareContextLo
aderDelegate.loadContex
tInternal(DefaultCacheA
wareContextLoaderDelega
te.java:225)
	at org.springframework
.test.context.cache.Def
aultCacheAwareContextLo
aderDelegate.loadContex
t(DefaultCacheAwareCont
extLoaderDelegate.java:
152)
	at org.springframework
.test.context.support.D
efaultTestContext.getAp
plicationContext(Defaul
tTestContext.java:130)
	at org.springframework
.test.context.support.D
ependencyInjectionTestE
xecutionListener.inject
Dependencies(Dependency
InjectionTestExecutionL
istener.java:155)
	at org.springframework
.test.context.support.D
ependencyInjectionTestE
xecutionListener.prepar
eTestInstance(Dependenc
yInjectionTestExecution
Listener.java:111)
	at org.springframework
.test.context.TestConte
xtManager.prepareTestIn
stance(TestContextManag
er.java:260)
	at org.springframework
.test.context.junit4.Sp
ringJUnit4ClassRunner.c
reateTest(SpringJUnit4C
lassRunner.java:228)
	at org.springframework
.test.context.junit4.Sp
ringJUnit4ClassRunner$1
.runReflectiveCall(Spri
ngJUnit4ClassRunner.jav
a:289)
	at org.junit.internal.
runners.model.Reflectiv
eCallable.run(Reflectiv
eCallable.java:12)
	at org.springframework
.test.context.junit4.Sp
ringJUnit4ClassRunner.m
ethodBlock(SpringJUnit4
ClassRunner.java:291)
	at org.springframework
.test.context.junit4.Sp
ringJUnit4ClassRunner.r
unChild(SpringJUnit4Cla
ssRunner.java:247)
	at org.springframework
.test.context.junit4.Sp
ringJUnit4ClassRunner.r
unChild(SpringJUnit4Cla
ssRunner.java:97)
	at org.junit.runners.P
arentRunner$4.run(Paren
tRunner.java:331)
	at org.junit.runners.P
arentRunner$1.schedule(
ParentRunner.java:79)
	at org.junit.runners.P
arentRunner.runChildren
(ParentRunner.java:329)
	at org.junit.runners.P
arentRunner.access$100(
ParentRunner.java:66)
	at org.junit.runners.P
arentRunner$2.evaluate(
ParentRunner.java:293)
	at org.springframework
.test.context.junit4.st
atements.RunBeforeTestC
lassCallbacks.evaluate(
RunBeforeTestClassCallb
acks.java:61)
	at org.springframework
.test.context.junit4.st
atements.RunAfterTestCl
assCallbacks.evaluate(R
unAfterTestClassCallbac
ks.java:70)
	at org.junit.runners.P
arentRunner$3.evaluate(
ParentRunner.java:306)
	at org.junit.runners.P
arentRunner.run(ParentR
unner.java:413)
	at org.springframework
.test.context.junit4.Sp
ringJUnit4ClassRunner.r
un(SpringJUnit4ClassRun
ner.java:191)
	at org.junit.runner.JU
nitCore.run(JUnitCore.j
ava:137)
	at org.junit.runner.JU
nitCore.run(JUnitCore.j
ava:115)
	at org.junit.vintage.e
ngine.execution.RunnerE
xecutor.execute(RunnerE
xecutor.java:42)
	at org.junit.vintage.e
ngine.execution.Vintage
Executor.executeClasses
AndMethodsSequentially(
VintageExecutor.java:93
)
	at org.junit.vintage.e
ngine.execution.Vintage
Executor.executeAllChil
dren(VintageExecutor.ja
va:73)
	at org.junit.vintage.e
ngine.VintageTestEngine
.execute(VintageTestEng
ine.java:70)
	at org.junit.platform.
launcher.core.EngineExe
cutionOrchestrator.exec
ute(EngineExecutionOrch
estrator.java:201)
	at org.junit.platform.
launcher.core.EngineExe
cutionOrchestrator.exec
ute(EngineExecutionOrch
estrator.java:170)
	at org.junit.platform.
launcher.core.EngineExe
cutionOrchestrator.exec
ute(EngineExecutionOrch
estrator.java:94)
	at org.junit.platform.
launcher.core.EngineExe
cutionOrchestrator.lamb
da$execute$0(EngineExec
utionOrchestrator.java:
59)
	at org.junit.platform.
launcher.core.EngineExe
cutionOrchestrator.with
InterceptedStreams(Engi
neExecutionOrchestrator
.java:142)
	at org.junit.platform.
launcher.core.EngineExe
cutionOrchestrator.exec
ute(EngineExecutionOrch
estrator.java:58)
	at org.junit.platform.
launcher.core.DefaultLa
uncher.execute(DefaultL
auncher.java:103)
	at org.junit.platform.
launcher.core.DefaultLa
uncher.execute(DefaultL
auncher.java:85)
	at org.junit.platform.
launcher.core.Delegatin
gLauncher.execute(Deleg
atingLauncher.java:47)
	at org.junit.platform.
launcher.core.Intercept
ingLauncher.lambda$exec
ute$1(InterceptingLaunc
her.java:39)
	at org.junit.platform.
launcher.core.Classpath
AlignmentCheckingLaunch
erInterceptor.intercept
(ClasspathAlignmentChec
kingLauncherInterceptor
.java:25)
	at org.junit.platform.
launcher.core.Intercept
ingLauncher.execute(Int
erceptingLauncher.java:
38)
	at org.junit.platform.
launcher.core.Delegatin
gLauncher.execute(Deleg
atingLauncher.java:47)
	at org.apache.maven.su
refire.junitplatform.La
uncherAdapter.executeWi
thoutCancellationToken(
LauncherAdapter.java:60
)
	at org.apache.maven.su
refire.junitplatform.La
uncherAdapter.execute(L
auncherAdapter.java:52)
	at org.apache.maven.su
refire.junitplatform.JU
nitPlatformProvider.exe
cute(JUnitPlatformProvi
der.java:203)
	at org.apache.maven.su
refire.junitplatform.JU
nitPlatformProvider.inv
okeAllTests(JUnitPlatfo
rmProvider.java:168)
	at org.apache.maven.su
refire.junitplatform.JU
nitPlatformProvider.inv
oke(JUnitPlatformProvid
er.java:136)
	at org.apache.maven.su
refire.booter.ForkedBoo
ter.runSuitesInProcess(
ForkedBooter.java:385)
	at org.apache.maven.su
refire.booter.ForkedBoo
ter.execute(ForkedBoote
r.java:162)
	at org.apache.maven.su
refire.booter.ForkedBoo
ter.run(ForkedBooter.ja
va:507)
	at org.apache.maven.su
refire.booter.ForkedBoo
ter.main(ForkedBooter.j
ava:495)
Caused by: 
java.io.IOException: 
Error while 
instrumenting 
java/sql/DriverManager 
with JaCoCo 0.8.11.2023
10140853/f33756c.
	at org.jacoco.agent.rt
.internal_4742761.core.
instr.Instrumenter.inst
rumentError(Instrumente
r.java:161)
	at org.jacoco.agent.rt
.internal_4742761.core.
instr.Instrumenter.inst
rument(Instrumenter.jav
a:111)
	at org.jacoco.agent.rt
.internal_4742761.Cover
ageTransformer.transfor
m(CoverageTransformer.j
ava:92)
	... 120 more
Caused by: java.lang.Il
legalArgumentException:
 Unsupported class 
file major version 68
	at org.jacoco.agent.rt
.internal_4742761.asm.C
lassReader.<init>(Class
Reader.java:200)
	at org.jacoco.agent.rt
.internal_4742761.asm.C
lassReader.<init>(Class
Reader.java:180)
	at org.jacoco.agent.rt
.internal_4742761.asm.C
lassReader.<init>(Class
Reader.java:166)
	at org.jacoco.agent.rt
.internal_4742761.core.
internal.instr.InstrSup
port.classReaderFor(Ins
trSupport.java:280)
	at org.jacoco.agent.rt
.internal_4742761.core.
instr.Instrumenter.inst
rument(Instrumenter.jav
a:77)
	at org.jacoco.agent.rt
.internal_4742761.core.
instr.Instrumenter.inst
rument(Instrumenter.jav
a:109)
	... 121 more
java.lang.instrument.Il
legalClassFormatExcepti
on: Error while 
instrumenting 
java/sql/DriverInfo 
with JaCoCo 0.8.11.2023
10140853/f33756c.
	at org.jacoco.agent.rt
.internal_4742761.Cover
ageTransformer.transfor
m(CoverageTransformer.j
ava:94)
	at java.instrument/jav
a.lang.instrument.Class
FileTransformer.transfo
rm(ClassFileTransformer
.java:257)
	at java.instrument/sun
.instrument.Transformer
Manager.transform(Trans
formerManager.java:188)
	at java.instrument/sun
.instrument.Instrumenta
tionImpl.transform(Inst
rumentationImpl.java:59
4)
	at java.base/java.lang
.ClassLoader.defineClas
s2(Native Method)
	at java.base/java.lang
.ClassLoader.defineClas
s(ClassLoader.java:1052
)
	at java.base/java.secu
rity.SecureClassLoader.
defineClass(SecureClass
Loader.java:164)
	at java.base/jdk.inter
nal.loader.BuiltinClass
Loader.defineClass(Buil
tinClassLoader.java:735
)
	at java.base/jdk.inter
nal.loader.BuiltinClass
Loader.findClassInModul
eOrNull(BuiltinClassLoa
der.java:678)
	at java.base/jdk.inter
nal.loader.BuiltinClass
Loader.loadClassOrNull(
BuiltinClassLoader.java
:604)
	at java.base/jdk.inter
nal.loader.BuiltinClass
Loader.loadClass(Builti
nClassLoader.java:578)
	at java.base/java.lang
.ClassLoader.loadClass(
ClassLoader.java:490)
	at java.sql/java.sql.D
riverManager.registerDr
iver(DriverManager.java
:312)
	at oracle.jdbc.driver.
OracleDriver.<clinit>(O
racleDriver.java:280)
	at java.base/jdk.inter
nal.misc.Unsafe.ensureC
lassInitialized0(Native
 Method)
	at java.base/jdk.inter
nal.misc.Unsafe.ensureC
lassInitialized(Unsafe.
java:1166)
	at java.base/jdk.inter
nal.reflect.MethodHandl
eAccessorFactory.ensure
ClassInitialized(Method
HandleAccessorFactory.j
ava:341)
	at java.base/jdk.inter
nal.reflect.MethodHandl
eAccessorFactory.newCon
structorAccessor(Method
HandleAccessorFactory.j
ava:104)
	at java.base/jdk.inter
nal.reflect.ReflectionF
actory.newConstructorAc
cessor(ReflectionFactor
y.java:143)
	at java.base/java.lang
.reflect.Constructor.ac
quireConstructorAccesso
r(Constructor.java:546)
	at java.base/java.lang
.reflect.Constructor.ne
wInstanceWithCaller(Con
structor.java:496)
	at java.base/java.lang
.reflect.Constructor.ne
wInstance(Constructor.j
ava:483)
	at com.zaxxer.hikari.H
ikariConfig.setDriverCl
assName(HikariConfig.ja
va:518)
	at org.springframework
.boot.jdbc.DataSourceBu
ilder$MappedDataSourceP
roperty.set(DataSourceB
uilder.java:478)
	at org.springframework
.boot.jdbc.DataSourceBu
ilder$MappedDataSourceP
roperties.set(DataSourc
eBuilder.java:370)
	at org.springframework
.boot.jdbc.DataSourceBu
ilder.build(DataSourceB
uilder.java:185)
	at org.springframework
.boot.autoconfigure.jdb
c.DataSourceConfigurati
on.createDataSource(Dat
aSourceConfiguration.ja
va:67)
	at org.springframework
.boot.autoconfigure.jdb
c.DataSourceConfigurati
on$Hikari.dataSource(Da
taSourceConfiguration.j
ava:127)
	at java.base/jdk.inter
nal.reflect.DirectMetho
dHandleAccessor.invoke(
DirectMethodHandleAcces
sor.java:104)
	at java.base/java.lang
.reflect.Method.invoke(
Method.java:565)
	at org.springframework
.beans.factory.support.
SimpleInstantiationStra
tegy.lambda$instantiate
$0(SimpleInstantiationS
trategy.java:172)
	at org.springframework
.beans.factory.support.
SimpleInstantiationStra
tegy.instantiateWithFac
toryMethod(SimpleInstan
tiationStrategy.java:89
)
	at org.springframework
.beans.factory.support.
SimpleInstantiationStra
tegy.instantiate(Simple
InstantiationStrategy.j
ava:169)
	at org.springframework
.beans.factory.support.
ConstructorResolver.ins
tantiate(ConstructorRes
olver.java:653)
	at org.springframework
.beans.factory.support.
ConstructorResolver.ins
tantiateUsingFactoryMet
hod(ConstructorResolver
.java:645)
	at org.springframework
.beans.factory.support.
AbstractAutowireCapable
BeanFactory.instantiate
UsingFactoryMethod(Abst
ractAutowireCapableBean
Factory.java:1375)
	at org.springframework
.beans.factory.support.
AbstractAutowireCapable
BeanFactory.createBeanI
nstance(AbstractAutowir
eCapableBeanFactory.jav
a:1205)
	at org.springframework
.beans.factory.support.
AbstractAutowireCapable
BeanFactory.doCreateBea
n(AbstractAutowireCapab
leBeanFactory.java:569)
	at org.springframework
.beans.factory.support.
AbstractAutowireCapable
BeanFactory.createBean(
AbstractAutowireCapable
BeanFactory.java:529)
	at org.springframework
.beans.factory.support.
AbstractBeanFactory.lam
bda$doGetBean$0(Abstrac
tBeanFactory.java:339)
	at org.springframework
.beans.factory.support.
DefaultSingletonBeanReg
istry.getSingleton(Defa
ultSingletonBeanRegistr
y.java:373)
	at org.springframework
.beans.factory.support.
AbstractBeanFactory.doG
etBean(AbstractBeanFact
ory.java:337)
	at org.springframework
.beans.factory.support.
AbstractBeanFactory.get
Bean(AbstractBeanFactor
y.java:202)
	at org.springframework
.beans.factory.support.
DefaultListableBeanFact
ory.doResolveDependency
(DefaultListableBeanFac
tory.java:1708)
	at org.springframework
.beans.factory.support.
DefaultListableBeanFact
ory.resolveDependency(D
efaultListableBeanFacto
ry.java:1653)
	at org.springframework
.beans.factory.support.
ConstructorResolver.res
olveAutowiredArgument(C
onstructorResolver.java
:913)
	at org.springframework
.beans.factory.support.
ConstructorResolver.cre
ateArgumentArray(Constr
uctorResolver.java:791)
	at org.springframework
.beans.factory.support.
ConstructorResolver.ins
tantiateUsingFactoryMet
hod(ConstructorResolver
.java:546)
	at org.springframework
.beans.factory.support.
AbstractAutowireCapable
BeanFactory.instantiate
UsingFactoryMethod(Abst
ractAutowireCapableBean
Factory.java:1375)
	at org.springframework
.beans.factory.support.
AbstractAutowireCapable
BeanFactory.createBeanI
nstance(AbstractAutowir
eCapableBeanFactory.jav
a:1205)
	at org.springframework
.beans.factory.support.
AbstractAutowireCapable
BeanFactory.doCreateBea
n(AbstractAutowireCapab
leBeanFactory.java:569)
	at org.springframework
.beans.factory.support.
AbstractAutowireCapable
BeanFactory.createBean(
AbstractAutowireCapable
BeanFactory.java:529)
	at org.springframework
.beans.factory.support.
AbstractBeanFactory.lam
bda$doGetBean$0(Abstrac
tBeanFactory.java:339)
	at org.springframework
.beans.factory.support.
DefaultSingletonBeanReg
istry.getSingleton(Defa
ultSingletonBeanRegistr
y.java:373)
	at org.springframework
.beans.factory.support.
AbstractBeanFactory.doG
etBean(AbstractBeanFact
ory.java:337)
	at org.springframework
.beans.factory.support.
AbstractBeanFactory.get
Bean(AbstractBeanFactor
y.java:202)
	at org.springframework
.beans.factory.support.
AbstractBeanFactory.doG
etBean(AbstractBeanFact
ory.java:315)
	at org.springframework
.beans.factory.support.
AbstractBeanFactory.get
Bean(AbstractBeanFactor
y.java:207)
	at org.springframework
.context.support.Abstra
ctApplicationContext.fi
nishBeanFactoryInitiali
zation(AbstractApplicat
ionContext.java:974)
	at org.springframework
.context.support.Abstra
ctApplicationContext.re
fresh(AbstractApplicati
onContext.java:628)
	at org.springframework
.boot.SpringApplication
.refresh(SpringApplicat
ion.java:752)
	at org.springframework
.boot.SpringApplication
.refreshContext(SpringA
pplication.java:439)
	at org.springframework
.boot.SpringApplication
.run(SpringApplication.
java:318)
	at org.springframework
.boot.test.context.Spri
ngBootContextLoader.lam
bda$loadContext$3(Sprin
gBootContextLoader.java
:152)
	at org.springframework
.util.function.Throwing
Supplier.get(ThrowingSu
pplier.java:58)
	at org.springframework
.util.function.Throwing
Supplier.get(ThrowingSu
pplier.java:46)
	at org.springframework
.boot.SpringApplication
.withHook(SpringApplica
tion.java:1461)
	at org.springframework
.boot.test.context.Spri
ngBootContextLoader$Con
textLoaderHook.run(Spri
ngBootContextLoader.jav
a:595)
	at org.springframework
.boot.test.context.Spri
ngBootContextLoader.loa
dContext(SpringBootCont
extLoader.java:152)
	at org.springframework
.boot.test.context.Spri
ngBootContextLoader.loa
dContext(SpringBootCont
extLoader.java:111)
	at org.springframework
.test.context.cache.Def
aultCacheAwareContextLo
aderDelegate.loadContex
tInternal(DefaultCacheA
wareContextLoaderDelega
te.java:225)
	at org.springframework
.test.context.cache.Def
aultCacheAwareContextLo
aderDelegate.loadContex
t(DefaultCacheAwareCont
extLoaderDelegate.java:
152)
	at org.springframework
.test.context.support.D
efaultTestContext.getAp
plicationContext(Defaul
tTestContext.java:130)
	at org.springframework
.test.context.support.D
ependencyInjectionTestE
xecutionListener.inject
Dependencies(Dependency
InjectionTestExecutionL
istener.java:155)
	at org.springframework
.test.context.support.D
ependencyInjectionTestE
xecutionListener.prepar
eTestInstance(Dependenc
yInjectionTestExecution
Listener.java:111)
	at org.springframework
.test.context.TestConte
xtManager.prepareTestIn
stance(TestContextManag
er.java:260)
	at org.springframework
.test.context.junit4.Sp
ringJUnit4ClassRunner.c
reateTest(SpringJUnit4C
lassRunner.java:228)
	at org.springframework
.test.context.junit4.Sp
ringJUnit4ClassRunner$1
.runReflectiveCall(Spri
ngJUnit4ClassRunner.jav
a:289)
	at org.junit.internal.
runners.model.Reflectiv
eCallable.run(Reflectiv
eCallable.java:12)
	at org.springframework
.test.context.junit4.Sp
ringJUnit4ClassRunner.m
ethodBlock(SpringJUnit4
ClassRunner.java:291)
	at org.springframework
.test.context.junit4.Sp
ringJUnit4ClassRunner.r
unChild(SpringJUnit4Cla
ssRunner.java:247)
	at org.springframework
.test.context.junit4.Sp
ringJUnit4ClassRunner.r
unChild(SpringJUnit4Cla
ssRunner.java:97)
	at org.junit.runners.P
arentRunner$4.run(Paren
tRunner.java:331)
	at org.junit.runners.P
arentRunner$1.schedule(
ParentRunner.java:79)
	at org.junit.runners.P
arentRunner.runChildren
(ParentRunner.java:329)
	at org.junit.runners.P
arentRunner.access$100(
ParentRunner.java:66)
	at org.junit.runners.P
arentRunner$2.evaluate(
ParentRunner.java:293)
	at org.springframework
.test.context.junit4.st
atements.RunBeforeTestC
lassCallbacks.evaluate(
RunBeforeTestClassCallb
acks.java:61)
	at org.springframework
.test.context.junit4.st
atements.RunAfterTestCl
assCallbacks.evaluate(R
unAfterTestClassCallbac
ks.java:70)
	at org.junit.runners.P
arentRunner$3.evaluate(
ParentRunner.java:306)
	at org.junit.runners.P
arentRunner.run(ParentR
unner.java:413)
	at org.springframework
.test.context.junit4.Sp
ringJUnit4ClassRunner.r
un(SpringJUnit4ClassRun
ner.java:191)
	at org.junit.runner.JU
nitCore.run(JUnitCore.j
ava:137)
	at org.junit.runner.JU
nitCore.run(JUnitCore.j
ava:115)
	at org.junit.vintage.e
ngine.execution.RunnerE
xecutor.execute(RunnerE
xecutor.java:42)
	at org.junit.vintage.e
ngine.execution.Vintage
Executor.executeClasses
AndMethodsSequentially(
VintageExecutor.java:93
)
	at org.junit.vintage.e
ngine.execution.Vintage
Executor.executeAllChil
dren(VintageExecutor.ja
va:73)
	at org.junit.vintage.e
ngine.VintageTestEngine
.execute(VintageTestEng
ine.java:70)
	at org.junit.platform.
launcher.core.EngineExe
cutionOrchestrator.exec
ute(EngineExecutionOrch
estrator.java:201)
	at org.junit.platform.
launcher.core.EngineExe
cutionOrchestrator.exec
ute(EngineExecutionOrch
estrator.java:170)
	at org.junit.platform.
launcher.core.EngineExe
cutionOrchestrator.exec
ute(EngineExecutionOrch
estrator.java:94)
	at org.junit.platform.
launcher.core.EngineExe
cutionOrchestrator.lamb
da$execute$0(EngineExec
utionOrchestrator.java:
59)
	at org.junit.platform.
launcher.core.EngineExe
cutionOrchestrator.with
InterceptedStreams(Engi
neExecutionOrchestrator
.java:142)
	at org.junit.platform.
launcher.core.EngineExe
cutionOrchestrator.exec
ute(EngineExecutionOrch
estrator.java:58)
	at org.junit.platform.
launcher.core.DefaultLa
uncher.execute(DefaultL
auncher.java:103)
	at org.junit.platform.
launcher.core.DefaultLa
uncher.execute(DefaultL
auncher.java:85)
	at org.junit.platform.
launcher.core.Delegatin
gLauncher.execute(Deleg
atingLauncher.java:47)
	at org.junit.platform.
launcher.core.Intercept
ingLauncher.lambda$exec
ute$1(InterceptingLaunc
her.java:39)
	at org.junit.platform.
launcher.core.Classpath
AlignmentCheckingLaunch
erInterceptor.intercept
(ClasspathAlignmentChec
kingLauncherInterceptor
.java:25)
	at org.junit.platform.
launcher.core.Intercept
ingLauncher.execute(Int
erceptingLauncher.java:
38)
	at org.junit.platform.
launcher.core.Delegatin
gLauncher.execute(Deleg
atingLauncher.java:47)
	at org.apache.maven.su
refire.junitplatform.La
uncherAdapter.executeWi
thoutCancellationToken(
LauncherAdapter.java:60
)
	at org.apache.maven.su
refire.junitplatform.La
uncherAdapter.execute(L
auncherAdapter.java:52)
	at org.apache.maven.su
refire.junitplatform.JU
nitPlatformProvider.exe
cute(JUnitPlatformProvi
der.java:203)
	at org.apache.maven.su
refire.junitplatform.JU
nitPlatformProvider.inv
okeAllTests(JUnitPlatfo
rmProvider.java:168)
	at org.apache.maven.su
refire.junitplatform.JU
nitPlatformProvider.inv
oke(JUnitPlatformProvid
er.java:136)
	at org.apache.maven.su
refire.booter.ForkedBoo
ter.runSuitesInProcess(
ForkedBooter.java:385)
	at org.apache.maven.su
refire.booter.ForkedBoo
ter.execute(ForkedBoote
r.java:162)
	at org.apache.maven.su
refire.booter.ForkedBoo
ter.run(ForkedBooter.ja
va:507)
	at org.apache.maven.su
refire.booter.ForkedBoo
ter.main(ForkedBooter.j
ava:495)
Caused by: 
java.io.IOException: 
Error while 
instrumenting 
java/sql/DriverInfo 
with JaCoCo 0.8.11.2023
10140853/f33756c.
	at org.jacoco.agent.rt
.internal_4742761.core.
instr.Instrumenter.inst
rumentError(Instrumente
r.java:161)
	at org.jacoco.agent.rt
.internal_4742761.core.
instr.Instrumenter.inst
rument(Instrumenter.jav
a:111)
	at org.jacoco.agent.rt
.internal_4742761.Cover
ageTransformer.transfor
m(CoverageTransformer.j
ava:92)
	... 119 more
Caused by: java.lang.Il
legalArgumentException:
 Unsupported class 
file major version 68
	at org.jacoco.agent.rt
.internal_4742761.asm.C
lassReader.<init>(Class
Reader.java:200)
	at org.jacoco.agent.rt
.internal_4742761.asm.C
lassReader.<init>(Class
Reader.java:180)
	at org.jacoco.agent.rt
.internal_4742761.asm.C
lassReader.<init>(Class
Reader.java:166)
	at org.jacoco.agent.rt
.internal_4742761.core.
internal.instr.InstrSup
port.classReaderFor(Ins
trSupport.java:280)
	at org.jacoco.agent.rt
.internal_4742761.core.
instr.Instrumenter.inst
rument(Instrumenter.jav
a:77)
	at org.jacoco.agent.rt
.internal_4742761.core.
instr.Instrumenter.inst
rument(Instrumenter.jav
a:109)
	... 120 more
java.lang.instrument.Il
legalClassFormatExcepti
on: Error while 
instrumenting java/sql/
SQLTransientException 
with JaCoCo 0.8.11.2023
10140853/f33756c.
	at org.jacoco.agent.rt
.internal_4742761.Cover
ageTransformer.transfor
m(CoverageTransformer.j
ava:94)
	at java.instrument/jav
a.lang.instrument.Class
FileTransformer.transfo
rm(ClassFileTransformer
.java:257)
	at java.instrument/sun
.instrument.Transformer
Manager.transform(Trans
formerManager.java:188)
	at java.instrument/sun
.instrument.Instrumenta
tionImpl.transform(Inst
rumentationImpl.java:59
4)
	at java.base/java.lang
.ClassLoader.defineClas
s2(Native Method)
	at java.base/java.lang
.ClassLoader.defineClas
s(ClassLoader.java:1052
)
	at java.base/java.secu
rity.SecureClassLoader.
defineClass(SecureClass
Loader.java:164)
	at java.base/jdk.inter
nal.loader.BuiltinClass
Loader.defineClass(Buil
tinClassLoader.java:735
)
	at java.base/jdk.inter
nal.loader.BuiltinClass
Loader.findClassInModul
eOrNull(BuiltinClassLoa
der.java:678)
	at java.base/jdk.inter
nal.loader.BuiltinClass
Loader.loadClassOrNull(
BuiltinClassLoader.java
:604)
	at java.base/jdk.inter
nal.loader.BuiltinClass
Loader.loadClassOrNull(
BuiltinClassLoader.java
:639)
	at java.base/jdk.inter
nal.loader.BuiltinClass
Loader.loadClassOrNull(
BuiltinClassLoader.java
:608)
	at java.base/jdk.inter
nal.loader.BuiltinClass
Loader.loadClass(Builti
nClassLoader.java:578)
	at java.base/java.lang
.ClassLoader.loadClass(
ClassLoader.java:490)
	at oracle.jdbc.driver.
SQLStateMapping$SqlExce
ptionType.<clinit>(SQLS
tateMapping.java:68)
	at oracle.jdbc.driver.
SQLStateMapping.<clinit
>(SQLStateMapping.java:
144)
	at oracle.jdbc.driver.
DatabaseError.<clinit>(
DatabaseError.java:1187
)
	at oracle.jdbc.diagnos
tics.OracleDiagnosticsM
XBean.getMBeanInfo(Orac
leDiagnosticsMXBean.jav
a:438)
	at java.management/com
.sun.jmx.interceptor.De
faultMBeanServerInterce
ptor.getNewMBeanClassNa
me(DefaultMBeanServerIn
terceptor.java:310)
	at java.management/com
.sun.jmx.interceptor.De
faultMBeanServerInterce
ptor.registerMBean(Defa
ultMBeanServerIntercept
or.java:299)
	at java.management/com
.sun.jmx.mbeanserver.Jm
xMBeanServer.registerMB
ean(JmxMBeanServer.java
:511)
	at oracle.jdbc.driver.
OracleDriver.registerMB
eans(OracleDriver.java:
531)
	at oracle.jdbc.driver.
OracleDriver$1.run(Orac
leDriver.java:289)
	at java.base/java.secu
rity.AccessController.d
oPrivileged(AccessContr
oller.java:74)
	at oracle.jdbc.driver.
OracleDriver.<clinit>(O
racleDriver.java:287)
	at java.base/jdk.inter
nal.misc.Unsafe.ensureC
lassInitialized0(Native
 Method)
	at java.base/jdk.inter
nal.misc.Unsafe.ensureC
lassInitialized(Unsafe.
java:1166)
	at java.base/jdk.inter
nal.reflect.MethodHandl
eAccessorFactory.ensure
ClassInitialized(Method
HandleAccessorFactory.j
ava:341)
	at java.base/jdk.inter
nal.reflect.MethodHandl
eAccessorFactory.newCon
structorAccessor(Method
HandleAccessorFactory.j
ava:104)
	at java.base/jdk.inter
nal.reflect.ReflectionF
actory.newConstructorAc
cessor(ReflectionFactor
y.java:143)
	at java.base/java.lang
.reflect.Constructor.ac
quireConstructorAccesso
r(Constructor.java:546)
	at java.base/java.lang
.reflect.Constructor.ne
wInstanceWithCaller(Con
structor.java:496)
	at java.base/java.lang
.reflect.Constructor.ne
wInstance(Constructor.j
ava:483)
	at com.zaxxer.hikari.H
ikariConfig.setDriverCl
assName(HikariConfig.ja
va:518)
	at org.springframework
.boot.jdbc.DataSourceBu
ilder$MappedDataSourceP
roperty.set(DataSourceB
uilder.java:478)
	at org.springframework
.boot.jdbc.DataSourceBu
ilder$MappedDataSourceP
roperties.set(DataSourc
eBuilder.java:370)
	at org.springframework
.boot.jdbc.DataSourceBu
ilder.build(DataSourceB
uilder.java:185)
	at org.springframework
.boot.autoconfigure.jdb
c.DataSourceConfigurati
on.createDataSource(Dat
aSourceConfiguration.ja
va:67)
	at org.springframework
.boot.autoconfigure.jdb
c.DataSourceConfigurati
on$Hikari.dataSource(Da
taSourceConfiguration.j
ava:127)
	at java.base/jdk.inter
nal.reflect.DirectMetho
dHandleAccessor.invoke(
DirectMethodHandleAcces
sor.java:104)
	at java.base/java.lang
.reflect.Method.invoke(
Method.java:565)
	at org.springframework
.beans.factory.support.
SimpleInstantiationStra
tegy.lambda$instantiate
$0(SimpleInstantiationS
trategy.java:172)
	at org.springframework
.beans.factory.support.
SimpleInstantiationStra
tegy.instantiateWithFac
toryMethod(SimpleInstan
tiationStrategy.java:89
)
	at org.springframework
.beans.factory.support.
SimpleInstantiationStra
tegy.instantiate(Simple
InstantiationStrategy.j
ava:169)
	at org.springframework
.beans.factory.support.
ConstructorResolver.ins
tantiate(ConstructorRes
olver.java:653)
	at org.springframework
.beans.factory.support.
ConstructorResolver.ins
tantiateUsingFactoryMet
hod(ConstructorResolver
.java:645)
	at org.springframework
.beans.factory.support.
AbstractAutowireCapable
BeanFactory.instantiate
UsingFactoryMethod(Abst
ractAutowireCapableBean
Factory.java:1375)
	at org.springframework
.beans.factory.support.
AbstractAutowireCapable
BeanFactory.createBeanI
nstance(AbstractAutowir
eCapableBeanFactory.jav
a:1205)
	at org.springframework
.beans.factory.support.
AbstractAutowireCapable
BeanFactory.doCreateBea
n(AbstractAutowireCapab
leBeanFactory.java:569)
	at org.springframework
.beans.factory.support.
AbstractAutowireCapable
BeanFactory.createBean(
AbstractAutowireCapable
BeanFactory.java:529)
	at org.springframework
.beans.factory.support.
AbstractBeanFactory.lam
bda$doGetBean$0(Abstrac
tBeanFactory.java:339)
	at org.springframework
.beans.factory.support.
DefaultSingletonBeanReg
istry.getSingleton(Defa
ultSingletonBeanRegistr
y.java:373)
	at org.springframework
.beans.factory.support.
AbstractBeanFactory.doG
etBean(AbstractBeanFact
ory.java:337)
	at org.springframework
.beans.factory.support.
AbstractBeanFactory.get
Bean(AbstractBeanFactor
y.java:202)
	at org.springframework
.beans.factory.support.
DefaultListableBeanFact
ory.doResolveDependency
(DefaultListableBeanFac
tory.java:1708)
	at org.springframework
.beans.factory.support.
DefaultListableBeanFact
ory.resolveDependency(D
efaultListableBeanFacto
ry.java:1653)
	at org.springframework
.beans.factory.support.
ConstructorResolver.res
olveAutowiredArgument(C
onstructorResolver.java
:913)
	at org.springframework
.beans.factory.support.
ConstructorResolver.cre
ateArgumentArray(Constr
uctorResolver.java:791)
	at org.springframework
.beans.factory.support.
ConstructorResolver.ins
tantiateUsingFactoryMet
hod(ConstructorResolver
.java:546)
	at org.springframework
.beans.factory.support.
AbstractAutowireCapable
BeanFactory.instantiate
UsingFactoryMethod(Abst
ractAutowireCapableBean
Factory.java:1375)
	at org.springframework
.beans.factory.support.
AbstractAutowireCapable
BeanFactory.createBeanI
nstance(AbstractAutowir
eCapableBeanFactory.jav
a:1205)
	at org.springframework
.beans.factory.support.
AbstractAutowireCapable
BeanFactory.doCreateBea
n(AbstractAutowireCapab
leBeanFactory.java:569)
	at org.springframework
.beans.factory.support.
AbstractAutowireCapable
BeanFactory.createBean(
AbstractAutowireCapable
BeanFactory.java:529)
	at org.springframework
.beans.factory.support.
AbstractBeanFactory.lam
bda$doGetBean$0(Abstrac
tBeanFactory.java:339)
	at org.springframework
.beans.factory.support.
DefaultSingletonBeanReg
istry.getSingleton(Defa
ultSingletonBeanRegistr
y.java:373)
	at org.springframework
.beans.factory.support.
AbstractBeanFactory.doG
etBean(AbstractBeanFact
ory.java:337)
	at org.springframework
.beans.factory.support.
AbstractBeanFactory.get
Bean(AbstractBeanFactor
y.java:202)
	at org.springframework
.beans.factory.support.
AbstractBeanFactory.doG
etBean(AbstractBeanFact
ory.java:315)
	at org.springframework
.beans.factory.support.
AbstractBeanFactory.get
Bean(AbstractBeanFactor
y.java:207)
	at org.springframework
.context.support.Abstra
ctApplicationContext.fi
nishBeanFactoryInitiali
zation(AbstractApplicat
ionContext.java:974)
	at org.springframework
.context.support.Abstra
ctApplicationContext.re
fresh(AbstractApplicati
onContext.java:628)
	at org.springframework
.boot.SpringApplication
.refresh(SpringApplicat
ion.java:752)
	at org.springframework
.boot.SpringApplication
.refreshContext(SpringA
pplication.java:439)
	at org.springframework
.boot.SpringApplication
.run(SpringApplication.
java:318)
	at org.springframework
.boot.test.context.Spri
ngBootContextLoader.lam
bda$loadContext$3(Sprin
gBootContextLoader.java
:152)
	at org.springframework
.util.function.Throwing
Supplier.get(ThrowingSu
pplier.java:58)
	at org.springframework
.util.function.Throwing
Supplier.get(ThrowingSu
pplier.java:46)
	at org.springframework
.boot.SpringApplication
.withHook(SpringApplica
tion.java:1461)
	at org.springframework
.boot.test.context.Spri
ngBootContextLoader$Con
textLoaderHook.run(Spri
ngBootContextLoader.jav
a:595)
	at org.springframework
.boot.test.context.Spri
ngBootContextLoader.loa
dContext(SpringBootCont
extLoader.java:152)
	at org.springframework
.boot.test.context.Spri
ngBootContextLoader.loa
dContext(SpringBootCont
extLoader.java:111)
	at org.springframework
.test.context.cache.Def
aultCacheAwareContextLo
aderDelegate.loadContex
tInternal(DefaultCacheA
wareContextLoaderDelega
te.java:225)
	at org.springframework
.test.context.cache.Def
aultCacheAwareContextLo
aderDelegate.loadContex
t(DefaultCacheAwareCont
extLoaderDelegate.java:
152)
	at org.springframework
.test.context.support.D
efaultTestContext.getAp
plicationContext(Defaul
tTestContext.java:130)
	at org.springframework
.test.context.support.D
ependencyInjectionTestE
xecutionListener.inject
Dependencies(Dependency
InjectionTestExecutionL
istener.java:155)
	at org.springframework
.test.context.support.D
ependencyInjectionTestE
xecutionListener.prepar
eTestInstance(Dependenc
yInjectionTestExecution
Listener.java:111)
	at org.springframework
.test.context.TestConte
xtManager.prepareTestIn
stance(TestContextManag
er.java:260)
	at org.springframework
.test.context.junit4.Sp
ringJUnit4ClassRunner.c
reateTest(SpringJUnit4C
lassRunner.java:228)
	at org.springframework
.test.context.junit4.Sp
ringJUnit4ClassRunner$1
.runReflectiveCall(Spri
ngJUnit4ClassRunner.jav
a:289)
	at org.junit.internal.
runners.model.Reflectiv
eCallable.run(Reflectiv
eCallable.java:12)
	at org.springframework
.test.context.junit4.Sp
ringJUnit4ClassRunner.m
ethodBlock(SpringJUnit4
ClassRunner.java:291)
	at org.springframework
.test.context.junit4.Sp
ringJUnit4ClassRunner.r
unChild(SpringJUnit4Cla
ssRunner.java:247)
	at org.springframework
.test.context.junit4.Sp
ringJUnit4ClassRunner.r
unChild(SpringJUnit4Cla
ssRunner.java:97)
	at org.junit.runners.P
arentRunner$4.run(Paren
tRunner.java:331)
	at org.junit.runners.P
arentRunner$1.schedule(
ParentRunner.java:79)
	at org.junit.runners.P
arentRunner.runChildren
(ParentRunner.java:329)
	at org.junit.runners.P
arentRunner.access$100(
ParentRunner.java:66)
	at org.junit.runners.P
arentRunner$2.evaluate(
ParentRunner.java:293)
	at org.springframework
.test.context.junit4.st
atements.RunBeforeTestC
lassCallbacks.evaluate(
RunBeforeTestClassCallb
acks.java:61)
	at org.springframework
.test.context.junit4.st
atements.RunAfterTestCl
assCallbacks.evaluate(R
unAfterTestClassCallbac
ks.java:70)
	at org.junit.runners.P
arentRunner$3.evaluate(
ParentRunner.java:306)
	at org.junit.runners.P
arentRunner.run(ParentR
unner.java:413)
	at org.springframework
.test.context.junit4.Sp
ringJUnit4ClassRunner.r
un(SpringJUnit4ClassRun
ner.java:191)
	at org.junit.runner.JU
nitCore.run(JUnitCore.j
ava:137)
	at org.junit.runner.JU
nitCore.run(JUnitCore.j
ava:115)
	at org.junit.vintage.e
ngine.execution.RunnerE
xecutor.execute(RunnerE
xecutor.java:42)
	at org.junit.vintage.e
ngine.execution.Vintage
Executor.executeClasses
AndMethodsSequentially(
VintageExecutor.java:93
)
	at org.junit.vintage.e
ngine.execution.Vintage
Executor.executeAllChil
dren(VintageExecutor.ja
va:73)
	at org.junit.vintage.e
ngine.VintageTestEngine
.execute(VintageTestEng
ine.java:70)
	at org.junit.platform.
launcher.core.EngineExe
cutionOrchestrator.exec
ute(EngineExecutionOrch
estrator.java:201)
	at org.junit.platform.
launcher.core.EngineExe
cutionOrchestrator.exec
ute(EngineExecutionOrch
estrator.java:170)
	at org.junit.platform.
launcher.core.EngineExe
cutionOrchestrator.exec
ute(EngineExecutionOrch
estrator.java:94)
	at org.junit.platform.
launcher.core.EngineExe
cutionOrchestrator.lamb
da$execute$0(EngineExec
utionOrchestrator.java:
59)
	at org.junit.platform.
launcher.core.EngineExe
cutionOrchestrator.with
InterceptedStreams(Engi
neExecutionOrchestrator
.java:142)
	at org.junit.platform.
launcher.core.EngineExe
cutionOrchestrator.exec
ute(EngineExecutionOrch
estrator.java:58)
	at org.junit.platform.
launcher.core.DefaultLa
uncher.execute(DefaultL
auncher.java:103)
	at org.junit.platform.
launcher.core.DefaultLa
uncher.execute(DefaultL
auncher.java:85)
	at org.junit.platform.
launcher.core.Delegatin
gLauncher.execute(Deleg
atingLauncher.java:47)
	at org.junit.platform.
launcher.core.Intercept
ingLauncher.lambda$exec
ute$1(InterceptingLaunc
her.java:39)
	at org.junit.platform.
launcher.core.Classpath
AlignmentCheckingLaunch
erInterceptor.intercept
(ClasspathAlignmentChec
kingLauncherInterceptor
.java:25)
	at org.junit.platform.
launcher.core.Intercept
ingLauncher.execute(Int
erceptingLauncher.java:
38)
	at org.junit.platform.
launcher.core.Delegatin
gLauncher.execute(Deleg
atingLauncher.java:47)
	at org.apache.maven.su
refire.junitplatform.La
uncherAdapter.executeWi
thoutCancellationToken(
LauncherAdapter.java:60
)
	at org.apache.maven.su
refire.junitplatform.La
uncherAdapter.execute(L
auncherAdapter.java:52)
	at org.apache.maven.su
refire.junitplatform.JU
nitPlatformProvider.exe
cute(JUnitPlatformProvi
der.java:203)
	at org.apache.maven.su
refire.junitplatform.JU
nitPlatformProvider.inv
okeAllTests(JUnitPlatfo
rmProvider.java:168)
	at org.apache.maven.su
refire.junitplatform.JU
nitPlatformProvider.inv
oke(JUnitPlatformProvid
er.java:136)
	at org.apache.maven.su
refire.booter.ForkedBoo
ter.runSuitesInProcess(
ForkedBooter.java:385)
	at org.apache.maven.su
refire.booter.ForkedBoo
ter.execute(ForkedBoote
r.java:162)
	at org.apache.maven.su
refire.booter.ForkedBoo
ter.run(ForkedBooter.ja
va:507)
	at org.apache.maven.su
refire.booter.ForkedBoo
ter.main(ForkedBooter.j
ava:495)
Caused by: 
java.io.IOException: 
Error while 
instrumenting java/sql/
SQLTransientException 
with JaCoCo 0.8.11.2023
10140853/f33756c.
	at org.jacoco.agent.rt
.internal_4742761.core.
instr.Instrumenter.inst
rumentError(Instrumente
r.java:161)
	at org.jacoco.agent.rt
.internal_4742761.core.
instr.Instrumenter.inst
rument(Instrumenter.jav
a:111)
	at org.jacoco.agent.rt
.internal_4742761.Cover
ageTransformer.transfor
m(CoverageTransformer.j
ava:92)
	... 130 more
Caused by: java.lang.Il
legalArgumentException:
 Unsupported class 
file major version 68
	at org.jacoco.agent.rt
.internal_4742761.asm.C
lassReader.<init>(Class
Reader.java:200)
	at org.jacoco.agent.rt
.internal_4742761.asm.C
lassReader.<init>(Class
Reader.java:180)
	at org.jacoco.agent.rt
.internal_4742761.asm.C
lassReader.<init>(Class
Reader.java:166)
	at org.jacoco.agent.rt
.internal_4742761.core.
internal.instr.InstrSup
port.classReaderFor(Ins
trSupport.java:280)
	at org.jacoco.agent.rt
.internal_4742761.core.
instr.Instrumenter.inst
rument(Instrumenter.jav
a:77)
	at org.jacoco.agent.rt
.internal_4742761.core.
instr.Instrumenter.inst
rument(Instrumenter.jav
a:109)
	... 131 more
java.lang.instrument.Il
legalClassFormatExcepti
on: Error while 
instrumenting java/sql/
SQLDataException with 
JaCoCo 0.8.11.202310140
853/f33756c.
	at org.jacoco.agent.rt
.internal_4742761.Cover
ageTransformer.transfor
m(CoverageTransformer.j
ava:94)
	at java.instrument/jav
a.lang.instrument.Class
FileTransformer.transfo
rm(ClassFileTransformer
.java:257)
	at java.instrument/sun
.instrument.Transformer
Manager.transform(Trans
formerManager.java:188)
	at java.instrument/sun
.instrument.Instrumenta
tionImpl.transform(Inst
rumentationImpl.java:59
4)
	at java.base/java.lang
.ClassLoader.defineClas
s2(Native Method)
	at java.base/java.lang
.ClassLoader.defineClas
s(ClassLoader.java:1052
)
	at java.base/java.secu
rity.SecureClassLoader.
defineClass(SecureClass
Loader.java:164)
	at java.base/jdk.inter
nal.loader.BuiltinClass
Loader.defineClass(Buil
tinClassLoader.java:735
)
	at java.base/jdk.inter
nal.loader.BuiltinClass
Loader.findClassInModul
eOrNull(BuiltinClassLoa
der.java:678)
	at java.base/jdk.inter
nal.loader.BuiltinClass
Loader.loadClassOrNull(
BuiltinClassLoader.java
:604)
	at java.base/jdk.inter
nal.loader.BuiltinClass
Loader.loadClassOrNull(
BuiltinClassLoader.java
:639)
	at java.base/jdk.inter
nal.loader.BuiltinClass
Loader.loadClassOrNull(
BuiltinClassLoader.java
:608)
	at java.base/jdk.inter
nal.loader.BuiltinClass
Loader.loadClass(Builti
nClassLoader.java:578)
	at java.base/java.lang
.ClassLoader.loadClass(
ClassLoader.java:490)
	at oracle.jdbc.driver.
SQLStateMapping$SqlExce
ptionType.<clinit>(SQLS
tateMapping.java:74)
	at oracle.jdbc.driver.
SQLStateMapping.<clinit
>(SQLStateMapping.java:
144)
	at oracle.jdbc.driver.
DatabaseError.<clinit>(
DatabaseError.java:1187
)
	at oracle.jdbc.diagnos
tics.OracleDiagnosticsM
XBean.getMBeanInfo(Orac
leDiagnosticsMXBean.jav
a:438)
	at java.management/com
.sun.jmx.interceptor.De
faultMBeanServerInterce
ptor.getNewMBeanClassNa
me(DefaultMBeanServerIn
terceptor.java:310)
	at java.management/com
.sun.jmx.interceptor.De
faultMBeanServerInterce
ptor.registerMBean(Defa
ultMBeanServerIntercept
or.java:299)
	at java.management/com
.sun.jmx.mbeanserver.Jm
xMBeanServer.registerMB
ean(JmxMBeanServer.java
:511)
	at oracle.jdbc.driver.
OracleDriver.registerMB
eans(OracleDriver.java:
531)
	at oracle.jdbc.driver.
OracleDriver$1.run(Orac
leDriver.java:289)
	at java.base/java.secu
rity.AccessController.d
oPrivileged(AccessContr
oller.java:74)
	at oracle.jdbc.driver.
OracleDriver.<clinit>(O
racleDriver.java:287)
	at java.base/jdk.inter
nal.misc.Unsafe.ensureC
lassInitialized0(Native
 Method)
	at java.base/jdk.inter
nal.misc.Unsafe.ensureC
lassInitialized(Unsafe.
java:1166)
	at java.base/jdk.inter
nal.reflect.MethodHandl
eAccessorFactory.ensure
ClassInitialized(Method
HandleAccessorFactory.j
ava:341)
	at java.base/jdk.inter
nal.reflect.MethodHandl
eAccessorFactory.newCon
structorAccessor(Method
HandleAccessorFactory.j
ava:104)
	at java.base/jdk.inter
nal.reflect.ReflectionF
actory.newConstructorAc
cessor(ReflectionFactor
y.java:143)
	at java.base/java.lang
.reflect.Constructor.ac
quireConstructorAccesso
r(Constructor.java:546)
	at java.base/java.lang
.reflect.Constructor.ne
wInstanceWithCaller(Con
structor.java:496)
	at java.base/java.lang
.reflect.Constructor.ne
wInstance(Constructor.j
ava:483)
	at com.zaxxer.hikari.H
ikariConfig.setDriverCl
assName(HikariConfig.ja
va:518)
	at org.springframework
.boot.jdbc.DataSourceBu
ilder$MappedDataSourceP
roperty.set(DataSourceB
uilder.java:478)
	at org.springframework
.boot.jdbc.DataSourceBu
ilder$MappedDataSourceP
roperties.set(DataSourc
eBuilder.java:370)
	at org.springframework
.boot.jdbc.DataSourceBu
ilder.build(DataSourceB
uilder.java:185)
	at org.springframework
.boot.autoconfigure.jdb
c.DataSourceConfigurati
on.createDataSource(Dat
aSourceConfiguration.ja
va:67)
	at org.springframework
.boot.autoconfigure.jdb
c.DataSourceConfigurati
on$Hikari.dataSource(Da
taSourceConfiguration.j
ava:127)
	at java.base/jdk.inter
nal.reflect.DirectMetho
dHandleAccessor.invoke(
DirectMethodHandleAcces
sor.java:104)
	at java.base/java.lang
.reflect.Method.invoke(
Method.java:565)
	at org.springframework
.beans.factory.support.
SimpleInstantiationStra
tegy.lambda$instantiate
$0(SimpleInstantiationS
trategy.java:172)
	at org.springframework
.beans.factory.support.
SimpleInstantiationStra
tegy.instantiateWithFac
toryMethod(SimpleInstan
tiationStrategy.java:89
)
	at org.springframework
.beans.factory.support.
SimpleInstantiationStra
tegy.instantiate(Simple
InstantiationStrategy.j
ava:169)
	at org.springframework
.beans.factory.support.
ConstructorResolver.ins
tantiate(ConstructorRes
olver.java:653)
	at org.springframework
.beans.factory.support.
ConstructorResolver.ins
tantiateUsingFactoryMet
hod(ConstructorResolver
.java:645)
	at org.springframework
.beans.factory.support.
AbstractAutowireCapable
BeanFactory.instantiate
UsingFactoryMethod(Abst
ractAutowireCapableBean
Factory.java:1375)
	at org.springframework
.beans.factory.support.
AbstractAutowireCapable
BeanFactory.createBeanI
nstance(AbstractAutowir
eCapableBeanFactory.jav
a:1205)
	at org.springframework
.beans.factory.support.
AbstractAutowireCapable
BeanFactory.doCreateBea
n(AbstractAutowireCapab
leBeanFactory.java:569)
	at org.springframework
.beans.factory.support.
AbstractAutowireCapable
BeanFactory.createBean(
AbstractAutowireCapable
BeanFactory.java:529)
	at org.springframework
.beans.factory.support.
AbstractBeanFactory.lam
bda$doGetBean$0(Abstrac
tBeanFactory.java:339)
	at org.springframework
.beans.factory.support.
DefaultSingletonBeanReg
istry.getSingleton(Defa
ultSingletonBeanRegistr
y.java:373)
	at org.springframework
.beans.factory.support.
AbstractBeanFactory.doG
etBean(AbstractBeanFact
ory.java:337)
	at org.springframework
.beans.factory.support.
AbstractBeanFactory.get
Bean(AbstractBeanFactor
y.java:202)
	at org.springframework
.beans.factory.support.
DefaultListableBeanFact
ory.doResolveDependency
(DefaultListableBeanFac
tory.java:1708)
	at org.springframework
.beans.factory.support.
DefaultListableBeanFact
ory.resolveDependency(D
efaultListableBeanFacto
ry.java:1653)
	at org.springframework
.beans.factory.support.
ConstructorResolver.res
olveAutowiredArgument(C
onstructorResolver.java
:913)
	at org.springframework
.beans.factory.support.
ConstructorResolver.cre
ateArgumentArray(Constr
uctorResolver.java:791)
	at org.springframework
.beans.factory.support.
ConstructorResolver.ins
tantiateUsingFactoryMet
hod(ConstructorResolver
.java:546)
	at org.springframework
.beans.factory.support.
AbstractAutowireCapable
BeanFactory.instantiate
UsingFactoryMethod(Abst
ractAutowireCapableBean
Factory.java:1375)
	at org.springframework
.beans.factory.support.
AbstractAutowireCapable
BeanFactory.createBeanI
nstance(AbstractAutowir
eCapableBeanFactory.jav
a:1205)
	at org.springframework
.beans.factory.support.
AbstractAutowireCapable
BeanFactory.doCreateBea
n(AbstractAutowireCapab
leBeanFactory.java:569)
	at org.springframework
.beans.factory.support.
AbstractAutowireCapable
BeanFactory.createBean(
AbstractAutowireCapable
BeanFactory.java:529)
	at org.springframework
.beans.factory.support.
AbstractBeanFactory.lam
bda$doGetBean$0(Abstrac
tBeanFactory.java:339)
	at org.springframework
.beans.factory.support.
DefaultSingletonBeanReg
istry.getSingleton(Defa
ultSingletonBeanRegistr
y.java:373)
	at org.springframework
.beans.factory.support.
AbstractBeanFactory.doG
etBean(AbstractBeanFact
ory.java:337)
	at org.springframework
.beans.factory.support.
AbstractBeanFactory.get
Bean(AbstractBeanFactor
y.java:202)
	at org.springframework
.beans.factory.support.
AbstractBeanFactory.doG
etBean(AbstractBeanFact
ory.java:315)
	at org.springframework
.beans.factory.support.
AbstractBeanFactory.get
Bean(AbstractBeanFactor
y.java:207)
	at org.springframework
.context.support.Abstra
ctApplicationContext.fi
nishBeanFactoryInitiali
zation(AbstractApplicat
ionContext.java:974)
	at org.springframework
.context.support.Abstra
ctApplicationContext.re
fresh(AbstractApplicati
onContext.java:628)
	at org.springframework
.boot.SpringApplication
.refresh(SpringApplicat
ion.java:752)
	at org.springframework
.boot.SpringApplication
.refreshContext(SpringA
pplication.java:439)
	at org.springframework
.boot.SpringApplication
.run(SpringApplication.
java:318)
	at org.springframework
.boot.test.context.Spri
ngBootContextLoader.lam
bda$loadContext$3(Sprin
gBootContextLoader.java
:152)
	at org.springframework
.util.function.Throwing
Supplier.get(ThrowingSu
pplier.java:58)
	at org.springframework
.util.function.Throwing
Supplier.get(ThrowingSu
pplier.java:46)
	at org.springframework
.boot.SpringApplication
.withHook(SpringApplica
tion.java:1461)
	at org.springframework
.boot.test.context.Spri
ngBootContextLoader$Con
textLoaderHook.run(Spri
ngBootContextLoader.jav
a:595)
	at org.springframework
.boot.test.context.Spri
ngBootContextLoader.loa
dContext(SpringBootCont
extLoader.java:152)
	at org.springframework
.boot.test.context.Spri
ngBootContextLoader.loa
dContext(SpringBootCont
extLoader.java:111)
	at org.springframework
.test.context.cache.Def
aultCacheAwareContextLo
aderDelegate.loadContex
tInternal(DefaultCacheA
wareContextLoaderDelega
te.java:225)
	at org.springframework
.test.context.cache.Def
aultCacheAwareContextLo
aderDelegate.loadContex
t(DefaultCacheAwareCont
extLoaderDelegate.java:
152)
	at org.springframework
.test.context.support.D
efaultTestContext.getAp
plicationContext(Defaul
tTestContext.java:130)
	at org.springframework
.test.context.support.D
ependencyInjectionTestE
xecutionListener.inject
Dependencies(Dependency
InjectionTestExecutionL
istener.java:155)
	at org.springframework
.test.context.support.D
ependencyInjectionTestE
xecutionListener.prepar
eTestInstance(Dependenc
yInjectionTestExecution
Listener.java:111)
	at org.springframework
.test.context.TestConte
xtManager.prepareTestIn
stance(TestContextManag
er.java:260)
	at org.springframework
.test.context.junit4.Sp
ringJUnit4ClassRunner.c
reateTest(SpringJUnit4C
lassRunner.java:228)
	at org.springframework
.test.context.junit4.Sp
ringJUnit4ClassRunner$1
.runReflectiveCall(Spri
ngJUnit4ClassRunner.jav
a:289)
	at org.junit.internal.
runners.model.Reflectiv
eCallable.run(Reflectiv
eCallable.java:12)
	at org.springframework
.test.context.junit4.Sp
ringJUnit4ClassRunner.m
ethodBlock(SpringJUnit4
ClassRunner.java:291)
	at org.springframework
.test.context.junit4.Sp
ringJUnit4ClassRunner.r
unChild(SpringJUnit4Cla
ssRunner.java:247)
	at org.springframework
.test.context.junit4.Sp
ringJUnit4ClassRunner.r
unChild(SpringJUnit4Cla
ssRunner.java:97)
	at org.junit.runners.P
arentRunner$4.run(Paren
tRunner.java:331)
	at org.junit.runners.P
arentRunner$1.schedule(
ParentRunner.java:79)
	at org.junit.runners.P
arentRunner.runChildren
(ParentRunner.java:329)
	at org.junit.runners.P
arentRunner.access$100(
ParentRunner.java:66)
	at org.junit.runners.P
arentRunner$2.evaluate(
ParentRunner.java:293)
	at org.springframework
.test.context.junit4.st
atements.RunBeforeTestC
lassCallbacks.evaluate(
RunBeforeTestClassCallb
acks.java:61)
	at org.springframework
.test.context.junit4.st
atements.RunAfterTestCl
assCallbacks.evaluate(R
unAfterTestClassCallbac
ks.java:70)
	at org.junit.runners.P
arentRunner$3.evaluate(
ParentRunner.java:306)
	at org.junit.runners.P
arentRunner.run(ParentR
unner.java:413)
	at org.springframework
.test.context.junit4.Sp
ringJUnit4ClassRunner.r
un(SpringJUnit4ClassRun
ner.java:191)
	at org.junit.runner.JU
nitCore.run(JUnitCore.j
ava:137)
	at org.junit.runner.JU
nitCore.run(JUnitCore.j
ava:115)
	at org.junit.vintage.e
ngine.execution.RunnerE
xecutor.execute(RunnerE
xecutor.java:42)
	at org.junit.vintage.e
ngine.execution.Vintage
Executor.executeClasses
AndMethodsSequentially(
VintageExecutor.java:93
)
	at org.junit.vintage.e
ngine.execution.Vintage
Executor.executeAllChil
dren(VintageExecutor.ja
va:73)
	at org.junit.vintage.e
ngine.VintageTestEngine
.execute(VintageTestEng
ine.java:70)
	at org.junit.platform.
launcher.core.EngineExe
cutionOrchestrator.exec
ute(EngineExecutionOrch
estrator.java:201)
	at org.junit.platform.
launcher.core.EngineExe
cutionOrchestrator.exec
ute(EngineExecutionOrch
estrator.java:170)
	at org.junit.platform.
launcher.core.EngineExe
cutionOrchestrator.exec
ute(EngineExecutionOrch
estrator.java:94)
	at org.junit.platform.
launcher.core.EngineExe
cutionOrchestrator.lamb
da$execute$0(EngineExec
utionOrchestrator.java:
59)
	at org.junit.platform.
launcher.core.EngineExe
cutionOrchestrator.with
InterceptedStreams(Engi
neExecutionOrchestrator
.java:142)
	at org.junit.platform.
launcher.core.EngineExe
cutionOrchestrator.exec
ute(EngineExecutionOrch
estrator.java:58)
	at org.junit.platform.
launcher.core.DefaultLa
uncher.execute(DefaultL
auncher.java:103)
	at org.junit.platform.
launcher.core.DefaultLa
uncher.execute(DefaultL
auncher.java:85)
	at org.junit.platform.
launcher.core.Delegatin
gLauncher.execute(Deleg
atingLauncher.java:47)
	at org.junit.platform.
launcher.core.Intercept
ingLauncher.lambda$exec
ute$1(InterceptingLaunc
her.java:39)
	at org.junit.platform.
launcher.core.Classpath
AlignmentCheckingLaunch
erInterceptor.intercept
(ClasspathAlignmentChec
kingLauncherInterceptor
.java:25)
	at org.junit.platform.
launcher.core.Intercept
ingLauncher.execute(Int
erceptingLauncher.java:
38)
	at org.junit.platform.
launcher.core.Delegatin
gLauncher.execute(Deleg
atingLauncher.java:47)
	at org.apache.maven.su
refire.junitplatform.La
uncherAdapter.executeWi
thoutCancellationToken(
LauncherAdapter.java:60
)
	at org.apache.maven.su
refire.junitplatform.La
uncherAdapter.execute(L
auncherAdapter.java:52)
	at org.apache.maven.su
refire.junitplatform.JU
nitPlatformProvider.exe
cute(JUnitPlatformProvi
der.java:203)
	at org.apache.maven.su
refire.junitplatform.JU
nitPlatformProvider.inv
okeAllTests(JUnitPlatfo
rmProvider.java:168)
	at org.apache.maven.su
refire.junitplatform.JU
nitPlatformProvider.inv
oke(JUnitPlatformProvid
er.java:136)
	at org.apache.maven.su
refire.booter.ForkedBoo
ter.runSuitesInProcess(
ForkedBooter.java:385)
	at org.apache.maven.su
refire.booter.ForkedBoo
ter.execute(ForkedBoote
r.java:162)
	at org.apache.maven.su
refire.booter.ForkedBoo
ter.run(ForkedBooter.ja
va:507)
	at org.apache.maven.su
refire.booter.ForkedBoo
ter.main(ForkedBooter.j
ava:495)
Caused by: 
java.io.IOException: 
Error while 
instrumenting java/sql/
SQLDataException with 
JaCoCo 0.8.11.202310140
853/f33756c.
	at org.jacoco.agent.rt
.internal_4742761.core.
instr.Instrumenter.inst
rumentError(Instrumente
r.java:161)
	at org.jacoco.agent.rt
.internal_4742761.core.
instr.Instrumenter.inst
rument(Instrumenter.jav
a:111)
	at org.jacoco.agent.rt
.internal_4742761.Cover
ageTransformer.transfor
m(CoverageTransformer.j
ava:92)
	... 130 more
Caused by: java.lang.Il
legalArgumentException:
 Unsupported class 
file major version 68
	at org.jacoco.agent.rt
.internal_4742761.asm.C
lassReader.<init>(Class
Reader.java:200)
	at org.jacoco.agent.rt
.internal_4742761.asm.C
lassReader.<init>(Class
Reader.java:180)
	at org.jacoco.agent.rt
.internal_4742761.asm.C
lassReader.<init>(Class
Reader.java:166)
	at org.jacoco.agent.rt
.internal_4742761.core.
internal.instr.InstrSup
port.classReaderFor(Ins
trSupport.java:280)
	at org.jacoco.agent.rt
.internal_4742761.core.
instr.Instrumenter.inst
rument(Instrumenter.jav
a:77)
	at org.jacoco.agent.rt
.internal_4742761.core.
instr.Instrumenter.inst
rument(Instrumenter.jav
a:109)
	... 131 more
java.lang.instrument.Il
legalClassFormatExcepti
on: Error while 
instrumenting java/sql/
SQLIntegrityConstraintV
iolationException with 
JaCoCo 0.8.11.202310140
853/f33756c.
	at org.jacoco.agent.rt
.internal_4742761.Cover
ageTransformer.transfor
m(CoverageTransformer.j
ava:94)
	at java.instrument/jav
a.lang.instrument.Class
FileTransformer.transfo
rm(ClassFileTransformer
.java:257)
	at java.instrument/sun
.instrument.Transformer
Manager.transform(Trans
formerManager.java:188)
	at java.instrument/sun
.instrument.Instrumenta
tionImpl.transform(Inst
rumentationImpl.java:59
4)
	at java.base/java.lang
.ClassLoader.defineClas
s2(Native Method)
	at java.base/java.lang
.ClassLoader.defineClas
s(ClassLoader.java:1052
)
	at java.base/java.secu
rity.SecureClassLoader.
defineClass(SecureClass
Loader.java:164)
	at java.base/jdk.inter
nal.loader.BuiltinClass
Loader.defineClass(Buil
tinClassLoader.java:735
)
	at java.base/jdk.inter
nal.loader.BuiltinClass
Loader.findClassInModul
eOrNull(BuiltinClassLoa
der.java:678)
	at java.base/jdk.inter
nal.loader.BuiltinClass
Loader.loadClassOrNull(
BuiltinClassLoader.java
:604)
	at java.base/jdk.inter
nal.loader.BuiltinClass
Loader.loadClassOrNull(
BuiltinClassLoader.java
:639)
	at java.base/jdk.inter
nal.loader.BuiltinClass
Loader.loadClassOrNull(
BuiltinClassLoader.java
:608)
	at java.base/jdk.inter
nal.loader.BuiltinClass
Loader.loadClass(Builti
nClassLoader.java:578)
	at java.base/java.lang
.ClassLoader.loadClass(
ClassLoader.java:490)
	at oracle.jdbc.driver.
SQLStateMapping$SqlExce
ptionType.<clinit>(SQLS
tateMapping.java:86)
	at oracle.jdbc.driver.
SQLStateMapping.<clinit
>(SQLStateMapping.java:
144)
	at oracle.jdbc.driver.
DatabaseError.<clinit>(
DatabaseError.java:1187
)
	at oracle.jdbc.diagnos
tics.OracleDiagnosticsM
XBean.getMBeanInfo(Orac
leDiagnosticsMXBean.jav
a:438)
	at java.management/com
.sun.jmx.interceptor.De
faultMBeanServerInterce
ptor.getNewMBeanClassNa
me(DefaultMBeanServerIn
terceptor.java:310)
	at java.management/com
.sun.jmx.interceptor.De
faultMBeanServerInterce
ptor.registerMBean(Defa
ultMBeanServerIntercept
or.java:299)
	at java.management/com
.sun.jmx.mbeanserver.Jm
xMBeanServer.registerMB
ean(JmxMBeanServer.java
:511)
	at oracle.jdbc.driver.
OracleDriver.registerMB
eans(OracleDriver.java:
531)
	at oracle.jdbc.driver.
OracleDriver$1.run(Orac
leDriver.java:289)
	at java.base/java.secu
rity.AccessController.d
oPrivileged(AccessContr
oller.java:74)
	at oracle.jdbc.driver.
OracleDriver.<clinit>(O
racleDriver.java:287)
	at java.base/jdk.inter
nal.misc.Unsafe.ensureC
lassInitialized0(Native
 Method)
	at java.base/jdk.inter
nal.misc.Unsafe.ensureC
lassInitialized(Unsafe.
java:1166)
	at java.base/jdk.inter
nal.reflect.MethodHandl
eAccessorFactory.ensure
ClassInitialized(Method
HandleAccessorFactory.j
ava:341)
	at java.base/jdk.inter
nal.reflect.MethodHandl
eAccessorFactory.newCon
structorAccessor(Method
HandleAccessorFactory.j
ava:104)
	at java.base/jdk.inter
nal.reflect.ReflectionF
actory.newConstructorAc
cessor(ReflectionFactor
y.java:143)
	at java.base/java.lang
.reflect.Constructor.ac
quireConstructorAccesso
r(Constructor.java:546)
	at java.base/java.lang
.reflect.Constructor.ne
wInstanceWithCaller(Con
structor.java:496)
	at java.base/java.lang
.reflect.Constructor.ne
wInstance(Constructor.j
ava:483)
	at com.zaxxer.hikari.H
ikariConfig.setDriverCl
assName(HikariConfig.ja
va:518)
	at org.springframework
.boot.jdbc.DataSourceBu
ilder$MappedDataSourceP
roperty.set(DataSourceB
uilder.java:478)
	at org.springframework
.boot.jdbc.DataSourceBu
ilder$MappedDataSourceP
roperties.set(DataSourc
eBuilder.java:370)
	at org.springframework
.boot.jdbc.DataSourceBu
ilder.build(DataSourceB
uilder.java:185)
	at org.springframework
.boot.autoconfigure.jdb
c.DataSourceConfigurati
on.createDataSource(Dat
aSourceConfiguration.ja
va:67)
	at org.springframework
.boot.autoconfigure.jdb
c.DataSourceConfigurati
on$Hikari.dataSource(Da
taSourceConfiguration.j
ava:127)
	at java.base/jdk.inter
nal.reflect.DirectMetho
dHandleAccessor.invoke(
DirectMethodHandleAcces
sor.java:104)
	at java.base/java.lang
.reflect.Method.invoke(
Method.java:565)
	at org.springframework
.beans.factory.support.
SimpleInstantiationStra
tegy.lambda$instantiate
$0(SimpleInstantiationS
trategy.java:172)
	at org.springframework
.beans.factory.support.
SimpleInstantiationStra
tegy.instantiateWithFac
toryMethod(SimpleInstan
tiationStrategy.java:89
)
	at org.springframework
.beans.factory.support.
SimpleInstantiationStra
tegy.instantiate(Simple
InstantiationStrategy.j
ava:169)
	at org.springframework
.beans.factory.support.
ConstructorResolver.ins
tantiate(ConstructorRes
olver.java:653)
	at org.springframework
.beans.factory.support.
ConstructorResolver.ins
tantiateUsingFactoryMet
hod(ConstructorResolver
.java:645)
	at org.springframework
.beans.factory.support.
AbstractAutowireCapable
BeanFactory.instantiate
UsingFactoryMethod(Abst
ractAutowireCapableBean
Factory.java:1375)
	at org.springframework
.beans.factory.support.
AbstractAutowireCapable
BeanFactory.createBeanI
nstance(AbstractAutowir
eCapableBeanFactory.jav
a:1205)
	at org.springframework
.beans.factory.support.
AbstractAutowireCapable
BeanFactory.doCreateBea
n(AbstractAutowireCapab
leBeanFactory.java:569)
	at org.springframework
.beans.factory.support.
AbstractAutowireCapable
BeanFactory.createBean(
AbstractAutowireCapable
BeanFactory.java:529)
	at org.springframework
.beans.factory.support.
AbstractBeanFactory.lam
bda$doGetBean$0(Abstrac
tBeanFactory.java:339)
	at org.springframework
.beans.factory.support.
DefaultSingletonBeanReg
istry.getSingleton(Defa
ultSingletonBeanRegistr
y.java:373)
	at org.springframework
.beans.factory.support.
AbstractBeanFactory.doG
etBean(AbstractBeanFact
ory.java:337)
	at org.springframework
.beans.factory.support.
AbstractBeanFactory.get
Bean(AbstractBeanFactor
y.java:202)
	at org.springframework
.beans.factory.support.
DefaultListableBeanFact
ory.doResolveDependency
(DefaultListableBeanFac
tory.java:1708)
	at org.springframework
.beans.factory.support.
DefaultListableBeanFact
ory.resolveDependency(D
efaultListableBeanFacto
ry.java:1653)
	at org.springframework
.beans.factory.support.
ConstructorResolver.res
olveAutowiredArgument(C
onstructorResolver.java
:913)
	at org.springframework
.beans.factory.support.
ConstructorResolver.cre
ateArgumentArray(Constr
uctorResolver.java:791)
	at org.springframework
.beans.factory.support.
ConstructorResolver.ins
tantiateUsingFactoryMet
hod(ConstructorResolver
.java:546)
	at org.springframework
.beans.factory.support.
AbstractAutowireCapable
BeanFactory.instantiate
UsingFactoryMethod(Abst
ractAutowireCapableBean
Factory.java:1375)
	at org.springframework
.beans.factory.support.
AbstractAutowireCapable
BeanFactory.createBeanI
nstance(AbstractAutowir
eCapableBeanFactory.jav
a:1205)
	at org.springframework
.beans.factory.support.
AbstractAutowireCapable
BeanFactory.doCreateBea
n(AbstractAutowireCapab
leBeanFactory.java:569)
	at org.springframework
.beans.factory.support.
AbstractAutowireCapable
BeanFactory.createBean(
AbstractAutowireCapable
BeanFactory.java:529)
	at org.springframework
.beans.factory.support.
AbstractBeanFactory.lam
bda$doGetBean$0(Abstrac
tBeanFactory.java:339)
	at org.springframework
.beans.factory.support.
DefaultSingletonBeanReg
istry.getSingleton(Defa
ultSingletonBeanRegistr
y.java:373)
	at org.springframework
.beans.factory.support.
AbstractBeanFactory.doG
etBean(AbstractBeanFact
ory.java:337)
	at org.springframework
.beans.factory.support.
AbstractBeanFactory.get
Bean(AbstractBeanFactor
y.java:202)
	at org.springframework
.beans.factory.support.
AbstractBeanFactory.doG
etBean(AbstractBeanFact
ory.java:315)
	at org.springframework
.beans.factory.support.
AbstractBeanFactory.get
Bean(AbstractBeanFactor
y.java:207)
	at org.springframework
.context.support.Abstra
ctApplicationContext.fi
nishBeanFactoryInitiali
zation(AbstractApplicat
ionContext.java:974)
	at org.springframework
.context.support.Abstra
ctApplicationContext.re
fresh(AbstractApplicati
onContext.java:628)
	at org.springframework
.boot.SpringApplication
.refresh(SpringApplicat
ion.java:752)
	at org.springframework
.boot.SpringApplication
.refreshContext(SpringA
pplication.java:439)
	at org.springframework
.boot.SpringApplication
.run(SpringApplication.
java:318)
	at org.springframework
.boot.test.context.Spri
ngBootContextLoader.lam
bda$loadContext$3(Sprin
gBootContextLoader.java
:152)
	at org.springframework
.util.function.Throwing
Supplier.get(ThrowingSu
pplier.java:58)
	at org.springframework
.util.function.Throwing
Supplier.get(ThrowingSu
pplier.java:46)
	at org.springframework
.boot.SpringApplication
.withHook(SpringApplica
tion.java:1461)
	at org.springframework
.boot.test.context.Spri
ngBootContextLoader$Con
textLoaderHook.run(Spri
ngBootContextLoader.jav
a:595)
	at org.springframework
.boot.test.context.Spri
ngBootContextLoader.loa
dContext(SpringBootCont
extLoader.java:152)
	at org.springframework
.boot.test.context.Spri
ngBootContextLoader.loa
dContext(SpringBootCont
extLoader.java:111)
	at org.springframework
.test.context.cache.Def
aultCacheAwareContextLo
aderDelegate.loadContex
tInternal(DefaultCacheA
wareContextLoaderDelega
te.java:225)
	at org.springframework
.test.context.cache.Def
aultCacheAwareContextLo
aderDelegate.loadContex
t(DefaultCacheAwareCont
extLoaderDelegate.java:
152)
	at org.springframework
.test.context.support.D
efaultTestContext.getAp
plicationContext(Defaul
tTestContext.java:130)
	at org.springframework
.test.context.support.D
ependencyInjectionTestE
xecutionListener.inject
Dependencies(Dependency
InjectionTestExecutionL
istener.java:155)
	at org.springframework
.test.context.support.D
ependencyInjectionTestE
xecutionListener.prepar
eTestInstance(Dependenc
yInjectionTestExecution
Listener.java:111)
	at org.springframework
.test.context.TestConte
xtManager.prepareTestIn
stance(TestContextManag
er.java:260)
	at org.springframework
.test.context.junit4.Sp
ringJUnit4ClassRunner.c
reateTest(SpringJUnit4C
lassRunner.java:228)
	at org.springframework
.test.context.junit4.Sp
ringJUnit4ClassRunner$1
.runReflectiveCall(Spri
ngJUnit4ClassRunner.jav
a:289)
	at org.junit.internal.
runners.model.Reflectiv
eCallable.run(Reflectiv
eCallable.java:12)
	at org.springframework
.test.context.junit4.Sp
ringJUnit4ClassRunner.m
ethodBlock(SpringJUnit4
ClassRunner.java:291)
	at org.springframework
.test.context.junit4.Sp
ringJUnit4ClassRunner.r
unChild(SpringJUnit4Cla
ssRunner.java:247)
	at org.springframework
.test.context.junit4.Sp
ringJUnit4ClassRunner.r
unChild(SpringJUnit4Cla
ssRunner.java:97)
	at org.junit.runners.P
arentRunner$4.run(Paren
tRunner.java:331)
	at org.junit.runners.P
arentRunner$1.schedule(
ParentRunner.java:79)
	at org.junit.runners.P
arentRunner.runChildren
(ParentRunner.java:329)
	at org.junit.runners.P
arentRunner.access$100(
ParentRunner.java:66)
	at org.junit.runners.P
arentRunner$2.evaluate(
ParentRunner.java:293)
	at org.springframework
.test.context.junit4.st
atements.RunBeforeTestC
lassCallbacks.evaluate(
RunBeforeTestClassCallb
acks.java:61)
	at org.springframework
.test.context.junit4.st
atements.RunAfterTestCl
assCallbacks.evaluate(R
unAfterTestClassCallbac
ks.java:70)
	at org.junit.runners.P
arentRunner$3.evaluate(
ParentRunner.java:306)
	at org.junit.runners.P
arentRunner.run(ParentR
unner.java:413)
	at org.springframework
.test.context.junit4.Sp
ringJUnit4ClassRunner.r
un(SpringJUnit4ClassRun
ner.java:191)
	at org.junit.runner.JU
nitCore.run(JUnitCore.j
ava:137)
	at org.junit.runner.JU
nitCore.run(JUnitCore.j
ava:115)
	at org.junit.vintage.e
ngine.execution.RunnerE
xecutor.execute(RunnerE
xecutor.java:42)
	at org.junit.vintage.e
ngine.execution.Vintage
Executor.executeClasses
AndMethodsSequentially(
VintageExecutor.java:93
)
	at org.junit.vintage.e
ngine.execution.Vintage
Executor.executeAllChil
dren(VintageExecutor.ja
va:73)
	at org.junit.vintage.e
ngine.VintageTestEngine
.execute(VintageTestEng
ine.java:70)
	at org.junit.platform.
launcher.core.EngineExe
cutionOrchestrator.exec
ute(EngineExecutionOrch
estrator.java:201)
	at org.junit.platform.
launcher.core.EngineExe
cutionOrchestrator.exec
ute(EngineExecutionOrch
estrator.java:170)
	at org.junit.platform.
launcher.core.EngineExe
cutionOrchestrator.exec
ute(EngineExecutionOrch
estrator.java:94)
	at org.junit.platform.
launcher.core.EngineExe
cutionOrchestrator.lamb
da$execute$0(EngineExec
utionOrchestrator.java:
59)
	at org.junit.platform.
launcher.core.EngineExe
cutionOrchestrator.with
InterceptedStreams(Engi
neExecutionOrchestrator
.java:142)
	at org.junit.platform.
launcher.core.EngineExe
cutionOrchestrator.exec
ute(EngineExecutionOrch
estrator.java:58)
	at org.junit.platform.
launcher.core.DefaultLa
uncher.execute(DefaultL
auncher.java:103)
	at org.junit.platform.
launcher.core.DefaultLa
uncher.execute(DefaultL
auncher.java:85)
	at org.junit.platform.
launcher.core.Delegatin
gLauncher.execute(Deleg
atingLauncher.java:47)
	at org.junit.platform.
launcher.core.Intercept
ingLauncher.lambda$exec
ute$1(InterceptingLaunc
her.java:39)
	at org.junit.platform.
launcher.core.Classpath
AlignmentCheckingLaunch
erInterceptor.intercept
(ClasspathAlignmentChec
kingLauncherInterceptor
.java:25)
	at org.junit.platform.
launcher.core.Intercept
ingLauncher.execute(Int
erceptingLauncher.java:
38)
	at org.junit.platform.
launcher.core.Delegatin
gLauncher.execute(Deleg
atingLauncher.java:47)
	at org.apache.maven.su
refire.junitplatform.La
uncherAdapter.executeWi
thoutCancellationToken(
LauncherAdapter.java:60
)
	at org.apache.maven.su
refire.junitplatform.La
uncherAdapter.execute(L
auncherAdapter.java:52)
	at org.apache.maven.su
refire.junitplatform.JU
nitPlatformProvider.exe
cute(JUnitPlatformProvi
der.java:203)
	at org.apache.maven.su
refire.junitplatform.JU
nitPlatformProvider.inv
okeAllTests(JUnitPlatfo
rmProvider.java:168)
	at org.apache.maven.su
refire.junitplatform.JU
nitPlatformProvider.inv
oke(JUnitPlatformProvid
er.java:136)
	at org.apache.maven.su
refire.booter.ForkedBoo
ter.runSuitesInProcess(
ForkedBooter.java:385)
	at org.apache.maven.su
refire.booter.ForkedBoo
ter.execute(ForkedBoote
r.java:162)
	at org.apache.maven.su
refire.booter.ForkedBoo
ter.run(ForkedBooter.ja
va:507)
	at org.apache.maven.su
refire.booter.ForkedBoo
ter.main(ForkedBooter.j
ava:495)
Caused by: 
java.io.IOException: 
Error while 
instrumenting java/sql/
SQLIntegrityConstraintV
iolationException with 
JaCoCo 0.8.11.202310140
853/f33756c.
	at org.jacoco.agent.rt
.internal_4742761.core.
instr.Instrumenter.inst
rumentError(Instrumente
r.java:161)
	at org.jacoco.agent.rt
.internal_4742761.core.
instr.Instrumenter.inst
rument(Instrumenter.jav
a:111)
	at org.jacoco.agent.rt
.internal_4742761.Cover
ageTransformer.transfor
m(CoverageTransformer.j
ava:92)
	... 130 more
Caused by: java.lang.Il
legalArgumentException:
 Unsupported class 
file major version 68
	at org.jacoco.agent.rt
.internal_4742761.asm.C
lassReader.<init>(Class
Reader.java:200)
	at org.jacoco.agent.rt
.internal_4742761.asm.C
lassReader.<init>(Class
Reader.java:180)
	at org.jacoco.agent.rt
.internal_4742761.asm.C
lassReader.<init>(Class
Reader.java:166)
	at org.jacoco.agent.rt
.internal_4742761.core.
internal.instr.InstrSup
port.classReaderFor(Ins
trSupport.java:280)
	at org.jacoco.agent.rt
.internal_4742761.core.
instr.Instrumenter.inst
rument(Instrumenter.jav
a:77)
	at org.jacoco.agent.rt
.internal_4742761.core.
instr.Instrumenter.inst
rument(Instrumenter.jav
a:109)
	... 131 more
java.lang.instrument.Il
legalClassFormatExcepti
on: Error while 
instrumenting java/sql/
SQLInvalidAuthorization
SpecException with 
JaCoCo 0.8.11.202310140
853/f33756c.
	at org.jacoco.agent.rt
.internal_4742761.Cover
ageTransformer.transfor
m(CoverageTransformer.j
ava:94)
	at java.instrument/jav
a.lang.instrument.Class
FileTransformer.transfo
rm(ClassFileTransformer
.java:257)
	at java.instrument/sun
.instrument.Transformer
Manager.transform(Trans
formerManager.java:188)
	at java.instrument/sun
.instrument.Instrumenta
tionImpl.transform(Inst
rumentationImpl.java:59
4)
	at java.base/java.lang
.ClassLoader.defineClas
s2(Native Method)
	at java.base/java.lang
.ClassLoader.defineClas
s(ClassLoader.java:1052
)
	at java.base/java.secu
rity.SecureClassLoader.
defineClass(SecureClass
Loader.java:164)
	at java.base/jdk.inter
nal.loader.BuiltinClass
Loader.defineClass(Buil
tinClassLoader.java:735
)
	at java.base/jdk.inter
nal.loader.BuiltinClass
Loader.findClassInModul
eOrNull(BuiltinClassLoa
der.java:678)
	at java.base/jdk.inter
nal.loader.BuiltinClass
Loader.loadClassOrNull(
BuiltinClassLoader.java
:604)
	at java.base/jdk.inter
nal.loader.BuiltinClass
Loader.loadClassOrNull(
BuiltinClassLoader.java
:639)
	at java.base/jdk.inter
nal.loader.BuiltinClass
Loader.loadClassOrNull(
BuiltinClassLoader.java
:608)
	at java.base/jdk.inter
nal.loader.BuiltinClass
Loader.loadClass(Builti
nClassLoader.java:578)
	at java.base/java.lang
.ClassLoader.loadClass(
ClassLoader.java:490)
	at oracle.jdbc.driver.
SQLStateMapping$SqlExce
ptionType.<clinit>(SQLS
tateMapping.java:92)
	at oracle.jdbc.driver.
SQLStateMapping.<clinit
>(SQLStateMapping.java:
144)
	at oracle.jdbc.driver.
DatabaseError.<clinit>(
DatabaseError.java:1187
)
	at oracle.jdbc.diagnos
tics.OracleDiagnosticsM
XBean.getMBeanInfo(Orac
leDiagnosticsMXBean.jav
a:438)
	at java.management/com
.sun.jmx.interceptor.De
faultMBeanServerInterce
ptor.getNewMBeanClassNa
me(DefaultMBeanServerIn
terceptor.java:310)
	at java.management/com
.sun.jmx.interceptor.De
faultMBeanServerInterce
ptor.registerMBean(Defa
ultMBeanServerIntercept
or.java:299)
	at java.management/com
.sun.jmx.mbeanserver.Jm
xMBeanServer.registerMB
ean(JmxMBeanServer.java
:511)
	at oracle.jdbc.driver.
OracleDriver.registerMB
eans(OracleDriver.java:
531)
	at oracle.jdbc.driver.
OracleDriver$1.run(Orac
leDriver.java:289)
	at java.base/java.secu
rity.AccessController.d
oPrivileged(AccessContr
oller.java:74)
	at oracle.jdbc.driver.
OracleDriver.<clinit>(O
racleDriver.java:287)
	at java.base/jdk.inter
nal.misc.Unsafe.ensureC
lassInitialized0(Native
 Method)
	at java.base/jdk.inter
nal.misc.Unsafe.ensureC
lassInitialized(Unsafe.
java:1166)
	at java.base/jdk.inter
nal.reflect.MethodHandl
eAccessorFactory.ensure
ClassInitialized(Method
HandleAccessorFactory.j
ava:341)
	at java.base/jdk.inter
nal.reflect.MethodHandl
eAccessorFactory.newCon
structorAccessor(Method
HandleAccessorFactory.j
ava:104)
	at java.base/jdk.inter
nal.reflect.ReflectionF
actory.newConstructorAc
cessor(ReflectionFactor
y.java:143)
	at java.base/java.lang
.reflect.Constructor.ac
quireConstructorAccesso
r(Constructor.java:546)
	at java.base/java.lang
.reflect.Constructor.ne
wInstanceWithCaller(Con
structor.java:496)
	at java.base/java.lang
.reflect.Constructor.ne
wInstance(Constructor.j
ava:483)
	at com.zaxxer.hikari.H
ikariConfig.setDriverCl
assName(HikariConfig.ja
va:518)
	at org.springframework
.boot.jdbc.DataSourceBu
ilder$MappedDataSourceP
roperty.set(DataSourceB
uilder.java:478)
	at org.springframework
.boot.jdbc.DataSourceBu
ilder$MappedDataSourceP
roperties.set(DataSourc
eBuilder.java:370)
	at org.springframework
.boot.jdbc.DataSourceBu
ilder.build(DataSourceB
uilder.java:185)
	at org.springframework
.boot.autoconfigure.jdb
c.DataSourceConfigurati
on.createDataSource(Dat
aSourceConfiguration.ja
va:67)
	at org.springframework
.boot.autoconfigure.jdb
c.DataSourceConfigurati
on$Hikari.dataSource(Da
taSourceConfiguration.j
ava:127)
	at java.base/jdk.inter
nal.reflect.DirectMetho
dHandleAccessor.invoke(
DirectMethodHandleAcces
sor.java:104)
	at java.base/java.lang
.reflect.Method.invoke(
Method.java:565)
	at org.springframework
.beans.factory.support.
SimpleInstantiationStra
tegy.lambda$instantiate
$0(SimpleInstantiationS
trategy.java:172)
	at org.springframework
.beans.factory.support.
SimpleInstantiationStra
tegy.instantiateWithFac
toryMethod(SimpleInstan
tiationStrategy.java:89
)
	at org.springframework
.beans.factory.support.
SimpleInstantiationStra
tegy.instantiate(Simple
InstantiationStrategy.j
ava:169)
	at org.springframework
.beans.factory.support.
ConstructorResolver.ins
tantiate(ConstructorRes
olver.java:653)
	at org.springframework
.beans.factory.support.
ConstructorResolver.ins
tantiateUsingFactoryMet
hod(ConstructorResolver
.java:645)
	at org.springframework
.beans.factory.support.
AbstractAutowireCapable
BeanFactory.instantiate
UsingFactoryMethod(Abst
ractAutowireCapableBean
Factory.java:1375)
	at org.springframework
.beans.factory.support.
AbstractAutowireCapable
BeanFactory.createBeanI
nstance(AbstractAutowir
eCapableBeanFactory.jav
a:1205)
	at org.springframework
.beans.factory.support.
AbstractAutowireCapable
BeanFactory.doCreateBea
n(AbstractAutowireCapab
leBeanFactory.java:569)
	at org.springframework
.beans.factory.support.
AbstractAutowireCapable
BeanFactory.createBean(
AbstractAutowireCapable
BeanFactory.java:529)
	at org.springframework
.beans.factory.support.
AbstractBeanFactory.lam
bda$doGetBean$0(Abstrac
tBeanFactory.java:339)
	at org.springframework
.beans.factory.support.
DefaultSingletonBeanReg
istry.getSingleton(Defa
ultSingletonBeanRegistr
y.java:373)
	at org.springframework
.beans.factory.support.
AbstractBeanFactory.doG
etBean(AbstractBeanFact
ory.java:337)
	at org.springframework
.beans.factory.support.
AbstractBeanFactory.get
Bean(AbstractBeanFactor
y.java:202)
	at org.springframework
.beans.factory.support.
DefaultListableBeanFact
ory.doResolveDependency
(DefaultListableBeanFac
tory.java:1708)
	at org.springframework
.beans.factory.support.
DefaultListableBeanFact
ory.resolveDependency(D
efaultListableBeanFacto
ry.java:1653)
	at org.springframework
.beans.factory.support.
ConstructorResolver.res
olveAutowiredArgument(C
onstructorResolver.java
:913)
	at org.springframework
.beans.factory.support.
ConstructorResolver.cre
ateArgumentArray(Constr
uctorResolver.java:791)
	at org.springframework
.beans.factory.support.
ConstructorResolver.ins
tantiateUsingFactoryMet
hod(ConstructorResolver
.java:546)
	at org.springframework
.beans.factory.support.
AbstractAutowireCapable
BeanFactory.instantiate
UsingFactoryMethod(Abst
ractAutowireCapableBean
Factory.java:1375)
	at org.springframework
.beans.factory.support.
AbstractAutowireCapable
BeanFactory.createBeanI
nstance(AbstractAutowir
eCapableBeanFactory.jav
a:1205)
	at org.springframework
.beans.factory.support.
AbstractAutowireCapable
BeanFactory.doCreateBea
n(AbstractAutowireCapab
leBeanFactory.java:569)
	at org.springframework
.beans.factory.support.
AbstractAutowireCapable
BeanFactory.createBean(
AbstractAutowireCapable
BeanFactory.java:529)
	at org.springframework
.beans.factory.support.
AbstractBeanFactory.lam
bda$doGetBean$0(Abstrac
tBeanFactory.java:339)
	at org.springframework
.beans.factory.support.
DefaultSingletonBeanReg
istry.getSingleton(Defa
ultSingletonBeanRegistr
y.java:373)
	at org.springframework
.beans.factory.support.
AbstractBeanFactory.doG
etBean(AbstractBeanFact
ory.java:337)
	at org.springframework
.beans.factory.support.
AbstractBeanFactory.get
Bean(AbstractBeanFactor
y.java:202)
	at org.springframework
.beans.factory.support.
AbstractBeanFactory.doG
etBean(AbstractBeanFact
ory.java:315)
	at org.springframework
.beans.factory.support.
AbstractBeanFactory.get
Bean(AbstractBeanFactor
y.java:207)
	at org.springframework
.context.support.Abstra
ctApplicationContext.fi
nishBeanFactoryInitiali
zation(AbstractApplicat
ionContext.java:974)
	at org.springframework
.context.support.Abstra
ctApplicationContext.re
fresh(AbstractApplicati
onContext.java:628)
	at org.springframework
.boot.SpringApplication
.refresh(SpringApplicat
ion.java:752)
	at org.springframework
.boot.SpringApplication
.refreshContext(SpringA
pplication.java:439)
	at org.springframework
.boot.SpringApplication
.run(SpringApplication.
java:318)
	at org.springframework
.boot.test.context.Spri
ngBootContextLoader.lam
bda$loadContext$3(Sprin
gBootContextLoader.java
:152)
	at org.springframework
.util.function.Throwing
Supplier.get(ThrowingSu
pplier.java:58)
	at org.springframework
.util.function.Throwing
Supplier.get(ThrowingSu
pplier.java:46)
	at org.springframework
.boot.SpringApplication
.withHook(SpringApplica
tion.java:1461)
	at org.springframework
.boot.test.context.Spri
ngBootContextLoader$Con
textLoaderHook.run(Spri
ngBootContextLoader.jav
a:595)
	at org.springframework
.boot.test.context.Spri
ngBootContextLoader.loa
dContext(SpringBootCont
extLoader.java:152)
	at org.springframework
.boot.test.context.Spri
ngBootContextLoader.loa
dContext(SpringBootCont
extLoader.java:111)
	at org.springframework
.test.context.cache.Def
aultCacheAwareContextLo
aderDelegate.loadContex
tInternal(DefaultCacheA
wareContextLoaderDelega
te.java:225)
	at org.springframework
.test.context.cache.Def
aultCacheAwareContextLo
aderDelegate.loadContex
t(DefaultCacheAwareCont
extLoaderDelegate.java:
152)
	at org.springframework
.test.context.support.D
efaultTestContext.getAp
plicationContext(Defaul
tTestContext.java:130)
	at org.springframework
.test.context.support.D
ependencyInjectionTestE
xecutionListener.inject
Dependencies(Dependency
InjectionTestExecutionL
istener.java:155)
	at org.springframework
.test.context.support.D
ependencyInjectionTestE
xecutionListener.prepar
eTestInstance(Dependenc
yInjectionTestExecution
Listener.java:111)
	at org.springframework
.test.context.TestConte
xtManager.prepareTestIn
stance(TestContextManag
er.java:260)
	at org.springframework
.test.context.junit4.Sp
ringJUnit4ClassRunner.c
reateTest(SpringJUnit4C
lassRunner.java:228)
	at org.springframework
.test.context.junit4.Sp
ringJUnit4ClassRunner$1
.runReflectiveCall(Spri
ngJUnit4ClassRunner.jav
a:289)
	at org.junit.internal.
runners.model.Reflectiv
eCallable.run(Reflectiv
eCallable.java:12)
	at org.springframework
.test.context.junit4.Sp
ringJUnit4ClassRunner.m
ethodBlock(SpringJUnit4
ClassRunner.java:291)
	at org.springframework
.test.context.junit4.Sp
ringJUnit4ClassRunner.r
unChild(SpringJUnit4Cla
ssRunner.java:247)
	at org.springframework
.test.context.junit4.Sp
ringJUnit4ClassRunner.r
unChild(SpringJUnit4Cla
ssRunner.java:97)
	at org.junit.runners.P
arentRunner$4.run(Paren
tRunner.java:331)
	at org.junit.runners.P
arentRunner$1.schedule(
ParentRunner.java:79)
	at org.junit.runners.P
arentRunner.runChildren
(ParentRunner.java:329)
	at org.junit.runners.P
arentRunner.access$100(
ParentRunner.java:66)
	at org.junit.runners.P
arentRunner$2.evaluate(
ParentRunner.java:293)
	at org.springframework
.test.context.junit4.st
atements.RunBeforeTestC
lassCallbacks.evaluate(
RunBeforeTestClassCallb
acks.java:61)
	at org.springframework
.test.context.junit4.st
atements.RunAfterTestCl
assCallbacks.evaluate(R
unAfterTestClassCallbac
ks.java:70)
	at org.junit.runners.P
arentRunner$3.evaluate(
ParentRunner.java:306)
	at org.junit.runners.P
arentRunner.run(ParentR
unner.java:413)
	at org.springframework
.test.context.junit4.Sp
ringJUnit4ClassRunner.r
un(SpringJUnit4ClassRun
ner.java:191)
	at org.junit.runner.JU
nitCore.run(JUnitCore.j
ava:137)
	at org.junit.runner.JU
nitCore.run(JUnitCore.j
ava:115)
	at org.junit.vintage.e
ngine.execution.RunnerE
xecutor.execute(RunnerE
xecutor.java:42)
	at org.junit.vintage.e
ngine.execution.Vintage
Executor.executeClasses
AndMethodsSequentially(
VintageExecutor.java:93
)
	at org.junit.vintage.e
ngine.execution.Vintage
Executor.executeAllChil
dren(VintageExecutor.ja
va:73)
	at org.junit.vintage.e
ngine.VintageTestEngine
.execute(VintageTestEng
ine.java:70)
	at org.junit.platform.
launcher.core.EngineExe
cutionOrchestrator.exec
ute(EngineExecutionOrch
estrator.java:201)
	at org.junit.platform.
launcher.core.EngineExe
cutionOrchestrator.exec
ute(EngineExecutionOrch
estrator.java:170)
	at org.junit.platform.
launcher.core.EngineExe
cutionOrchestrator.exec
ute(EngineExecutionOrch
estrator.java:94)
	at org.junit.platform.
launcher.core.EngineExe
cutionOrchestrator.lamb
da$execute$0(EngineExec
utionOrchestrator.java:
59)
	at org.junit.platform.
launcher.core.EngineExe
cutionOrchestrator.with
InterceptedStreams(Engi
neExecutionOrchestrator
.java:142)
	at org.junit.platform.
launcher.core.EngineExe
cutionOrchestrator.exec
ute(EngineExecutionOrch
estrator.java:58)
	at org.junit.platform.
launcher.core.DefaultLa
uncher.execute(DefaultL
auncher.java:103)
	at org.junit.platform.
launcher.core.DefaultLa
uncher.execute(DefaultL
auncher.java:85)
	at org.junit.platform.
launcher.core.Delegatin
gLauncher.execute(Deleg
atingLauncher.java:47)
	at org.junit.platform.
launcher.core.Intercept
ingLauncher.lambda$exec
ute$1(InterceptingLaunc
her.java:39)
	at org.junit.platform.
launcher.core.Classpath
AlignmentCheckingLaunch
erInterceptor.intercept
(ClasspathAlignmentChec
kingLauncherInterceptor
.java:25)
	at org.junit.platform.
launcher.core.Intercept
ingLauncher.execute(Int
erceptingLauncher.java:
38)
	at org.junit.platform.
launcher.core.Delegatin
gLauncher.execute(Deleg
atingLauncher.java:47)
	at org.apache.maven.su
refire.junitplatform.La
uncherAdapter.executeWi
thoutCancellationToken(
LauncherAdapter.java:60
)
	at org.apache.maven.su
refire.junitplatform.La
uncherAdapter.execute(L
auncherAdapter.java:52)
	at org.apache.maven.su
refire.junitplatform.JU
nitPlatformProvider.exe
cute(JUnitPlatformProvi
der.java:203)
	at org.apache.maven.su
refire.junitplatform.JU
nitPlatformProvider.inv
okeAllTests(JUnitPlatfo
rmProvider.java:168)
	at org.apache.maven.su
refire.junitplatform.JU
nitPlatformProvider.inv
oke(JUnitPlatformProvid
er.java:136)
	at org.apache.maven.su
refire.booter.ForkedBoo
ter.runSuitesInProcess(
ForkedBooter.java:385)
	at org.apache.maven.su
refire.booter.ForkedBoo
ter.execute(ForkedBoote
r.java:162)
	at org.apache.maven.su
refire.booter.ForkedBoo
ter.run(ForkedBooter.ja
va:507)
	at org.apache.maven.su
refire.booter.ForkedBoo
ter.main(ForkedBooter.j
ava:495)
Caused by: 
java.io.IOException: 
Error while 
instrumenting java/sql/
SQLInvalidAuthorization
SpecException with 
JaCoCo 0.8.11.202310140
853/f33756c.
	at org.jacoco.agent.rt
.internal_4742761.core.
instr.Instrumenter.inst
rumentError(Instrumente
r.java:161)
	at org.jacoco.agent.rt
.internal_4742761.core.
instr.Instrumenter.inst
rument(Instrumenter.jav
a:111)
	at org.jacoco.agent.rt
.internal_4742761.Cover
ageTransformer.transfor
m(CoverageTransformer.j
ava:92)
	... 130 more
Caused by: java.lang.Il
legalArgumentException:
 Unsupported class 
file major version 68
	at org.jacoco.agent.rt
.internal_4742761.asm.C
lassReader.<init>(Class
Reader.java:200)
	at org.jacoco.agent.rt
.internal_4742761.asm.C
lassReader.<init>(Class
Reader.java:180)
	at org.jacoco.agent.rt
.internal_4742761.asm.C
lassReader.<init>(Class
Reader.java:166)
	at org.jacoco.agent.rt
.internal_4742761.core.
internal.instr.InstrSup
port.classReaderFor(Ins
trSupport.java:280)
	at org.jacoco.agent.rt
.internal_4742761.core.
instr.Instrumenter.inst
rument(Instrumenter.jav
a:77)
	at org.jacoco.agent.rt
.internal_4742761.core.
instr.Instrumenter.inst
rument(Instrumenter.jav
a:109)
	... 131 more
java.lang.instrument.Il
legalClassFormatExcepti
on: Error while 
instrumenting java/sql/
SQLNonTransientConnecti
onException with 
JaCoCo 0.8.11.202310140
853/f33756c.
	at org.jacoco.agent.rt
.internal_4742761.Cover
ageTransformer.transfor
m(CoverageTransformer.j
ava:94)
	at java.instrument/jav
a.lang.instrument.Class
FileTransformer.transfo
rm(ClassFileTransformer
.java:257)
	at java.instrument/sun
.instrument.Transformer
Manager.transform(Trans
formerManager.java:188)
	at java.instrument/sun
.instrument.Instrumenta
tionImpl.transform(Inst
rumentationImpl.java:59
4)
	at java.base/java.lang
.ClassLoader.defineClas
s2(Native Method)
	at java.base/java.lang
.ClassLoader.defineClas
s(ClassLoader.java:1052
)
	at java.base/java.secu
rity.SecureClassLoader.
defineClass(SecureClass
Loader.java:164)
	at java.base/jdk.inter
nal.loader.BuiltinClass
Loader.defineClass(Buil
tinClassLoader.java:735
)
	at java.base/jdk.inter
nal.loader.BuiltinClass
Loader.findClassInModul
eOrNull(BuiltinClassLoa
der.java:678)
	at java.base/jdk.inter
nal.loader.BuiltinClass
Loader.loadClassOrNull(
BuiltinClassLoader.java
:604)
	at java.base/jdk.inter
nal.loader.BuiltinClass
Loader.loadClassOrNull(
BuiltinClassLoader.java
:639)
	at java.base/jdk.inter
nal.loader.BuiltinClass
Loader.loadClassOrNull(
BuiltinClassLoader.java
:608)
	at java.base/jdk.inter
nal.loader.BuiltinClass
Loader.loadClass(Builti
nClassLoader.java:578)
	at java.base/java.lang
.ClassLoader.loadClass(
ClassLoader.java:490)
	at oracle.jdbc.driver.
SQLStateMapping$SqlExce
ptionType.<clinit>(SQLS
tateMapping.java:98)
	at oracle.jdbc.driver.
SQLStateMapping.<clinit
>(SQLStateMapping.java:
144)
	at oracle.jdbc.driver.
DatabaseError.<clinit>(
DatabaseError.java:1187
)
	at oracle.jdbc.diagnos
tics.OracleDiagnosticsM
XBean.getMBeanInfo(Orac
leDiagnosticsMXBean.jav
a:438)
	at java.management/com
.sun.jmx.interceptor.De
faultMBeanServerInterce
ptor.getNewMBeanClassNa
me(DefaultMBeanServerIn
terceptor.java:310)
	at java.management/com
.sun.jmx.interceptor.De
faultMBeanServerInterce
ptor.registerMBean(Defa
ultMBeanServerIntercept
or.java:299)
	at java.management/com
.sun.jmx.mbeanserver.Jm
xMBeanServer.registerMB
ean(JmxMBeanServer.java
:511)
	at oracle.jdbc.driver.
OracleDriver.registerMB
eans(OracleDriver.java:
531)
	at oracle.jdbc.driver.
OracleDriver$1.run(Orac
leDriver.java:289)
	at java.base/java.secu
rity.AccessController.d
oPrivileged(AccessContr
oller.java:74)
	at oracle.jdbc.driver.
OracleDriver.<clinit>(O
racleDriver.java:287)
	at java.base/jdk.inter
nal.misc.Unsafe.ensureC
lassInitialized0(Native
 Method)
	at java.base/jdk.inter
nal.misc.Unsafe.ensureC
lassInitialized(Unsafe.
java:1166)
	at java.base/jdk.inter
nal.reflect.MethodHandl
eAccessorFactory.ensure
ClassInitialized(Method
HandleAccessorFactory.j
ava:341)
	at java.base/jdk.inter
nal.reflect.MethodHandl
eAccessorFactory.newCon
structorAccessor(Method
HandleAccessorFactory.j
ava:104)
	at java.base/jdk.inter
nal.reflect.ReflectionF
actory.newConstructorAc
cessor(ReflectionFactor
y.java:143)
	at java.base/java.lang
.reflect.Constructor.ac
quireConstructorAccesso
r(Constructor.java:546)
	at java.base/java.lang
.reflect.Constructor.ne
wInstanceWithCaller(Con
structor.java:496)
	at java.base/java.lang
.reflect.Constructor.ne
wInstance(Constructor.j
ava:483)
	at com.zaxxer.hikari.H
ikariConfig.setDriverCl
assName(HikariConfig.ja
va:518)
	at org.springframework
.boot.jdbc.DataSourceBu
ilder$MappedDataSourceP
roperty.set(DataSourceB
uilder.java:478)
	at org.springframework
.boot.jdbc.DataSourceBu
ilder$MappedDataSourceP
roperties.set(DataSourc
eBuilder.java:370)
	at org.springframework
.boot.jdbc.DataSourceBu
ilder.build(DataSourceB
uilder.java:185)
	at org.springframework
.boot.autoconfigure.jdb
c.DataSourceConfigurati
on.createDataSource(Dat
aSourceConfiguration.ja
va:67)
	at org.springframework
.boot.autoconfigure.jdb
c.DataSourceConfigurati
on$Hikari.dataSource(Da
taSourceConfiguration.j
ava:127)
	at java.base/jdk.inter
nal.reflect.DirectMetho
dHandleAccessor.invoke(
DirectMethodHandleAcces
sor.java:104)
	at java.base/java.lang
.reflect.Method.invoke(
Method.java:565)
	at org.springframework
.beans.factory.support.
SimpleInstantiationStra
tegy.lambda$instantiate
$0(SimpleInstantiationS
trategy.java:172)
	at org.springframework
.beans.factory.support.
SimpleInstantiationStra
tegy.instantiateWithFac
toryMethod(SimpleInstan
tiationStrategy.java:89
)
	at org.springframework
.beans.factory.support.
SimpleInstantiationStra
tegy.instantiate(Simple
InstantiationStrategy.j
ava:169)
	at org.springframework
.beans.factory.support.
ConstructorResolver.ins
tantiate(ConstructorRes
olver.java:653)
	at org.springframework
.beans.factory.support.
ConstructorResolver.ins
tantiateUsingFactoryMet
hod(ConstructorResolver
.java:645)
	at org.springframework
.beans.factory.support.
AbstractAutowireCapable
BeanFactory.instantiate
UsingFactoryMethod(Abst
ractAutowireCapableBean
Factory.java:1375)
	at org.springframework
.beans.factory.support.
AbstractAutowireCapable
BeanFactory.createBeanI
nstance(AbstractAutowir
eCapableBeanFactory.jav
a:1205)
	at org.springframework
.beans.factory.support.
AbstractAutowireCapable
BeanFactory.doCreateBea
n(AbstractAutowireCapab
leBeanFactory.java:569)
	at org.springframework
.beans.factory.support.
AbstractAutowireCapable
BeanFactory.createBean(
AbstractAutowireCapable
BeanFactory.java:529)
	at org.springframework
.beans.factory.support.
AbstractBeanFactory.lam
bda$doGetBean$0(Abstrac
tBeanFactory.java:339)
	at org.springframework
.beans.factory.support.
DefaultSingletonBeanReg
istry.getSingleton(Defa
ultSingletonBeanRegistr
y.java:373)
	at org.springframework
.beans.factory.support.
AbstractBeanFactory.doG
etBean(AbstractBeanFact
ory.java:337)
	at org.springframework
.beans.factory.support.
AbstractBeanFactory.get
Bean(AbstractBeanFactor
y.java:202)
	at org.springframework
.beans.factory.support.
DefaultListableBeanFact
ory.doResolveDependency
(DefaultListableBeanFac
tory.java:1708)
	at org.springframework
.beans.factory.support.
DefaultListableBeanFact
ory.resolveDependency(D
efaultListableBeanFacto
ry.java:1653)
	at org.springframework
.beans.factory.support.
ConstructorResolver.res
olveAutowiredArgument(C
onstructorResolver.java
:913)
	at org.springframework
.beans.factory.support.
ConstructorResolver.cre
ateArgumentArray(Constr
uctorResolver.java:791)
	at org.springframework
.beans.factory.support.
ConstructorResolver.ins
tantiateUsingFactoryMet
hod(ConstructorResolver
.java:546)
	at org.springframework
.beans.factory.support.
AbstractAutowireCapable
BeanFactory.instantiate
UsingFactoryMethod(Abst
ractAutowireCapableBean
Factory.java:1375)
	at org.springframework
.beans.factory.support.
AbstractAutowireCapable
BeanFactory.createBeanI
nstance(AbstractAutowir
eCapableBeanFactory.jav
a:1205)
	at org.springframework
.beans.factory.support.
AbstractAutowireCapable
BeanFactory.doCreateBea
n(AbstractAutowireCapab
leBeanFactory.java:569)
	at org.springframework
.beans.factory.support.
AbstractAutowireCapable
BeanFactory.createBean(
AbstractAutowireCapable
BeanFactory.java:529)
	at org.springframework
.beans.factory.support.
AbstractBeanFactory.lam
bda$doGetBean$0(Abstrac
tBeanFactory.java:339)
	at org.springframework
.beans.factory.support.
DefaultSingletonBeanReg
istry.getSingleton(Defa
ultSingletonBeanRegistr
y.java:373)
	at org.springframework
.beans.factory.support.
AbstractBeanFactory.doG
etBean(AbstractBeanFact
ory.java:337)
	at org.springframework
.beans.factory.support.
AbstractBeanFactory.get
Bean(AbstractBeanFactor
y.java:202)
	at org.springframework
.beans.factory.support.
AbstractBeanFactory.doG
etBean(AbstractBeanFact
ory.java:315)
	at org.springframework
.beans.factory.support.
AbstractBeanFactory.get
Bean(AbstractBeanFactor
y.java:207)
	at org.springframework
.context.support.Abstra
ctApplicationContext.fi
nishBeanFactoryInitiali
zation(AbstractApplicat
ionContext.java:974)
	at org.springframework
.context.support.Abstra
ctApplicationContext.re
fresh(AbstractApplicati
onContext.java:628)
	at org.springframework
.boot.SpringApplication
.refresh(SpringApplicat
ion.java:752)
	at org.springframework
.boot.SpringApplication
.refreshContext(SpringA
pplication.java:439)
	at org.springframework
.boot.SpringApplication
.run(SpringApplication.
java:318)
	at org.springframework
.boot.test.context.Spri
ngBootContextLoader.lam
bda$loadContext$3(Sprin
gBootContextLoader.java
:152)
	at org.springframework
.util.function.Throwing
Supplier.get(ThrowingSu
pplier.java:58)
	at org.springframework
.util.function.Throwing
Supplier.get(ThrowingSu
pplier.java:46)
	at org.springframework
.boot.SpringApplication
.withHook(SpringApplica
tion.java:1461)
	at org.springframework
.boot.test.context.Spri
ngBootContextLoader$Con
textLoaderHook.run(Spri
ngBootContextLoader.jav
a:595)
	at org.springframework
.boot.test.context.Spri
ngBootContextLoader.loa
dContext(SpringBootCont
extLoader.java:152)
	at org.springframework
.boot.test.context.Spri
ngBootContextLoader.loa
dContext(SpringBootCont
extLoader.java:111)
	at org.springframework
.test.context.cache.Def
aultCacheAwareContextLo
aderDelegate.loadContex
tInternal(DefaultCacheA
wareContextLoaderDelega
te.java:225)
	at org.springframework
.test.context.cache.Def
aultCacheAwareContextLo
aderDelegate.loadContex
t(DefaultCacheAwareCont
extLoaderDelegate.java:
152)
	at org.springframework
.test.context.support.D
efaultTestContext.getAp
plicationContext(Defaul
tTestContext.java:130)
	at org.springframework
.test.context.support.D
ependencyInjectionTestE
xecutionListener.inject
Dependencies(Dependency
InjectionTestExecutionL
istener.java:155)
	at org.springframework
.test.context.support.D
ependencyInjectionTestE
xecutionListener.prepar
eTestInstance(Dependenc
yInjectionTestExecution
Listener.java:111)
	at org.springframework
.test.context.TestConte
xtManager.prepareTestIn
stance(TestContextManag
er.java:260)
	at org.springframework
.test.context.junit4.Sp
ringJUnit4ClassRunner.c
reateTest(SpringJUnit4C
lassRunner.java:228)
	at org.springframework
.test.context.junit4.Sp
ringJUnit4ClassRunner$1
.runReflectiveCall(Spri
ngJUnit4ClassRunner.jav
a:289)
	at org.junit.internal.
runners.model.Reflectiv
eCallable.run(Reflectiv
eCallable.java:12)
	at org.springframework
.test.context.junit4.Sp
ringJUnit4ClassRunner.m
ethodBlock(SpringJUnit4
ClassRunner.java:291)
	at org.springframework
.test.context.junit4.Sp
ringJUnit4ClassRunner.r
unChild(SpringJUnit4Cla
ssRunner.java:247)
	at org.springframework
.test.context.junit4.Sp
ringJUnit4ClassRunner.r
unChild(SpringJUnit4Cla
ssRunner.java:97)
	at org.junit.runners.P
arentRunner$4.run(Paren
tRunner.java:331)
	at org.junit.runners.P
arentRunner$1.schedule(
ParentRunner.java:79)
	at org.junit.runners.P
arentRunner.runChildren
(ParentRunner.java:329)
	at org.junit.runners.P
arentRunner.access$100(
ParentRunner.java:66)
	at org.junit.runners.P
arentRunner$2.evaluate(
ParentRunner.java:293)
	at org.springframework
.test.context.junit4.st
atements.RunBeforeTestC
lassCallbacks.evaluate(
RunBeforeTestClassCallb
acks.java:61)
	at org.springframework
.test.context.junit4.st
atements.RunAfterTestCl
assCallbacks.evaluate(R
unAfterTestClassCallbac
ks.java:70)
	at org.junit.runners.P
arentRunner$3.evaluate(
ParentRunner.java:306)
	at org.junit.runners.P
arentRunner.run(ParentR
unner.java:413)
	at org.springframework
.test.context.junit4.Sp
ringJUnit4ClassRunner.r
un(SpringJUnit4ClassRun
ner.java:191)
	at org.junit.runner.JU
nitCore.run(JUnitCore.j
ava:137)
	at org.junit.runner.JU
nitCore.run(JUnitCore.j
ava:115)
	at org.junit.vintage.e
ngine.execution.RunnerE
xecutor.execute(RunnerE
xecutor.java:42)
	at org.junit.vintage.e
ngine.execution.Vintage
Executor.executeClasses
AndMethodsSequentially(
VintageExecutor.java:93
)
	at org.junit.vintage.e
ngine.execution.Vintage
Executor.executeAllChil
dren(VintageExecutor.ja
va:73)
	at org.junit.vintage.e
ngine.VintageTestEngine
.execute(VintageTestEng
ine.java:70)
	at org.junit.platform.
launcher.core.EngineExe
cutionOrchestrator.exec
ute(EngineExecutionOrch
estrator.java:201)
	at org.junit.platform.
launcher.core.EngineExe
cutionOrchestrator.exec
ute(EngineExecutionOrch
estrator.java:170)
	at org.junit.platform.
launcher.core.EngineExe
cutionOrchestrator.exec
ute(EngineExecutionOrch
estrator.java:94)
	at org.junit.platform.
launcher.core.EngineExe
cutionOrchestrator.lamb
da$execute$0(EngineExec
utionOrchestrator.java:
59)
	at org.junit.platform.
launcher.core.EngineExe
cutionOrchestrator.with
InterceptedStreams(Engi
neExecutionOrchestrator
.java:142)
	at org.junit.platform.
launcher.core.EngineExe
cutionOrchestrator.exec
ute(EngineExecutionOrch
estrator.java:58)
	at org.junit.platform.
launcher.core.DefaultLa
uncher.execute(DefaultL
auncher.java:103)
	at org.junit.platform.
launcher.core.DefaultLa
uncher.execute(DefaultL
auncher.java:85)
	at org.junit.platform.
launcher.core.Delegatin
gLauncher.execute(Deleg
atingLauncher.java:47)
	at org.junit.platform.
launcher.core.Intercept
ingLauncher.lambda$exec
ute$1(InterceptingLaunc
her.java:39)
	at org.junit.platform.
launcher.core.Classpath
AlignmentCheckingLaunch
erInterceptor.intercept
(ClasspathAlignmentChec
kingLauncherInterceptor
.java:25)
	at org.junit.platform.
launcher.core.Intercept
ingLauncher.execute(Int
erceptingLauncher.java:
38)
	at org.junit.platform.
launcher.core.Delegatin
gLauncher.execute(Deleg
atingLauncher.java:47)
	at org.apache.maven.su
refire.junitplatform.La
uncherAdapter.executeWi
thoutCancellationToken(
LauncherAdapter.java:60
)
	at org.apache.maven.su
refire.junitplatform.La
uncherAdapter.execute(L
auncherAdapter.java:52)
	at org.apache.maven.su
refire.junitplatform.JU
nitPlatformProvider.exe
cute(JUnitPlatformProvi
der.java:203)
	at org.apache.maven.su
refire.junitplatform.JU
nitPlatformProvider.inv
okeAllTests(JUnitPlatfo
rmProvider.java:168)
	at org.apache.maven.su
refire.junitplatform.JU
nitPlatformProvider.inv
oke(JUnitPlatformProvid
er.java:136)
	at org.apache.maven.su
refire.booter.ForkedBoo
ter.runSuitesInProcess(
ForkedBooter.java:385)
	at org.apache.maven.su
refire.booter.ForkedBoo
ter.execute(ForkedBoote
r.java:162)
	at org.apache.maven.su
refire.booter.ForkedBoo
ter.run(ForkedBooter.ja
va:507)
	at org.apache.maven.su
refire.booter.ForkedBoo
ter.main(ForkedBooter.j
ava:495)
Caused by: 
java.io.IOException: 
Error while 
instrumenting java/sql/
SQLNonTransientConnecti
onException with 
JaCoCo 0.8.11.202310140
853/f33756c.
	at org.jacoco.agent.rt
.internal_4742761.core.
instr.Instrumenter.inst
rumentError(Instrumente
r.java:161)
	at org.jacoco.agent.rt
.internal_4742761.core.
instr.Instrumenter.inst
rument(Instrumenter.jav
a:111)
	at org.jacoco.agent.rt
.internal_4742761.Cover
ageTransformer.transfor
m(CoverageTransformer.j
ava:92)
	... 130 more
Caused by: java.lang.Il
legalArgumentException:
 Unsupported class 
file major version 68
	at org.jacoco.agent.rt
.internal_4742761.asm.C
lassReader.<init>(Class
Reader.java:200)
	at org.jacoco.agent.rt
.internal_4742761.asm.C
lassReader.<init>(Class
Reader.java:180)
	at org.jacoco.agent.rt
.internal_4742761.asm.C
lassReader.<init>(Class
Reader.java:166)
	at org.jacoco.agent.rt
.internal_4742761.core.
internal.instr.InstrSup
port.classReaderFor(Ins
trSupport.java:280)
	at org.jacoco.agent.rt
.internal_4742761.core.
instr.Instrumenter.inst
rument(Instrumenter.jav
a:77)
	at org.jacoco.agent.rt
.internal_4742761.core.
instr.Instrumenter.inst
rument(Instrumenter.jav
a:109)
	... 131 more
java.lang.instrument.Il
legalClassFormatExcepti
on: Error while 
instrumenting java/sql/
SQLSyntaxErrorException
 with JaCoCo 0.8.11.202
310140853/f33756c.
	at org.jacoco.agent.rt
.internal_4742761.Cover
ageTransformer.transfor
m(CoverageTransformer.j
ava:94)
	at java.instrument/jav
a.lang.instrument.Class
FileTransformer.transfo
rm(ClassFileTransformer
.java:257)
	at java.instrument/sun
.instrument.Transformer
Manager.transform(Trans
formerManager.java:188)
	at java.instrument/sun
.instrument.Instrumenta
tionImpl.transform(Inst
rumentationImpl.java:59
4)
	at java.base/java.lang
.ClassLoader.defineClas
s2(Native Method)
	at java.base/java.lang
.ClassLoader.defineClas
s(ClassLoader.java:1052
)
	at java.base/java.secu
rity.SecureClassLoader.
defineClass(SecureClass
Loader.java:164)
	at java.base/jdk.inter
nal.loader.BuiltinClass
Loader.defineClass(Buil
tinClassLoader.java:735
)
	at java.base/jdk.inter
nal.loader.BuiltinClass
Loader.findClassInModul
eOrNull(BuiltinClassLoa
der.java:678)
	at java.base/jdk.inter
nal.loader.BuiltinClass
Loader.loadClassOrNull(
BuiltinClassLoader.java
:604)
	at java.base/jdk.inter
nal.loader.BuiltinClass
Loader.loadClassOrNull(
BuiltinClassLoader.java
:639)
	at java.base/jdk.inter
nal.loader.BuiltinClass
Loader.loadClassOrNull(
BuiltinClassLoader.java
:608)
	at java.base/jdk.inter
nal.loader.BuiltinClass
Loader.loadClass(Builti
nClassLoader.java:578)
	at java.base/java.lang
.ClassLoader.loadClass(
ClassLoader.java:490)
	at oracle.jdbc.driver.
SQLStateMapping$SqlExce
ptionType.<clinit>(SQLS
tateMapping.java:104)
	at oracle.jdbc.driver.
SQLStateMapping.<clinit
>(SQLStateMapping.java:
144)
	at oracle.jdbc.driver.
DatabaseError.<clinit>(
DatabaseError.java:1187
)
	at oracle.jdbc.diagnos
tics.OracleDiagnosticsM
XBean.getMBeanInfo(Orac
leDiagnosticsMXBean.jav
a:438)
	at java.management/com
.sun.jmx.interceptor.De
faultMBeanServerInterce
ptor.getNewMBeanClassNa
me(DefaultMBeanServerIn
terceptor.java:310)
	at java.management/com
.sun.jmx.interceptor.De
faultMBeanServerInterce
ptor.registerMBean(Defa
ultMBeanServerIntercept
or.java:299)
	at java.management/com
.sun.jmx.mbeanserver.Jm
xMBeanServer.registerMB
ean(JmxMBeanServer.java
:511)
	at oracle.jdbc.driver.
OracleDriver.registerMB
eans(OracleDriver.java:
531)
	at oracle.jdbc.driver.
OracleDriver$1.run(Orac
leDriver.java:289)
	at java.base/java.secu
rity.AccessController.d
oPrivileged(AccessContr
oller.java:74)
	at oracle.jdbc.driver.
OracleDriver.<clinit>(O
racleDriver.java:287)
	at java.base/jdk.inter
nal.misc.Unsafe.ensureC
lassInitialized0(Native
 Method)
	at java.base/jdk.inter
nal.misc.Unsafe.ensureC
lassInitialized(Unsafe.
java:1166)
	at java.base/jdk.inter
nal.reflect.MethodHandl
eAccessorFactory.ensure
ClassInitialized(Method
HandleAccessorFactory.j
ava:341)
	at java.base/jdk.inter
nal.reflect.MethodHandl
eAccessorFactory.newCon
structorAccessor(Method
HandleAccessorFactory.j
ava:104)
	at java.base/jdk.inter
nal.reflect.ReflectionF
actory.newConstructorAc
cessor(ReflectionFactor
y.java:143)
	at java.base/java.lang
.reflect.Constructor.ac
quireConstructorAccesso
r(Constructor.java:546)
	at java.base/java.lang
.reflect.Constructor.ne
wInstanceWithCaller(Con
structor.java:496)
	at java.base/java.lang
.reflect.Constructor.ne
wInstance(Constructor.j
ava:483)
	at com.zaxxer.hikari.H
ikariConfig.setDriverCl
assName(HikariConfig.ja
va:518)
	at org.springframework
.boot.jdbc.DataSourceBu
ilder$MappedDataSourceP
roperty.set(DataSourceB
uilder.java:478)
	at org.springframework
.boot.jdbc.DataSourceBu
ilder$MappedDataSourceP
roperties.set(DataSourc
eBuilder.java:370)
	at org.springframework
.boot.jdbc.DataSourceBu
ilder.build(DataSourceB
uilder.java:185)
	at org.springframework
.boot.autoconfigure.jdb
c.DataSourceConfigurati
on.createDataSource(Dat
aSourceConfiguration.ja
va:67)
	at org.springframework
.boot.autoconfigure.jdb
c.DataSourceConfigurati
on$Hikari.dataSource(Da
taSourceConfiguration.j
ava:127)
	at java.base/jdk.inter
nal.reflect.DirectMetho
dHandleAccessor.invoke(
DirectMethodHandleAcces
sor.java:104)
	at java.base/java.lang
.reflect.Method.invoke(
Method.java:565)
	at org.springframework
.beans.factory.support.
SimpleInstantiationStra
tegy.lambda$instantiate
$0(SimpleInstantiationS
trategy.java:172)
	at org.springframework
.beans.factory.support.
SimpleInstantiationStra
tegy.instantiateWithFac
toryMethod(SimpleInstan
tiationStrategy.java:89
)
	at org.springframework
.beans.factory.support.
SimpleInstantiationStra
tegy.instantiate(Simple
InstantiationStrategy.j
ava:169)
	at org.springframework
.beans.factory.support.
ConstructorResolver.ins
tantiate(ConstructorRes
olver.java:653)
	at org.springframework
.beans.factory.support.
ConstructorResolver.ins
tantiateUsingFactoryMet
hod(ConstructorResolver
.java:645)
	at org.springframework
.beans.factory.support.
AbstractAutowireCapable
BeanFactory.instantiate
UsingFactoryMethod(Abst
ractAutowireCapableBean
Factory.java:1375)
	at org.springframework
.beans.factory.support.
AbstractAutowireCapable
BeanFactory.createBeanI
nstance(AbstractAutowir
eCapableBeanFactory.jav
a:1205)
	at org.springframework
.beans.factory.support.
AbstractAutowireCapable
BeanFactory.doCreateBea
n(AbstractAutowireCapab
leBeanFactory.java:569)
	at org.springframework
.beans.factory.support.
AbstractAutowireCapable
BeanFactory.createBean(
AbstractAutowireCapable
BeanFactory.java:529)
	at org.springframework
.beans.factory.support.
AbstractBeanFactory.lam
bda$doGetBean$0(Abstrac
tBeanFactory.java:339)
	at org.springframework
.beans.factory.support.
DefaultSingletonBeanReg
istry.getSingleton(Defa
ultSingletonBeanRegistr
y.java:373)
	at org.springframework
.beans.factory.support.
AbstractBeanFactory.doG
etBean(AbstractBeanFact
ory.java:337)
	at org.springframework
.beans.factory.support.
AbstractBeanFactory.get
Bean(AbstractBeanFactor
y.java:202)
	at org.springframework
.beans.factory.support.
DefaultListableBeanFact
ory.doResolveDependency
(DefaultListableBeanFac
tory.java:1708)
	at org.springframework
.beans.factory.support.
DefaultListableBeanFact
ory.resolveDependency(D
efaultListableBeanFacto
ry.java:1653)
	at org.springframework
.beans.factory.support.
ConstructorResolver.res
olveAutowiredArgument(C
onstructorResolver.java
:913)
	at org.springframework
.beans.factory.support.
ConstructorResolver.cre
ateArgumentArray(Constr
uctorResolver.java:791)
	at org.springframework
.beans.factory.support.
ConstructorResolver.ins
tantiateUsingFactoryMet
hod(ConstructorResolver
.java:546)
	at org.springframework
.beans.factory.support.
AbstractAutowireCapable
BeanFactory.instantiate
UsingFactoryMethod(Abst
ractAutowireCapableBean
Factory.java:1375)
	at org.springframework
.beans.factory.support.
AbstractAutowireCapable
BeanFactory.createBeanI
nstance(AbstractAutowir
eCapableBeanFactory.jav
a:1205)
	at org.springframework
.beans.factory.support.
AbstractAutowireCapable
BeanFactory.doCreateBea
n(AbstractAutowireCapab
leBeanFactory.java:569)
	at org.springframework
.beans.factory.support.
AbstractAutowireCapable
BeanFactory.createBean(
AbstractAutowireCapable
BeanFactory.java:529)
	at org.springframework
.beans.factory.support.
AbstractBeanFactory.lam
bda$doGetBean$0(Abstrac
tBeanFactory.java:339)
	at org.springframework
.beans.factory.support.
DefaultSingletonBeanReg
istry.getSingleton(Defa
ultSingletonBeanRegistr
y.java:373)
	at org.springframework
.beans.factory.support.
AbstractBeanFactory.doG
etBean(AbstractBeanFact
ory.java:337)
	at org.springframework
.beans.factory.support.
AbstractBeanFactory.get
Bean(AbstractBeanFactor
y.java:202)
	at org.springframework
.beans.factory.support.
AbstractBeanFactory.doG
etBean(AbstractBeanFact
ory.java:315)
	at org.springframework
.beans.factory.support.
AbstractBeanFactory.get
Bean(AbstractBeanFactor
y.java:207)
	at org.springframework
.context.support.Abstra
ctApplicationContext.fi
nishBeanFactoryInitiali
zation(AbstractApplicat
ionContext.java:974)
	at org.springframework
.context.support.Abstra
ctApplicationContext.re
fresh(AbstractApplicati
onContext.java:628)
	at org.springframework
.boot.SpringApplication
.refresh(SpringApplicat
ion.java:752)
	at org.springframework
.boot.SpringApplication
.refreshContext(SpringA
pplication.java:439)
	at org.springframework
.boot.SpringApplication
.run(SpringApplication.
java:318)
	at org.springframework
.boot.test.context.Spri
ngBootContextLoader.lam
bda$loadContext$3(Sprin
gBootContextLoader.java
:152)
	at org.springframework
.util.function.Throwing
Supplier.get(ThrowingSu
pplier.java:58)
	at org.springframework
.util.function.Throwing
Supplier.get(ThrowingSu
pplier.java:46)
	at org.springframework
.boot.SpringApplication
.withHook(SpringApplica
tion.java:1461)
	at org.springframework
.boot.test.context.Spri
ngBootContextLoader$Con
textLoaderHook.run(Spri
ngBootContextLoader.jav
a:595)
	at org.springframework
.boot.test.context.Spri
ngBootContextLoader.loa
dContext(SpringBootCont
extLoader.java:152)
	at org.springframework
.boot.test.context.Spri
ngBootContextLoader.loa
dContext(SpringBootCont
extLoader.java:111)
	at org.springframework
.test.context.cache.Def
aultCacheAwareContextLo
aderDelegate.loadContex
tInternal(DefaultCacheA
wareContextLoaderDelega
te.java:225)
	at org.springframework
.test.context.cache.Def
aultCacheAwareContextLo
aderDelegate.loadContex
t(DefaultCacheAwareCont
extLoaderDelegate.java:
152)
	at org.springframework
.test.context.support.D
efaultTestContext.getAp
plicationContext(Defaul
tTestContext.java:130)
	at org.springframework
.test.context.support.D
ependencyInjectionTestE
xecutionListener.inject
Dependencies(Dependency
InjectionTestExecutionL
istener.java:155)
	at org.springframework
.test.context.support.D
ependencyInjectionTestE
xecutionListener.prepar
eTestInstance(Dependenc
yInjectionTestExecution
Listener.java:111)
	at org.springframework
.test.context.TestConte
xtManager.prepareTestIn
stance(TestContextManag
er.java:260)
	at org.springframework
.test.context.junit4.Sp
ringJUnit4ClassRunner.c
reateTest(SpringJUnit4C
lassRunner.java:228)
	at org.springframework
.test.context.junit4.Sp
ringJUnit4ClassRunner$1
.runReflectiveCall(Spri
ngJUnit4ClassRunner.jav
a:289)
	at org.junit.internal.
runners.model.Reflectiv
eCallable.run(Reflectiv
eCallable.java:12)
	at org.springframework
.test.context.junit4.Sp
ringJUnit4ClassRunner.m
ethodBlock(SpringJUnit4
ClassRunner.java:291)
	at org.springframework
.test.context.junit4.Sp
ringJUnit4ClassRunner.r
unChild(SpringJUnit4Cla
ssRunner.java:247)
	at org.springframework
.test.context.junit4.Sp
ringJUnit4ClassRunner.r
unChild(SpringJUnit4Cla
ssRunner.java:97)
	at org.junit.runners.P
arentRunner$4.run(Paren
tRunner.java:331)
	at org.junit.runners.P
arentRunner$1.schedule(
ParentRunner.java:79)
	at org.junit.runners.P
arentRunner.runChildren
(ParentRunner.java:329)
	at org.junit.runners.P
arentRunner.access$100(
ParentRunner.java:66)
	at org.junit.runners.P
arentRunner$2.evaluate(
ParentRunner.java:293)
	at org.springframework
.test.context.junit4.st
atements.RunBeforeTestC
lassCallbacks.evaluate(
RunBeforeTestClassCallb
acks.java:61)
	at org.springframework
.test.context.junit4.st
atements.RunAfterTestCl
assCallbacks.evaluate(R
unAfterTestClassCallbac
ks.java:70)
	at org.junit.runners.P
arentRunner$3.evaluate(
ParentRunner.java:306)
	at org.junit.runners.P
arentRunner.run(ParentR
unner.java:413)
	at org.springframework
.test.context.junit4.Sp
ringJUnit4ClassRunner.r
un(SpringJUnit4ClassRun
ner.java:191)
	at org.junit.runner.JU
nitCore.run(JUnitCore.j
ava:137)
	at org.junit.runner.JU
nitCore.run(JUnitCore.j
ava:115)
	at org.junit.vintage.e
ngine.execution.RunnerE
xecutor.execute(RunnerE
xecutor.java:42)
	at org.junit.vintage.e
ngine.execution.Vintage
Executor.executeClasses
AndMethodsSequentially(
VintageExecutor.java:93
)
	at org.junit.vintage.e
ngine.execution.Vintage
Executor.executeAllChil
dren(VintageExecutor.ja
va:73)
	at org.junit.vintage.e
ngine.VintageTestEngine
.execute(VintageTestEng
ine.java:70)
	at org.junit.platform.
launcher.core.EngineExe
cutionOrchestrator.exec
ute(EngineExecutionOrch
estrator.java:201)
	at org.junit.platform.
launcher.core.EngineExe
cutionOrchestrator.exec
ute(EngineExecutionOrch
estrator.java:170)
	at org.junit.platform.
launcher.core.EngineExe
cutionOrchestrator.exec
ute(EngineExecutionOrch
estrator.java:94)
	at org.junit.platform.
launcher.core.EngineExe
cutionOrchestrator.lamb
da$execute$0(EngineExec
utionOrchestrator.java:
59)
	at org.junit.platform.
launcher.core.EngineExe
cutionOrchestrator.with
InterceptedStreams(Engi
neExecutionOrchestrator
.java:142)
	at org.junit.platform.
launcher.core.EngineExe
cutionOrchestrator.exec
ute(EngineExecutionOrch
estrator.java:58)
	at org.junit.platform.
launcher.core.DefaultLa
uncher.execute(DefaultL
auncher.java:103)
	at org.junit.platform.
launcher.core.DefaultLa
uncher.execute(DefaultL
auncher.java:85)
	at org.junit.platform.
launcher.core.Delegatin
gLauncher.execute(Deleg
atingLauncher.java:47)
	at org.junit.platform.
launcher.core.Intercept
ingLauncher.lambda$exec
ute$1(InterceptingLaunc
her.java:39)
	at org.junit.platform.
launcher.core.Classpath
AlignmentCheckingLaunch
erInterceptor.intercept
(ClasspathAlignmentChec
kingLauncherInterceptor
.java:25)
	at org.junit.platform.
launcher.core.Intercept
ingLauncher.execute(Int
erceptingLauncher.java:
38)
	at org.junit.platform.
launcher.core.Delegatin
gLauncher.execute(Deleg
atingLauncher.java:47)
	at org.apache.maven.su
refire.junitplatform.La
uncherAdapter.executeWi
thoutCancellationToken(
LauncherAdapter.java:60
)
	at org.apache.maven.su
refire.junitplatform.La
uncherAdapter.execute(L
auncherAdapter.java:52)
	at org.apache.maven.su
refire.junitplatform.JU
nitPlatformProvider.exe
cute(JUnitPlatformProvi
der.java:203)
	at org.apache.maven.su
refire.junitplatform.JU
nitPlatformProvider.inv
okeAllTests(JUnitPlatfo
rmProvider.java:168)
	at org.apache.maven.su
refire.junitplatform.JU
nitPlatformProvider.inv
oke(JUnitPlatformProvid
er.java:136)
	at org.apache.maven.su
refire.booter.ForkedBoo
ter.runSuitesInProcess(
ForkedBooter.java:385)
	at org.apache.maven.su
refire.booter.ForkedBoo
ter.execute(ForkedBoote
r.java:162)
	at org.apache.maven.su
refire.booter.ForkedBoo
ter.run(ForkedBooter.ja
va:507)
	at org.apache.maven.su
refire.booter.ForkedBoo
ter.main(ForkedBooter.j
ava:495)
Caused by: 
java.io.IOException: 
Error while 
instrumenting java/sql/
SQLSyntaxErrorException
 with JaCoCo 0.8.11.202
310140853/f33756c.
	at org.jacoco.agent.rt
.internal_4742761.core.
instr.Instrumenter.inst
rumentError(Instrumente
r.java:161)
	at org.jacoco.agent.rt
.internal_4742761.core.
instr.Instrumenter.inst
rument(Instrumenter.jav
a:111)
	at org.jacoco.agent.rt
.internal_4742761.Cover
ageTransformer.transfor
m(CoverageTransformer.j
ava:92)
	... 130 more
Caused by: java.lang.Il
legalArgumentException:
 Unsupported class 
file major version 68
	at org.jacoco.agent.rt
.internal_4742761.asm.C
lassReader.<init>(Class
Reader.java:200)
	at org.jacoco.agent.rt
.internal_4742761.asm.C
lassReader.<init>(Class
Reader.java:180)
	at org.jacoco.agent.rt
.internal_4742761.asm.C
lassReader.<init>(Class
Reader.java:166)
	at org.jacoco.agent.rt
.internal_4742761.core.
internal.instr.InstrSup
port.classReaderFor(Ins
trSupport.java:280)
	at org.jacoco.agent.rt
.internal_4742761.core.
instr.Instrumenter.inst
rument(Instrumenter.jav
a:77)
	at org.jacoco.agent.rt
.internal_4742761.core.
instr.Instrumenter.inst
rument(Instrumenter.jav
a:109)
	... 131 more
java.lang.instrument.Il
legalClassFormatExcepti
on: Error while 
instrumenting java/sql/
SQLTimeoutException 
with JaCoCo 0.8.11.2023
10140853/f33756c.
	at org.jacoco.agent.rt
.internal_4742761.Cover
ageTransformer.transfor
m(CoverageTransformer.j
ava:94)
	at java.instrument/jav
a.lang.instrument.Class
FileTransformer.transfo
rm(ClassFileTransformer
.java:257)
	at java.instrument/sun
.instrument.Transformer
Manager.transform(Trans
formerManager.java:188)
	at java.instrument/sun
.instrument.Instrumenta
tionImpl.transform(Inst
rumentationImpl.java:59
4)
	at java.base/java.lang
.ClassLoader.defineClas
s2(Native Method)
	at java.base/java.lang
.ClassLoader.defineClas
s(ClassLoader.java:1052
)
	at java.base/java.secu
rity.SecureClassLoader.
defineClass(SecureClass
Loader.java:164)
	at java.base/jdk.inter
nal.loader.BuiltinClass
Loader.defineClass(Buil
tinClassLoader.java:735
)
	at java.base/jdk.inter
nal.loader.BuiltinClass
Loader.findClassInModul
eOrNull(BuiltinClassLoa
der.java:678)
	at java.base/jdk.inter
nal.loader.BuiltinClass
Loader.loadClassOrNull(
BuiltinClassLoader.java
:604)
	at java.base/jdk.inter
nal.loader.BuiltinClass
Loader.loadClassOrNull(
BuiltinClassLoader.java
:639)
	at java.base/jdk.inter
nal.loader.BuiltinClass
Loader.loadClassOrNull(
BuiltinClassLoader.java
:608)
	at java.base/jdk.inter
nal.loader.BuiltinClass
Loader.loadClass(Builti
nClassLoader.java:578)
	at java.base/java.lang
.ClassLoader.loadClass(
ClassLoader.java:490)
	at oracle.jdbc.driver.
SQLStateMapping$SqlExce
ptionType.<clinit>(SQLS
tateMapping.java:110)
	at oracle.jdbc.driver.
SQLStateMapping.<clinit
>(SQLStateMapping.java:
144)
	at oracle.jdbc.driver.
DatabaseError.<clinit>(
DatabaseError.java:1187
)
	at oracle.jdbc.diagnos
tics.OracleDiagnosticsM
XBean.getMBeanInfo(Orac
leDiagnosticsMXBean.jav
a:438)
	at java.management/com
.sun.jmx.interceptor.De
faultMBeanServerInterce
ptor.getNewMBeanClassNa
me(DefaultMBeanServerIn
terceptor.java:310)
	at java.management/com
.sun.jmx.interceptor.De
faultMBeanServerInterce
ptor.registerMBean(Defa
ultMBeanServerIntercept
or.java:299)
	at java.management/com
.sun.jmx.mbeanserver.Jm
xMBeanServer.registerMB
ean(JmxMBeanServer.java
:511)
	at oracle.jdbc.driver.
OracleDriver.registerMB
eans(OracleDriver.java:
531)
	at oracle.jdbc.driver.
OracleDriver$1.run(Orac
leDriver.java:289)
	at java.base/java.secu
rity.AccessController.d
oPrivileged(AccessContr
oller.java:74)
	at oracle.jdbc.driver.
OracleDriver.<clinit>(O
racleDriver.java:287)
	at java.base/jdk.inter
nal.misc.Unsafe.ensureC
lassInitialized0(Native
 Method)
	at java.base/jdk.inter
nal.misc.Unsafe.ensureC
lassInitialized(Unsafe.
java:1166)
	at java.base/jdk.inter
nal.reflect.MethodHandl
eAccessorFactory.ensure
ClassInitialized(Method
HandleAccessorFactory.j
ava:341)
	at java.base/jdk.inter
nal.reflect.MethodHandl
eAccessorFactory.newCon
structorAccessor(Method
HandleAccessorFactory.j
ava:104)
	at java.base/jdk.inter
nal.reflect.ReflectionF
actory.newConstructorAc
cessor(ReflectionFactor
y.java:143)
	at java.base/java.lang
.reflect.Constructor.ac
quireConstructorAccesso
r(Constructor.java:546)
	at java.base/java.lang
.reflect.Constructor.ne
wInstanceWithCaller(Con
structor.java:496)
	at java.base/java.lang
.reflect.Constructor.ne
wInstance(Constructor.j
ava:483)
	at com.zaxxer.hikari.H
ikariConfig.setDriverCl
assName(HikariConfig.ja
va:518)
	at org.springframework
.boot.jdbc.DataSourceBu
ilder$MappedDataSourceP
roperty.set(DataSourceB
uilder.java:478)
	at org.springframework
.boot.jdbc.DataSourceBu
ilder$MappedDataSourceP
roperties.set(DataSourc
eBuilder.java:370)
	at org.springframework
.boot.jdbc.DataSourceBu
ilder.build(DataSourceB
uilder.java:185)
	at org.springframework
.boot.autoconfigure.jdb
c.DataSourceConfigurati
on.createDataSource(Dat
aSourceConfiguration.ja
va:67)
	at org.springframework
.boot.autoconfigure.jdb
c.DataSourceConfigurati
on$Hikari.dataSource(Da
taSourceConfiguration.j
ava:127)
	at java.base/jdk.inter
nal.reflect.DirectMetho
dHandleAccessor.invoke(
DirectMethodHandleAcces
sor.java:104)
	at java.base/java.lang
.reflect.Method.invoke(
Method.java:565)
	at org.springframework
.beans.factory.support.
SimpleInstantiationStra
tegy.lambda$instantiate
$0(SimpleInstantiationS
trategy.java:172)
	at org.springframework
.beans.factory.support.
SimpleInstantiationStra
tegy.instantiateWithFac
toryMethod(SimpleInstan
tiationStrategy.java:89
)
	at org.springframework
.beans.factory.support.
SimpleInstantiationStra
tegy.instantiate(Simple
InstantiationStrategy.j
ava:169)
	at org.springframework
.beans.factory.support.
ConstructorResolver.ins
tantiate(ConstructorRes
olver.java:653)
	at org.springframework
.beans.factory.support.
ConstructorResolver.ins
tantiateUsingFactoryMet
hod(ConstructorResolver
.java:645)
	at org.springframework
.beans.factory.support.
AbstractAutowireCapable
BeanFactory.instantiate
UsingFactoryMethod(Abst
ractAutowireCapableBean
Factory.java:1375)
	at org.springframework
.beans.factory.support.
AbstractAutowireCapable
BeanFactory.createBeanI
nstance(AbstractAutowir
eCapableBeanFactory.jav
a:1205)
	at org.springframework
.beans.factory.support.
AbstractAutowireCapable
BeanFactory.doCreateBea
n(AbstractAutowireCapab
leBeanFactory.java:569)
	at org.springframework
.beans.factory.support.
AbstractAutowireCapable
BeanFactory.createBean(
AbstractAutowireCapable
BeanFactory.java:529)
	at org.springframework
.beans.factory.support.
AbstractBeanFactory.lam
bda$doGetBean$0(Abstrac
tBeanFactory.java:339)
	at org.springframework
.beans.factory.support.
DefaultSingletonBeanReg
istry.getSingleton(Defa
ultSingletonBeanRegistr
y.java:373)
	at org.springframework
.beans.factory.support.
AbstractBeanFactory.doG
etBean(AbstractBeanFact
ory.java:337)
	at org.springframework
.beans.factory.support.
AbstractBeanFactory.get
Bean(AbstractBeanFactor
y.java:202)
	at org.springframework
.beans.factory.support.
DefaultListableBeanFact
ory.doResolveDependency
(DefaultListableBeanFac
tory.java:1708)
	at org.springframework
.beans.factory.support.
DefaultListableBeanFact
ory.resolveDependency(D
efaultListableBeanFacto
ry.java:1653)
	at org.springframework
.beans.factory.support.
ConstructorResolver.res
olveAutowiredArgument(C
onstructorResolver.java
:913)
	at org.springframework
.beans.factory.support.
ConstructorResolver.cre
ateArgumentArray(Constr
uctorResolver.java:791)
	at org.springframework
.beans.factory.support.
ConstructorResolver.ins
tantiateUsingFactoryMet
hod(ConstructorResolver
.java:546)
	at org.springframework
.beans.factory.support.
AbstractAutowireCapable
BeanFactory.instantiate
UsingFactoryMethod(Abst
ractAutowireCapableBean
Factory.java:1375)
	at org.springframework
.beans.factory.support.
AbstractAutowireCapable
BeanFactory.createBeanI
nstance(AbstractAutowir
eCapableBeanFactory.jav
a:1205)
	at org.springframework
.beans.factory.support.
AbstractAutowireCapable
BeanFactory.doCreateBea
n(AbstractAutowireCapab
leBeanFactory.java:569)
	at org.springframework
.beans.factory.support.
AbstractAutowireCapable
BeanFactory.createBean(
AbstractAutowireCapable
BeanFactory.java:529)
	at org.springframework
.beans.factory.support.
AbstractBeanFactory.lam
bda$doGetBean$0(Abstrac
tBeanFactory.java:339)
	at org.springframework
.beans.factory.support.
DefaultSingletonBeanReg
istry.getSingleton(Defa
ultSingletonBeanRegistr
y.java:373)
	at org.springframework
.beans.factory.support.
AbstractBeanFactory.doG
etBean(AbstractBeanFact
ory.java:337)
	at org.springframework
.beans.factory.support.
AbstractBeanFactory.get
Bean(AbstractBeanFactor
y.java:202)
	at org.springframework
.beans.factory.support.
AbstractBeanFactory.doG
etBean(AbstractBeanFact
ory.java:315)
	at org.springframework
.beans.factory.support.
AbstractBeanFactory.get
Bean(AbstractBeanFactor
y.java:207)
	at org.springframework
.context.support.Abstra
ctApplicationContext.fi
nishBeanFactoryInitiali
zation(AbstractApplicat
ionContext.java:974)
	at org.springframework
.context.support.Abstra
ctApplicationContext.re
fresh(AbstractApplicati
onContext.java:628)
	at org.springframework
.boot.SpringApplication
.refresh(SpringApplicat
ion.java:752)
	at org.springframework
.boot.SpringApplication
.refreshContext(SpringA
pplication.java:439)
	at org.springframework
.boot.SpringApplication
.run(SpringApplication.
java:318)
	at org.springframework
.boot.test.context.Spri
ngBootContextLoader.lam
bda$loadContext$3(Sprin
gBootContextLoader.java
:152)
	at org.springframework
.util.function.Throwing
Supplier.get(ThrowingSu
pplier.java:58)
	at org.springframework
.util.function.Throwing
Supplier.get(ThrowingSu
pplier.java:46)
	at org.springframework
.boot.SpringApplication
.withHook(SpringApplica
tion.java:1461)
	at org.springframework
.boot.test.context.Spri
ngBootContextLoader$Con
textLoaderHook.run(Spri
ngBootContextLoader.jav
a:595)
	at org.springframework
.boot.test.context.Spri
ngBootContextLoader.loa
dContext(SpringBootCont
extLoader.java:152)
	at org.springframework
.boot.test.context.Spri
ngBootContextLoader.loa
dContext(SpringBootCont
extLoader.java:111)
	at org.springframework
.test.context.cache.Def
aultCacheAwareContextLo
aderDelegate.loadContex
tInternal(DefaultCacheA
wareContextLoaderDelega
te.java:225)
	at org.springframework
.test.context.cache.Def
aultCacheAwareContextLo
aderDelegate.loadContex
t(DefaultCacheAwareCont
extLoaderDelegate.java:
152)
	at org.springframework
.test.context.support.D
efaultTestContext.getAp
plicationContext(Defaul
tTestContext.java:130)
	at org.springframework
.test.context.support.D
ependencyInjectionTestE
xecutionListener.inject
Dependencies(Dependency
InjectionTestExecutionL
istener.java:155)
	at org.springframework
.test.context.support.D
ependencyInjectionTestE
xecutionListener.prepar
eTestInstance(Dependenc
yInjectionTestExecution
Listener.java:111)
	at org.springframework
.test.context.TestConte
xtManager.prepareTestIn
stance(TestContextManag
er.java:260)
	at org.springframework
.test.context.junit4.Sp
ringJUnit4ClassRunner.c
reateTest(SpringJUnit4C
lassRunner.java:228)
	at org.springframework
.test.context.junit4.Sp
ringJUnit4ClassRunner$1
.runReflectiveCall(Spri
ngJUnit4ClassRunner.jav
a:289)
	at org.junit.internal.
runners.model.Reflectiv
eCallable.run(Reflectiv
eCallable.java:12)
	at org.springframework
.test.context.junit4.Sp
ringJUnit4ClassRunner.m
ethodBlock(SpringJUnit4
ClassRunner.java:291)
	at org.springframework
.test.context.junit4.Sp
ringJUnit4ClassRunner.r
unChild(SpringJUnit4Cla
ssRunner.java:247)
	at org.springframework
.test.context.junit4.Sp
ringJUnit4ClassRunner.r
unChild(SpringJUnit4Cla
ssRunner.java:97)
	at org.junit.runners.P
arentRunner$4.run(Paren
tRunner.java:331)
	at org.junit.runners.P
arentRunner$1.schedule(
ParentRunner.java:79)
	at org.junit.runners.P
arentRunner.runChildren
(ParentRunner.java:329)
	at org.junit.runners.P
arentRunner.access$100(
ParentRunner.java:66)
	at org.junit.runners.P
arentRunner$2.evaluate(
ParentRunner.java:293)
	at org.springframework
.test.context.junit4.st
atements.RunBeforeTestC
lassCallbacks.evaluate(
RunBeforeTestClassCallb
acks.java:61)
	at org.springframework
.test.context.junit4.st
atements.RunAfterTestCl
assCallbacks.evaluate(R
unAfterTestClassCallbac
ks.java:70)
	at org.junit.runners.P
arentRunner$3.evaluate(
ParentRunner.java:306)
	at org.junit.runners.P
arentRunner.run(ParentR
unner.java:413)
	at org.springframework
.test.context.junit4.Sp
ringJUnit4ClassRunner.r
un(SpringJUnit4ClassRun
ner.java:191)
	at org.junit.runner.JU
nitCore.run(JUnitCore.j
ava:137)
	at org.junit.runner.JU
nitCore.run(JUnitCore.j
ava:115)
	at org.junit.vintage.e
ngine.execution.RunnerE
xecutor.execute(RunnerE
xecutor.java:42)
	at org.junit.vintage.e
ngine.execution.Vintage
Executor.executeClasses
AndMethodsSequentially(
VintageExecutor.java:93
)
	at org.junit.vintage.e
ngine.execution.Vintage
Executor.executeAllChil
dren(VintageExecutor.ja
va:73)
	at org.junit.vintage.e
ngine.VintageTestEngine
.execute(VintageTestEng
ine.java:70)
	at org.junit.platform.
launcher.core.EngineExe
cutionOrchestrator.exec
ute(EngineExecutionOrch
estrator.java:201)
	at org.junit.platform.
launcher.core.EngineExe
cutionOrchestrator.exec
ute(EngineExecutionOrch
estrator.java:170)
	at org.junit.platform.
launcher.core.EngineExe
cutionOrchestrator.exec
ute(EngineExecutionOrch
estrator.java:94)
	at org.junit.platform.
launcher.core.EngineExe
cutionOrchestrator.lamb
da$execute$0(EngineExec
utionOrchestrator.java:
59)
	at org.junit.platform.
launcher.core.EngineExe
cutionOrchestrator.with
InterceptedStreams(Engi
neExecutionOrchestrator
.java:142)
	at org.junit.platform.
launcher.core.EngineExe
cutionOrchestrator.exec
ute(EngineExecutionOrch
estrator.java:58)
	at org.junit.platform.
launcher.core.DefaultLa
uncher.execute(DefaultL
auncher.java:103)
	at org.junit.platform.
launcher.core.DefaultLa
uncher.execute(DefaultL
auncher.java:85)
	at org.junit.platform.
launcher.core.Delegatin
gLauncher.execute(Deleg
atingLauncher.java:47)
	at org.junit.platform.
launcher.core.Intercept
ingLauncher.lambda$exec
ute$1(InterceptingLaunc
her.java:39)
	at org.junit.platform.
launcher.core.Classpath
AlignmentCheckingLaunch
erInterceptor.intercept
(ClasspathAlignmentChec
kingLauncherInterceptor
.java:25)
	at org.junit.platform.
launcher.core.Intercept
ingLauncher.execute(Int
erceptingLauncher.java:
38)
	at org.junit.platform.
launcher.core.Delegatin
gLauncher.execute(Deleg
atingLauncher.java:47)
	at org.apache.maven.su
refire.junitplatform.La
uncherAdapter.executeWi
thoutCancellationToken(
LauncherAdapter.java:60
)
	at org.apache.maven.su
refire.junitplatform.La
uncherAdapter.execute(L
auncherAdapter.java:52)
	at org.apache.maven.su
refire.junitplatform.JU
nitPlatformProvider.exe
cute(JUnitPlatformProvi
der.java:203)
	at org.apache.maven.su
refire.junitplatform.JU
nitPlatformProvider.inv
okeAllTests(JUnitPlatfo
rmProvider.java:168)
	at org.apache.maven.su
refire.junitplatform.JU
nitPlatformProvider.inv
oke(JUnitPlatformProvid
er.java:136)
	at org.apache.maven.su
refire.booter.ForkedBoo
ter.runSuitesInProcess(
ForkedBooter.java:385)
	at org.apache.maven.su
refire.booter.ForkedBoo
ter.execute(ForkedBoote
r.java:162)
	at org.apache.maven.su
refire.booter.ForkedBoo
ter.run(ForkedBooter.ja
va:507)
	at org.apache.maven.su
refire.booter.ForkedBoo
ter.main(ForkedBooter.j
ava:495)
Caused by: 
java.io.IOException: 
Error while 
instrumenting java/sql/
SQLTimeoutException 
with JaCoCo 0.8.11.2023
10140853/f33756c.
	at org.jacoco.agent.rt
.internal_4742761.core.
instr.Instrumenter.inst
rumentError(Instrumente
r.java:161)
	at org.jacoco.agent.rt
.internal_4742761.core.
instr.Instrumenter.inst
rument(Instrumenter.jav
a:111)
	at org.jacoco.agent.rt
.internal_4742761.Cover
ageTransformer.transfor
m(CoverageTransformer.j
ava:92)
	... 130 more
Caused by: java.lang.Il
legalArgumentException:
 Unsupported class 
file major version 68
	at org.jacoco.agent.rt
.internal_4742761.asm.C
lassReader.<init>(Class
Reader.java:200)
	at org.jacoco.agent.rt
.internal_4742761.asm.C
lassReader.<init>(Class
Reader.java:180)
	at org.jacoco.agent.rt
.internal_4742761.asm.C
lassReader.<init>(Class
Reader.java:166)
	at org.jacoco.agent.rt
.internal_4742761.core.
internal.instr.InstrSup
port.classReaderFor(Ins
trSupport.java:280)
	at org.jacoco.agent.rt
.internal_4742761.core.
instr.Instrumenter.inst
rument(Instrumenter.jav
a:77)
	at org.jacoco.agent.rt
.internal_4742761.core.
instr.Instrumenter.inst
rument(Instrumenter.jav
a:109)
	... 131 more
java.lang.instrument.Il
legalClassFormatExcepti
on: Error while 
instrumenting java/sql/
SQLTransactionRollbackE
xception with JaCoCo 0.
8.11.202310140853/f3375
6c.
	at org.jacoco.agent.rt
.internal_4742761.Cover
ageTransformer.transfor
m(CoverageTransformer.j
ava:94)
	at java.instrument/jav
a.lang.instrument.Class
FileTransformer.transfo
rm(ClassFileTransformer
.java:257)
	at java.instrument/sun
.instrument.Transformer
Manager.transform(Trans
formerManager.java:188)
	at java.instrument/sun
.instrument.Instrumenta
tionImpl.transform(Inst
rumentationImpl.java:59
4)
	at java.base/java.lang
.ClassLoader.defineClas
s2(Native Method)
	at java.base/java.lang
.ClassLoader.defineClas
s(ClassLoader.java:1052
)
	at java.base/java.secu
rity.SecureClassLoader.
defineClass(SecureClass
Loader.java:164)
	at java.base/jdk.inter
nal.loader.BuiltinClass
Loader.defineClass(Buil
tinClassLoader.java:735
)
	at java.base/jdk.inter
nal.loader.BuiltinClass
Loader.findClassInModul
eOrNull(BuiltinClassLoa
der.java:678)
	at java.base/jdk.inter
nal.loader.BuiltinClass
Loader.loadClassOrNull(
BuiltinClassLoader.java
:604)
	at java.base/jdk.inter
nal.loader.BuiltinClass
Loader.loadClassOrNull(
BuiltinClassLoader.java
:639)
	at java.base/jdk.inter
nal.loader.BuiltinClass
Loader.loadClassOrNull(
BuiltinClassLoader.java
:608)
	at java.base/jdk.inter
nal.loader.BuiltinClass
Loader.loadClass(Builti
nClassLoader.java:578)
	at java.base/java.lang
.ClassLoader.loadClass(
ClassLoader.java:490)
	at oracle.jdbc.driver.
SQLStateMapping$SqlExce
ptionType.<clinit>(SQLS
tateMapping.java:116)
	at oracle.jdbc.driver.
SQLStateMapping.<clinit
>(SQLStateMapping.java:
144)
	at oracle.jdbc.driver.
DatabaseError.<clinit>(
DatabaseError.java:1187
)
	at oracle.jdbc.diagnos
tics.OracleDiagnosticsM
XBean.getMBeanInfo(Orac
leDiagnosticsMXBean.jav
a:438)
	at java.management/com
.sun.jmx.interceptor.De
faultMBeanServerInterce
ptor.getNewMBeanClassNa
me(DefaultMBeanServerIn
terceptor.java:310)
	at java.management/com
.sun.jmx.interceptor.De
faultMBeanServerInterce
ptor.registerMBean(Defa
ultMBeanServerIntercept
or.java:299)
	at java.management/com
.sun.jmx.mbeanserver.Jm
xMBeanServer.registerMB
ean(JmxMBeanServer.java
:511)
	at oracle.jdbc.driver.
OracleDriver.registerMB
eans(OracleDriver.java:
531)
	at oracle.jdbc.driver.
OracleDriver$1.run(Orac
leDriver.java:289)
	at java.base/java.secu
rity.AccessController.d
oPrivileged(AccessContr
oller.java:74)
	at oracle.jdbc.driver.
OracleDriver.<clinit>(O
racleDriver.java:287)
	at java.base/jdk.inter
nal.misc.Unsafe.ensureC
lassInitialized0(Native
 Method)
	at java.base/jdk.inter
nal.misc.Unsafe.ensureC
lassInitialized(Unsafe.
java:1166)
	at java.base/jdk.inter
nal.reflect.MethodHandl
eAccessorFactory.ensure
ClassInitialized(Method
HandleAccessorFactory.j
ava:341)
	at java.base/jdk.inter
nal.reflect.MethodHandl
eAccessorFactory.newCon
structorAccessor(Method
HandleAccessorFactory.j
ava:104)
	at java.base/jdk.inter
nal.reflect.ReflectionF
actory.newConstructorAc
cessor(ReflectionFactor
y.java:143)
	at java.base/java.lang
.reflect.Constructor.ac
quireConstructorAccesso
r(Constructor.java:546)
	at java.base/java.lang
.reflect.Constructor.ne
wInstanceWithCaller(Con
structor.java:496)
	at java.base/java.lang
.reflect.Constructor.ne
wInstance(Constructor.j
ava:483)
	at com.zaxxer.hikari.H
ikariConfig.setDriverCl
assName(HikariConfig.ja
va:518)
	at org.springframework
.boot.jdbc.DataSourceBu
ilder$MappedDataSourceP
roperty.set(DataSourceB
uilder.java:478)
	at org.springframework
.boot.jdbc.DataSourceBu
ilder$MappedDataSourceP
roperties.set(DataSourc
eBuilder.java:370)
	at org.springframework
.boot.jdbc.DataSourceBu
ilder.build(DataSourceB
uilder.java:185)
	at org.springframework
.boot.autoconfigure.jdb
c.DataSourceConfigurati
on.createDataSource(Dat
aSourceConfiguration.ja
va:67)
	at org.springframework
.boot.autoconfigure.jdb
c.DataSourceConfigurati
on$Hikari.dataSource(Da
taSourceConfiguration.j
ava:127)
	at java.base/jdk.inter
nal.reflect.DirectMetho
dHandleAccessor.invoke(
DirectMethodHandleAcces
sor.java:104)
	at java.base/java.lang
.reflect.Method.invoke(
Method.java:565)
	at org.springframework
.beans.factory.support.
SimpleInstantiationStra
tegy.lambda$instantiate
$0(SimpleInstantiationS
trategy.java:172)
	at org.springframework
.beans.factory.support.
SimpleInstantiationStra
tegy.instantiateWithFac
toryMethod(SimpleInstan
tiationStrategy.java:89
)
	at org.springframework
.beans.factory.support.
SimpleInstantiationStra
tegy.instantiate(Simple
InstantiationStrategy.j
ava:169)
	at org.springframework
.beans.factory.support.
ConstructorResolver.ins
tantiate(ConstructorRes
olver.java:653)
	at org.springframework
.beans.factory.support.
ConstructorResolver.ins
tantiateUsingFactoryMet
hod(ConstructorResolver
.java:645)
	at org.springframework
.beans.factory.support.
AbstractAutowireCapable
BeanFactory.instantiate
UsingFactoryMethod(Abst
ractAutowireCapableBean
Factory.java:1375)
	at org.springframework
.beans.factory.support.
AbstractAutowireCapable
BeanFactory.createBeanI
nstance(AbstractAutowir
eCapableBeanFactory.jav
a:1205)
	at org.springframework
.beans.factory.support.
AbstractAutowireCapable
BeanFactory.doCreateBea
n(AbstractAutowireCapab
leBeanFactory.java:569)
	at org.springframework
.beans.factory.support.
AbstractAutowireCapable
BeanFactory.createBean(
AbstractAutowireCapable
BeanFactory.java:529)
	at org.springframework
.beans.factory.support.
AbstractBeanFactory.lam
bda$doGetBean$0(Abstrac
tBeanFactory.java:339)
	at org.springframework
.beans.factory.support.
DefaultSingletonBeanReg
istry.getSingleton(Defa
ultSingletonBeanRegistr
y.java:373)
	at org.springframework
.beans.factory.support.
AbstractBeanFactory.doG
etBean(AbstractBeanFact
ory.java:337)
	at org.springframework
.beans.factory.support.
AbstractBeanFactory.get
Bean(AbstractBeanFactor
y.java:202)
	at org.springframework
.beans.factory.support.
DefaultListableBeanFact
ory.doResolveDependency
(DefaultListableBeanFac
tory.java:1708)
	at org.springframework
.beans.factory.support.
DefaultListableBeanFact
ory.resolveDependency(D
efaultListableBeanFacto
ry.java:1653)
	at org.springframework
.beans.factory.support.
ConstructorResolver.res
olveAutowiredArgument(C
onstructorResolver.java
:913)
	at org.springframework
.beans.factory.support.
ConstructorResolver.cre
ateArgumentArray(Constr
uctorResolver.java:791)
	at org.springframework
.beans.factory.support.
ConstructorResolver.ins
tantiateUsingFactoryMet
hod(ConstructorResolver
.java:546)
	at org.springframework
.beans.factory.support.
AbstractAutowireCapable
BeanFactory.instantiate
UsingFactoryMethod(Abst
ractAutowireCapableBean
Factory.java:1375)
	at org.springframework
.beans.factory.support.
AbstractAutowireCapable
BeanFactory.createBeanI
nstance(AbstractAutowir
eCapableBeanFactory.jav
a:1205)
	at org.springframework
.beans.factory.support.
AbstractAutowireCapable
BeanFactory.doCreateBea
n(AbstractAutowireCapab
leBeanFactory.java:569)
	at org.springframework
.beans.factory.support.
AbstractAutowireCapable
BeanFactory.createBean(
AbstractAutowireCapable
BeanFactory.java:529)
	at org.springframework
.beans.factory.support.
AbstractBeanFactory.lam
bda$doGetBean$0(Abstrac
tBeanFactory.java:339)
	at org.springframework
.beans.factory.support.
DefaultSingletonBeanReg
istry.getSingleton(Defa
ultSingletonBeanRegistr
y.java:373)
	at org.springframework
.beans.factory.support.
AbstractBeanFactory.doG
etBean(AbstractBeanFact
ory.java:337)
	at org.springframework
.beans.factory.support.
AbstractBeanFactory.get
Bean(AbstractBeanFactor
y.java:202)
	at org.springframework
.beans.factory.support.
AbstractBeanFactory.doG
etBean(AbstractBeanFact
ory.java:315)
	at org.springframework
.beans.factory.support.
AbstractBeanFactory.get
Bean(AbstractBeanFactor
y.java:207)
	at org.springframework
.context.support.Abstra
ctApplicationContext.fi
nishBeanFactoryInitiali
zation(AbstractApplicat
ionContext.java:974)
	at org.springframework
.context.support.Abstra
ctApplicationContext.re
fresh(AbstractApplicati
onContext.java:628)
	at org.springframework
.boot.SpringApplication
.refresh(SpringApplicat
ion.java:752)
	at org.springframework
.boot.SpringApplication
.refreshContext(SpringA
pplication.java:439)
	at org.springframework
.boot.SpringApplication
.run(SpringApplication.
java:318)
	at org.springframework
.boot.test.context.Spri
ngBootContextLoader.lam
bda$loadContext$3(Sprin
gBootContextLoader.java
:152)
	at org.springframework
.util.function.Throwing
Supplier.get(ThrowingSu
pplier.java:58)
	at org.springframework
.util.function.Throwing
Supplier.get(ThrowingSu
pplier.java:46)
	at org.springframework
.boot.SpringApplication
.withHook(SpringApplica
tion.java:1461)
	at org.springframework
.boot.test.context.Spri
ngBootContextLoader$Con
textLoaderHook.run(Spri
ngBootContextLoader.jav
a:595)
	at org.springframework
.boot.test.context.Spri
ngBootContextLoader.loa
dContext(SpringBootCont
extLoader.java:152)
	at org.springframework
.boot.test.context.Spri
ngBootContextLoader.loa
dContext(SpringBootCont
extLoader.java:111)
	at org.springframework
.test.context.cache.Def
aultCacheAwareContextLo
aderDelegate.loadContex
tInternal(DefaultCacheA
wareContextLoaderDelega
te.java:225)
	at org.springframework
.test.context.cache.Def
aultCacheAwareContextLo
aderDelegate.loadContex
t(DefaultCacheAwareCont
extLoaderDelegate.java:
152)
	at org.springframework
.test.context.support.D
efaultTestContext.getAp
plicationContext(Defaul
tTestContext.java:130)
	at org.springframework
.test.context.support.D
ependencyInjectionTestE
xecutionListener.inject
Dependencies(Dependency
InjectionTestExecutionL
istener.java:155)
	at org.springframework
.test.context.support.D
ependencyInjectionTestE
xecutionListener.prepar
eTestInstance(Dependenc
yInjectionTestExecution
Listener.java:111)
	at org.springframework
.test.context.TestConte
xtManager.prepareTestIn
stance(TestContextManag
er.java:260)
	at org.springframework
.test.context.junit4.Sp
ringJUnit4ClassRunner.c
reateTest(SpringJUnit4C
lassRunner.java:228)
	at org.springframework
.test.context.junit4.Sp
ringJUnit4ClassRunner$1
.runReflectiveCall(Spri
ngJUnit4ClassRunner.jav
a:289)
	at org.junit.internal.
runners.model.Reflectiv
eCallable.run(Reflectiv
eCallable.java:12)
	at org.springframework
.test.context.junit4.Sp
ringJUnit4ClassRunner.m
ethodBlock(SpringJUnit4
ClassRunner.java:291)
	at org.springframework
.test.context.junit4.Sp
ringJUnit4ClassRunner.r
unChild(SpringJUnit4Cla
ssRunner.java:247)
	at org.springframework
.test.context.junit4.Sp
ringJUnit4ClassRunner.r
unChild(SpringJUnit4Cla
ssRunner.java:97)
	at org.junit.runners.P
arentRunner$4.run(Paren
tRunner.java:331)
	at org.junit.runners.P
arentRunner$1.schedule(
ParentRunner.java:79)
	at org.junit.runners.P
arentRunner.runChildren
(ParentRunner.java:329)
	at org.junit.runners.P
arentRunner.access$100(
ParentRunner.java:66)
	at org.junit.runners.P
arentRunner$2.evaluate(
ParentRunner.java:293)
	at org.springframework
.test.context.junit4.st
atements.RunBeforeTestC
lassCallbacks.evaluate(
RunBeforeTestClassCallb
acks.java:61)
	at org.springframework
.test.context.junit4.st
atements.RunAfterTestCl
assCallbacks.evaluate(R
unAfterTestClassCallbac
ks.java:70)
	at org.junit.runners.P
arentRunner$3.evaluate(
ParentRunner.java:306)
	at org.junit.runners.P
arentRunner.run(ParentR
unner.java:413)
	at org.springframework
.test.context.junit4.Sp
ringJUnit4ClassRunner.r
un(SpringJUnit4ClassRun
ner.java:191)
	at org.junit.runner.JU
nitCore.run(JUnitCore.j
ava:137)
	at org.junit.runner.JU
nitCore.run(JUnitCore.j
ava:115)
	at org.junit.vintage.e
ngine.execution.RunnerE
xecutor.execute(RunnerE
xecutor.java:42)
	at org.junit.vintage.e
ngine.execution.Vintage
Executor.executeClasses
AndMethodsSequentially(
VintageExecutor.java:93
)
	at org.junit.vintage.e
ngine.execution.Vintage
Executor.executeAllChil
dren(VintageExecutor.ja
va:73)
	at org.junit.vintage.e
ngine.VintageTestEngine
.execute(VintageTestEng
ine.java:70)
	at org.junit.platform.
launcher.core.EngineExe
cutionOrchestrator.exec
ute(EngineExecutionOrch
estrator.java:201)
	at org.junit.platform.
launcher.core.EngineExe
cutionOrchestrator.exec
ute(EngineExecutionOrch
estrator.java:170)
	at org.junit.platform.
launcher.core.EngineExe
cutionOrchestrator.exec
ute(EngineExecutionOrch
estrator.java:94)
	at org.junit.platform.
launcher.core.EngineExe
cutionOrchestrator.lamb
da$execute$0(EngineExec
utionOrchestrator.java:
59)
	at org.junit.platform.
launcher.core.EngineExe
cutionOrchestrator.with
InterceptedStreams(Engi
neExecutionOrchestrator
.java:142)
	at org.junit.platform.
launcher.core.EngineExe
cutionOrchestrator.exec
ute(EngineExecutionOrch
estrator.java:58)
	at org.junit.platform.
launcher.core.DefaultLa
uncher.execute(DefaultL
auncher.java:103)
	at org.junit.platform.
launcher.core.DefaultLa
uncher.execute(DefaultL
auncher.java:85)
	at org.junit.platform.
launcher.core.Delegatin
gLauncher.execute(Deleg
atingLauncher.java:47)
	at org.junit.platform.
launcher.core.Intercept
ingLauncher.lambda$exec
ute$1(InterceptingLaunc
her.java:39)
	at org.junit.platform.
launcher.core.Classpath
AlignmentCheckingLaunch
erInterceptor.intercept
(ClasspathAlignmentChec
kingLauncherInterceptor
.java:25)
	at org.junit.platform.
launcher.core.Intercept
ingLauncher.execute(Int
erceptingLauncher.java:
38)
	at org.junit.platform.
launcher.core.Delegatin
gLauncher.execute(Deleg
atingLauncher.java:47)
	at org.apache.maven.su
refire.junitplatform.La
uncherAdapter.executeWi
thoutCancellationToken(
LauncherAdapter.java:60
)
	at org.apache.maven.su
refire.junitplatform.La
uncherAdapter.execute(L
auncherAdapter.java:52)
	at org.apache.maven.su
refire.junitplatform.JU
nitPlatformProvider.exe
cute(JUnitPlatformProvi
der.java:203)
	at org.apache.maven.su
refire.junitplatform.JU
nitPlatformProvider.inv
okeAllTests(JUnitPlatfo
rmProvider.java:168)
	at org.apache.maven.su
refire.junitplatform.JU
nitPlatformProvider.inv
oke(JUnitPlatformProvid
er.java:136)
	at org.apache.maven.su
refire.booter.ForkedBoo
ter.runSuitesInProcess(
ForkedBooter.java:385)
	at org.apache.maven.su
refire.booter.ForkedBoo
ter.execute(ForkedBoote
r.java:162)
	at org.apache.maven.su
refire.booter.ForkedBoo
ter.run(ForkedBooter.ja
va:507)
	at org.apache.maven.su
refire.booter.ForkedBoo
ter.main(ForkedBooter.j
ava:495)
Caused by: 
java.io.IOException: 
Error while 
instrumenting java/sql/
SQLTransactionRollbackE
xception with JaCoCo 0.
8.11.202310140853/f3375
6c.
	at org.jacoco.agent.rt
.internal_4742761.core.
instr.Instrumenter.inst
rumentError(Instrumente
r.java:161)
	at org.jacoco.agent.rt
.internal_4742761.core.
instr.Instrumenter.inst
rument(Instrumenter.jav
a:111)
	at org.jacoco.agent.rt
.internal_4742761.Cover
ageTransformer.transfor
m(CoverageTransformer.j
ava:92)
	... 130 more
Caused by: java.lang.Il
legalArgumentException:
 Unsupported class 
file major version 68
	at org.jacoco.agent.rt
.internal_4742761.asm.C
lassReader.<init>(Class
Reader.java:200)
	at org.jacoco.agent.rt
.internal_4742761.asm.C
lassReader.<init>(Class
Reader.java:180)
	at org.jacoco.agent.rt
.internal_4742761.asm.C
lassReader.<init>(Class
Reader.java:166)
	at org.jacoco.agent.rt
.internal_4742761.core.
internal.instr.InstrSup
port.classReaderFor(Ins
trSupport.java:280)
	at org.jacoco.agent.rt
.internal_4742761.core.
instr.Instrumenter.inst
rument(Instrumenter.jav
a:77)
	at org.jacoco.agent.rt
.internal_4742761.core.
instr.Instrumenter.inst
rument(Instrumenter.jav
a:109)
	... 131 more
java.lang.instrument.Il
legalClassFormatExcepti
on: Error while 
instrumenting java/sql/
SQLTransientConnectionE
xception with JaCoCo 0.
8.11.202310140853/f3375
6c.
	at org.jacoco.agent.rt
.internal_4742761.Cover
ageTransformer.transfor
m(CoverageTransformer.j
ava:94)
	at java.instrument/jav
a.lang.instrument.Class
FileTransformer.transfo
rm(ClassFileTransformer
.java:257)
	at java.instrument/sun
.instrument.Transformer
Manager.transform(Trans
formerManager.java:188)
	at java.instrument/sun
.instrument.Instrumenta
tionImpl.transform(Inst
rumentationImpl.java:59
4)
	at java.base/java.lang
.ClassLoader.defineClas
s2(Native Method)
	at java.base/java.lang
.ClassLoader.defineClas
s(ClassLoader.java:1052
)
	at java.base/java.secu
rity.SecureClassLoader.
defineClass(SecureClass
Loader.java:164)
	at java.base/jdk.inter
nal.loader.BuiltinClass
Loader.defineClass(Buil
tinClassLoader.java:735
)
	at java.base/jdk.inter
nal.loader.BuiltinClass
Loader.findClassInModul
eOrNull(BuiltinClassLoa
der.java:678)
	at java.base/jdk.inter
nal.loader.BuiltinClass
Loader.loadClassOrNull(
BuiltinClassLoader.java
:604)
	at java.base/jdk.inter
nal.loader.BuiltinClass
Loader.loadClassOrNull(
BuiltinClassLoader.java
:639)
	at java.base/jdk.inter
nal.loader.BuiltinClass
Loader.loadClassOrNull(
BuiltinClassLoader.java
:608)
	at java.base/jdk.inter
nal.loader.BuiltinClass
Loader.loadClass(Builti
nClassLoader.java:578)
	at java.base/java.lang
.ClassLoader.loadClass(
ClassLoader.java:490)
	at oracle.jdbc.driver.
SQLStateMapping$SqlExce
ptionType.<clinit>(SQLS
tateMapping.java:122)
	at oracle.jdbc.driver.
SQLStateMapping.<clinit
>(SQLStateMapping.java:
144)
	at oracle.jdbc.driver.
DatabaseError.<clinit>(
DatabaseError.java:1187
)
	at oracle.jdbc.diagnos
tics.OracleDiagnosticsM
XBean.getMBeanInfo(Orac
leDiagnosticsMXBean.jav
a:438)
	at java.management/com
.sun.jmx.interceptor.De
faultMBeanServerInterce
ptor.getNewMBeanClassNa
me(DefaultMBeanServerIn
terceptor.java:310)
	at java.management/com
.sun.jmx.interceptor.De
faultMBeanServerInterce
ptor.registerMBean(Defa
ultMBeanServerIntercept
or.java:299)
	at java.management/com
.sun.jmx.mbeanserver.Jm
xMBeanServer.registerMB
ean(JmxMBeanServer.java
:511)
	at oracle.jdbc.driver.
OracleDriver.registerMB
eans(OracleDriver.java:
531)
	at oracle.jdbc.driver.
OracleDriver$1.run(Orac
leDriver.java:289)
	at java.base/java.secu
rity.AccessController.d
oPrivileged(AccessContr
oller.java:74)
	at oracle.jdbc.driver.
OracleDriver.<clinit>(O
racleDriver.java:287)
	at java.base/jdk.inter
nal.misc.Unsafe.ensureC
lassInitialized0(Native
 Method)
	at java.base/jdk.inter
nal.misc.Unsafe.ensureC
lassInitialized(Unsafe.
java:1166)
	at java.base/jdk.inter
nal.reflect.MethodHandl
eAccessorFactory.ensure
ClassInitialized(Method
HandleAccessorFactory.j
ava:341)
	at java.base/jdk.inter
nal.reflect.MethodHandl
eAccessorFactory.newCon
structorAccessor(Method
HandleAccessorFactory.j
ava:104)
	at java.base/jdk.inter
nal.reflect.ReflectionF
actory.newConstructorAc
cessor(ReflectionFactor
y.java:143)
	at java.base/java.lang
.reflect.Constructor.ac
quireConstructorAccesso
r(Constructor.java:546)
	at java.base/java.lang
.reflect.Constructor.ne
wInstanceWithCaller(Con
structor.java:496)
	at java.base/java.lang
.reflect.Constructor.ne
wInstance(Constructor.j
ava:483)
	at com.zaxxer.hikari.H
ikariConfig.setDriverCl
assName(HikariConfig.ja
va:518)
	at org.springframework
.boot.jdbc.DataSourceBu
ilder$MappedDataSourceP
roperty.set(DataSourceB
uilder.java:478)
	at org.springframework
.boot.jdbc.DataSourceBu
ilder$MappedDataSourceP
roperties.set(DataSourc
eBuilder.java:370)
	at org.springframework
.boot.jdbc.DataSourceBu
ilder.build(DataSourceB
uilder.java:185)
	at org.springframework
.boot.autoconfigure.jdb
c.DataSourceConfigurati
on.createDataSource(Dat
aSourceConfiguration.ja
va:67)
	at org.springframework
.boot.autoconfigure.jdb
c.DataSourceConfigurati
on$Hikari.dataSource(Da
taSourceConfiguration.j
ava:127)
	at java.base/jdk.inter
nal.reflect.DirectMetho
dHandleAccessor.invoke(
DirectMethodHandleAcces
sor.java:104)
	at java.base/java.lang
.reflect.Method.invoke(
Method.java:565)
	at org.springframework
.beans.factory.support.
SimpleInstantiationStra
tegy.lambda$instantiate
$0(SimpleInstantiationS
trategy.java:172)
	at org.springframework
.beans.factory.support.
SimpleInstantiationStra
tegy.instantiateWithFac
toryMethod(SimpleInstan
tiationStrategy.java:89
)
	at org.springframework
.beans.factory.support.
SimpleInstantiationStra
tegy.instantiate(Simple
InstantiationStrategy.j
ava:169)
	at org.springframework
.beans.factory.support.
ConstructorResolver.ins
tantiate(ConstructorRes
olver.java:653)
	at org.springframework
.beans.factory.support.
ConstructorResolver.ins
tantiateUsingFactoryMet
hod(ConstructorResolver
.java:645)
	at org.springframework
.beans.factory.support.
AbstractAutowireCapable
BeanFactory.instantiate
UsingFactoryMethod(Abst
ractAutowireCapableBean
Factory.java:1375)
	at org.springframework
.beans.factory.support.
AbstractAutowireCapable
BeanFactory.createBeanI
nstance(AbstractAutowir
eCapableBeanFactory.jav
a:1205)
	at org.springframework
.beans.factory.support.
AbstractAutowireCapable
BeanFactory.doCreateBea
n(AbstractAutowireCapab
leBeanFactory.java:569)
	at org.springframework
.beans.factory.support.
AbstractAutowireCapable
BeanFactory.createBean(
AbstractAutowireCapable
BeanFactory.java:529)
	at org.springframework
.beans.factory.support.
AbstractBeanFactory.lam
bda$doGetBean$0(Abstrac
tBeanFactory.java:339)
	at org.springframework
.beans.factory.support.
DefaultSingletonBeanReg
istry.getSingleton(Defa
ultSingletonBeanRegistr
y.java:373)
	at org.springframework
.beans.factory.support.
AbstractBeanFactory.doG
etBean(AbstractBeanFact
ory.java:337)
	at org.springframework
.beans.factory.support.
AbstractBeanFactory.get
Bean(AbstractBeanFactor
y.java:202)
	at org.springframework
.beans.factory.support.
DefaultListableBeanFact
ory.doResolveDependency
(DefaultListableBeanFac
tory.java:1708)
	at org.springframework
.beans.factory.support.
DefaultListableBeanFact
ory.resolveDependency(D
efaultListableBeanFacto
ry.java:1653)
	at org.springframework
.beans.factory.support.
ConstructorResolver.res
olveAutowiredArgument(C
onstructorResolver.java
:913)
	at org.springframework
.beans.factory.support.
ConstructorResolver.cre
ateArgumentArray(Constr
uctorResolver.java:791)
	at org.springframework
.beans.factory.support.
ConstructorResolver.ins
tantiateUsingFactoryMet
hod(ConstructorResolver
.java:546)
	at org.springframework
.beans.factory.support.
AbstractAutowireCapable
BeanFactory.instantiate
UsingFactoryMethod(Abst
ractAutowireCapableBean
Factory.java:1375)
	at org.springframework
.beans.factory.support.
AbstractAutowireCapable
BeanFactory.createBeanI
nstance(AbstractAutowir
eCapableBeanFactory.jav
a:1205)
	at org.springframework
.beans.factory.support.
AbstractAutowireCapable
BeanFactory.doCreateBea
n(AbstractAutowireCapab
leBeanFactory.java:569)
	at org.springframework
.beans.factory.support.
AbstractAutowireCapable
BeanFactory.createBean(
AbstractAutowireCapable
BeanFactory.java:529)
	at org.springframework
.beans.factory.support.
AbstractBeanFactory.lam
bda$doGetBean$0(Abstrac
tBeanFactory.java:339)
	at org.springframework
.beans.factory.support.
DefaultSingletonBeanReg
istry.getSingleton(Defa
ultSingletonBeanRegistr
y.java:373)
	at org.springframework
.beans.factory.support.
AbstractBeanFactory.doG
etBean(AbstractBeanFact
ory.java:337)
	at org.springframework
.beans.factory.support.
AbstractBeanFactory.get
Bean(AbstractBeanFactor
y.java:202)
	at org.springframework
.beans.factory.support.
AbstractBeanFactory.doG
etBean(AbstractBeanFact
ory.java:315)
	at org.springframework
.beans.factory.support.
AbstractBeanFactory.get
Bean(AbstractBeanFactor
y.java:207)
	at org.springframework
.context.support.Abstra
ctApplicationContext.fi
nishBeanFactoryInitiali
zation(AbstractApplicat
ionContext.java:974)
	at org.springframework
.context.support.Abstra
ctApplicationContext.re
fresh(AbstractApplicati
onContext.java:628)
	at org.springframework
.boot.SpringApplication
.refresh(SpringApplicat
ion.java:752)
	at org.springframework
.boot.SpringApplication
.refreshContext(SpringA
pplication.java:439)
	at org.springframework
.boot.SpringApplication
.run(SpringApplication.
java:318)
	at org.springframework
.boot.test.context.Spri
ngBootContextLoader.lam
bda$loadContext$3(Sprin
gBootContextLoader.java
:152)
	at org.springframework
.util.function.Throwing
Supplier.get(ThrowingSu
pplier.java:58)
	at org.springframework
.util.function.Throwing
Supplier.get(ThrowingSu
pplier.java:46)
	at org.springframework
.boot.SpringApplication
.withHook(SpringApplica
tion.java:1461)
	at org.springframework
.boot.test.context.Spri
ngBootContextLoader$Con
textLoaderHook.run(Spri
ngBootContextLoader.jav
a:595)
	at org.springframework
.boot.test.context.Spri
ngBootContextLoader.loa
dContext(SpringBootCont
extLoader.java:152)
	at org.springframework
.boot.test.context.Spri
ngBootContextLoader.loa
dContext(SpringBootCont
extLoader.java:111)
	at org.springframework
.test.context.cache.Def
aultCacheAwareContextLo
aderDelegate.loadContex
tInternal(DefaultCacheA
wareContextLoaderDelega
te.java:225)
	at org.springframework
.test.context.cache.Def
aultCacheAwareContextLo
aderDelegate.loadContex
t(DefaultCacheAwareCont
extLoaderDelegate.java:
152)
	at org.springframework
.test.context.support.D
efaultTestContext.getAp
plicationContext(Defaul
tTestContext.java:130)
	at org.springframework
.test.context.support.D
ependencyInjectionTestE
xecutionListener.inject
Dependencies(Dependency
InjectionTestExecutionL
istener.java:155)
	at org.springframework
.test.context.support.D
ependencyInjectionTestE
xecutionListener.prepar
eTestInstance(Dependenc
yInjectionTestExecution
Listener.java:111)
	at org.springframework
.test.context.TestConte
xtManager.prepareTestIn
stance(TestContextManag
er.java:260)
	at org.springframework
.test.context.junit4.Sp
ringJUnit4ClassRunner.c
reateTest(SpringJUnit4C
lassRunner.java:228)
	at org.springframework
.test.context.junit4.Sp
ringJUnit4ClassRunner$1
.runReflectiveCall(Spri
ngJUnit4ClassRunner.jav
a:289)
	at org.junit.internal.
runners.model.Reflectiv
eCallable.run(Reflectiv
eCallable.java:12)
	at org.springframework
.test.context.junit4.Sp
ringJUnit4ClassRunner.m
ethodBlock(SpringJUnit4
ClassRunner.java:291)
	at org.springframework
.test.context.junit4.Sp
ringJUnit4ClassRunner.r
unChild(SpringJUnit4Cla
ssRunner.java:247)
	at org.springframework
.test.context.junit4.Sp
ringJUnit4ClassRunner.r
unChild(SpringJUnit4Cla
ssRunner.java:97)
	at org.junit.runners.P
arentRunner$4.run(Paren
tRunner.java:331)
	at org.junit.runners.P
arentRunner$1.schedule(
ParentRunner.java:79)
	at org.junit.runners.P
arentRunner.runChildren
(ParentRunner.java:329)
	at org.junit.runners.P
arentRunner.access$100(
ParentRunner.java:66)
	at org.junit.runners.P
arentRunner$2.evaluate(
ParentRunner.java:293)
	at org.springframework
.test.context.junit4.st
atements.RunBeforeTestC
lassCallbacks.evaluate(
RunBeforeTestClassCallb
acks.java:61)
	at org.springframework
.test.context.junit4.st
atements.RunAfterTestCl
assCallbacks.evaluate(R
unAfterTestClassCallbac
ks.java:70)
	at org.junit.runners.P
arentRunner$3.evaluate(
ParentRunner.java:306)
	at org.junit.runners.P
arentRunner.run(ParentR
unner.java:413)
	at org.springframework
.test.context.junit4.Sp
ringJUnit4ClassRunner.r
un(SpringJUnit4ClassRun
ner.java:191)
	at org.junit.runner.JU
nitCore.run(JUnitCore.j
ava:137)
	at org.junit.runner.JU
nitCore.run(JUnitCore.j
ava:115)
	at org.junit.vintage.e
ngine.execution.RunnerE
xecutor.execute(RunnerE
xecutor.java:42)
	at org.junit.vintage.e
ngine.execution.Vintage
Executor.executeClasses
AndMethodsSequentially(
VintageExecutor.java:93
)
	at org.junit.vintage.e
ngine.execution.Vintage
Executor.executeAllChil
dren(VintageExecutor.ja
va:73)
	at org.junit.vintage.e
ngine.VintageTestEngine
.execute(VintageTestEng
ine.java:70)
	at org.junit.platform.
launcher.core.EngineExe
cutionOrchestrator.exec
ute(EngineExecutionOrch
estrator.java:201)
	at org.junit.platform.
launcher.core.EngineExe
cutionOrchestrator.exec
ute(EngineExecutionOrch
estrator.java:170)
	at org.junit.platform.
launcher.core.EngineExe
cutionOrchestrator.exec
ute(EngineExecutionOrch
estrator.java:94)
	at org.junit.platform.
launcher.core.EngineExe
cutionOrchestrator.lamb
da$execute$0(EngineExec
utionOrchestrator.java:
59)
	at org.junit.platform.
launcher.core.EngineExe
cutionOrchestrator.with
InterceptedStreams(Engi
neExecutionOrchestrator
.java:142)
	at org.junit.platform.
launcher.core.EngineExe
cutionOrchestrator.exec
ute(EngineExecutionOrch
estrator.java:58)
	at org.junit.platform.
launcher.core.DefaultLa
uncher.execute(DefaultL
auncher.java:103)
	at org.junit.platform.
launcher.core.DefaultLa
uncher.execute(DefaultL
auncher.java:85)
	at org.junit.platform.
launcher.core.Delegatin
gLauncher.execute(Deleg
atingLauncher.java:47)
	at org.junit.platform.
launcher.core.Intercept
ingLauncher.lambda$exec
ute$1(InterceptingLaunc
her.java:39)
	at org.junit.platform.
launcher.core.Classpath
AlignmentCheckingLaunch
erInterceptor.intercept
(ClasspathAlignmentChec
kingLauncherInterceptor
.java:25)
	at org.junit.platform.
launcher.core.Intercept
ingLauncher.execute(Int
erceptingLauncher.java:
38)
	at org.junit.platform.
launcher.core.Delegatin
gLauncher.execute(Deleg
atingLauncher.java:47)
	at org.apache.maven.su
refire.junitplatform.La
uncherAdapter.executeWi
thoutCancellationToken(
LauncherAdapter.java:60
)
	at org.apache.maven.su
refire.junitplatform.La
uncherAdapter.execute(L
auncherAdapter.java:52)
	at org.apache.maven.su
refire.junitplatform.JU
nitPlatformProvider.exe
cute(JUnitPlatformProvi
der.java:203)
	at org.apache.maven.su
refire.junitplatform.JU
nitPlatformProvider.inv
okeAllTests(JUnitPlatfo
rmProvider.java:168)
	at org.apache.maven.su
refire.junitplatform.JU
nitPlatformProvider.inv
oke(JUnitPlatformProvid
er.java:136)
	at org.apache.maven.su
refire.booter.ForkedBoo
ter.runSuitesInProcess(
ForkedBooter.java:385)
	at org.apache.maven.su
refire.booter.ForkedBoo
ter.execute(ForkedBoote
r.java:162)
	at org.apache.maven.su
refire.booter.ForkedBoo
ter.run(ForkedBooter.ja
va:507)
	at org.apache.maven.su
refire.booter.ForkedBoo
ter.main(ForkedBooter.j
ava:495)
Caused by: 
java.io.IOException: 
Error while 
instrumenting java/sql/
SQLTransientConnectionE
xception with JaCoCo 0.
8.11.202310140853/f3375
6c.
	at org.jacoco.agent.rt
.internal_4742761.core.
instr.Instrumenter.inst
rumentError(Instrumente
r.java:161)
	at org.jacoco.agent.rt
.internal_4742761.core.
instr.Instrumenter.inst
rument(Instrumenter.jav
a:111)
	at org.jacoco.agent.rt
.internal_4742761.Cover
ageTransformer.transfor
m(CoverageTransformer.j
ava:92)
	... 130 more
Caused by: java.lang.Il
legalArgumentException:
 Unsupported class 
file major version 68
	at org.jacoco.agent.rt
.internal_4742761.asm.C
lassReader.<init>(Class
Reader.java:200)
	at org.jacoco.agent.rt
.internal_4742761.asm.C
lassReader.<init>(Class
Reader.java:180)
	at org.jacoco.agent.rt
.internal_4742761.asm.C
lassReader.<init>(Class
Reader.java:166)
	at org.jacoco.agent.rt
.internal_4742761.core.
internal.instr.InstrSup
port.classReaderFor(Ins
trSupport.java:280)
	at org.jacoco.agent.rt
.internal_4742761.core.
instr.Instrumenter.inst
rument(Instrumenter.jav
a:77)
	at org.jacoco.agent.rt
.internal_4742761.core.
instr.Instrumenter.inst
rument(Instrumenter.jav
a:109)
	... 131 more
java.lang.instrument.Il
legalClassFormatExcepti
on: Error while 
instrumenting java/sql/
SQLClientInfoException 
with JaCoCo 0.8.11.2023
10140853/f33756c.
	at org.jacoco.agent.rt
.internal_4742761.Cover
ageTransformer.transfor
m(CoverageTransformer.j
ava:94)
	at java.instrument/jav
a.lang.instrument.Class
FileTransformer.transfo
rm(ClassFileTransformer
.java:257)
	at java.instrument/sun
.instrument.Transformer
Manager.transform(Trans
formerManager.java:188)
	at java.instrument/sun
.instrument.Instrumenta
tionImpl.transform(Inst
rumentationImpl.java:59
4)
	at java.base/java.lang
.ClassLoader.defineClas
s2(Native Method)
	at java.base/java.lang
.ClassLoader.defineClas
s(ClassLoader.java:1052
)
	at java.base/java.secu
rity.SecureClassLoader.
defineClass(SecureClass
Loader.java:164)
	at java.base/jdk.inter
nal.loader.BuiltinClass
Loader.defineClass(Buil
tinClassLoader.java:735
)
	at java.base/jdk.inter
nal.loader.BuiltinClass
Loader.findClassInModul
eOrNull(BuiltinClassLoa
der.java:678)
	at java.base/jdk.inter
nal.loader.BuiltinClass
Loader.loadClassOrNull(
BuiltinClassLoader.java
:604)
	at java.base/jdk.inter
nal.loader.BuiltinClass
Loader.loadClassOrNull(
BuiltinClassLoader.java
:639)
	at java.base/jdk.inter
nal.loader.BuiltinClass
Loader.loadClassOrNull(
BuiltinClassLoader.java
:608)
	at java.base/jdk.inter
nal.loader.BuiltinClass
Loader.loadClass(Builti
nClassLoader.java:578)
	at java.base/java.lang
.ClassLoader.loadClass(
ClassLoader.java:490)
	at oracle.jdbc.driver.
SQLStateMapping$SqlExce
ptionType.<clinit>(SQLS
tateMapping.java:128)
	at oracle.jdbc.driver.
SQLStateMapping.<clinit
>(SQLStateMapping.java:
144)
	at oracle.jdbc.driver.
DatabaseError.<clinit>(
DatabaseError.java:1187
)
	at oracle.jdbc.diagnos
tics.OracleDiagnosticsM
XBean.getMBeanInfo(Orac
leDiagnosticsMXBean.jav
a:438)
	at java.management/com
.sun.jmx.interceptor.De
faultMBeanServerInterce
ptor.getNewMBeanClassNa
me(DefaultMBeanServerIn
terceptor.java:310)
	at java.management/com
.sun.jmx.interceptor.De
faultMBeanServerInterce
ptor.registerMBean(Defa
ultMBeanServerIntercept
or.java:299)
	at java.management/com
.sun.jmx.mbeanserver.Jm
xMBeanServer.registerMB
ean(JmxMBeanServer.java
:511)
	at oracle.jdbc.driver.
OracleDriver.registerMB
eans(OracleDriver.java:
531)
	at oracle.jdbc.driver.
OracleDriver$1.run(Orac
leDriver.java:289)
	at java.base/java.secu
rity.AccessController.d
oPrivileged(AccessContr
oller.java:74)
	at oracle.jdbc.driver.
OracleDriver.<clinit>(O
racleDriver.java:287)
	at java.base/jdk.inter
nal.misc.Unsafe.ensureC
lassInitialized0(Native
 Method)
	at java.base/jdk.inter
nal.misc.Unsafe.ensureC
lassInitialized(Unsafe.
java:1166)
	at java.base/jdk.inter
nal.reflect.MethodHandl
eAccessorFactory.ensure
ClassInitialized(Method
HandleAccessorFactory.j
ava:341)
	at java.base/jdk.inter
nal.reflect.MethodHandl
eAccessorFactory.newCon
structorAccessor(Method
HandleAccessorFactory.j
ava:104)
	at java.base/jdk.inter
nal.reflect.ReflectionF
actory.newConstructorAc
cessor(ReflectionFactor
y.java:143)
	at java.base/java.lang
.reflect.Constructor.ac
quireConstructorAccesso
r(Constructor.java:546)
	at java.base/java.lang
.reflect.Constructor.ne
wInstanceWithCaller(Con
structor.java:496)
	at java.base/java.lang
.reflect.Constructor.ne
wInstance(Constructor.j
ava:483)
	at com.zaxxer.hikari.H
ikariConfig.setDriverCl
assName(HikariConfig.ja
va:518)
	at org.springframework
.boot.jdbc.DataSourceBu
ilder$MappedDataSourceP
roperty.set(DataSourceB
uilder.java:478)
	at org.springframework
.boot.jdbc.DataSourceBu
ilder$MappedDataSourceP
roperties.set(DataSourc
eBuilder.java:370)
	at org.springframework
.boot.jdbc.DataSourceBu
ilder.build(DataSourceB
uilder.java:185)
	at org.springframework
.boot.autoconfigure.jdb
c.DataSourceConfigurati
on.createDataSource(Dat
aSourceConfiguration.ja
va:67)
	at org.springframework
.boot.autoconfigure.jdb
c.DataSourceConfigurati
on$Hikari.dataSource(Da
taSourceConfiguration.j
ava:127)
	at java.base/jdk.inter
nal.reflect.DirectMetho
dHandleAccessor.invoke(
DirectMethodHandleAcces
sor.java:104)
	at java.base/java.lang
.reflect.Method.invoke(
Method.java:565)
	at org.springframework
.beans.factory.support.
SimpleInstantiationStra
tegy.lambda$instantiate
$0(SimpleInstantiationS
trategy.java:172)
	at org.springframework
.beans.factory.support.
SimpleInstantiationStra
tegy.instantiateWithFac
toryMethod(SimpleInstan
tiationStrategy.java:89
)
	at org.springframework
.beans.factory.support.
SimpleInstantiationStra
tegy.instantiate(Simple
InstantiationStrategy.j
ava:169)
	at org.springframework
.beans.factory.support.
ConstructorResolver.ins
tantiate(ConstructorRes
olver.java:653)
	at org.springframework
.beans.factory.support.
ConstructorResolver.ins
tantiateUsingFactoryMet
hod(ConstructorResolver
.java:645)
	at org.springframework
.beans.factory.support.
AbstractAutowireCapable
BeanFactory.instantiate
UsingFactoryMethod(Abst
ractAutowireCapableBean
Factory.java:1375)
	at org.springframework
.beans.factory.support.
AbstractAutowireCapable
BeanFactory.createBeanI
nstance(AbstractAutowir
eCapableBeanFactory.jav
a:1205)
	at org.springframework
.beans.factory.support.
AbstractAutowireCapable
BeanFactory.doCreateBea
n(AbstractAutowireCapab
leBeanFactory.java:569)
	at org.springframework
.beans.factory.support.
AbstractAutowireCapable
BeanFactory.createBean(
AbstractAutowireCapable
BeanFactory.java:529)
	at org.springframework
.beans.factory.support.
AbstractBeanFactory.lam
bda$doGetBean$0(Abstrac
tBeanFactory.java:339)
	at org.springframework
.beans.factory.support.
DefaultSingletonBeanReg
istry.getSingleton(Defa
ultSingletonBeanRegistr
y.java:373)
	at org.springframework
.beans.factory.support.
AbstractBeanFactory.doG
etBean(AbstractBeanFact
ory.java:337)
	at org.springframework
.beans.factory.support.
AbstractBeanFactory.get
Bean(AbstractBeanFactor
y.java:202)
	at org.springframework
.beans.factory.support.
DefaultListableBeanFact
ory.doResolveDependency
(DefaultListableBeanFac
tory.java:1708)
	at org.springframework
.beans.factory.support.
DefaultListableBeanFact
ory.resolveDependency(D
efaultListableBeanFacto
ry.java:1653)
	at org.springframework
.beans.factory.support.
ConstructorResolver.res
olveAutowiredArgument(C
onstructorResolver.java
:913)
	at org.springframework
.beans.factory.support.
ConstructorResolver.cre
ateArgumentArray(Constr
uctorResolver.java:791)
	at org.springframework
.beans.factory.support.
ConstructorResolver.ins
tantiateUsingFactoryMet
hod(ConstructorResolver
.java:546)
	at org.springframework
.beans.factory.support.
AbstractAutowireCapable
BeanFactory.instantiate
UsingFactoryMethod(Abst
ractAutowireCapableBean
Factory.java:1375)
	at org.springframework
.beans.factory.support.
AbstractAutowireCapable
BeanFactory.createBeanI
nstance(AbstractAutowir
eCapableBeanFactory.jav
a:1205)
	at org.springframework
.beans.factory.support.
AbstractAutowireCapable
BeanFactory.doCreateBea
n(AbstractAutowireCapab
leBeanFactory.java:569)
	at org.springframework
.beans.factory.support.
AbstractAutowireCapable
BeanFactory.createBean(
AbstractAutowireCapable
BeanFactory.java:529)
	at org.springframework
.beans.factory.support.
AbstractBeanFactory.lam
bda$doGetBean$0(Abstrac
tBeanFactory.java:339)
	at org.springframework
.beans.factory.support.
DefaultSingletonBeanReg
istry.getSingleton(Defa
ultSingletonBeanRegistr
y.java:373)
	at org.springframework
.beans.factory.support.
AbstractBeanFactory.doG
etBean(AbstractBeanFact
ory.java:337)
	at org.springframework
.beans.factory.support.
AbstractBeanFactory.get
Bean(AbstractBeanFactor
y.java:202)
	at org.springframework
.beans.factory.support.
AbstractBeanFactory.doG
etBean(AbstractBeanFact
ory.java:315)
	at org.springframework
.beans.factory.support.
AbstractBeanFactory.get
Bean(AbstractBeanFactor
y.java:207)
	at org.springframework
.context.support.Abstra
ctApplicationContext.fi
nishBeanFactoryInitiali
zation(AbstractApplicat
ionContext.java:974)
	at org.springframework
.context.support.Abstra
ctApplicationContext.re
fresh(AbstractApplicati
onContext.java:628)
	at org.springframework
.boot.SpringApplication
.refresh(SpringApplicat
ion.java:752)
	at org.springframework
.boot.SpringApplication
.refreshContext(SpringA
pplication.java:439)
	at org.springframework
.boot.SpringApplication
.run(SpringApplication.
java:318)
	at org.springframework
.boot.test.context.Spri
ngBootContextLoader.lam
bda$loadContext$3(Sprin
gBootContextLoader.java
:152)
	at org.springframework
.util.function.Throwing
Supplier.get(ThrowingSu
pplier.java:58)
	at org.springframework
.util.function.Throwing
Supplier.get(ThrowingSu
pplier.java:46)
	at org.springframework
.boot.SpringApplication
.withHook(SpringApplica
tion.java:1461)
	at org.springframework
.boot.test.context.Spri
ngBootContextLoader$Con
textLoaderHook.run(Spri
ngBootContextLoader.jav
a:595)
	at org.springframework
.boot.test.context.Spri
ngBootContextLoader.loa
dContext(SpringBootCont
extLoader.java:152)
	at org.springframework
.boot.test.context.Spri
ngBootContextLoader.loa
dContext(SpringBootCont
extLoader.java:111)
	at org.springframework
.test.context.cache.Def
aultCacheAwareContextLo
aderDelegate.loadContex
tInternal(DefaultCacheA
wareContextLoaderDelega
te.java:225)
	at org.springframework
.test.context.cache.Def
aultCacheAwareContextLo
aderDelegate.loadContex
t(DefaultCacheAwareCont
extLoaderDelegate.java:
152)
	at org.springframework
.test.context.support.D
efaultTestContext.getAp
plicationContext(Defaul
tTestContext.java:130)
	at org.springframework
.test.context.support.D
ependencyInjectionTestE
xecutionListener.inject
Dependencies(Dependency
InjectionTestExecutionL
istener.java:155)
	at org.springframework
.test.context.support.D
ependencyInjectionTestE
xecutionListener.prepar
eTestInstance(Dependenc
yInjectionTestExecution
Listener.java:111)
	at org.springframework
.test.context.TestConte
xtManager.prepareTestIn
stance(TestContextManag
er.java:260)
	at org.springframework
.test.context.junit4.Sp
ringJUnit4ClassRunner.c
reateTest(SpringJUnit4C
lassRunner.java:228)
	at org.springframework
.test.context.junit4.Sp
ringJUnit4ClassRunner$1
.runReflectiveCall(Spri
ngJUnit4ClassRunner.jav
a:289)
	at org.junit.internal.
runners.model.Reflectiv
eCallable.run(Reflectiv
eCallable.java:12)
	at org.springframework
.test.context.junit4.Sp
ringJUnit4ClassRunner.m
ethodBlock(SpringJUnit4
ClassRunner.java:291)
	at org.springframework
.test.context.junit4.Sp
ringJUnit4ClassRunner.r
unChild(SpringJUnit4Cla
ssRunner.java:247)
	at org.springframework
.test.context.junit4.Sp
ringJUnit4ClassRunner.r
unChild(SpringJUnit4Cla
ssRunner.java:97)
	at org.junit.runners.P
arentRunner$4.run(Paren
tRunner.java:331)
	at org.junit.runners.P
arentRunner$1.schedule(
ParentRunner.java:79)
	at org.junit.runners.P
arentRunner.runChildren
(ParentRunner.java:329)
	at org.junit.runners.P
arentRunner.access$100(
ParentRunner.java:66)
	at org.junit.runners.P
arentRunner$2.evaluate(
ParentRunner.java:293)
	at org.springframework
.test.context.junit4.st
atements.RunBeforeTestC
lassCallbacks.evaluate(
RunBeforeTestClassCallb
acks.java:61)
	at org.springframework
.test.context.junit4.st
atements.RunAfterTestCl
assCallbacks.evaluate(R
unAfterTestClassCallbac
ks.java:70)
	at org.junit.runners.P
arentRunner$3.evaluate(
ParentRunner.java:306)
	at org.junit.runners.P
arentRunner.run(ParentR
unner.java:413)
	at org.springframework
.test.context.junit4.Sp
ringJUnit4ClassRunner.r
un(SpringJUnit4ClassRun
ner.java:191)
	at org.junit.runner.JU
nitCore.run(JUnitCore.j
ava:137)
	at org.junit.runner.JU
nitCore.run(JUnitCore.j
ava:115)
	at org.junit.vintage.e
ngine.execution.RunnerE
xecutor.execute(RunnerE
xecutor.java:42)
	at org.junit.vintage.e
ngine.execution.Vintage
Executor.executeClasses
AndMethodsSequentially(
VintageExecutor.java:93
)
	at org.junit.vintage.e
ngine.execution.Vintage
Executor.executeAllChil
dren(VintageExecutor.ja
va:73)
	at org.junit.vintage.e
ngine.VintageTestEngine
.execute(VintageTestEng
ine.java:70)
	at org.junit.platform.
launcher.core.EngineExe
cutionOrchestrator.exec
ute(EngineExecutionOrch
estrator.java:201)
	at org.junit.platform.
launcher.core.EngineExe
cutionOrchestrator.exec
ute(EngineExecutionOrch
estrator.java:170)
	at org.junit.platform.
launcher.core.EngineExe
cutionOrchestrator.exec
ute(EngineExecutionOrch
estrator.java:94)
	at org.junit.platform.
launcher.core.EngineExe
cutionOrchestrator.lamb
da$execute$0(EngineExec
utionOrchestrator.java:
59)
	at org.junit.platform.
launcher.core.EngineExe
cutionOrchestrator.with
InterceptedStreams(Engi
neExecutionOrchestrator
.java:142)
	at org.junit.platform.
launcher.core.EngineExe
cutionOrchestrator.exec
ute(EngineExecutionOrch
estrator.java:58)
	at org.junit.platform.
launcher.core.DefaultLa
uncher.execute(DefaultL
auncher.java:103)
	at org.junit.platform.
launcher.core.DefaultLa
uncher.execute(DefaultL
auncher.java:85)
	at org.junit.platform.
launcher.core.Delegatin
gLauncher.execute(Deleg
atingLauncher.java:47)
	at org.junit.platform.
launcher.core.Intercept
ingLauncher.lambda$exec
ute$1(InterceptingLaunc
her.java:39)
	at org.junit.platform.
launcher.core.Classpath
AlignmentCheckingLaunch
erInterceptor.intercept
(ClasspathAlignmentChec
kingLauncherInterceptor
.java:25)
	at org.junit.platform.
launcher.core.Intercept
ingLauncher.execute(Int
erceptingLauncher.java:
38)
	at org.junit.platform.
launcher.core.Delegatin
gLauncher.execute(Deleg
atingLauncher.java:47)
	at org.apache.maven.su
refire.junitplatform.La
uncherAdapter.executeWi
thoutCancellationToken(
LauncherAdapter.java:60
)
	at org.apache.maven.su
refire.junitplatform.La
uncherAdapter.execute(L
auncherAdapter.java:52)
	at org.apache.maven.su
refire.junitplatform.JU
nitPlatformProvider.exe
cute(JUnitPlatformProvi
der.java:203)
	at org.apache.maven.su
refire.junitplatform.JU
nitPlatformProvider.inv
okeAllTests(JUnitPlatfo
rmProvider.java:168)
	at org.apache.maven.su
refire.junitplatform.JU
nitPlatformProvider.inv
oke(JUnitPlatformProvid
er.java:136)
	at org.apache.maven.su
refire.booter.ForkedBoo
ter.runSuitesInProcess(
ForkedBooter.java:385)
	at org.apache.maven.su
refire.booter.ForkedBoo
ter.execute(ForkedBoote
r.java:162)
	at org.apache.maven.su
refire.booter.ForkedBoo
ter.run(ForkedBooter.ja
va:507)
	at org.apache.maven.su
refire.booter.ForkedBoo
ter.main(ForkedBooter.j
ava:495)
Caused by: 
java.io.IOException: 
Error while 
instrumenting java/sql/
SQLClientInfoException 
with JaCoCo 0.8.11.2023
10140853/f33756c.
	at org.jacoco.agent.rt
.internal_4742761.core.
instr.Instrumenter.inst
rumentError(Instrumente
r.java:161)
	at org.jacoco.agent.rt
.internal_4742761.core.
instr.Instrumenter.inst
rument(Instrumenter.jav
a:111)
	at org.jacoco.agent.rt
.internal_4742761.Cover
ageTransformer.transfor
m(CoverageTransformer.j
ava:92)
	... 130 more
Caused by: java.lang.Il
legalArgumentException:
 Unsupported class 
file major version 68
	at org.jacoco.agent.rt
.internal_4742761.asm.C
lassReader.<init>(Class
Reader.java:200)
	at org.jacoco.agent.rt
.internal_4742761.asm.C
lassReader.<init>(Class
Reader.java:180)
	at org.jacoco.agent.rt
.internal_4742761.asm.C
lassReader.<init>(Class
Reader.java:166)
	at org.jacoco.agent.rt
.internal_4742761.core.
internal.instr.InstrSup
port.classReaderFor(Ins
trSupport.java:280)
	at org.jacoco.agent.rt
.internal_4742761.core.
instr.Instrumenter.inst
rument(Instrumenter.jav
a:77)
	at org.jacoco.agent.rt
.internal_4742761.core.
instr.Instrumenter.inst
rument(Instrumenter.jav
a:109)
	... 131 more
java.lang.instrument.Il
legalClassFormatExcepti
on: Error while 
instrumenting java/sql/
SQLRecoverableException
 with JaCoCo 0.8.11.202
310140853/f33756c.
	at org.jacoco.agent.rt
.internal_4742761.Cover
ageTransformer.transfor
m(CoverageTransformer.j
ava:94)
	at java.instrument/jav
a.lang.instrument.Class
FileTransformer.transfo
rm(ClassFileTransformer
.java:257)
	at java.instrument/sun
.instrument.Transformer
Manager.transform(Trans
formerManager.java:188)
	at java.instrument/sun
.instrument.Instrumenta
tionImpl.transform(Inst
rumentationImpl.java:59
4)
	at java.base/java.lang
.ClassLoader.defineClas
s2(Native Method)
	at java.base/java.lang
.ClassLoader.defineClas
s(ClassLoader.java:1052
)
	at java.base/java.secu
rity.SecureClassLoader.
defineClass(SecureClass
Loader.java:164)
	at java.base/jdk.inter
nal.loader.BuiltinClass
Loader.defineClass(Buil
tinClassLoader.java:735
)
	at java.base/jdk.inter
nal.loader.BuiltinClass
Loader.findClassInModul
eOrNull(BuiltinClassLoa
der.java:678)
	at java.base/jdk.inter
nal.loader.BuiltinClass
Loader.loadClassOrNull(
BuiltinClassLoader.java
:604)
	at java.base/jdk.inter
nal.loader.BuiltinClass
Loader.loadClassOrNull(
BuiltinClassLoader.java
:639)
	at java.base/jdk.inter
nal.loader.BuiltinClass
Loader.loadClassOrNull(
BuiltinClassLoader.java
:608)
	at java.base/jdk.inter
nal.loader.BuiltinClass
Loader.loadClass(Builti
nClassLoader.java:578)
	at java.base/java.lang
.ClassLoader.loadClass(
ClassLoader.java:490)
	at oracle.jdbc.driver.
SQLStateMapping$SqlExce
ptionType.<clinit>(SQLS
tateMapping.java:134)
	at oracle.jdbc.driver.
SQLStateMapping.<clinit
>(SQLStateMapping.java:
144)
	at oracle.jdbc.driver.
DatabaseError.<clinit>(
DatabaseError.java:1187
)
	at oracle.jdbc.diagnos
tics.OracleDiagnosticsM
XBean.getMBeanInfo(Orac
leDiagnosticsMXBean.jav
a:438)
	at java.management/com
.sun.jmx.interceptor.De
faultMBeanServerInterce
ptor.getNewMBeanClassNa
me(DefaultMBeanServerIn
terceptor.java:310)
	at java.management/com
.sun.jmx.interceptor.De
faultMBeanServerInterce
ptor.registerMBean(Defa
ultMBeanServerIntercept
or.java:299)
	at java.management/com
.sun.jmx.mbeanserver.Jm
xMBeanServer.registerMB
ean(JmxMBeanServer.java
:511)
	at oracle.jdbc.driver.
OracleDriver.registerMB
eans(OracleDriver.java:
531)
	at oracle.jdbc.driver.
OracleDriver$1.run(Orac
leDriver.java:289)
	at java.base/java.secu
rity.AccessController.d
oPrivileged(AccessContr
oller.java:74)
	at oracle.jdbc.driver.
OracleDriver.<clinit>(O
racleDriver.java:287)
	at java.base/jdk.inter
nal.misc.Unsafe.ensureC
lassInitialized0(Native
 Method)
	at java.base/jdk.inter
nal.misc.Unsafe.ensureC
lassInitialized(Unsafe.
java:1166)
	at java.base/jdk.inter
nal.reflect.MethodHandl
eAccessorFactory.ensure
ClassInitialized(Method
HandleAccessorFactory.j
ava:341)
	at java.base/jdk.inter
nal.reflect.MethodHandl
eAccessorFactory.newCon
structorAccessor(Method
HandleAccessorFactory.j
ava:104)
	at java.base/jdk.inter
nal.reflect.ReflectionF
actory.newConstructorAc
cessor(ReflectionFactor
y.java:143)
	at java.base/java.lang
.reflect.Constructor.ac
quireConstructorAccesso
r(Constructor.java:546)
	at java.base/java.lang
.reflect.Constructor.ne
wInstanceWithCaller(Con
structor.java:496)
	at java.base/java.lang
.reflect.Constructor.ne
wInstance(Constructor.j
ava:483)
	at com.zaxxer.hikari.H
ikariConfig.setDriverCl
assName(HikariConfig.ja
va:518)
	at org.springframework
.boot.jdbc.DataSourceBu
ilder$MappedDataSourceP
roperty.set(DataSourceB
uilder.java:478)
	at org.springframework
.boot.jdbc.DataSourceBu
ilder$MappedDataSourceP
roperties.set(DataSourc
eBuilder.java:370)
	at org.springframework
.boot.jdbc.DataSourceBu
ilder.build(DataSourceB
uilder.java:185)
	at org.springframework
.boot.autoconfigure.jdb
c.DataSourceConfigurati
on.createDataSource(Dat
aSourceConfiguration.ja
va:67)
	at org.springframework
.boot.autoconfigure.jdb
c.DataSourceConfigurati
on$Hikari.dataSource(Da
taSourceConfiguration.j
ava:127)
	at java.base/jdk.inter
nal.reflect.DirectMetho
dHandleAccessor.invoke(
DirectMethodHandleAcces
sor.java:104)
	at java.base/java.lang
.reflect.Method.invoke(
Method.java:565)
	at org.springframework
.beans.factory.support.
SimpleInstantiationStra
tegy.lambda$instantiate
$0(SimpleInstantiationS
trategy.java:172)
	at org.springframework
.beans.factory.support.
SimpleInstantiationStra
tegy.instantiateWithFac
toryMethod(SimpleInstan
tiationStrategy.java:89
)
	at org.springframework
.beans.factory.support.
SimpleInstantiationStra
tegy.instantiate(Simple
InstantiationStrategy.j
ava:169)
	at org.springframework
.beans.factory.support.
ConstructorResolver.ins
tantiate(ConstructorRes
olver.java:653)
	at org.springframework
.beans.factory.support.
ConstructorResolver.ins
tantiateUsingFactoryMet
hod(ConstructorResolver
.java:645)
	at org.springframework
.beans.factory.support.
AbstractAutowireCapable
BeanFactory.instantiate
UsingFactoryMethod(Abst
ractAutowireCapableBean
Factory.java:1375)
	at org.springframework
.beans.factory.support.
AbstractAutowireCapable
BeanFactory.createBeanI
nstance(AbstractAutowir
eCapableBeanFactory.jav
a:1205)
	at org.springframework
.beans.factory.support.
AbstractAutowireCapable
BeanFactory.doCreateBea
n(AbstractAutowireCapab
leBeanFactory.java:569)
	at org.springframework
.beans.factory.support.
AbstractAutowireCapable
BeanFactory.createBean(
AbstractAutowireCapable
BeanFactory.java:529)
	at org.springframework
.beans.factory.support.
AbstractBeanFactory.lam
bda$doGetBean$0(Abstrac
tBeanFactory.java:339)
	at org.springframework
.beans.factory.support.
DefaultSingletonBeanReg
istry.getSingleton(Defa
ultSingletonBeanRegistr
y.java:373)
	at org.springframework
.beans.factory.support.
AbstractBeanFactory.doG
etBean(AbstractBeanFact
ory.java:337)
	at org.springframework
.beans.factory.support.
AbstractBeanFactory.get
Bean(AbstractBeanFactor
y.java:202)
	at org.springframework
.beans.factory.support.
DefaultListableBeanFact
ory.doResolveDependency
(DefaultListableBeanFac
tory.java:1708)
	at org.springframework
.beans.factory.support.
DefaultListableBeanFact
ory.resolveDependency(D
efaultListableBeanFacto
ry.java:1653)
	at org.springframework
.beans.factory.support.
ConstructorResolver.res
olveAutowiredArgument(C
onstructorResolver.java
:913)
	at org.springframework
.beans.factory.support.
ConstructorResolver.cre
ateArgumentArray(Constr
uctorResolver.java:791)
	at org.springframework
.beans.factory.support.
ConstructorResolver.ins
tantiateUsingFactoryMet
hod(ConstructorResolver
.java:546)
	at org.springframework
.beans.factory.support.
AbstractAutowireCapable
BeanFactory.instantiate
UsingFactoryMethod(Abst
ractAutowireCapableBean
Factory.java:1375)
	at org.springframework
.beans.factory.support.
AbstractAutowireCapable
BeanFactory.createBeanI
nstance(AbstractAutowir
eCapableBeanFactory.jav
a:1205)
	at org.springframework
.beans.factory.support.
AbstractAutowireCapable
BeanFactory.doCreateBea
n(AbstractAutowireCapab
leBeanFactory.java:569)
	at org.springframework
.beans.factory.support.
AbstractAutowireCapable
BeanFactory.createBean(
AbstractAutowireCapable
BeanFactory.java:529)
	at org.springframework
.beans.factory.support.
AbstractBeanFactory.lam
bda$doGetBean$0(Abstrac
tBeanFactory.java:339)
	at org.springframework
.beans.factory.support.
DefaultSingletonBeanReg
istry.getSingleton(Defa
ultSingletonBeanRegistr
y.java:373)
	at org.springframework
.beans.factory.support.
AbstractBeanFactory.doG
etBean(AbstractBeanFact
ory.java:337)
	at org.springframework
.beans.factory.support.
AbstractBeanFactory.get
Bean(AbstractBeanFactor
y.java:202)
	at org.springframework
.beans.factory.support.
AbstractBeanFactory.doG
etBean(AbstractBeanFact
ory.java:315)
	at org.springframework
.beans.factory.support.
AbstractBeanFactory.get
Bean(AbstractBeanFactor
y.java:207)
	at org.springframework
.context.support.Abstra
ctApplicationContext.fi
nishBeanFactoryInitiali
zation(AbstractApplicat
ionContext.java:974)
	at org.springframework
.context.support.Abstra
ctApplicationContext.re
fresh(AbstractApplicati
onContext.java:628)
	at org.springframework
.boot.SpringApplication
.refresh(SpringApplicat
ion.java:752)
	at org.springframework
.boot.SpringApplication
.refreshContext(SpringA
pplication.java:439)
	at org.springframework
.boot.SpringApplication
.run(SpringApplication.
java:318)
	at org.springframework
.boot.test.context.Spri
ngBootContextLoader.lam
bda$loadContext$3(Sprin
gBootContextLoader.java
:152)
	at org.springframework
.util.function.Throwing
Supplier.get(ThrowingSu
pplier.java:58)
	at org.springframework
.util.function.Throwing
Supplier.get(ThrowingSu
pplier.java:46)
	at org.springframework
.boot.SpringApplication
.withHook(SpringApplica
tion.java:1461)
	at org.springframework
.boot.test.context.Spri
ngBootContextLoader$Con
textLoaderHook.run(Spri
ngBootContextLoader.jav
a:595)
	at org.springframework
.boot.test.context.Spri
ngBootContextLoader.loa
dContext(SpringBootCont
extLoader.java:152)
	at org.springframework
.boot.test.context.Spri
ngBootContextLoader.loa
dContext(SpringBootCont
extLoader.java:111)
	at org.springframework
.test.context.cache.Def
aultCacheAwareContextLo
aderDelegate.loadContex
tInternal(DefaultCacheA
wareContextLoaderDelega
te.java:225)
	at org.springframework
.test.context.cache.Def
aultCacheAwareContextLo
aderDelegate.loadContex
t(DefaultCacheAwareCont
extLoaderDelegate.java:
152)
	at org.springframework
.test.context.support.D
efaultTestContext.getAp
plicationContext(Defaul
tTestContext.java:130)
	at org.springframework
.test.context.support.D
ependencyInjectionTestE
xecutionListener.inject
Dependencies(Dependency
InjectionTestExecutionL
istener.java:155)
	at org.springframework
.test.context.support.D
ependencyInjectionTestE
xecutionListener.prepar
eTestInstance(Dependenc
yInjectionTestExecution
Listener.java:111)
	at org.springframework
.test.context.TestConte
xtManager.prepareTestIn
stance(TestContextManag
er.java:260)
	at org.springframework
.test.context.junit4.Sp
ringJUnit4ClassRunner.c
reateTest(SpringJUnit4C
lassRunner.java:228)
	at org.springframework
.test.context.junit4.Sp
ringJUnit4ClassRunner$1
.runReflectiveCall(Spri
ngJUnit4ClassRunner.jav
a:289)
	at org.junit.internal.
runners.model.Reflectiv
eCallable.run(Reflectiv
eCallable.java:12)
	at org.springframework
.test.context.junit4.Sp
ringJUnit4ClassRunner.m
ethodBlock(SpringJUnit4
ClassRunner.java:291)
	at org.springframework
.test.context.junit4.Sp
ringJUnit4ClassRunner.r
unChild(SpringJUnit4Cla
ssRunner.java:247)
	at org.springframework
.test.context.junit4.Sp
ringJUnit4ClassRunner.r
unChild(SpringJUnit4Cla
ssRunner.java:97)
	at org.junit.runners.P
arentRunner$4.run(Paren
tRunner.java:331)
	at org.junit.runners.P
arentRunner$1.schedule(
ParentRunner.java:79)
	at org.junit.runners.P
arentRunner.runChildren
(ParentRunner.java:329)
	at org.junit.runners.P
arentRunner.access$100(
ParentRunner.java:66)
	at org.junit.runners.P
arentRunner$2.evaluate(
ParentRunner.java:293)
	at org.springframework
.test.context.junit4.st
atements.RunBeforeTestC
lassCallbacks.evaluate(
RunBeforeTestClassCallb
acks.java:61)
	at org.springframework
.test.context.junit4.st
atements.RunAfterTestCl
assCallbacks.evaluate(R
unAfterTestClassCallbac
ks.java:70)
	at org.junit.runners.P
arentRunner$3.evaluate(
ParentRunner.java:306)
	at org.junit.runners.P
arentRunner.run(ParentR
unner.java:413)
	at org.springframework
.test.context.junit4.Sp
ringJUnit4ClassRunner.r
un(SpringJUnit4ClassRun
ner.java:191)
	at org.junit.runner.JU
nitCore.run(JUnitCore.j
ava:137)
	at org.junit.runner.JU
nitCore.run(JUnitCore.j
ava:115)
	at org.junit.vintage.e
ngine.execution.RunnerE
xecutor.execute(RunnerE
xecutor.java:42)
	at org.junit.vintage.e
ngine.execution.Vintage
Executor.executeClasses
AndMethodsSequentially(
VintageExecutor.java:93
)
	at org.junit.vintage.e
ngine.execution.Vintage
Executor.executeAllChil
dren(VintageExecutor.ja
va:73)
	at org.junit.vintage.e
ngine.VintageTestEngine
.execute(VintageTestEng
ine.java:70)
	at org.junit.platform.
launcher.core.EngineExe
cutionOrchestrator.exec
ute(EngineExecutionOrch
estrator.java:201)
	at org.junit.platform.
launcher.core.EngineExe
cutionOrchestrator.exec
ute(EngineExecutionOrch
estrator.java:170)
	at org.junit.platform.
launcher.core.EngineExe
cutionOrchestrator.exec
ute(EngineExecutionOrch
estrator.java:94)
	at org.junit.platform.
launcher.core.EngineExe
cutionOrchestrator.lamb
da$execute$0(EngineExec
utionOrchestrator.java:
59)
	at org.junit.platform.
launcher.core.EngineExe
cutionOrchestrator.with
InterceptedStreams(Engi
neExecutionOrchestrator
.java:142)
	at org.junit.platform.
launcher.core.EngineExe
cutionOrchestrator.exec
ute(EngineExecutionOrch
estrator.java:58)
	at org.junit.platform.
launcher.core.DefaultLa
uncher.execute(DefaultL
auncher.java:103)
	at org.junit.platform.
launcher.core.DefaultLa
uncher.execute(DefaultL
auncher.java:85)
	at org.junit.platform.
launcher.core.Delegatin
gLauncher.execute(Deleg
atingLauncher.java:47)
	at org.junit.platform.
launcher.core.Intercept
ingLauncher.lambda$exec
ute$1(InterceptingLaunc
her.java:39)
	at org.junit.platform.
launcher.core.Classpath
AlignmentCheckingLaunch
erInterceptor.intercept
(ClasspathAlignmentChec
kingLauncherInterceptor
.java:25)
	at org.junit.platform.
launcher.core.Intercept
ingLauncher.execute(Int
erceptingLauncher.java:
38)
	at org.junit.platform.
launcher.core.Delegatin
gLauncher.execute(Deleg
atingLauncher.java:47)
	at org.apache.maven.su
refire.junitplatform.La
uncherAdapter.executeWi
thoutCancellationToken(
LauncherAdapter.java:60
)
	at org.apache.maven.su
refire.junitplatform.La
uncherAdapter.execute(L
auncherAdapter.java:52)
	at org.apache.maven.su
refire.junitplatform.JU
nitPlatformProvider.exe
cute(JUnitPlatformProvi
der.java:203)
	at org.apache.maven.su
refire.junitplatform.JU
nitPlatformProvider.inv
okeAllTests(JUnitPlatfo
rmProvider.java:168)
	at org.apache.maven.su
refire.junitplatform.JU
nitPlatformProvider.inv
oke(JUnitPlatformProvid
er.java:136)
	at org.apache.maven.su
refire.booter.ForkedBoo
ter.runSuitesInProcess(
ForkedBooter.java:385)
	at org.apache.maven.su
refire.booter.ForkedBoo
ter.execute(ForkedBoote
r.java:162)
	at org.apache.maven.su
refire.booter.ForkedBoo
ter.run(ForkedBooter.ja
va:507)
	at org.apache.maven.su
refire.booter.ForkedBoo
ter.main(ForkedBooter.j
ava:495)
Caused by: 
java.io.IOException: 
Error while 
instrumenting java/sql/
SQLRecoverableException
 with JaCoCo 0.8.11.202
310140853/f33756c.
	at org.jacoco.agent.rt
.internal_4742761.core.
instr.Instrumenter.inst
rumentError(Instrumente
r.java:161)
	at org.jacoco.agent.rt
.internal_4742761.core.
instr.Instrumenter.inst
rument(Instrumenter.jav
a:111)
	at org.jacoco.agent.rt
.internal_4742761.Cover
ageTransformer.transfor
m(CoverageTransformer.j
ava:92)
	... 130 more
Caused by: java.lang.Il
legalArgumentException:
 Unsupported class 
file major version 68
	at org.jacoco.agent.rt
.internal_4742761.asm.C
lassReader.<init>(Class
Reader.java:200)
	at org.jacoco.agent.rt
.internal_4742761.asm.C
lassReader.<init>(Class
Reader.java:180)
	at org.jacoco.agent.rt
.internal_4742761.asm.C
lassReader.<init>(Class
Reader.java:166)
	at org.jacoco.agent.rt
.internal_4742761.core.
internal.instr.InstrSup
port.classReaderFor(Ins
trSupport.java:280)
	at org.jacoco.agent.rt
.internal_4742761.core.
instr.Instrumenter.inst
rument(Instrumenter.jav
a:77)
	at org.jacoco.agent.rt
.internal_4742761.core.
instr.Instrumenter.inst
rument(Instrumenter.jav
a:109)
	... 131 more
java.lang.instrument.Il
legalClassFormatExcepti
on: Error while 
instrumenting 
java/sql/Timestamp 
with JaCoCo 0.8.11.2023
10140853/f33756c.
	at org.jacoco.agent.rt
.internal_4742761.Cover
ageTransformer.transfor
m(CoverageTransformer.j
ava:94)
	at java.instrument/jav
a.lang.instrument.Class
FileTransformer.transfo
rm(ClassFileTransformer
.java:257)
	at java.instrument/sun
.instrument.Transformer
Manager.transform(Trans
formerManager.java:188)
	at java.instrument/sun
.instrument.Instrumenta
tionImpl.transform(Inst
rumentationImpl.java:59
4)
	at java.base/java.lang
.ClassLoader.defineClas
s2(Native Method)
	at java.base/java.lang
.ClassLoader.defineClas
s(ClassLoader.java:1052
)
	at java.base/java.secu
rity.SecureClassLoader.
defineClass(SecureClass
Loader.java:164)
	at java.base/jdk.inter
nal.loader.BuiltinClass
Loader.defineClass(Buil
tinClassLoader.java:735
)
	at java.base/jdk.inter
nal.loader.BuiltinClass
Loader.findClassInModul
eOrNull(BuiltinClassLoa
der.java:678)
	at java.base/jdk.inter
nal.loader.BuiltinClass
Loader.loadClassOrNull(
BuiltinClassLoader.java
:604)
	at java.base/jdk.inter
nal.loader.BuiltinClass
Loader.loadClassOrNull(
BuiltinClassLoader.java
:639)
	at java.base/jdk.inter
nal.loader.BuiltinClass
Loader.loadClassOrNull(
BuiltinClassLoader.java
:608)
	at java.base/jdk.inter
nal.loader.BuiltinClass
Loader.loadClass(Builti
nClassLoader.java:578)
	at java.base/java.lang
.ClassLoader.loadClass(
ClassLoader.java:490)
	at oracle.jdbc.driver.
OracleDriver.<clinit>(O
racleDriver.java:307)
	at java.base/jdk.inter
nal.misc.Unsafe.ensureC
lassInitialized0(Native
 Method)
	at java.base/jdk.inter
nal.misc.Unsafe.ensureC
lassInitialized(Unsafe.
java:1166)
	at java.base/jdk.inter
nal.reflect.MethodHandl
eAccessorFactory.ensure
ClassInitialized(Method
HandleAccessorFactory.j
ava:341)
	at java.base/jdk.inter
nal.reflect.MethodHandl
eAccessorFactory.newCon
structorAccessor(Method
HandleAccessorFactory.j
ava:104)
	at java.base/jdk.inter
nal.reflect.ReflectionF
actory.newConstructorAc
cessor(ReflectionFactor
y.java:143)
	at java.base/java.lang
.reflect.Constructor.ac
quireConstructorAccesso
r(Constructor.java:546)
	at java.base/java.lang
.reflect.Constructor.ne
wInstanceWithCaller(Con
structor.java:496)
	at java.base/java.lang
.reflect.Constructor.ne
wInstance(Constructor.j
ava:483)
	at com.zaxxer.hikari.H
ikariConfig.setDriverCl
assName(HikariConfig.ja
va:518)
	at org.springframework
.boot.jdbc.DataSourceBu
ilder$MappedDataSourceP
roperty.set(DataSourceB
uilder.java:478)
	at org.springframework
.boot.jdbc.DataSourceBu
ilder$MappedDataSourceP
roperties.set(DataSourc
eBuilder.java:370)
	at org.springframework
.boot.jdbc.DataSourceBu
ilder.build(DataSourceB
uilder.java:185)
	at org.springframework
.boot.autoconfigure.jdb
c.DataSourceConfigurati
on.createDataSource(Dat
aSourceConfiguration.ja
va:67)
	at org.springframework
.boot.autoconfigure.jdb
c.DataSourceConfigurati
on$Hikari.dataSource(Da
taSourceConfiguration.j
ava:127)
	at java.base/jdk.inter
nal.reflect.DirectMetho
dHandleAccessor.invoke(
DirectMethodHandleAcces
sor.java:104)
	at java.base/java.lang
.reflect.Method.invoke(
Method.java:565)
	at org.springframework
.beans.factory.support.
SimpleInstantiationStra
tegy.lambda$instantiate
$0(SimpleInstantiationS
trategy.java:172)
	at org.springframework
.beans.factory.support.
SimpleInstantiationStra
tegy.instantiateWithFac
toryMethod(SimpleInstan
tiationStrategy.java:89
)
	at org.springframework
.beans.factory.support.
SimpleInstantiationStra
tegy.instantiate(Simple
InstantiationStrategy.j
ava:169)
	at org.springframework
.beans.factory.support.
ConstructorResolver.ins
tantiate(ConstructorRes
olver.java:653)
	at org.springframework
.beans.factory.support.
ConstructorResolver.ins
tantiateUsingFactoryMet
hod(ConstructorResolver
.java:645)
	at org.springframework
.beans.factory.support.
AbstractAutowireCapable
BeanFactory.instantiate
UsingFactoryMethod(Abst
ractAutowireCapableBean
Factory.java:1375)
	at org.springframework
.beans.factory.support.
AbstractAutowireCapable
BeanFactory.createBeanI
nstance(AbstractAutowir
eCapableBeanFactory.jav
a:1205)
	at org.springframework
.beans.factory.support.
AbstractAutowireCapable
BeanFactory.doCreateBea
n(AbstractAutowireCapab
leBeanFactory.java:569)
	at org.springframework
.beans.factory.support.
AbstractAutowireCapable
BeanFactory.createBean(
AbstractAutowireCapable
BeanFactory.java:529)
	at org.springframework
.beans.factory.support.
AbstractBeanFactory.lam
bda$doGetBean$0(Abstrac
tBeanFactory.java:339)
	at org.springframework
.beans.factory.support.
DefaultSingletonBeanReg
istry.getSingleton(Defa
ultSingletonBeanRegistr
y.java:373)
	at org.springframework
.beans.factory.support.
AbstractBeanFactory.doG
etBean(AbstractBeanFact
ory.java:337)
	at org.springframework
.beans.factory.support.
AbstractBeanFactory.get
Bean(AbstractBeanFactor
y.java:202)
	at org.springframework
.beans.factory.support.
DefaultListableBeanFact
ory.doResolveDependency
(DefaultListableBeanFac
tory.java:1708)
	at org.springframework
.beans.factory.support.
DefaultListableBeanFact
ory.resolveDependency(D
efaultListableBeanFacto
ry.java:1653)
	at org.springframework
.beans.factory.support.
ConstructorResolver.res
olveAutowiredArgument(C
onstructorResolver.java
:913)
	at org.springframework
.beans.factory.support.
ConstructorResolver.cre
ateArgumentArray(Constr
uctorResolver.java:791)
	at org.springframework
.beans.factory.support.
ConstructorResolver.ins
tantiateUsingFactoryMet
hod(ConstructorResolver
.java:546)
	at org.springframework
.beans.factory.support.
AbstractAutowireCapable
BeanFactory.instantiate
UsingFactoryMethod(Abst
ractAutowireCapableBean
Factory.java:1375)
	at org.springframework
.beans.factory.support.
AbstractAutowireCapable
BeanFactory.createBeanI
nstance(AbstractAutowir
eCapableBeanFactory.jav
a:1205)
	at org.springframework
.beans.factory.support.
AbstractAutowireCapable
BeanFactory.doCreateBea
n(AbstractAutowireCapab
leBeanFactory.java:569)
	at org.springframework
.beans.factory.support.
AbstractAutowireCapable
BeanFactory.createBean(
AbstractAutowireCapable
BeanFactory.java:529)
	at org.springframework
.beans.factory.support.
AbstractBeanFactory.lam
bda$doGetBean$0(Abstrac
tBeanFactory.java:339)
	at org.springframework
.beans.factory.support.
DefaultSingletonBeanReg
istry.getSingleton(Defa
ultSingletonBeanRegistr
y.java:373)
	at org.springframework
.beans.factory.support.
AbstractBeanFactory.doG
etBean(AbstractBeanFact
ory.java:337)
	at org.springframework
.beans.factory.support.
AbstractBeanFactory.get
Bean(AbstractBeanFactor
y.java:202)
	at org.springframework
.beans.factory.support.
AbstractBeanFactory.doG
etBean(AbstractBeanFact
ory.java:315)
	at org.springframework
.beans.factory.support.
AbstractBeanFactory.get
Bean(AbstractBeanFactor
y.java:207)
	at org.springframework
.context.support.Abstra
ctApplicationContext.fi
nishBeanFactoryInitiali
zation(AbstractApplicat
ionContext.java:974)
	at org.springframework
.context.support.Abstra
ctApplicationContext.re
fresh(AbstractApplicati
onContext.java:628)
	at org.springframework
.boot.SpringApplication
.refresh(SpringApplicat
ion.java:752)
	at org.springframework
.boot.SpringApplication
.refreshContext(SpringA
pplication.java:439)
	at org.springframework
.boot.SpringApplication
.run(SpringApplication.
java:318)
	at org.springframework
.boot.test.context.Spri
ngBootContextLoader.lam
bda$loadContext$3(Sprin
gBootContextLoader.java
:152)
	at org.springframework
.util.function.Throwing
Supplier.get(ThrowingSu
pplier.java:58)
	at org.springframework
.util.function.Throwing
Supplier.get(ThrowingSu
pplier.java:46)
	at org.springframework
.boot.SpringApplication
.withHook(SpringApplica
tion.java:1461)
	at org.springframework
.boot.test.context.Spri
ngBootContextLoader$Con
textLoaderHook.run(Spri
ngBootContextLoader.jav
a:595)
	at org.springframework
.boot.test.context.Spri
ngBootContextLoader.loa
dContext(SpringBootCont
extLoader.java:152)
	at org.springframework
.boot.test.context.Spri
ngBootContextLoader.loa
dContext(SpringBootCont
extLoader.java:111)
	at org.springframework
.test.context.cache.Def
aultCacheAwareContextLo
aderDelegate.loadContex
tInternal(DefaultCacheA
wareContextLoaderDelega
te.java:225)
	at org.springframework
.test.context.cache.Def
aultCacheAwareContextLo
aderDelegate.loadContex
t(DefaultCacheAwareCont
extLoaderDelegate.java:
152)
	at org.springframework
.test.context.support.D
efaultTestContext.getAp
plicationContext(Defaul
tTestContext.java:130)
	at org.springframework
.test.context.support.D
ependencyInjectionTestE
xecutionListener.inject
Dependencies(Dependency
InjectionTestExecutionL
istener.java:155)
	at org.springframework
.test.context.support.D
ependencyInjectionTestE
xecutionListener.prepar
eTestInstance(Dependenc
yInjectionTestExecution
Listener.java:111)
	at org.springframework
.test.context.TestConte
xtManager.prepareTestIn
stance(TestContextManag
er.java:260)
	at org.springframework
.test.context.junit4.Sp
ringJUnit4ClassRunner.c
reateTest(SpringJUnit4C
lassRunner.java:228)
	at org.springframework
.test.context.junit4.Sp
ringJUnit4ClassRunner$1
.runReflectiveCall(Spri
ngJUnit4ClassRunner.jav
a:289)
	at org.junit.internal.
runners.model.Reflectiv
eCallable.run(Reflectiv
eCallable.java:12)
	at org.springframework
.test.context.junit4.Sp
ringJUnit4ClassRunner.m
ethodBlock(SpringJUnit4
ClassRunner.java:291)
	at org.springframework
.test.context.junit4.Sp
ringJUnit4ClassRunner.r
unChild(SpringJUnit4Cla
ssRunner.java:247)
	at org.springframework
.test.context.junit4.Sp
ringJUnit4ClassRunner.r
unChild(SpringJUnit4Cla
ssRunner.java:97)
	at org.junit.runners.P
arentRunner$4.run(Paren
tRunner.java:331)
	at org.junit.runners.P
arentRunner$1.schedule(
ParentRunner.java:79)
	at org.junit.runners.P
arentRunner.runChildren
(ParentRunner.java:329)
	at org.junit.runners.P
arentRunner.access$100(
ParentRunner.java:66)
	at org.junit.runners.P
arentRunner$2.evaluate(
ParentRunner.java:293)
	at org.springframework
.test.context.junit4.st
atements.RunBeforeTestC
lassCallbacks.evaluate(
RunBeforeTestClassCallb
acks.java:61)
	at org.springframework
.test.context.junit4.st
atements.RunAfterTestCl
assCallbacks.evaluate(R
unAfterTestClassCallbac
ks.java:70)
	at org.junit.runners.P
arentRunner$3.evaluate(
ParentRunner.java:306)
	at org.junit.runners.P
arentRunner.run(ParentR
unner.java:413)
	at org.springframework
.test.context.junit4.Sp
ringJUnit4ClassRunner.r
un(SpringJUnit4ClassRun
ner.java:191)
	at org.junit.runner.JU
nitCore.run(JUnitCore.j
ava:137)
	at org.junit.runner.JU
nitCore.run(JUnitCore.j
ava:115)
	at org.junit.vintage.e
ngine.execution.RunnerE
xecutor.execute(RunnerE
xecutor.java:42)
	at org.junit.vintage.e
ngine.execution.Vintage
Executor.executeClasses
AndMethodsSequentially(
VintageExecutor.java:93
)
	at org.junit.vintage.e
ngine.execution.Vintage
Executor.executeAllChil
dren(VintageExecutor.ja
va:73)
	at org.junit.vintage.e
ngine.VintageTestEngine
.execute(VintageTestEng
ine.java:70)
	at org.junit.platform.
launcher.core.EngineExe
cutionOrchestrator.exec
ute(EngineExecutionOrch
estrator.java:201)
	at org.junit.platform.
launcher.core.EngineExe
cutionOrchestrator.exec
ute(EngineExecutionOrch
estrator.java:170)
	at org.junit.platform.
launcher.core.EngineExe
cutionOrchestrator.exec
ute(EngineExecutionOrch
estrator.java:94)
	at org.junit.platform.
launcher.core.EngineExe
cutionOrchestrator.lamb
da$execute$0(EngineExec
utionOrchestrator.java:
59)
	at org.junit.platform.
launcher.core.EngineExe
cutionOrchestrator.with
InterceptedStreams(Engi
neExecutionOrchestrator
.java:142)
	at org.junit.platform.
launcher.core.EngineExe
cutionOrchestrator.exec
ute(EngineExecutionOrch
estrator.java:58)
	at org.junit.platform.
launcher.core.DefaultLa
uncher.execute(DefaultL
auncher.java:103)
	at org.junit.platform.
launcher.core.DefaultLa
uncher.execute(DefaultL
auncher.java:85)
	at org.junit.platform.
launcher.core.Delegatin
gLauncher.execute(Deleg
atingLauncher.java:47)
	at org.junit.platform.
launcher.core.Intercept
ingLauncher.lambda$exec
ute$1(InterceptingLaunc
her.java:39)
	at org.junit.platform.
launcher.core.Classpath
AlignmentCheckingLaunch
erInterceptor.intercept
(ClasspathAlignmentChec
kingLauncherInterceptor
.java:25)
	at org.junit.platform.
launcher.core.Intercept
ingLauncher.execute(Int
erceptingLauncher.java:
38)
	at org.junit.platform.
launcher.core.Delegatin
gLauncher.execute(Deleg
atingLauncher.java:47)
	at org.apache.maven.su
refire.junitplatform.La
uncherAdapter.executeWi
thoutCancellationToken(
LauncherAdapter.java:60
)
	at org.apache.maven.su
refire.junitplatform.La
uncherAdapter.execute(L
auncherAdapter.java:52)
	at org.apache.maven.su
refire.junitplatform.JU
nitPlatformProvider.exe
cute(JUnitPlatformProvi
der.java:203)
	at org.apache.maven.su
refire.junitplatform.JU
nitPlatformProvider.inv
okeAllTests(JUnitPlatfo
rmProvider.java:168)
	at org.apache.maven.su
refire.junitplatform.JU
nitPlatformProvider.inv
oke(JUnitPlatformProvid
er.java:136)
	at org.apache.maven.su
refire.booter.ForkedBoo
ter.runSuitesInProcess(
ForkedBooter.java:385)
	at org.apache.maven.su
refire.booter.ForkedBoo
ter.execute(ForkedBoote
r.java:162)
	at org.apache.maven.su
refire.booter.ForkedBoo
ter.run(ForkedBooter.ja
va:507)
	at org.apache.maven.su
refire.booter.ForkedBoo
ter.main(ForkedBooter.j
ava:495)
Caused by: 
java.io.IOException: 
Error while 
instrumenting 
java/sql/Timestamp 
with JaCoCo 0.8.11.2023
10140853/f33756c.
	at org.jacoco.agent.rt
.internal_4742761.core.
instr.Instrumenter.inst
rumentError(Instrumente
r.java:161)
	at org.jacoco.agent.rt
.internal_4742761.core.
instr.Instrumenter.inst
rument(Instrumenter.jav
a:111)
	at org.jacoco.agent.rt
.internal_4742761.Cover
ageTransformer.transfor
m(CoverageTransformer.j
ava:92)
	... 120 more
Caused by: java.lang.Il
legalArgumentException:
 Unsupported class 
file major version 68
	at org.jacoco.agent.rt
.internal_4742761.asm.C
lassReader.<init>(Class
Reader.java:200)
	at org.jacoco.agent.rt
.internal_4742761.asm.C
lassReader.<init>(Class
Reader.java:180)
	at org.jacoco.agent.rt
.internal_4742761.asm.C
lassReader.<init>(Class
Reader.java:166)
	at org.jacoco.agent.rt
.internal_4742761.core.
internal.instr.InstrSup
port.classReaderFor(Ins
trSupport.java:280)
	at org.jacoco.agent.rt
.internal_4742761.core.
instr.Instrumenter.inst
rument(Instrumenter.jav
a:77)
	at org.jacoco.agent.rt
.internal_4742761.core.
instr.Instrumenter.inst
rument(Instrumenter.jav
a:109)
	... 121 more
java.lang.instrument.Il
legalClassFormatExcepti
on: Error while 
instrumenting java/sql/
ConnectionBuilder with 
JaCoCo 0.8.11.202310140
853/f33756c.
	at org.jacoco.agent.rt
.internal_4742761.Cover
ageTransformer.transfor
m(CoverageTransformer.j
ava:94)
	at java.instrument/jav
a.lang.instrument.Class
FileTransformer.transfo
rm(ClassFileTransformer
.java:257)
	at java.instrument/sun
.instrument.Transformer
Manager.transform(Trans
formerManager.java:188)
	at java.instrument/sun
.instrument.Instrumenta
tionImpl.transform(Inst
rumentationImpl.java:59
4)
	at java.base/java.lang
.ClassLoader.defineClas
s2(Native Method)
	at java.base/java.lang
.ClassLoader.defineClas
s(ClassLoader.java:1052
)
	at java.base/java.secu
rity.SecureClassLoader.
defineClass(SecureClass
Loader.java:164)
	at java.base/jdk.inter
nal.loader.BuiltinClass
Loader.defineClass(Buil
tinClassLoader.java:735
)
	at java.base/jdk.inter
nal.loader.BuiltinClass
Loader.findClassInModul
eOrNull(BuiltinClassLoa
der.java:678)
	at java.base/jdk.inter
nal.loader.BuiltinClass
Loader.loadClassOrNull(
BuiltinClassLoader.java
:604)
	at java.base/jdk.inter
nal.loader.BuiltinClass
Loader.loadClass(Builti
nClassLoader.java:578)
	at java.base/java.lang
.ClassLoader.loadClass(
ClassLoader.java:490)
	at java.base/java.lang
.Class.getDeclaredMetho
ds0(Native Method)
	at java.base/java.lang
.Class.privateGetDeclar
edMethods(Class.java:30
35)
	at java.base/java.lang
.Class.privateGetPublic
Methods(Class.java:3060
)
	at java.base/java.lang
.Class.getMethods(Class
.java:1998)
	at org.springframework
.util.ReflectionUtils.f
indDefaultMethodsOnInte
rfaces(ReflectionUtils.
java:493)
	at org.springframework
.util.ReflectionUtils.g
etDeclaredMethods(Refle
ctionUtils.java:466)
	at org.springframework
.util.ReflectionUtils.d
oWithLocalMethods(Refle
ctionUtils.java:320)
	at org.springframework
.orm.jpa.support.Persis
tenceAnnotationBeanPost
Processor.buildPersiste
nceMetadata(Persistence
AnnotationBeanPostProce
ssor.java:446)
	at org.springframework
.orm.jpa.support.Persis
tenceAnnotationBeanPost
Processor.findPersisten
ceMetadata(PersistenceA
nnotationBeanPostProces
sor.java:417)
	at org.springframework
.orm.jpa.support.Persis
tenceAnnotationBeanPost
Processor.findInjection
Metadata(PersistenceAnn
otationBeanPostProcesso
r.java:376)
	at org.springframework
.orm.jpa.support.Persis
tenceAnnotationBeanPost
Processor.postProcessMe
rgedBeanDefinition(Pers
istenceAnnotationBeanPo
stProcessor.java:352)
	at org.springframework
.beans.factory.support.
AbstractAutowireCapable
BeanFactory.applyMerged
BeanDefinitionPostProce
ssors(AbstractAutowireC
apableBeanFactory.java:
1123)
	at org.springframework
.beans.factory.support.
AbstractAutowireCapable
BeanFactory.doCreateBea
n(AbstractAutowireCapab
leBeanFactory.java:581)
	at org.springframework
.beans.factory.support.
AbstractAutowireCapable
BeanFactory.createBean(
AbstractAutowireCapable
BeanFactory.java:529)
	at org.springframework
.beans.factory.support.
AbstractBeanFactory.lam
bda$doGetBean$0(Abstrac
tBeanFactory.java:339)
	at org.springframework
.beans.factory.support.
DefaultSingletonBeanReg
istry.getSingleton(Defa
ultSingletonBeanRegistr
y.java:373)
	at org.springframework
.beans.factory.support.
AbstractBeanFactory.doG
etBean(AbstractBeanFact
ory.java:337)
	at org.springframework
.beans.factory.support.
AbstractBeanFactory.get
Bean(AbstractBeanFactor
y.java:202)
	at org.springframework
.beans.factory.support.
DefaultListableBeanFact
ory.doResolveDependency
(DefaultListableBeanFac
tory.java:1708)
	at org.springframework
.beans.factory.support.
DefaultListableBeanFact
ory.resolveDependency(D
efaultListableBeanFacto
ry.java:1653)
	at org.springframework
.beans.factory.support.
ConstructorResolver.res
olveAutowiredArgument(C
onstructorResolver.java
:913)
	at org.springframework
.beans.factory.support.
ConstructorResolver.cre
ateArgumentArray(Constr
uctorResolver.java:791)
	at org.springframework
.beans.factory.support.
ConstructorResolver.ins
tantiateUsingFactoryMet
hod(ConstructorResolver
.java:546)
	at org.springframework
.beans.factory.support.
AbstractAutowireCapable
BeanFactory.instantiate
UsingFactoryMethod(Abst
ractAutowireCapableBean
Factory.java:1375)
	at org.springframework
.beans.factory.support.
AbstractAutowireCapable
BeanFactory.createBeanI
nstance(AbstractAutowir
eCapableBeanFactory.jav
a:1205)
	at org.springframework
.beans.factory.support.
AbstractAutowireCapable
BeanFactory.doCreateBea
n(AbstractAutowireCapab
leBeanFactory.java:569)
	at org.springframework
.beans.factory.support.
AbstractAutowireCapable
BeanFactory.createBean(
AbstractAutowireCapable
BeanFactory.java:529)
	at org.springframework
.beans.factory.support.
AbstractBeanFactory.lam
bda$doGetBean$0(Abstrac
tBeanFactory.java:339)
	at org.springframework
.beans.factory.support.
DefaultSingletonBeanReg
istry.getSingleton(Defa
ultSingletonBeanRegistr
y.java:373)
	at org.springframework
.beans.factory.support.
AbstractBeanFactory.doG
etBean(AbstractBeanFact
ory.java:337)
	at org.springframework
.beans.factory.support.
AbstractBeanFactory.get
Bean(AbstractBeanFactor
y.java:202)
	at org.springframework
.beans.factory.support.
AbstractBeanFactory.doG
etBean(AbstractBeanFact
ory.java:315)
	at org.springframework
.beans.factory.support.
AbstractBeanFactory.get
Bean(AbstractBeanFactor
y.java:207)
	at org.springframework
.context.support.Abstra
ctApplicationContext.fi
nishBeanFactoryInitiali
zation(AbstractApplicat
ionContext.java:974)
	at org.springframework
.context.support.Abstra
ctApplicationContext.re
fresh(AbstractApplicati
onContext.java:628)
	at org.springframework
.boot.SpringApplication
.refresh(SpringApplicat
ion.java:752)
	at org.springframework
.boot.SpringApplication
.refreshContext(SpringA
pplication.java:439)
	at org.springframework
.boot.SpringApplication
.run(SpringApplication.
java:318)
	at org.springframework
.boot.test.context.Spri
ngBootContextLoader.lam
bda$loadContext$3(Sprin
gBootContextLoader.java
:152)
	at org.springframework
.util.function.Throwing
Supplier.get(ThrowingSu
pplier.java:58)
	at org.springframework
.util.function.Throwing
Supplier.get(ThrowingSu
pplier.java:46)
	at org.springframework
.boot.SpringApplication
.withHook(SpringApplica
tion.java:1461)
	at org.springframework
.boot.test.context.Spri
ngBootContextLoader$Con
textLoaderHook.run(Spri
ngBootContextLoader.jav
a:595)
	at org.springframework
.boot.test.context.Spri
ngBootContextLoader.loa
dContext(SpringBootCont
extLoader.java:152)
	at org.springframework
.boot.test.context.Spri
ngBootContextLoader.loa
dContext(SpringBootCont
extLoader.java:111)
	at org.springframework
.test.context.cache.Def
aultCacheAwareContextLo
aderDelegate.loadContex
tInternal(DefaultCacheA
wareContextLoaderDelega
te.java:225)
	at org.springframework
.test.context.cache.Def
aultCacheAwareContextLo
aderDelegate.loadContex
t(DefaultCacheAwareCont
extLoaderDelegate.java:
152)
	at org.springframework
.test.context.support.D
efaultTestContext.getAp
plicationContext(Defaul
tTestContext.java:130)
	at org.springframework
.test.context.support.D
ependencyInjectionTestE
xecutionListener.inject
Dependencies(Dependency
InjectionTestExecutionL
istener.java:155)
	at org.springframework
.test.context.support.D
ependencyInjectionTestE
xecutionListener.prepar
eTestInstance(Dependenc
yInjectionTestExecution
Listener.java:111)
	at org.springframework
.test.context.TestConte
xtManager.prepareTestIn
stance(TestContextManag
er.java:260)
	at org.springframework
.test.context.junit4.Sp
ringJUnit4ClassRunner.c
reateTest(SpringJUnit4C
lassRunner.java:228)
	at org.springframework
.test.context.junit4.Sp
ringJUnit4ClassRunner$1
.runReflectiveCall(Spri
ngJUnit4ClassRunner.jav
a:289)
	at org.junit.internal.
runners.model.Reflectiv
eCallable.run(Reflectiv
eCallable.java:12)
	at org.springframework
.test.context.junit4.Sp
ringJUnit4ClassRunner.m
ethodBlock(SpringJUnit4
ClassRunner.java:291)
	at org.springframework
.test.context.junit4.Sp
ringJUnit4ClassRunner.r
unChild(SpringJUnit4Cla
ssRunner.java:247)
	at org.springframework
.test.context.junit4.Sp
ringJUnit4ClassRunner.r
unChild(SpringJUnit4Cla
ssRunner.java:97)
	at org.junit.runners.P
arentRunner$4.run(Paren
tRunner.java:331)
	at org.junit.runners.P
arentRunner$1.schedule(
ParentRunner.java:79)
	at org.junit.runners.P
arentRunner.runChildren
(ParentRunner.java:329)
	at org.junit.runners.P
arentRunner.access$100(
ParentRunner.java:66)
	at org.junit.runners.P
arentRunner$2.evaluate(
ParentRunner.java:293)
	at org.springframework
.test.context.junit4.st
atements.RunBeforeTestC
lassCallbacks.evaluate(
RunBeforeTestClassCallb
acks.java:61)
	at org.springframework
.test.context.junit4.st
atements.RunAfterTestCl
assCallbacks.evaluate(R
unAfterTestClassCallbac
ks.java:70)
	at org.junit.runners.P
arentRunner$3.evaluate(
ParentRunner.java:306)
	at org.junit.runners.P
arentRunner.run(ParentR
unner.java:413)
	at org.springframework
.test.context.junit4.Sp
ringJUnit4ClassRunner.r
un(SpringJUnit4ClassRun
ner.java:191)
	at org.junit.runner.JU
nitCore.run(JUnitCore.j
ava:137)
	at org.junit.runner.JU
nitCore.run(JUnitCore.j
ava:115)
	at org.junit.vintage.e
ngine.execution.RunnerE
xecutor.execute(RunnerE
xecutor.java:42)
	at org.junit.vintage.e
ngine.execution.Vintage
Executor.executeClasses
AndMethodsSequentially(
VintageExecutor.java:93
)
	at org.junit.vintage.e
ngine.execution.Vintage
Executor.executeAllChil
dren(VintageExecutor.ja
va:73)
	at org.junit.vintage.e
ngine.VintageTestEngine
.execute(VintageTestEng
ine.java:70)
	at org.junit.platform.
launcher.core.EngineExe
cutionOrchestrator.exec
ute(EngineExecutionOrch
estrator.java:201)
	at org.junit.platform.
launcher.core.EngineExe
cutionOrchestrator.exec
ute(EngineExecutionOrch
estrator.java:170)
	at org.junit.platform.
launcher.core.EngineExe
cutionOrchestrator.exec
ute(EngineExecutionOrch
estrator.java:94)
	at org.junit.platform.
launcher.core.EngineExe
cutionOrchestrator.lamb
da$execute$0(EngineExec
utionOrchestrator.java:
59)
	at org.junit.platform.
launcher.core.EngineExe
cutionOrchestrator.with
InterceptedStreams(Engi
neExecutionOrchestrator
.java:142)
	at org.junit.platform.
launcher.core.EngineExe
cutionOrchestrator.exec
ute(EngineExecutionOrch
estrator.java:58)
	at org.junit.platform.
launcher.core.DefaultLa
uncher.execute(DefaultL
auncher.java:103)
	at org.junit.platform.
launcher.core.DefaultLa
uncher.execute(DefaultL
auncher.java:85)
	at org.junit.platform.
launcher.core.Delegatin
gLauncher.execute(Deleg
atingLauncher.java:47)
	at org.junit.platform.
launcher.core.Intercept
ingLauncher.lambda$exec
ute$1(InterceptingLaunc
her.java:39)
	at org.junit.platform.
launcher.core.Classpath
AlignmentCheckingLaunch
erInterceptor.intercept
(ClasspathAlignmentChec
kingLauncherInterceptor
.java:25)
	at org.junit.platform.
launcher.core.Intercept
ingLauncher.execute(Int
erceptingLauncher.java:
38)
	at org.junit.platform.
launcher.core.Delegatin
gLauncher.execute(Deleg
atingLauncher.java:47)
	at org.apache.maven.su
refire.junitplatform.La
uncherAdapter.executeWi
thoutCancellationToken(
LauncherAdapter.java:60
)
	at org.apache.maven.su
refire.junitplatform.La
uncherAdapter.execute(L
auncherAdapter.java:52)
	at org.apache.maven.su
refire.junitplatform.JU
nitPlatformProvider.exe
cute(JUnitPlatformProvi
der.java:203)
	at org.apache.maven.su
refire.junitplatform.JU
nitPlatformProvider.inv
okeAllTests(JUnitPlatfo
rmProvider.java:168)
	at org.apache.maven.su
refire.junitplatform.JU
nitPlatformProvider.inv
oke(JUnitPlatformProvid
er.java:136)
	at org.apache.maven.su
refire.booter.ForkedBoo
ter.runSuitesInProcess(
ForkedBooter.java:385)
	at org.apache.maven.su
refire.booter.ForkedBoo
ter.execute(ForkedBoote
r.java:162)
	at org.apache.maven.su
refire.booter.ForkedBoo
ter.run(ForkedBooter.ja
va:507)
	at org.apache.maven.su
refire.booter.ForkedBoo
ter.main(ForkedBooter.j
ava:495)
Caused by: 
java.io.IOException: 
Error while 
instrumenting java/sql/
ConnectionBuilder with 
JaCoCo 0.8.11.202310140
853/f33756c.
	at org.jacoco.agent.rt
.internal_4742761.core.
instr.Instrumenter.inst
rumentError(Instrumente
r.java:161)
	at org.jacoco.agent.rt
.internal_4742761.core.
instr.Instrumenter.inst
rument(Instrumenter.jav
a:111)
	at org.jacoco.agent.rt
.internal_4742761.Cover
ageTransformer.transfor
m(CoverageTransformer.j
ava:92)
	... 106 more
Caused by: java.lang.Il
legalArgumentException:
 Unsupported class 
file major version 68
	at org.jacoco.agent.rt
.internal_4742761.asm.C
lassReader.<init>(Class
Reader.java:200)
	at org.jacoco.agent.rt
.internal_4742761.asm.C
lassReader.<init>(Class
Reader.java:180)
	at org.jacoco.agent.rt
.internal_4742761.asm.C
lassReader.<init>(Class
Reader.java:166)
	at org.jacoco.agent.rt
.internal_4742761.core.
internal.instr.InstrSup
port.classReaderFor(Ins
trSupport.java:280)
	at org.jacoco.agent.rt
.internal_4742761.core.
instr.Instrumenter.inst
rument(Instrumenter.jav
a:77)
	at org.jacoco.agent.rt
.internal_4742761.core.
instr.Instrumenter.inst
rument(Instrumenter.jav
a:109)
	... 107 more
java.lang.instrument.Il
legalClassFormatExcepti
on: Error while 
instrumenting java/sql/
ShardingKeyBuilder 
with JaCoCo 0.8.11.2023
10140853/f33756c.
	at org.jacoco.agent.rt
.internal_4742761.Cover
ageTransformer.transfor
m(CoverageTransformer.j
ava:94)
	at java.instrument/jav
a.lang.instrument.Class
FileTransformer.transfo
rm(ClassFileTransformer
.java:257)
	at java.instrument/sun
.instrument.Transformer
Manager.transform(Trans
formerManager.java:188)
	at java.instrument/sun
.instrument.Instrumenta
tionImpl.transform(Inst
rumentationImpl.java:59
4)
	at java.base/java.lang
.ClassLoader.defineClas
s2(Native Method)
	at java.base/java.lang
.ClassLoader.defineClas
s(ClassLoader.java:1052
)
	at java.base/java.secu
rity.SecureClassLoader.
defineClass(SecureClass
Loader.java:164)
	at java.base/jdk.inter
nal.loader.BuiltinClass
Loader.defineClass(Buil
tinClassLoader.java:735
)
	at java.base/jdk.inter
nal.loader.BuiltinClass
Loader.findClassInModul
eOrNull(BuiltinClassLoa
der.java:678)
	at java.base/jdk.inter
nal.loader.BuiltinClass
Loader.loadClassOrNull(
BuiltinClassLoader.java
:604)
	at java.base/jdk.inter
nal.loader.BuiltinClass
Loader.loadClass(Builti
nClassLoader.java:578)
	at java.base/java.lang
.ClassLoader.loadClass(
ClassLoader.java:490)
	at java.base/java.lang
.Class.getDeclaredMetho
ds0(Native Method)
	at java.base/java.lang
.Class.privateGetDeclar
edMethods(Class.java:30
35)
	at java.base/java.lang
.Class.privateGetPublic
Methods(Class.java:3060
)
	at java.base/java.lang
.Class.privateGetPublic
Methods(Class.java:3072
)
	at java.base/java.lang
.Class.getMethods(Class
.java:1998)
	at org.springframework
.util.ReflectionUtils.f
indDefaultMethodsOnInte
rfaces(ReflectionUtils.
java:493)
	at org.springframework
.util.ReflectionUtils.g
etDeclaredMethods(Refle
ctionUtils.java:466)
	at org.springframework
.util.ReflectionUtils.d
oWithLocalMethods(Refle
ctionUtils.java:320)
	at org.springframework
.orm.jpa.support.Persis
tenceAnnotationBeanPost
Processor.buildPersiste
nceMetadata(Persistence
AnnotationBeanPostProce
ssor.java:446)
	at org.springframework
.orm.jpa.support.Persis
tenceAnnotationBeanPost
Processor.findPersisten
ceMetadata(PersistenceA
nnotationBeanPostProces
sor.java:417)
	at org.springframework
.orm.jpa.support.Persis
tenceAnnotationBeanPost
Processor.findInjection
Metadata(PersistenceAnn
otationBeanPostProcesso
r.java:376)
	at org.springframework
.orm.jpa.support.Persis
tenceAnnotationBeanPost
Processor.postProcessMe
rgedBeanDefinition(Pers
istenceAnnotationBeanPo
stProcessor.java:352)
	at org.springframework
.beans.factory.support.
AbstractAutowireCapable
BeanFactory.applyMerged
BeanDefinitionPostProce
ssors(AbstractAutowireC
apableBeanFactory.java:
1123)
	at org.springframework
.beans.factory.support.
AbstractAutowireCapable
BeanFactory.doCreateBea
n(AbstractAutowireCapab
leBeanFactory.java:581)
	at org.springframework
.beans.factory.support.
AbstractAutowireCapable
BeanFactory.createBean(
AbstractAutowireCapable
BeanFactory.java:529)
	at org.springframework
.beans.factory.support.
AbstractBeanFactory.lam
bda$doGetBean$0(Abstrac
tBeanFactory.java:339)
	at org.springframework
.beans.factory.support.
DefaultSingletonBeanReg
istry.getSingleton(Defa
ultSingletonBeanRegistr
y.java:373)
	at org.springframework
.beans.factory.support.
AbstractBeanFactory.doG
etBean(AbstractBeanFact
ory.java:337)
	at org.springframework
.beans.factory.support.
AbstractBeanFactory.get
Bean(AbstractBeanFactor
y.java:202)
	at org.springframework
.beans.factory.support.
DefaultListableBeanFact
ory.doResolveDependency
(DefaultListableBeanFac
tory.java:1708)
	at org.springframework
.beans.factory.support.
DefaultListableBeanFact
ory.resolveDependency(D
efaultListableBeanFacto
ry.java:1653)
	at org.springframework
.beans.factory.support.
ConstructorResolver.res
olveAutowiredArgument(C
onstructorResolver.java
:913)
	at org.springframework
.beans.factory.support.
ConstructorResolver.cre
ateArgumentArray(Constr
uctorResolver.java:791)
	at org.springframework
.beans.factory.support.
ConstructorResolver.ins
tantiateUsingFactoryMet
hod(ConstructorResolver
.java:546)
	at org.springframework
.beans.factory.support.
AbstractAutowireCapable
BeanFactory.instantiate
UsingFactoryMethod(Abst
ractAutowireCapableBean
Factory.java:1375)
	at org.springframework
.beans.factory.support.
AbstractAutowireCapable
BeanFactory.createBeanI
nstance(AbstractAutowir
eCapableBeanFactory.jav
a:1205)
	at org.springframework
.beans.factory.support.
AbstractAutowireCapable
BeanFactory.doCreateBea
n(AbstractAutowireCapab
leBeanFactory.java:569)
	at org.springframework
.beans.factory.support.
AbstractAutowireCapable
BeanFactory.createBean(
AbstractAutowireCapable
BeanFactory.java:529)
	at org.springframework
.beans.factory.support.
AbstractBeanFactory.lam
bda$doGetBean$0(Abstrac
tBeanFactory.java:339)
	at org.springframework
.beans.factory.support.
DefaultSingletonBeanReg
istry.getSingleton(Defa
ultSingletonBeanRegistr
y.java:373)
	at org.springframework
.beans.factory.support.
AbstractBeanFactory.doG
etBean(AbstractBeanFact
ory.java:337)
	at org.springframework
.beans.factory.support.
AbstractBeanFactory.get
Bean(AbstractBeanFactor
y.java:202)
	at org.springframework
.beans.factory.support.
AbstractBeanFactory.doG
etBean(AbstractBeanFact
ory.java:315)
	at org.springframework
.beans.factory.support.
AbstractBeanFactory.get
Bean(AbstractBeanFactor
y.java:207)
	at org.springframework
.context.support.Abstra
ctApplicationContext.fi
nishBeanFactoryInitiali
zation(AbstractApplicat
ionContext.java:974)
	at org.springframework
.context.support.Abstra
ctApplicationContext.re
fresh(AbstractApplicati
onContext.java:628)
	at org.springframework
.boot.SpringApplication
.refresh(SpringApplicat
ion.java:752)
	at org.springframework
.boot.SpringApplication
.refreshContext(SpringA
pplication.java:439)
	at org.springframework
.boot.SpringApplication
.run(SpringApplication.
java:318)
	at org.springframework
.boot.test.context.Spri
ngBootContextLoader.lam
bda$loadContext$3(Sprin
gBootContextLoader.java
:152)
	at org.springframework
.util.function.Throwing
Supplier.get(ThrowingSu
pplier.java:58)
	at org.springframework
.util.function.Throwing
Supplier.get(ThrowingSu
pplier.java:46)
	at org.springframework
.boot.SpringApplication
.withHook(SpringApplica
tion.java:1461)
	at org.springframework
.boot.test.context.Spri
ngBootContextLoader$Con
textLoaderHook.run(Spri
ngBootContextLoader.jav
a:595)
	at org.springframework
.boot.test.context.Spri
ngBootContextLoader.loa
dContext(SpringBootCont
extLoader.java:152)
	at org.springframework
.boot.test.context.Spri
ngBootContextLoader.loa
dContext(SpringBootCont
extLoader.java:111)
	at org.springframework
.test.context.cache.Def
aultCacheAwareContextLo
aderDelegate.loadContex
tInternal(DefaultCacheA
wareContextLoaderDelega
te.java:225)
	at org.springframework
.test.context.cache.Def
aultCacheAwareContextLo
aderDelegate.loadContex
t(DefaultCacheAwareCont
extLoaderDelegate.java:
152)
	at org.springframework
.test.context.support.D
efaultTestContext.getAp
plicationContext(Defaul
tTestContext.java:130)
	at org.springframework
.test.context.support.D
ependencyInjectionTestE
xecutionListener.inject
Dependencies(Dependency
InjectionTestExecutionL
istener.java:155)
	at org.springframework
.test.context.support.D
ependencyInjectionTestE
xecutionListener.prepar
eTestInstance(Dependenc
yInjectionTestExecution
Listener.java:111)
	at org.springframework
.test.context.TestConte
xtManager.prepareTestIn
stance(TestContextManag
er.java:260)
	at org.springframework
.test.context.junit4.Sp
ringJUnit4ClassRunner.c
reateTest(SpringJUnit4C
lassRunner.java:228)
	at org.springframework
.test.context.junit4.Sp
ringJUnit4ClassRunner$1
.runReflectiveCall(Spri
ngJUnit4ClassRunner.jav
a:289)
	at org.junit.internal.
runners.model.Reflectiv
eCallable.run(Reflectiv
eCallable.java:12)
	at org.springframework
.test.context.junit4.Sp
ringJUnit4ClassRunner.m
ethodBlock(SpringJUnit4
ClassRunner.java:291)
	at org.springframework
.test.context.junit4.Sp
ringJUnit4ClassRunner.r
unChild(SpringJUnit4Cla
ssRunner.java:247)
	at org.springframework
.test.context.junit4.Sp
ringJUnit4ClassRunner.r
unChild(SpringJUnit4Cla
ssRunner.java:97)
	at org.junit.runners.P
arentRunner$4.run(Paren
tRunner.java:331)
	at org.junit.runners.P
arentRunner$1.schedule(
ParentRunner.java:79)
	at org.junit.runners.P
arentRunner.runChildren
(ParentRunner.java:329)
	at org.junit.runners.P
arentRunner.access$100(
ParentRunner.java:66)
	at org.junit.runners.P
arentRunner$2.evaluate(
ParentRunner.java:293)
	at org.springframework
.test.context.junit4.st
atements.RunBeforeTestC
lassCallbacks.evaluate(
RunBeforeTestClassCallb
acks.java:61)
	at org.springframework
.test.context.junit4.st
atements.RunAfterTestCl
assCallbacks.evaluate(R
unAfterTestClassCallbac
ks.java:70)
	at org.junit.runners.P
arentRunner$3.evaluate(
ParentRunner.java:306)
	at org.junit.runners.P
arentRunner.run(ParentR
unner.java:413)
	at org.springframework
.test.context.junit4.Sp
ringJUnit4ClassRunner.r
un(SpringJUnit4ClassRun
ner.java:191)
	at org.junit.runner.JU
nitCore.run(JUnitCore.j
ava:137)
	at org.junit.runner.JU
nitCore.run(JUnitCore.j
ava:115)
	at org.junit.vintage.e
ngine.execution.RunnerE
xecutor.execute(RunnerE
xecutor.java:42)
	at org.junit.vintage.e
ngine.execution.Vintage
Executor.executeClasses
AndMethodsSequentially(
VintageExecutor.java:93
)
	at org.junit.vintage.e
ngine.execution.Vintage
Executor.executeAllChil
dren(VintageExecutor.ja
va:73)
	at org.junit.vintage.e
ngine.VintageTestEngine
.execute(VintageTestEng
ine.java:70)
	at org.junit.platform.
launcher.core.EngineExe
cutionOrchestrator.exec
ute(EngineExecutionOrch
estrator.java:201)
	at org.junit.platform.
launcher.core.EngineExe
cutionOrchestrator.exec
ute(EngineExecutionOrch
estrator.java:170)
	at org.junit.platform.
launcher.core.EngineExe
cutionOrchestrator.exec
ute(EngineExecutionOrch
estrator.java:94)
	at org.junit.platform.
launcher.core.EngineExe
cutionOrchestrator.lamb
da$execute$0(EngineExec
utionOrchestrator.java:
59)
	at org.junit.platform.
launcher.core.EngineExe
cutionOrchestrator.with
InterceptedStreams(Engi
neExecutionOrchestrator
.java:142)
	at org.junit.platform.
launcher.core.EngineExe
cutionOrchestrator.exec
ute(EngineExecutionOrch
estrator.java:58)
	at org.junit.platform.
launcher.core.DefaultLa
uncher.execute(DefaultL
auncher.java:103)
	at org.junit.platform.
launcher.core.DefaultLa
uncher.execute(DefaultL
auncher.java:85)
	at org.junit.platform.
launcher.core.Delegatin
gLauncher.execute(Deleg
atingLauncher.java:47)
	at org.junit.platform.
launcher.core.Intercept
ingLauncher.lambda$exec
ute$1(InterceptingLaunc
her.java:39)
	at org.junit.platform.
launcher.core.Classpath
AlignmentCheckingLaunch
erInterceptor.intercept
(ClasspathAlignmentChec
kingLauncherInterceptor
.java:25)
	at org.junit.platform.
launcher.core.Intercept
ingLauncher.execute(Int
erceptingLauncher.java:
38)
	at org.junit.platform.
launcher.core.Delegatin
gLauncher.execute(Deleg
atingLauncher.java:47)
	at org.apache.maven.su
refire.junitplatform.La
uncherAdapter.executeWi
thoutCancellationToken(
LauncherAdapter.java:60
)
	at org.apache.maven.su
refire.junitplatform.La
uncherAdapter.execute(L
auncherAdapter.java:52)
	at org.apache.maven.su
refire.junitplatform.JU
nitPlatformProvider.exe
cute(JUnitPlatformProvi
der.java:203)
	at org.apache.maven.su
refire.junitplatform.JU
nitPlatformProvider.inv
okeAllTests(JUnitPlatfo
rmProvider.java:168)
	at org.apache.maven.su
refire.junitplatform.JU
nitPlatformProvider.inv
oke(JUnitPlatformProvid
er.java:136)
	at org.apache.maven.su
refire.booter.ForkedBoo
ter.runSuitesInProcess(
ForkedBooter.java:385)
	at org.apache.maven.su
refire.booter.ForkedBoo
ter.execute(ForkedBoote
r.java:162)
	at org.apache.maven.su
refire.booter.ForkedBoo
ter.run(ForkedBooter.ja
va:507)
	at org.apache.maven.su
refire.booter.ForkedBoo
ter.main(ForkedBooter.j
ava:495)
Caused by: 
java.io.IOException: 
Error while 
instrumenting java/sql/
ShardingKeyBuilder 
with JaCoCo 0.8.11.2023
10140853/f33756c.
	at org.jacoco.agent.rt
.internal_4742761.core.
instr.Instrumenter.inst
rumentError(Instrumente
r.java:161)
	at org.jacoco.agent.rt
.internal_4742761.core.
instr.Instrumenter.inst
rument(Instrumenter.jav
a:111)
	at org.jacoco.agent.rt
.internal_4742761.Cover
ageTransformer.transfor
m(CoverageTransformer.j
ava:92)
	... 107 more
Caused by: java.lang.Il
legalArgumentException:
 Unsupported class 
file major version 68
	at org.jacoco.agent.rt
.internal_4742761.asm.C
lassReader.<init>(Class
Reader.java:200)
	at org.jacoco.agent.rt
.internal_4742761.asm.C
lassReader.<init>(Class
Reader.java:180)
	at org.jacoco.agent.rt
.internal_4742761.asm.C
lassReader.<init>(Class
Reader.java:166)
	at org.jacoco.agent.rt
.internal_4742761.core.
internal.instr.InstrSup
port.classReaderFor(Ins
trSupport.java:280)
	at org.jacoco.agent.rt
.internal_4742761.core.
instr.Instrumenter.inst
rument(Instrumenter.jav
a:77)
	at org.jacoco.agent.rt
.internal_4742761.core.
instr.Instrumenter.inst
rument(Instrumenter.jav
a:109)
	... 108 more
2026-03-03 09:36:15.318 [main] INFO  org.hibernate.jpa.internal.util.LogHelper - HHH000204: Processing PersistenceUnitInfo [name: default]
2026-03-03 09:36:15.467 [main] INFO  org.hibernate.Version - HHH000412: Hibernate ORM core version 6.6.42.Final
2026-03-03 09:36:15.563 [main] INFO  org.hibernate.cache.internal.RegionFactoryInitiator - HHH000026: Second-level cache disabled
java.lang.instrument.Il
legalClassFormatExcepti
on: Error while 
instrumenting 
java/sql/Blob with 
JaCoCo 0.8.11.202310140
853/f33756c.
	at org.jacoco.agent.rt
.internal_4742761.Cover
ageTransformer.transfor
m(CoverageTransformer.j
ava:94)
	at java.instrument/jav
a.lang.instrument.Class
FileTransformer.transfo
rm(ClassFileTransformer
.java:257)
	at java.instrument/sun
.instrument.Transformer
Manager.transform(Trans
formerManager.java:188)
	at java.instrument/sun
.instrument.Instrumenta
tionImpl.transform(Inst
rumentationImpl.java:59
4)
	at java.base/java.lang
.ClassLoader.defineClas
s2(Native Method)
	at java.base/java.lang
.ClassLoader.defineClas
s(ClassLoader.java:1052
)
	at java.base/java.secu
rity.SecureClassLoader.
defineClass(SecureClass
Loader.java:164)
	at java.base/jdk.inter
nal.loader.BuiltinClass
Loader.defineClass(Buil
tinClassLoader.java:735
)
	at java.base/jdk.inter
nal.loader.BuiltinClass
Loader.findClassInModul
eOrNull(BuiltinClassLoa
der.java:678)
	at java.base/jdk.inter
nal.loader.BuiltinClass
Loader.loadClassOrNull(
BuiltinClassLoader.java
:604)
	at java.base/jdk.inter
nal.loader.BuiltinClass
Loader.loadClassOrNull(
BuiltinClassLoader.java
:639)
	at java.base/jdk.inter
nal.loader.BuiltinClass
Loader.loadClassOrNull(
BuiltinClassLoader.java
:608)
	at java.base/jdk.inter
nal.loader.BuiltinClass
Loader.loadClass(Builti
nClassLoader.java:578)
	at java.base/java.lang
.ClassLoader.loadClass(
ClassLoader.java:490)
	at org.hibernate.type.
descriptor.java.BlobJav
aType.<init>(BlobJavaTy
pe.java:65)
	at org.hibernate.type.
descriptor.java.BlobJav
aType.<clinit>(BlobJava
Type.java:38)
	at org.hibernate.type.
descriptor.java.spi.Jav
aTypeBaseline.prime(Jav
aTypeBaseline.java:111)
	at org.hibernate.type.
descriptor.java.spi.Jav
aTypeRegistry.<init>(Ja
vaTypeRegistry.java:43)
	at org.hibernate.type.
spi.TypeConfiguration.<
init>(TypeConfiguration
.java:135)
	at org.hibernate.boot.
internal.BootstrapConte
xtImpl.<init>(Bootstrap
ContextImpl.java:111)
	at org.hibernate.boot.
internal.MetadataBuilde
rImpl.<init>(MetadataBu
ilderImpl.java:140)
	at org.hibernate.boot.
MetadataSources.getMeta
dataBuilder(MetadataSou
rces.java:164)
	at org.hibernate.jpa.b
oot.internal.EntityMana
gerFactoryBuilderImpl.<
init>(EntityManagerFact
oryBuilderImpl.java:278
)
	at org.hibernate.jpa.b
oot.internal.EntityMana
gerFactoryBuilderImpl.<
init>(EntityManagerFact
oryBuilderImpl.java:199
)
	at org.springframework
.orm.jpa.vendor.SpringH
ibernateJpaPersistenceP
rovider.createContainer
EntityManagerFactory(Sp
ringHibernateJpaPersist
enceProvider.java:54)
	at org.springframework
.orm.jpa.LocalContainer
EntityManagerFactoryBea
n.createNativeEntityMan
agerFactory(LocalContai
nerEntityManagerFactory
Bean.java:388)
	at org.springframework
.orm.jpa.AbstractEntity
ManagerFactoryBean.buil
dNativeEntityManagerFac
tory(AbstractEntityMana
gerFactoryBean.java:419
)
	at org.springframework
.orm.jpa.AbstractEntity
ManagerFactoryBean.afte
rPropertiesSet(Abstract
EntityManagerFactoryBea
n.java:400)
	at org.springframework
.orm.jpa.LocalContainer
EntityManagerFactoryBea
n.afterPropertiesSet(Lo
calContainerEntityManag
erFactoryBean.java:364)
	at org.springframework
.beans.factory.support.
AbstractAutowireCapable
BeanFactory.invokeInitM
ethods(AbstractAutowire
CapableBeanFactory.java
:1873)
	at org.springframework
.beans.factory.support.
AbstractAutowireCapable
BeanFactory.initializeB
ean(AbstractAutowireCap
ableBeanFactory.java:18
22)
	at org.springframework
.beans.factory.support.
AbstractAutowireCapable
BeanFactory.doCreateBea
n(AbstractAutowireCapab
leBeanFactory.java:607)
	at org.springframework
.beans.factory.support.
AbstractAutowireCapable
BeanFactory.createBean(
AbstractAutowireCapable
BeanFactory.java:529)
	at org.springframework
.beans.factory.support.
AbstractBeanFactory.lam
bda$doGetBean$0(Abstrac
tBeanFactory.java:339)
	at org.springframework
.beans.factory.support.
DefaultSingletonBeanReg
istry.getSingleton(Defa
ultSingletonBeanRegistr
y.java:373)
	at org.springframework
.beans.factory.support.
AbstractBeanFactory.doG
etBean(AbstractBeanFact
ory.java:337)
	at org.springframework
.beans.factory.support.
AbstractBeanFactory.get
Bean(AbstractBeanFactor
y.java:207)
	at org.springframework
.context.support.Abstra
ctApplicationContext.fi
nishBeanFactoryInitiali
zation(AbstractApplicat
ionContext.java:974)
	at org.springframework
.context.support.Abstra
ctApplicationContext.re
fresh(AbstractApplicati
onContext.java:628)
	at org.springframework
.boot.SpringApplication
.refresh(SpringApplicat
ion.java:752)
	at org.springframework
.boot.SpringApplication
.refreshContext(SpringA
pplication.java:439)
	at org.springframework
.boot.SpringApplication
.run(SpringApplication.
java:318)
	at org.springframework
.boot.test.context.Spri
ngBootContextLoader.lam
bda$loadContext$3(Sprin
gBootContextLoader.java
:152)
	at org.springframework
.util.function.Throwing
Supplier.get(ThrowingSu
pplier.java:58)
	at org.springframework
.util.function.Throwing
Supplier.get(ThrowingSu
pplier.java:46)
	at org.springframework
.boot.SpringApplication
.withHook(SpringApplica
tion.java:1461)
	at org.springframework
.boot.test.context.Spri
ngBootContextLoader$Con
textLoaderHook.run(Spri
ngBootContextLoader.jav
a:595)
	at org.springframework
.boot.test.context.Spri
ngBootContextLoader.loa
dContext(SpringBootCont
extLoader.java:152)
	at org.springframework
.boot.test.context.Spri
ngBootContextLoader.loa
dContext(SpringBootCont
extLoader.java:111)
	at org.springframework
.test.context.cache.Def
aultCacheAwareContextLo
aderDelegate.loadContex
tInternal(DefaultCacheA
wareContextLoaderDelega
te.java:225)
	at org.springframework
.test.context.cache.Def
aultCacheAwareContextLo
aderDelegate.loadContex
t(DefaultCacheAwareCont
extLoaderDelegate.java:
152)
	at org.springframework
.test.context.support.D
efaultTestContext.getAp
plicationContext(Defaul
tTestContext.java:130)
	at org.springframework
.test.context.support.D
ependencyInjectionTestE
xecutionListener.inject
Dependencies(Dependency
InjectionTestExecutionL
istener.java:155)
	at org.springframework
.test.context.support.D
ependencyInjectionTestE
xecutionListener.prepar
eTestInstance(Dependenc
yInjectionTestExecution
Listener.java:111)
	at org.springframework
.test.context.TestConte
xtManager.prepareTestIn
stance(TestContextManag
er.java:260)
	at org.springframework
.test.context.junit4.Sp
ringJUnit4ClassRunner.c
reateTest(SpringJUnit4C
lassRunner.java:228)
	at org.springframework
.test.context.junit4.Sp
ringJUnit4ClassRunner$1
.runReflectiveCall(Spri
ngJUnit4ClassRunner.jav
a:289)
	at org.junit.internal.
runners.model.Reflectiv
eCallable.run(Reflectiv
eCallable.java:12)
	at org.springframework
.test.context.junit4.Sp
ringJUnit4ClassRunner.m
ethodBlock(SpringJUnit4
ClassRunner.java:291)
	at org.springframework
.test.context.junit4.Sp
ringJUnit4ClassRunner.r
unChild(SpringJUnit4Cla
ssRunner.java:247)
	at org.springframework
.test.context.junit4.Sp
ringJUnit4ClassRunner.r
unChild(SpringJUnit4Cla
ssRunner.java:97)
	at org.junit.runners.P
arentRunner$4.run(Paren
tRunner.java:331)
	at org.junit.runners.P
arentRunner$1.schedule(
ParentRunner.java:79)
	at org.junit.runners.P
arentRunner.runChildren
(ParentRunner.java:329)
	at org.junit.runners.P
arentRunner.access$100(
ParentRunner.java:66)
	at org.junit.runners.P
arentRunner$2.evaluate(
ParentRunner.java:293)
	at org.springframework
.test.context.junit4.st
atements.RunBeforeTestC
lassCallbacks.evaluate(
RunBeforeTestClassCallb
acks.java:61)
	at org.springframework
.test.context.junit4.st
atements.RunAfterTestCl
assCallbacks.evaluate(R
unAfterTestClassCallbac
ks.java:70)
	at org.junit.runners.P
arentRunner$3.evaluate(
ParentRunner.java:306)
	at org.junit.runners.P
arentRunner.run(ParentR
unner.java:413)
	at org.springframework
.test.context.junit4.Sp
ringJUnit4ClassRunner.r
un(SpringJUnit4ClassRun
ner.java:191)
	at org.junit.runner.JU
nitCore.run(JUnitCore.j
ava:137)
	at org.junit.runner.JU
nitCore.run(JUnitCore.j
ava:115)
	at org.junit.vintage.e
ngine.execution.RunnerE
xecutor.execute(RunnerE
xecutor.java:42)
	at org.junit.vintage.e
ngine.execution.Vintage
Executor.executeClasses
AndMethodsSequentially(
VintageExecutor.java:93
)
	at org.junit.vintage.e
ngine.execution.Vintage
Executor.executeAllChil
dren(VintageExecutor.ja
va:73)
	at org.junit.vintage.e
ngine.VintageTestEngine
.execute(VintageTestEng
ine.java:70)
	at org.junit.platform.
launcher.core.EngineExe
cutionOrchestrator.exec
ute(EngineExecutionOrch
estrator.java:201)
	at org.junit.platform.
launcher.core.EngineExe
cutionOrchestrator.exec
ute(EngineExecutionOrch
estrator.java:170)
	at org.junit.platform.
launcher.core.EngineExe
cutionOrchestrator.exec
ute(EngineExecutionOrch
estrator.java:94)
	at org.junit.platform.
launcher.core.EngineExe
cutionOrchestrator.lamb
da$execute$0(EngineExec
utionOrchestrator.java:
59)
	at org.junit.platform.
launcher.core.EngineExe
cutionOrchestrator.with
InterceptedStreams(Engi
neExecutionOrchestrator
.java:142)
	at org.junit.platform.
launcher.core.EngineExe
cutionOrchestrator.exec
ute(EngineExecutionOrch
estrator.java:58)
	at org.junit.platform.
launcher.core.DefaultLa
uncher.execute(DefaultL
auncher.java:103)
	at org.junit.platform.
launcher.core.DefaultLa
uncher.execute(DefaultL
auncher.java:85)
	at org.junit.platform.
launcher.core.Delegatin
gLauncher.execute(Deleg
atingLauncher.java:47)
	at org.junit.platform.
launcher.core.Intercept
ingLauncher.lambda$exec
ute$1(InterceptingLaunc
her.java:39)
	at org.junit.platform.
launcher.core.Classpath
AlignmentCheckingLaunch
erInterceptor.intercept
(ClasspathAlignmentChec
kingLauncherInterceptor
.java:25)
	at org.junit.platform.
launcher.core.Intercept
ingLauncher.execute(Int
erceptingLauncher.java:
38)
	at org.junit.platform.
launcher.core.Delegatin
gLauncher.execute(Deleg
atingLauncher.java:47)
	at org.apache.maven.su
refire.junitplatform.La
uncherAdapter.executeWi
thoutCancellationToken(
LauncherAdapter.java:60
)
	at org.apache.maven.su
refire.junitplatform.La
uncherAdapter.execute(L
auncherAdapter.java:52)
	at org.apache.maven.su
refire.junitplatform.JU
nitPlatformProvider.exe
cute(JUnitPlatformProvi
der.java:203)
	at org.apache.maven.su
refire.junitplatform.JU
nitPlatformProvider.inv
okeAllTests(JUnitPlatfo
rmProvider.java:168)
	at org.apache.maven.su
refire.junitplatform.JU
nitPlatformProvider.inv
oke(JUnitPlatformProvid
er.java:136)
	at org.apache.maven.su
refire.booter.ForkedBoo
ter.runSuitesInProcess(
ForkedBooter.java:385)
	at org.apache.maven.su
refire.booter.ForkedBoo
ter.execute(ForkedBoote
r.java:162)
	at org.apache.maven.su
refire.booter.ForkedBoo
ter.run(ForkedBooter.ja
va:507)
	at org.apache.maven.su
refire.booter.ForkedBoo
ter.main(ForkedBooter.j
ava:495)
Caused by: 
java.io.IOException: 
Error while 
instrumenting 
java/sql/Blob with 
JaCoCo 0.8.11.202310140
853/f33756c.
	at org.jacoco.agent.rt
.internal_4742761.core.
instr.Instrumenter.inst
rumentError(Instrumente
r.java:161)
	at org.jacoco.agent.rt
.internal_4742761.core.
instr.Instrumenter.inst
rument(Instrumenter.jav
a:111)
	at org.jacoco.agent.rt
.internal_4742761.Cover
ageTransformer.transfor
m(CoverageTransformer.j
ava:92)
	... 98 more
Caused by: java.lang.Il
legalArgumentException:
 Unsupported class 
file major version 68
	at org.jacoco.agent.rt
.internal_4742761.asm.C
lassReader.<init>(Class
Reader.java:200)
	at org.jacoco.agent.rt
.internal_4742761.asm.C
lassReader.<init>(Class
Reader.java:180)
	at org.jacoco.agent.rt
.internal_4742761.asm.C
lassReader.<init>(Class
Reader.java:166)
	at org.jacoco.agent.rt
.internal_4742761.core.
internal.instr.InstrSup
port.classReaderFor(Ins
trSupport.java:280)
	at org.jacoco.agent.rt
.internal_4742761.core.
instr.Instrumenter.inst
rument(Instrumenter.jav
a:77)
	at org.jacoco.agent.rt
.internal_4742761.core.
instr.Instrumenter.inst
rument(Instrumenter.jav
a:109)
	... 99 more
java.lang.instrument.Il
legalClassFormatExcepti
on: Error while 
instrumenting 
java/sql/Clob with 
JaCoCo 0.8.11.202310140
853/f33756c.
	at org.jacoco.agent.rt
.internal_4742761.Cover
ageTransformer.transfor
m(CoverageTransformer.j
ava:94)
	at java.instrument/jav
a.lang.instrument.Class
FileTransformer.transfo
rm(ClassFileTransformer
.java:257)
	at java.instrument/sun
.instrument.Transformer
Manager.transform(Trans
formerManager.java:188)
	at java.instrument/sun
.instrument.Instrumenta
tionImpl.transform(Inst
rumentationImpl.java:59
4)
	at java.base/java.lang
.ClassLoader.defineClas
s2(Native Method)
	at java.base/java.lang
.ClassLoader.defineClas
s(ClassLoader.java:1052
)
	at java.base/java.secu
rity.SecureClassLoader.
defineClass(SecureClass
Loader.java:164)
	at java.base/jdk.inter
nal.loader.BuiltinClass
Loader.defineClass(Buil
tinClassLoader.java:735
)
	at java.base/jdk.inter
nal.loader.BuiltinClass
Loader.findClassInModul
eOrNull(BuiltinClassLoa
der.java:678)
	at java.base/jdk.inter
nal.loader.BuiltinClass
Loader.loadClassOrNull(
BuiltinClassLoader.java
:604)
	at java.base/jdk.inter
nal.loader.BuiltinClass
Loader.loadClassOrNull(
BuiltinClassLoader.java
:639)
	at java.base/jdk.inter
nal.loader.BuiltinClass
Loader.loadClassOrNull(
BuiltinClassLoader.java
:608)
	at java.base/jdk.inter
nal.loader.BuiltinClass
Loader.loadClass(Builti
nClassLoader.java:578)
	at java.base/java.lang
.ClassLoader.loadClass(
ClassLoader.java:490)
	at org.hibernate.type.
descriptor.java.ClobJav
aType.<init>(ClobJavaTy
pe.java:41)
	at org.hibernate.type.
descriptor.java.ClobJav
aType.<clinit>(ClobJava
Type.java:38)
	at org.hibernate.type.
descriptor.java.spi.Jav
aTypeBaseline.prime(Jav
aTypeBaseline.java:112)
	at org.hibernate.type.
descriptor.java.spi.Jav
aTypeRegistry.<init>(Ja
vaTypeRegistry.java:43)
	at org.hibernate.type.
spi.TypeConfiguration.<
init>(TypeConfiguration
.java:135)
	at org.hibernate.boot.
internal.BootstrapConte
xtImpl.<init>(Bootstrap
ContextImpl.java:111)
	at org.hibernate.boot.
internal.MetadataBuilde
rImpl.<init>(MetadataBu
ilderImpl.java:140)
	at org.hibernate.boot.
MetadataSources.getMeta
dataBuilder(MetadataSou
rces.java:164)
	at org.hibernate.jpa.b
oot.internal.EntityMana
gerFactoryBuilderImpl.<
init>(EntityManagerFact
oryBuilderImpl.java:278
)
	at org.hibernate.jpa.b
oot.internal.EntityMana
gerFactoryBuilderImpl.<
init>(EntityManagerFact
oryBuilderImpl.java:199
)
	at org.springframework
.orm.jpa.vendor.SpringH
ibernateJpaPersistenceP
rovider.createContainer
EntityManagerFactory(Sp
ringHibernateJpaPersist
enceProvider.java:54)
	at org.springframework
.orm.jpa.LocalContainer
EntityManagerFactoryBea
n.createNativeEntityMan
agerFactory(LocalContai
nerEntityManagerFactory
Bean.java:388)
	at org.springframework
.orm.jpa.AbstractEntity
ManagerFactoryBean.buil
dNativeEntityManagerFac
tory(AbstractEntityMana
gerFactoryBean.java:419
)
	at org.springframework
.orm.jpa.AbstractEntity
ManagerFactoryBean.afte
rPropertiesSet(Abstract
EntityManagerFactoryBea
n.java:400)
	at org.springframework
.orm.jpa.LocalContainer
EntityManagerFactoryBea
n.afterPropertiesSet(Lo
calContainerEntityManag
erFactoryBean.java:364)
	at org.springframework
.beans.factory.support.
AbstractAutowireCapable
BeanFactory.invokeInitM
ethods(AbstractAutowire
CapableBeanFactory.java
:1873)
	at org.springframework
.beans.factory.support.
AbstractAutowireCapable
BeanFactory.initializeB
ean(AbstractAutowireCap
ableBeanFactory.java:18
22)
	at org.springframework
.beans.factory.support.
AbstractAutowireCapable
BeanFactory.doCreateBea
n(AbstractAutowireCapab
leBeanFactory.java:607)
	at org.springframework
.beans.factory.support.
AbstractAutowireCapable
BeanFactory.createBean(
AbstractAutowireCapable
BeanFactory.java:529)
	at org.springframework
.beans.factory.support.
AbstractBeanFactory.lam
bda$doGetBean$0(Abstrac
tBeanFactory.java:339)
	at org.springframework
.beans.factory.support.
DefaultSingletonBeanReg
istry.getSingleton(Defa
ultSingletonBeanRegistr
y.java:373)
	at org.springframework
.beans.factory.support.
AbstractBeanFactory.doG
etBean(AbstractBeanFact
ory.java:337)
	at org.springframework
.beans.factory.support.
AbstractBeanFactory.get
Bean(AbstractBeanFactor
y.java:207)
	at org.springframework
.context.support.Abstra
ctApplicationContext.fi
nishBeanFactoryInitiali
zation(AbstractApplicat
ionContext.java:974)
	at org.springframework
.context.support.Abstra
ctApplicationContext.re
fresh(AbstractApplicati
onContext.java:628)
	at org.springframework
.boot.SpringApplication
.refresh(SpringApplicat
ion.java:752)
	at org.springframework
.boot.SpringApplication
.refreshContext(SpringA
pplication.java:439)
	at org.springframework
.boot.SpringApplication
.run(SpringApplication.
java:318)
	at org.springframework
.boot.test.context.Spri
ngBootContextLoader.lam
bda$loadContext$3(Sprin
gBootContextLoader.java
:152)
	at org.springframework
.util.function.Throwing
Supplier.get(ThrowingSu
pplier.java:58)
	at org.springframework
.util.function.Throwing
Supplier.get(ThrowingSu
pplier.java:46)
	at org.springframework
.boot.SpringApplication
.withHook(SpringApplica
tion.java:1461)
	at org.springframework
.boot.test.context.Spri
ngBootContextLoader$Con
textLoaderHook.run(Spri
ngBootContextLoader.jav
a:595)
	at org.springframework
.boot.test.context.Spri
ngBootContextLoader.loa
dContext(SpringBootCont
extLoader.java:152)
	at org.springframework
.boot.test.context.Spri
ngBootContextLoader.loa
dContext(SpringBootCont
extLoader.java:111)
	at org.springframework
.test.context.cache.Def
aultCacheAwareContextLo
aderDelegate.loadContex
tInternal(DefaultCacheA
wareContextLoaderDelega
te.java:225)
	at org.springframework
.test.context.cache.Def
aultCacheAwareContextLo
aderDelegate.loadContex
t(DefaultCacheAwareCont
extLoaderDelegate.java:
152)
	at org.springframework
.test.context.support.D
efaultTestContext.getAp
plicationContext(Defaul
tTestContext.java:130)
	at org.springframework
.test.context.support.D
ependencyInjectionTestE
xecutionListener.inject
Dependencies(Dependency
InjectionTestExecutionL
istener.java:155)
	at org.springframework
.test.context.support.D
ependencyInjectionTestE
xecutionListener.prepar
eTestInstance(Dependenc
yInjectionTestExecution
Listener.java:111)
	at org.springframework
.test.context.TestConte
xtManager.prepareTestIn
stance(TestContextManag
er.java:260)
	at org.springframework
.test.context.junit4.Sp
ringJUnit4ClassRunner.c
reateTest(SpringJUnit4C
lassRunner.java:228)
	at org.springframework
.test.context.junit4.Sp
ringJUnit4ClassRunner$1
.runReflectiveCall(Spri
ngJUnit4ClassRunner.jav
a:289)
	at org.junit.internal.
runners.model.Reflectiv
eCallable.run(Reflectiv
eCallable.java:12)
	at org.springframework
.test.context.junit4.Sp
ringJUnit4ClassRunner.m
ethodBlock(SpringJUnit4
ClassRunner.java:291)
	at org.springframework
.test.context.junit4.Sp
ringJUnit4ClassRunner.r
unChild(SpringJUnit4Cla
ssRunner.java:247)
	at org.springframework
.test.context.junit4.Sp
ringJUnit4ClassRunner.r
unChild(SpringJUnit4Cla
ssRunner.java:97)
	at org.junit.runners.P
arentRunner$4.run(Paren
tRunner.java:331)
	at org.junit.runners.P
arentRunner$1.schedule(
ParentRunner.java:79)
	at org.junit.runners.P
arentRunner.runChildren
(ParentRunner.java:329)
	at org.junit.runners.P
arentRunner.access$100(
ParentRunner.java:66)
	at org.junit.runners.P
arentRunner$2.evaluate(
ParentRunner.java:293)
	at org.springframework
.test.context.junit4.st
atements.RunBeforeTestC
lassCallbacks.evaluate(
RunBeforeTestClassCallb
acks.java:61)
	at org.springframework
.test.context.junit4.st
atements.RunAfterTestCl
assCallbacks.evaluate(R
unAfterTestClassCallbac
ks.java:70)
	at org.junit.runners.P
arentRunner$3.evaluate(
ParentRunner.java:306)
	at org.junit.runners.P
arentRunner.run(ParentR
unner.java:413)
	at org.springframework
.test.context.junit4.Sp
ringJUnit4ClassRunner.r
un(SpringJUnit4ClassRun
ner.java:191)
	at org.junit.runner.JU
nitCore.run(JUnitCore.j
ava:137)
	at org.junit.runner.JU
nitCore.run(JUnitCore.j
ava:115)
	at org.junit.vintage.e
ngine.execution.RunnerE
xecutor.execute(RunnerE
xecutor.java:42)
	at org.junit.vintage.e
ngine.execution.Vintage
Executor.executeClasses
AndMethodsSequentially(
VintageExecutor.java:93
)
	at org.junit.vintage.e
ngine.execution.Vintage
Executor.executeAllChil
dren(VintageExecutor.ja
va:73)
	at org.junit.vintage.e
ngine.VintageTestEngine
.execute(VintageTestEng
ine.java:70)
	at org.junit.platform.
launcher.core.EngineExe
cutionOrchestrator.exec
ute(EngineExecutionOrch
estrator.java:201)
	at org.junit.platform.
launcher.core.EngineExe
cutionOrchestrator.exec
ute(EngineExecutionOrch
estrator.java:170)
	at org.junit.platform.
launcher.core.EngineExe
cutionOrchestrator.exec
ute(EngineExecutionOrch
estrator.java:94)
	at org.junit.platform.
launcher.core.EngineExe
cutionOrchestrator.lamb
da$execute$0(EngineExec
utionOrchestrator.java:
59)
	at org.junit.platform.
launcher.core.EngineExe
cutionOrchestrator.with
InterceptedStreams(Engi
neExecutionOrchestrator
.java:142)
	at org.junit.platform.
launcher.core.EngineExe
cutionOrchestrator.exec
ute(EngineExecutionOrch
estrator.java:58)
	at org.junit.platform.
launcher.core.DefaultLa
uncher.execute(DefaultL
auncher.java:103)
	at org.junit.platform.
launcher.core.DefaultLa
uncher.execute(DefaultL
auncher.java:85)
	at org.junit.platform.
launcher.core.Delegatin
gLauncher.execute(Deleg
atingLauncher.java:47)
	at org.junit.platform.
launcher.core.Intercept
ingLauncher.lambda$exec
ute$1(InterceptingLaunc
her.java:39)
	at org.junit.platform.
launcher.core.Classpath
AlignmentCheckingLaunch
erInterceptor.intercept
(ClasspathAlignmentChec
kingLauncherInterceptor
.java:25)
	at org.junit.platform.
launcher.core.Intercept
ingLauncher.execute(Int
erceptingLauncher.java:
38)
	at org.junit.platform.
launcher.core.Delegatin
gLauncher.execute(Deleg
atingLauncher.java:47)
	at org.apache.maven.su
refire.junitplatform.La
uncherAdapter.executeWi
thoutCancellationToken(
LauncherAdapter.java:60
)
	at org.apache.maven.su
refire.junitplatform.La
uncherAdapter.execute(L
auncherAdapter.java:52)
	at org.apache.maven.su
refire.junitplatform.JU
nitPlatformProvider.exe
cute(JUnitPlatformProvi
der.java:203)
	at org.apache.maven.su
refire.junitplatform.JU
nitPlatformProvider.inv
okeAllTests(JUnitPlatfo
rmProvider.java:168)
	at org.apache.maven.su
refire.junitplatform.JU
nitPlatformProvider.inv
oke(JUnitPlatformProvid
er.java:136)
	at org.apache.maven.su
refire.booter.ForkedBoo
ter.runSuitesInProcess(
ForkedBooter.java:385)
	at org.apache.maven.su
refire.booter.ForkedBoo
ter.execute(ForkedBoote
r.java:162)
	at org.apache.maven.su
refire.booter.ForkedBoo
ter.run(ForkedBooter.ja
va:507)
	at org.apache.maven.su
refire.booter.ForkedBoo
ter.main(ForkedBooter.j
ava:495)
Caused by: 
java.io.IOException: 
Error while 
instrumenting 
java/sql/Clob with 
JaCoCo 0.8.11.202310140
853/f33756c.
	at org.jacoco.agent.rt
.internal_4742761.core.
instr.Instrumenter.inst
rumentError(Instrumente
r.java:161)
	at org.jacoco.agent.rt
.internal_4742761.core.
instr.Instrumenter.inst
rument(Instrumenter.jav
a:111)
	at org.jacoco.agent.rt
.internal_4742761.Cover
ageTransformer.transfor
m(CoverageTransformer.j
ava:92)
	... 98 more
Caused by: java.lang.Il
legalArgumentException:
 Unsupported class 
file major version 68
	at org.jacoco.agent.rt
.internal_4742761.asm.C
lassReader.<init>(Class
Reader.java:200)
	at org.jacoco.agent.rt
.internal_4742761.asm.C
lassReader.<init>(Class
Reader.java:180)
	at org.jacoco.agent.rt
.internal_4742761.asm.C
lassReader.<init>(Class
Reader.java:166)
	at org.jacoco.agent.rt
.internal_4742761.core.
internal.instr.InstrSup
port.classReaderFor(Ins
trSupport.java:280)
	at org.jacoco.agent.rt
.internal_4742761.core.
instr.Instrumenter.inst
rument(Instrumenter.jav
a:77)
	at org.jacoco.agent.rt
.internal_4742761.core.
instr.Instrumenter.inst
rument(Instrumenter.jav
a:109)
	... 99 more
java.lang.instrument.Il
legalClassFormatExcepti
on: Error while 
instrumenting 
java/sql/NClob with 
JaCoCo 0.8.11.202310140
853/f33756c.
	at org.jacoco.agent.rt
.internal_4742761.Cover
ageTransformer.transfor
m(CoverageTransformer.j
ava:94)
	at java.instrument/jav
a.lang.instrument.Class
FileTransformer.transfo
rm(ClassFileTransformer
.java:257)
	at java.instrument/sun
.instrument.Transformer
Manager.transform(Trans
formerManager.java:188)
	at java.instrument/sun
.instrument.Instrumenta
tionImpl.transform(Inst
rumentationImpl.java:59
4)
	at java.base/java.lang
.ClassLoader.defineClas
s2(Native Method)
	at java.base/java.lang
.ClassLoader.defineClas
s(ClassLoader.java:1052
)
	at java.base/java.secu
rity.SecureClassLoader.
defineClass(SecureClass
Loader.java:164)
	at java.base/jdk.inter
nal.loader.BuiltinClass
Loader.defineClass(Buil
tinClassLoader.java:735
)
	at java.base/jdk.inter
nal.loader.BuiltinClass
Loader.findClassInModul
eOrNull(BuiltinClassLoa
der.java:678)
	at java.base/jdk.inter
nal.loader.BuiltinClass
Loader.loadClassOrNull(
BuiltinClassLoader.java
:604)
	at java.base/jdk.inter
nal.loader.BuiltinClass
Loader.loadClassOrNull(
BuiltinClassLoader.java
:639)
	at java.base/jdk.inter
nal.loader.BuiltinClass
Loader.loadClassOrNull(
BuiltinClassLoader.java
:608)
	at java.base/jdk.inter
nal.loader.BuiltinClass
Loader.loadClass(Builti
nClassLoader.java:578)
	at java.base/java.lang
.ClassLoader.loadClass(
ClassLoader.java:490)
	at org.hibernate.type.
descriptor.java.NClobJa
vaType.<init>(NClobJava
Type.java:57)
	at org.hibernate.type.
descriptor.java.NClobJa
vaType.<clinit>(NClobJa
vaType.java:34)
	at org.hibernate.type.
descriptor.java.spi.Jav
aTypeBaseline.prime(Jav
aTypeBaseline.java:113)
	at org.hibernate.type.
descriptor.java.spi.Jav
aTypeRegistry.<init>(Ja
vaTypeRegistry.java:43)
	at org.hibernate.type.
spi.TypeConfiguration.<
init>(TypeConfiguration
.java:135)
	at org.hibernate.boot.
internal.BootstrapConte
xtImpl.<init>(Bootstrap
ContextImpl.java:111)
	at org.hibernate.boot.
internal.MetadataBuilde
rImpl.<init>(MetadataBu
ilderImpl.java:140)
	at org.hibernate.boot.
MetadataSources.getMeta
dataBuilder(MetadataSou
rces.java:164)
	at org.hibernate.jpa.b
oot.internal.EntityMana
gerFactoryBuilderImpl.<
init>(EntityManagerFact
oryBuilderImpl.java:278
)
	at org.hibernate.jpa.b
oot.internal.EntityMana
gerFactoryBuilderImpl.<
init>(EntityManagerFact
oryBuilderImpl.java:199
)
	at org.springframework
.orm.jpa.vendor.SpringH
ibernateJpaPersistenceP
rovider.createContainer
EntityManagerFactory(Sp
ringHibernateJpaPersist
enceProvider.java:54)
	at org.springframework
.orm.jpa.LocalContainer
EntityManagerFactoryBea
n.createNativeEntityMan
agerFactory(LocalContai
nerEntityManagerFactory
Bean.java:388)
	at org.springframework
.orm.jpa.AbstractEntity
ManagerFactoryBean.buil
dNativeEntityManagerFac
tory(AbstractEntityMana
gerFactoryBean.java:419
)
	at org.springframework
.orm.jpa.AbstractEntity
ManagerFactoryBean.afte
rPropertiesSet(Abstract
EntityManagerFactoryBea
n.java:400)
	at org.springframework
.orm.jpa.LocalContainer
EntityManagerFactoryBea
n.afterPropertiesSet(Lo
calContainerEntityManag
erFactoryBean.java:364)
	at org.springframework
.beans.factory.support.
AbstractAutowireCapable
BeanFactory.invokeInitM
ethods(AbstractAutowire
CapableBeanFactory.java
:1873)
	at org.springframework
.beans.factory.support.
AbstractAutowireCapable
BeanFactory.initializeB
ean(AbstractAutowireCap
ableBeanFactory.java:18
22)
	at org.springframework
.beans.factory.support.
AbstractAutowireCapable
BeanFactory.doCreateBea
n(AbstractAutowireCapab
leBeanFactory.java:607)
	at org.springframework
.beans.factory.support.
AbstractAutowireCapable
BeanFactory.createBean(
AbstractAutowireCapable
BeanFactory.java:529)
	at org.springframework
.beans.factory.support.
AbstractBeanFactory.lam
bda$doGetBean$0(Abstrac
tBeanFactory.java:339)
	at org.springframework
.beans.factory.support.
DefaultSingletonBeanReg
istry.getSingleton(Defa
ultSingletonBeanRegistr
y.java:373)
	at org.springframework
.beans.factory.support.
AbstractBeanFactory.doG
etBean(AbstractBeanFact
ory.java:337)
	at org.springframework
.beans.factory.support.
AbstractBeanFactory.get
Bean(AbstractBeanFactor
y.java:207)
	at org.springframework
.context.support.Abstra
ctApplicationContext.fi
nishBeanFactoryInitiali
zation(AbstractApplicat
ionContext.java:974)
	at org.springframework
.context.support.Abstra
ctApplicationContext.re
fresh(AbstractApplicati
onContext.java:628)
	at org.springframework
.boot.SpringApplication
.refresh(SpringApplicat
ion.java:752)
	at org.springframework
.boot.SpringApplication
.refreshContext(SpringA
pplication.java:439)
	at org.springframework
.boot.SpringApplication
.run(SpringApplication.
java:318)
	at org.springframework
.boot.test.context.Spri
ngBootContextLoader.lam
bda$loadContext$3(Sprin
gBootContextLoader.java
:152)
	at org.springframework
.util.function.Throwing
Supplier.get(ThrowingSu
pplier.java:58)
	at org.springframework
.util.function.Throwing
Supplier.get(ThrowingSu
pplier.java:46)
	at org.springframework
.boot.SpringApplication
.withHook(SpringApplica
tion.java:1461)
	at org.springframework
.boot.test.context.Spri
ngBootContextLoader$Con
textLoaderHook.run(Spri
ngBootContextLoader.jav
a:595)
	at org.springframework
.boot.test.context.Spri
ngBootContextLoader.loa
dContext(SpringBootCont
extLoader.java:152)
	at org.springframework
.boot.test.context.Spri
ngBootContextLoader.loa
dContext(SpringBootCont
extLoader.java:111)
	at org.springframework
.test.context.cache.Def
aultCacheAwareContextLo
aderDelegate.loadContex
tInternal(DefaultCacheA
wareContextLoaderDelega
te.java:225)
	at org.springframework
.test.context.cache.Def
aultCacheAwareContextLo
aderDelegate.loadContex
t(DefaultCacheAwareCont
extLoaderDelegate.java:
152)
	at org.springframework
.test.context.support.D
efaultTestContext.getAp
plicationContext(Defaul
tTestContext.java:130)
	at org.springframework
.test.context.support.D
ependencyInjectionTestE
xecutionListener.inject
Dependencies(Dependency
InjectionTestExecutionL
istener.java:155)
	at org.springframework
.test.context.support.D
ependencyInjectionTestE
xecutionListener.prepar
eTestInstance(Dependenc
yInjectionTestExecution
Listener.java:111)
	at org.springframework
.test.context.TestConte
xtManager.prepareTestIn
stance(TestContextManag
er.java:260)
	at org.springframework
.test.context.junit4.Sp
ringJUnit4ClassRunner.c
reateTest(SpringJUnit4C
lassRunner.java:228)
	at org.springframework
.test.context.junit4.Sp
ringJUnit4ClassRunner$1
.runReflectiveCall(Spri
ngJUnit4ClassRunner.jav
a:289)
	at org.junit.internal.
runners.model.Reflectiv
eCallable.run(Reflectiv
eCallable.java:12)
	at org.springframework
.test.context.junit4.Sp
ringJUnit4ClassRunner.m
ethodBlock(SpringJUnit4
ClassRunner.java:291)
	at org.springframework
.test.context.junit4.Sp
ringJUnit4ClassRunner.r
unChild(SpringJUnit4Cla
ssRunner.java:247)
	at org.springframework
.test.context.junit4.Sp
ringJUnit4ClassRunner.r
unChild(SpringJUnit4Cla
ssRunner.java:97)
	at org.junit.runners.P
arentRunner$4.run(Paren
tRunner.java:331)
	at org.junit.runners.P
arentRunner$1.schedule(
ParentRunner.java:79)
	at org.junit.runners.P
arentRunner.runChildren
(ParentRunner.java:329)
	at org.junit.runners.P
arentRunner.access$100(
ParentRunner.java:66)
	at org.junit.runners.P
arentRunner$2.evaluate(
ParentRunner.java:293)
	at org.springframework
.test.context.junit4.st
atements.RunBeforeTestC
lassCallbacks.evaluate(
RunBeforeTestClassCallb
acks.java:61)
	at org.springframework
.test.context.junit4.st
atements.RunAfterTestCl
assCallbacks.evaluate(R
unAfterTestClassCallbac
ks.java:70)
	at org.junit.runners.P
arentRunner$3.evaluate(
ParentRunner.java:306)
	at org.junit.runners.P
arentRunner.run(ParentR
unner.java:413)
	at org.springframework
.test.context.junit4.Sp
ringJUnit4ClassRunner.r
un(SpringJUnit4ClassRun
ner.java:191)
	at org.junit.runner.JU
nitCore.run(JUnitCore.j
ava:137)
	at org.junit.runner.JU
nitCore.run(JUnitCore.j
ava:115)
	at org.junit.vintage.e
ngine.execution.RunnerE
xecutor.execute(RunnerE
xecutor.java:42)
	at org.junit.vintage.e
ngine.execution.Vintage
Executor.executeClasses
AndMethodsSequentially(
VintageExecutor.java:93
)
	at org.junit.vintage.e
ngine.execution.Vintage
Executor.executeAllChil
dren(VintageExecutor.ja
va:73)
	at org.junit.vintage.e
ngine.VintageTestEngine
.execute(VintageTestEng
ine.java:70)
	at org.junit.platform.
launcher.core.EngineExe
cutionOrchestrator.exec
ute(EngineExecutionOrch
estrator.java:201)
	at org.junit.platform.
launcher.core.EngineExe
cutionOrchestrator.exec
ute(EngineExecutionOrch
estrator.java:170)
	at org.junit.platform.
launcher.core.EngineExe
cutionOrchestrator.exec
ute(EngineExecutionOrch
estrator.java:94)
	at org.junit.platform.
launcher.core.EngineExe
cutionOrchestrator.lamb
da$execute$0(EngineExec
utionOrchestrator.java:
59)
	at org.junit.platform.
launcher.core.EngineExe
cutionOrchestrator.with
InterceptedStreams(Engi
neExecutionOrchestrator
.java:142)
	at org.junit.platform.
launcher.core.EngineExe
cutionOrchestrator.exec
ute(EngineExecutionOrch
estrator.java:58)
	at org.junit.platform.
launcher.core.DefaultLa
uncher.execute(DefaultL
auncher.java:103)
	at org.junit.platform.
launcher.core.DefaultLa
uncher.execute(DefaultL
auncher.java:85)
	at org.junit.platform.
launcher.core.Delegatin
gLauncher.execute(Deleg
atingLauncher.java:47)
	at org.junit.platform.
launcher.core.Intercept
ingLauncher.lambda$exec
ute$1(InterceptingLaunc
her.java:39)
	at org.junit.platform.
launcher.core.Classpath
AlignmentCheckingLaunch
erInterceptor.intercept
(ClasspathAlignmentChec
kingLauncherInterceptor
.java:25)
	at org.junit.platform.
launcher.core.Intercept
ingLauncher.execute(Int
erceptingLauncher.java:
38)
	at org.junit.platform.
launcher.core.Delegatin
gLauncher.execute(Deleg
atingLauncher.java:47)
	at org.apache.maven.su
refire.junitplatform.La
uncherAdapter.executeWi
thoutCancellationToken(
LauncherAdapter.java:60
)
	at org.apache.maven.su
refire.junitplatform.La
uncherAdapter.execute(L
auncherAdapter.java:52)
	at org.apache.maven.su
refire.junitplatform.JU
nitPlatformProvider.exe
cute(JUnitPlatformProvi
der.java:203)
	at org.apache.maven.su
refire.junitplatform.JU
nitPlatformProvider.inv
okeAllTests(JUnitPlatfo
rmProvider.java:168)
	at org.apache.maven.su
refire.junitplatform.JU
nitPlatformProvider.inv
oke(JUnitPlatformProvid
er.java:136)
	at org.apache.maven.su
refire.booter.ForkedBoo
ter.runSuitesInProcess(
ForkedBooter.java:385)
	at org.apache.maven.su
refire.booter.ForkedBoo
ter.execute(ForkedBoote
r.java:162)
	at org.apache.maven.su
refire.booter.ForkedBoo
ter.run(ForkedBooter.ja
va:507)
	at org.apache.maven.su
refire.booter.ForkedBoo
ter.main(ForkedBooter.j
ava:495)
Caused by: 
java.io.IOException: 
Error while 
instrumenting 
java/sql/NClob with 
JaCoCo 0.8.11.202310140
853/f33756c.
	at org.jacoco.agent.rt
.internal_4742761.core.
instr.Instrumenter.inst
rumentError(Instrumente
r.java:161)
	at org.jacoco.agent.rt
.internal_4742761.core.
instr.Instrumenter.inst
rument(Instrumenter.jav
a:111)
	at org.jacoco.agent.rt
.internal_4742761.Cover
ageTransformer.transfor
m(CoverageTransformer.j
ava:92)
	... 98 more
Caused by: java.lang.Il
legalArgumentException:
 Unsupported class 
file major version 68
	at org.jacoco.agent.rt
.internal_4742761.asm.C
lassReader.<init>(Class
Reader.java:200)
	at org.jacoco.agent.rt
.internal_4742761.asm.C
lassReader.<init>(Class
Reader.java:180)
	at org.jacoco.agent.rt
.internal_4742761.asm.C
lassReader.<init>(Class
Reader.java:166)
	at org.jacoco.agent.rt
.internal_4742761.core.
internal.instr.InstrSup
port.classReaderFor(Ins
trSupport.java:280)
	at org.jacoco.agent.rt
.internal_4742761.core.
instr.Instrumenter.inst
rument(Instrumenter.jav
a:77)
	at org.jacoco.agent.rt
.internal_4742761.core.
instr.Instrumenter.inst
rument(Instrumenter.jav
a:109)
	... 99 more
2026-03-03 09:36:15.893 [main] INFO  org.springframework.orm.jpa.persistenceunit.SpringPersistenceUnitInfo - No LoadTimeWeaver setup: ignoring JPA class transformer
java.lang.instrument.Il
legalClassFormatExcepti
on: Error while 
instrumenting 
java/sql/SQLWarning 
with JaCoCo 0.8.11.2023
10140853/f33756c.
	at org.jacoco.agent.rt
.internal_4742761.Cover
ageTransformer.transfor
m(CoverageTransformer.j
ava:94)
	at java.instrument/jav
a.lang.instrument.Class
FileTransformer.transfo
rm(ClassFileTransformer
.java:257)
	at java.instrument/sun
.instrument.Transformer
Manager.transform(Trans
formerManager.java:188)
	at java.instrument/sun
.instrument.Instrumenta
tionImpl.transform(Inst
rumentationImpl.java:59
4)
	at java.base/java.lang
.ClassLoader.defineClas
s2(Native Method)
	at java.base/java.lang
.ClassLoader.defineClas
s(ClassLoader.java:1052
)
	at java.base/java.secu
rity.SecureClassLoader.
defineClass(SecureClass
Loader.java:164)
	at java.base/jdk.inter
nal.loader.BuiltinClass
Loader.defineClass(Buil
tinClassLoader.java:735
)
	at java.base/jdk.inter
nal.loader.BuiltinClass
Loader.findClassInModul
eOrNull(BuiltinClassLoa
der.java:678)
	at java.base/jdk.inter
nal.loader.BuiltinClass
Loader.loadClassOrNull(
BuiltinClassLoader.java
:604)
	at java.base/jdk.inter
nal.loader.BuiltinClass
Loader.loadClassOrNull(
BuiltinClassLoader.java
:639)
	at java.base/jdk.inter
nal.loader.BuiltinClass
Loader.loadClassOrNull(
BuiltinClassLoader.java
:608)
	at java.base/jdk.inter
nal.loader.BuiltinClass
Loader.loadClass(Builti
nClassLoader.java:578)
	at java.base/java.lang
.ClassLoader.loadClass(
ClassLoader.java:490)
	at org.hibernate.engin
e.jdbc.spi.SqlException
Helper.<clinit>(SqlExce
ptionHelper.java:246)
	at org.hibernate.engin
e.jdbc.env.internal.Jdb
cEnvironmentInitiator.g
etJdbcEnvironmentUsingJ
dbcMetadata(JdbcEnviron
mentInitiator.java:323)
	at org.hibernate.engin
e.jdbc.env.internal.Jdb
cEnvironmentInitiator.i
nitiateService(JdbcEnvi
ronmentInitiator.java:1
29)
	at org.hibernate.engin
e.jdbc.env.internal.Jdb
cEnvironmentInitiator.i
nitiateService(JdbcEnvi
ronmentInitiator.java:8
1)
	at org.hibernate.boot.
registry.internal.Stand
ardServiceRegistryImpl.
initiateService(Standar
dServiceRegistryImpl.ja
va:130)
	at org.hibernate.servi
ce.internal.AbstractSer
viceRegistryImpl.create
Service(AbstractService
RegistryImpl.java:263)
	at org.hibernate.servi
ce.internal.AbstractSer
viceRegistryImpl.initia
lizeService(AbstractSer
viceRegistryImpl.java:2
38)
	at org.hibernate.servi
ce.internal.AbstractSer
viceRegistryImpl.getSer
vice(AbstractServiceReg
istryImpl.java:215)
	at org.hibernate.boot.
model.relational.Databa
se.<init>(Database.java
:45)
	at org.hibernate.boot.
internal.InFlightMetada
taCollectorImpl.getData
base(InFlightMetadataCo
llectorImpl.java:226)
	at org.hibernate.boot.
internal.InFlightMetada
taCollectorImpl.<init>(
InFlightMetadataCollect
orImpl.java:194)
	at org.hibernate.boot.
model.process.spi.Metad
ataBuildingProcess.comp
lete(MetadataBuildingPr
ocess.java:171)
	at org.hibernate.jpa.b
oot.internal.EntityMana
gerFactoryBuilderImpl.m
etadata(EntityManagerFa
ctoryBuilderImpl.java:1
442)
	at org.hibernate.jpa.b
oot.internal.EntityMana
gerFactoryBuilderImpl.b
uild(EntityManagerFacto
ryBuilderImpl.java:1513
)
	at org.springframework
.orm.jpa.vendor.SpringH
ibernateJpaPersistenceP
rovider.createContainer
EntityManagerFactory(Sp
ringHibernateJpaPersist
enceProvider.java:66)
	at org.springframework
.orm.jpa.LocalContainer
EntityManagerFactoryBea
n.createNativeEntityMan
agerFactory(LocalContai
nerEntityManagerFactory
Bean.java:388)
	at org.springframework
.orm.jpa.AbstractEntity
ManagerFactoryBean.buil
dNativeEntityManagerFac
tory(AbstractEntityMana
gerFactoryBean.java:419
)
	at org.springframework
.orm.jpa.AbstractEntity
ManagerFactoryBean.afte
rPropertiesSet(Abstract
EntityManagerFactoryBea
n.java:400)
	at org.springframework
.orm.jpa.LocalContainer
EntityManagerFactoryBea
n.afterPropertiesSet(Lo
calContainerEntityManag
erFactoryBean.java:364)
	at org.springframework
.beans.factory.support.
AbstractAutowireCapable
BeanFactory.invokeInitM
ethods(AbstractAutowire
CapableBeanFactory.java
:1873)
	at org.springframework
.beans.factory.support.
AbstractAutowireCapable
BeanFactory.initializeB
ean(AbstractAutowireCap
ableBeanFactory.java:18
22)
	at org.springframework
.beans.factory.support.
AbstractAutowireCapable
BeanFactory.doCreateBea
n(AbstractAutowireCapab
leBeanFactory.java:607)
	at org.springframework
.beans.factory.support.
AbstractAutowireCapable
BeanFactory.createBean(
AbstractAutowireCapable
BeanFactory.java:529)
	at org.springframework
.beans.factory.support.
AbstractBeanFactory.lam
bda$doGetBean$0(Abstrac
tBeanFactory.java:339)
	at org.springframework
.beans.factory.support.
DefaultSingletonBeanReg
istry.getSingleton(Defa
ultSingletonBeanRegistr
y.java:373)
	at org.springframework
.beans.factory.support.
AbstractBeanFactory.doG
etBean(AbstractBeanFact
ory.java:337)
	at org.springframework
.beans.factory.support.
AbstractBeanFactory.get
Bean(AbstractBeanFactor
y.java:207)
	at org.springframework
.context.support.Abstra
ctApplicationContext.fi
nishBeanFactoryInitiali
zation(AbstractApplicat
ionContext.java:974)
	at org.springframework
.context.support.Abstra
ctApplicationContext.re
fresh(AbstractApplicati
onContext.java:628)
	at org.springframework
.boot.SpringApplication
.refresh(SpringApplicat
ion.java:752)
	at org.springframework
.boot.SpringApplication
.refreshContext(SpringA
pplication.java:439)
	at org.springframework
.boot.SpringApplication
.run(SpringApplication.
java:318)
	at org.springframework
.boot.test.context.Spri
ngBootContextLoader.lam
bda$loadContext$3(Sprin
gBootContextLoader.java
:152)
	at org.springframework
.util.function.Throwing
Supplier.get(ThrowingSu
pplier.java:58)
	at org.springframework
.util.function.Throwing
Supplier.get(ThrowingSu
pplier.java:46)
	at org.springframework
.boot.SpringApplication
.withHook(SpringApplica
tion.java:1461)
	at org.springframework
.boot.test.context.Spri
ngBootContextLoader$Con
textLoaderHook.run(Spri
ngBootContextLoader.jav
a:595)
	at org.springframework
.boot.test.context.Spri
ngBootContextLoader.loa
dContext(SpringBootCont
extLoader.java:152)
	at org.springframework
.boot.test.context.Spri
ngBootContextLoader.loa
dContext(SpringBootCont
extLoader.java:111)
	at org.springframework
.test.context.cache.Def
aultCacheAwareContextLo
aderDelegate.loadContex
tInternal(DefaultCacheA
wareContextLoaderDelega
te.java:225)
	at org.springframework
.test.context.cache.Def
aultCacheAwareContextLo
aderDelegate.loadContex
t(DefaultCacheAwareCont
extLoaderDelegate.java:
152)
	at org.springframework
.test.context.support.D
efaultTestContext.getAp
plicationContext(Defaul
tTestContext.java:130)
	at org.springframework
.test.context.support.D
ependencyInjectionTestE
xecutionListener.inject
Dependencies(Dependency
InjectionTestExecutionL
istener.java:155)
	at org.springframework
.test.context.support.D
ependencyInjectionTestE
xecutionListener.prepar
eTestInstance(Dependenc
yInjectionTestExecution
Listener.java:111)
	at org.springframework
.test.context.TestConte
xtManager.prepareTestIn
stance(TestContextManag
er.java:260)
	at org.springframework
.test.context.junit4.Sp
ringJUnit4ClassRunner.c
reateTest(SpringJUnit4C
lassRunner.java:228)
	at org.springframework
.test.context.junit4.Sp
ringJUnit4ClassRunner$1
.runReflectiveCall(Spri
ngJUnit4ClassRunner.jav
a:289)
	at org.junit.internal.
runners.model.Reflectiv
eCallable.run(Reflectiv
eCallable.java:12)
	at org.springframework
.test.context.junit4.Sp
ringJUnit4ClassRunner.m
ethodBlock(SpringJUnit4
ClassRunner.java:291)
	at org.springframework
.test.context.junit4.Sp
ringJUnit4ClassRunner.r
unChild(SpringJUnit4Cla
ssRunner.java:247)
	at org.springframework
.test.context.junit4.Sp
ringJUnit4ClassRunner.r
unChild(SpringJUnit4Cla
ssRunner.java:97)
	at org.junit.runners.P
arentRunner$4.run(Paren
tRunner.java:331)
	at org.junit.runners.P
arentRunner$1.schedule(
ParentRunner.java:79)
	at org.junit.runners.P
arentRunner.runChildren
(ParentRunner.java:329)
	at org.junit.runners.P
arentRunner.access$100(
ParentRunner.java:66)
	at org.junit.runners.P
arentRunner$2.evaluate(
ParentRunner.java:293)
	at org.springframework
.test.context.junit4.st
atements.RunBeforeTestC
lassCallbacks.evaluate(
RunBeforeTestClassCallb
acks.java:61)
	at org.springframework
.test.context.junit4.st
atements.RunAfterTestCl
assCallbacks.evaluate(R
unAfterTestClassCallbac
ks.java:70)
	at org.junit.runners.P
arentRunner$3.evaluate(
ParentRunner.java:306)
	at org.junit.runners.P
arentRunner.run(ParentR
unner.java:413)
	at org.springframework
.test.context.junit4.Sp
ringJUnit4ClassRunner.r
un(SpringJUnit4ClassRun
ner.java:191)
	at org.junit.runner.JU
nitCore.run(JUnitCore.j
ava:137)
	at org.junit.runner.JU
nitCore.run(JUnitCore.j
ava:115)
	at org.junit.vintage.e
ngine.execution.RunnerE
xecutor.execute(RunnerE
xecutor.java:42)
	at org.junit.vintage.e
ngine.execution.Vintage
Executor.executeClasses
AndMethodsSequentially(
VintageExecutor.java:93
)
	at org.junit.vintage.e
ngine.execution.Vintage
Executor.executeAllChil
dren(VintageExecutor.ja
va:73)
	at org.junit.vintage.e
ngine.VintageTestEngine
.execute(VintageTestEng
ine.java:70)
	at org.junit.platform.
launcher.core.EngineExe
cutionOrchestrator.exec
ute(EngineExecutionOrch
estrator.java:201)
	at org.junit.platform.
launcher.core.EngineExe
cutionOrchestrator.exec
ute(EngineExecutionOrch
estrator.java:170)
	at org.junit.platform.
launcher.core.EngineExe
cutionOrchestrator.exec
ute(EngineExecutionOrch
estrator.java:94)
	at org.junit.platform.
launcher.core.EngineExe
cutionOrchestrator.lamb
da$execute$0(EngineExec
utionOrchestrator.java:
59)
	at org.junit.platform.
launcher.core.EngineExe
cutionOrchestrator.with
InterceptedStreams(Engi
neExecutionOrchestrator
.java:142)
	at org.junit.platform.
launcher.core.EngineExe
cutionOrchestrator.exec
ute(EngineExecutionOrch
estrator.java:58)
	at org.junit.platform.
launcher.core.DefaultLa
uncher.execute(DefaultL
auncher.java:103)
	at org.junit.platform.
launcher.core.DefaultLa
uncher.execute(DefaultL
auncher.java:85)
	at org.junit.platform.
launcher.core.Delegatin
gLauncher.execute(Deleg
atingLauncher.java:47)
	at org.junit.platform.
launcher.core.Intercept
ingLauncher.lambda$exec
ute$1(InterceptingLaunc
her.java:39)
	at org.junit.platform.
launcher.core.Classpath
AlignmentCheckingLaunch
erInterceptor.intercept
(ClasspathAlignmentChec
kingLauncherInterceptor
.java:25)
	at org.junit.platform.
launcher.core.Intercept
ingLauncher.execute(Int
erceptingLauncher.java:
38)
	at org.junit.platform.
launcher.core.Delegatin
gLauncher.execute(Deleg
atingLauncher.java:47)
	at org.apache.maven.su
refire.junitplatform.La
uncherAdapter.executeWi
thoutCancellationToken(
LauncherAdapter.java:60
)
	at org.apache.maven.su
refire.junitplatform.La
uncherAdapter.execute(L
auncherAdapter.java:52)
	at org.apache.maven.su
refire.junitplatform.JU
nitPlatformProvider.exe
cute(JUnitPlatformProvi
der.java:203)
	at org.apache.maven.su
refire.junitplatform.JU
nitPlatformProvider.inv
okeAllTests(JUnitPlatfo
rmProvider.java:168)
	at org.apache.maven.su
refire.junitplatform.JU
nitPlatformProvider.inv
oke(JUnitPlatformProvid
er.java:136)
	at org.apache.maven.su
refire.booter.ForkedBoo
ter.runSuitesInProcess(
ForkedBooter.java:385)
	at org.apache.maven.su
refire.booter.ForkedBoo
ter.execute(ForkedBoote
r.java:162)
	at org.apache.maven.su
refire.booter.ForkedBoo
ter.run(ForkedBooter.ja
va:507)
	at org.apache.maven.su
refire.booter.ForkedBoo
ter.main(ForkedBooter.j
ava:495)
Caused by: 
java.io.IOException: 
Error while 
instrumenting 
java/sql/SQLWarning 
with JaCoCo 0.8.11.2023
10140853/f33756c.
	at org.jacoco.agent.rt
.internal_4742761.core.
instr.Instrumenter.inst
rumentError(Instrumente
r.java:161)
	at org.jacoco.agent.rt
.internal_4742761.core.
instr.Instrumenter.inst
rument(Instrumenter.jav
a:111)
	at org.jacoco.agent.rt
.internal_4742761.Cover
ageTransformer.transfor
m(CoverageTransformer.j
ava:92)
	... 102 more
Caused by: java.lang.Il
legalArgumentException:
 Unsupported class 
file major version 68
	at org.jacoco.agent.rt
.internal_4742761.asm.C
lassReader.<init>(Class
Reader.java:200)
	at org.jacoco.agent.rt
.internal_4742761.asm.C
lassReader.<init>(Class
Reader.java:180)
	at org.jacoco.agent.rt
.internal_4742761.asm.C
lassReader.<init>(Class
Reader.java:166)
	at org.jacoco.agent.rt
.internal_4742761.core.
internal.instr.InstrSup
port.classReaderFor(Ins
trSupport.java:280)
	at org.jacoco.agent.rt
.internal_4742761.core.
instr.Instrumenter.inst
rument(Instrumenter.jav
a:77)
	at org.jacoco.agent.rt
.internal_4742761.core.
instr.Instrumenter.inst
rument(Instrumenter.jav
a:109)
	... 103 more
2026-03-03 09:36:15.969 [main] INFO  com.zaxxer.hikari.HikariDataSource - HikariPool-1 - Starting...
java.lang.instrument.Il
legalClassFormatExcepti
on: Error while 
instrumenting java/sql/
CallableStatement with 
JaCoCo 0.8.11.202310140
853/f33756c.
	at org.jacoco.agent.rt
.internal_4742761.Cover
ageTransformer.transfor
m(CoverageTransformer.j
ava:94)
	at java.instrument/jav
a.lang.instrument.Class
FileTransformer.transfo
rm(ClassFileTransformer
.java:257)
	at java.instrument/sun
.instrument.Transformer
Manager.transform(Trans
formerManager.java:188)
	at java.instrument/sun
.instrument.Instrumenta
tionImpl.transform(Inst
rumentationImpl.java:59
4)
	at java.base/java.lang
.ClassLoader.defineClas
s2(Native Method)
	at java.base/java.lang
.ClassLoader.defineClas
s(ClassLoader.java:1052
)
	at java.base/java.secu
rity.SecureClassLoader.
defineClass(SecureClass
Loader.java:164)
	at java.base/jdk.inter
nal.loader.BuiltinClass
Loader.defineClass(Buil
tinClassLoader.java:735
)
	at java.base/jdk.inter
nal.loader.BuiltinClass
Loader.findClassInModul
eOrNull(BuiltinClassLoa
der.java:678)
	at java.base/jdk.inter
nal.loader.BuiltinClass
Loader.loadClassOrNull(
BuiltinClassLoader.java
:604)
	at java.base/jdk.inter
nal.loader.BuiltinClass
Loader.loadClassOrNull(
BuiltinClassLoader.java
:639)
	at java.base/jdk.inter
nal.loader.BuiltinClass
Loader.loadClassOrNull(
BuiltinClassLoader.java
:608)
	at java.base/jdk.inter
nal.loader.BuiltinClass
Loader.loadClass(Builti
nClassLoader.java:578)
	at java.base/java.lang
.ClassLoader.loadClass(
ClassLoader.java:490)
	at java.base/java.lang
.ClassLoader.defineClas
s1(Native Method)
	at java.base/java.lang
.ClassLoader.defineClas
s(ClassLoader.java:962)
	at java.base/java.secu
rity.SecureClassLoader.
defineClass(SecureClass
Loader.java:132)
	at java.base/jdk.inter
nal.loader.BuiltinClass
Loader.defineClass(Buil
tinClassLoader.java:776
)
	at java.base/jdk.inter
nal.loader.BuiltinClass
Loader.findClassOnClass
PathOrNull(BuiltinClass
Loader.java:691)
	at java.base/jdk.inter
nal.loader.BuiltinClass
Loader.loadClassOrNull(
BuiltinClassLoader.java
:620)
	at java.base/jdk.inter
nal.loader.BuiltinClass
Loader.loadClass(Builti
nClassLoader.java:578)
	at java.base/java.lang
.ClassLoader.loadClass(
ClassLoader.java:490)
	at java.base/java.lang
.ClassLoader.defineClas
s1(Native Method)
	at java.base/java.lang
.ClassLoader.defineClas
s(ClassLoader.java:962)
	at java.base/java.secu
rity.SecureClassLoader.
defineClass(SecureClass
Loader.java:132)
	at java.base/jdk.inter
nal.loader.BuiltinClass
Loader.defineClass(Buil
tinClassLoader.java:776
)
	at java.base/jdk.inter
nal.loader.BuiltinClass
Loader.findClassOnClass
PathOrNull(BuiltinClass
Loader.java:691)
	at java.base/jdk.inter
nal.loader.BuiltinClass
Loader.loadClassOrNull(
BuiltinClassLoader.java
:620)
	at java.base/jdk.inter
nal.loader.BuiltinClass
Loader.loadClass(Builti
nClassLoader.java:578)
	at java.base/java.lang
.ClassLoader.loadClass(
ClassLoader.java:490)
	at java.base/java.lang
.Class.forName0(Native 
Method)
	at java.base/java.lang
.Class.forName(Class.ja
va:463)
	at java.base/java.lang
.Class.forName(Class.ja
va:454)
	at oracle.jdbc.driver.
OracleDriver.getDriverE
xtension(OracleDriver.j
ava:1062)
	at oracle.jdbc.driver.
OracleDriver.connect(Or
acleDriver.java:853)
	at oracle.jdbc.driver.
OracleDriver.connect(Or
acleDriver.java:694)
	at com.zaxxer.hikari.u
til.DriverDataSource.ge
tConnection(DriverDataS
ource.java:144)
	at com.zaxxer.hikari.p
ool.PoolBase.newConnect
ion(PoolBase.java:370)
	at com.zaxxer.hikari.p
ool.PoolBase.newPoolEnt
ry(PoolBase.java:207)
	at com.zaxxer.hikari.p
ool.HikariPool.createPo
olEntry(HikariPool.java
:488)
	at com.zaxxer.hikari.p
ool.HikariPool.checkFai
lFast(HikariPool.java:5
76)
	at com.zaxxer.hikari.p
ool.HikariPool.<init>(H
ikariPool.java:97)
	at com.zaxxer.hikari.H
ikariDataSource.getConn
ection(HikariDataSource
.java:111)
	at org.hibernate.engin
e.jdbc.connections.inte
rnal.DatasourceConnecti
onProviderImpl.getConne
ction(DatasourceConnect
ionProviderImpl.java:12
6)
	at org.hibernate.engin
e.jdbc.env.internal.Jdb
cEnvironmentInitiator$C
onnectionProviderJdbcCo
nnectionAccess.obtainCo
nnection(JdbcEnvironmen
tInitiator.java:485)
	at org.hibernate.resou
rce.transaction.backend
.jdbc.internal.JdbcIsol
ationDelegate.delegateW
ork(JdbcIsolationDelega
te.java:61)
	at org.hibernate.engin
e.jdbc.env.internal.Jdb
cEnvironmentInitiator.g
etJdbcEnvironmentUsingJ
dbcMetadata(JdbcEnviron
mentInitiator.java:334)
	at org.hibernate.engin
e.jdbc.env.internal.Jdb
cEnvironmentInitiator.i
nitiateService(JdbcEnvi
ronmentInitiator.java:1
29)
	at org.hibernate.engin
e.jdbc.env.internal.Jdb
cEnvironmentInitiator.i
nitiateService(JdbcEnvi
ronmentInitiator.java:8
1)
	at org.hibernate.boot.
registry.internal.Stand
ardServiceRegistryImpl.
initiateService(Standar
dServiceRegistryImpl.ja
va:130)
	at org.hibernate.servi
ce.internal.AbstractSer
viceRegistryImpl.create
Service(AbstractService
RegistryImpl.java:263)
	at org.hibernate.servi
ce.internal.AbstractSer
viceRegistryImpl.initia
lizeService(AbstractSer
viceRegistryImpl.java:2
38)
	at org.hibernate.servi
ce.internal.AbstractSer
viceRegistryImpl.getSer
vice(AbstractServiceReg
istryImpl.java:215)
	at org.hibernate.boot.
model.relational.Databa
se.<init>(Database.java
:45)
	at org.hibernate.boot.
internal.InFlightMetada
taCollectorImpl.getData
base(InFlightMetadataCo
llectorImpl.java:226)
	at org.hibernate.boot.
internal.InFlightMetada
taCollectorImpl.<init>(
InFlightMetadataCollect
orImpl.java:194)
	at org.hibernate.boot.
model.process.spi.Metad
ataBuildingProcess.comp
lete(MetadataBuildingPr
ocess.java:171)
	at org.hibernate.jpa.b
oot.internal.EntityMana
gerFactoryBuilderImpl.m
etadata(EntityManagerFa
ctoryBuilderImpl.java:1
442)
	at org.hibernate.jpa.b
oot.internal.EntityMana
gerFactoryBuilderImpl.b
uild(EntityManagerFacto
ryBuilderImpl.java:1513
)
	at org.springframework
.orm.jpa.vendor.SpringH
ibernateJpaPersistenceP
rovider.createContainer
EntityManagerFactory(Sp
ringHibernateJpaPersist
enceProvider.java:66)
	at org.springframework
.orm.jpa.LocalContainer
EntityManagerFactoryBea
n.createNativeEntityMan
agerFactory(LocalContai
nerEntityManagerFactory
Bean.java:388)
	at org.springframework
.orm.jpa.AbstractEntity
ManagerFactoryBean.buil
dNativeEntityManagerFac
tory(AbstractEntityMana
gerFactoryBean.java:419
)
	at org.springframework
.orm.jpa.AbstractEntity
ManagerFactoryBean.afte
rPropertiesSet(Abstract
EntityManagerFactoryBea
n.java:400)
	at org.springframework
.orm.jpa.LocalContainer
EntityManagerFactoryBea
n.afterPropertiesSet(Lo
calContainerEntityManag
erFactoryBean.java:364)
	at org.springframework
.beans.factory.support.
AbstractAutowireCapable
BeanFactory.invokeInitM
ethods(AbstractAutowire
CapableBeanFactory.java
:1873)
	at org.springframework
.beans.factory.support.
AbstractAutowireCapable
BeanFactory.initializeB
ean(AbstractAutowireCap
ableBeanFactory.java:18
22)
	at org.springframework
.beans.factory.support.
AbstractAutowireCapable
BeanFactory.doCreateBea
n(AbstractAutowireCapab
leBeanFactory.java:607)
	at org.springframework
.beans.factory.support.
AbstractAutowireCapable
BeanFactory.createBean(
AbstractAutowireCapable
BeanFactory.java:529)
	at org.springframework
.beans.factory.support.
AbstractBeanFactory.lam
bda$doGetBean$0(Abstrac
tBeanFactory.java:339)
	at org.springframework
.beans.factory.support.
DefaultSingletonBeanReg
istry.getSingleton(Defa
ultSingletonBeanRegistr
y.java:373)
	at org.springframework
.beans.factory.support.
AbstractBeanFactory.doG
etBean(AbstractBeanFact
ory.java:337)
	at org.springframework
.beans.factory.support.
AbstractBeanFactory.get
Bean(AbstractBeanFactor
y.java:207)
	at org.springframework
.context.support.Abstra
ctApplicationContext.fi
nishBeanFactoryInitiali
zation(AbstractApplicat
ionContext.java:974)
	at org.springframework
.context.support.Abstra
ctApplicationContext.re
fresh(AbstractApplicati
onContext.java:628)
	at org.springframework
.boot.SpringApplication
.refresh(SpringApplicat
ion.java:752)
	at org.springframework
.boot.SpringApplication
.refreshContext(SpringA
pplication.java:439)
	at org.springframework
.boot.SpringApplication
.run(SpringApplication.
java:318)
	at org.springframework
.boot.test.context.Spri
ngBootContextLoader.lam
bda$loadContext$3(Sprin
gBootContextLoader.java
:152)
	at org.springframework
.util.function.Throwing
Supplier.get(ThrowingSu
pplier.java:58)
	at org.springframework
.util.function.Throwing
Supplier.get(ThrowingSu
pplier.java:46)
	at org.springframework
.boot.SpringApplication
.withHook(SpringApplica
tion.java:1461)
	at org.springframework
.boot.test.context.Spri
ngBootContextLoader$Con
textLoaderHook.run(Spri
ngBootContextLoader.jav
a:595)
	at org.springframework
.boot.test.context.Spri
ngBootContextLoader.loa
dContext(SpringBootCont
extLoader.java:152)
	at org.springframework
.boot.test.context.Spri
ngBootContextLoader.loa
dContext(SpringBootCont
extLoader.java:111)
	at org.springframework
.test.context.cache.Def
aultCacheAwareContextLo
aderDelegate.loadContex
tInternal(DefaultCacheA
wareContextLoaderDelega
te.java:225)
	at org.springframework
.test.context.cache.Def
aultCacheAwareContextLo
aderDelegate.loadContex
t(DefaultCacheAwareCont
extLoaderDelegate.java:
152)
	at org.springframework
.test.context.support.D
efaultTestContext.getAp
plicationContext(Defaul
tTestContext.java:130)
	at org.springframework
.test.context.support.D
ependencyInjectionTestE
xecutionListener.inject
Dependencies(Dependency
InjectionTestExecutionL
istener.java:155)
	at org.springframework
.test.context.support.D
ependencyInjectionTestE
xecutionListener.prepar
eTestInstance(Dependenc
yInjectionTestExecution
Listener.java:111)
	at org.springframework
.test.context.TestConte
xtManager.prepareTestIn
stance(TestContextManag
er.java:260)
	at org.springframework
.test.context.junit4.Sp
ringJUnit4ClassRunner.c
reateTest(SpringJUnit4C
lassRunner.java:228)
	at org.springframework
.test.context.junit4.Sp
ringJUnit4ClassRunner$1
.runReflectiveCall(Spri
ngJUnit4ClassRunner.jav
a:289)
	at org.junit.internal.
runners.model.Reflectiv
eCallable.run(Reflectiv
eCallable.java:12)
	at org.springframework
.test.context.junit4.Sp
ringJUnit4ClassRunner.m
ethodBlock(SpringJUnit4
ClassRunner.java:291)
	at org.springframework
.test.context.junit4.Sp
ringJUnit4ClassRunner.r
unChild(SpringJUnit4Cla
ssRunner.java:247)
	at org.springframework
.test.context.junit4.Sp
ringJUnit4ClassRunner.r
unChild(SpringJUnit4Cla
ssRunner.java:97)
	at org.junit.runners.P
arentRunner$4.run(Paren
tRunner.java:331)
	at org.junit.runners.P
arentRunner$1.schedule(
ParentRunner.java:79)
	at org.junit.runners.P
arentRunner.runChildren
(ParentRunner.java:329)
	at org.junit.runners.P
arentRunner.access$100(
ParentRunner.java:66)
	at org.junit.runners.P
arentRunner$2.evaluate(
ParentRunner.java:293)
	at org.springframework
.test.context.junit4.st
atements.RunBeforeTestC
lassCallbacks.evaluate(
RunBeforeTestClassCallb
acks.java:61)
	at org.springframework
.test.context.junit4.st
atements.RunAfterTestCl
assCallbacks.evaluate(R
unAfterTestClassCallbac
ks.java:70)
	at org.junit.runners.P
arentRunner$3.evaluate(
ParentRunner.java:306)
	at org.junit.runners.P
arentRunner.run(ParentR
unner.java:413)
	at org.springframework
.test.context.junit4.Sp
ringJUnit4ClassRunner.r
un(SpringJUnit4ClassRun
ner.java:191)
	at org.junit.runner.JU
nitCore.run(JUnitCore.j
ava:137)
	at org.junit.runner.JU
nitCore.run(JUnitCore.j
ava:115)
	at org.junit.vintage.e
ngine.execution.RunnerE
xecutor.execute(RunnerE
xecutor.java:42)
	at org.junit.vintage.e
ngine.execution.Vintage
Executor.executeClasses
AndMethodsSequentially(
VintageExecutor.java:93
)
	at org.junit.vintage.e
ngine.execution.Vintage
Executor.executeAllChil
dren(VintageExecutor.ja
va:73)
	at org.junit.vintage.e
ngine.VintageTestEngine
.execute(VintageTestEng
ine.java:70)
	at org.junit.platform.
launcher.core.EngineExe
cutionOrchestrator.exec
ute(EngineExecutionOrch
estrator.java:201)
	at org.junit.platform.
launcher.core.EngineExe
cutionOrchestrator.exec
ute(EngineExecutionOrch
estrator.java:170)
	at org.junit.platform.
launcher.core.EngineExe
cutionOrchestrator.exec
ute(EngineExecutionOrch
estrator.java:94)
	at org.junit.platform.
launcher.core.EngineExe
cutionOrchestrator.lamb
da$execute$0(EngineExec
utionOrchestrator.java:
59)
	at org.junit.platform.
launcher.core.EngineExe
cutionOrchestrator.with
InterceptedStreams(Engi
neExecutionOrchestrator
.java:142)
	at org.junit.platform.
launcher.core.EngineExe
cutionOrchestrator.exec
ute(EngineExecutionOrch
estrator.java:58)
	at org.junit.platform.
launcher.core.DefaultLa
uncher.execute(DefaultL
auncher.java:103)
	at org.junit.platform.
launcher.core.DefaultLa
uncher.execute(DefaultL
auncher.java:85)
	at org.junit.platform.
launcher.core.Delegatin
gLauncher.execute(Deleg
atingLauncher.java:47)
	at org.junit.platform.
launcher.core.Intercept
ingLauncher.lambda$exec
ute$1(InterceptingLaunc
her.java:39)
	at org.junit.platform.
launcher.core.Classpath
AlignmentCheckingLaunch
erInterceptor.intercept
(ClasspathAlignmentChec
kingLauncherInterceptor
.java:25)
	at org.junit.platform.
launcher.core.Intercept
ingLauncher.execute(Int
erceptingLauncher.java:
38)
	at org.junit.platform.
launcher.core.Delegatin
gLauncher.execute(Deleg
atingLauncher.java:47)
	at org.apache.maven.su
refire.junitplatform.La
uncherAdapter.executeWi
thoutCancellationToken(
LauncherAdapter.java:60
)
	at org.apache.maven.su
refire.junitplatform.La
uncherAdapter.execute(L
auncherAdapter.java:52)
	at org.apache.maven.su
refire.junitplatform.JU
nitPlatformProvider.exe
cute(JUnitPlatformProvi
der.java:203)
	at org.apache.maven.su
refire.junitplatform.JU
nitPlatformProvider.inv
okeAllTests(JUnitPlatfo
rmProvider.java:168)
	at org.apache.maven.su
refire.junitplatform.JU
nitPlatformProvider.inv
oke(JUnitPlatformProvid
er.java:136)
	at org.apache.maven.su
refire.booter.ForkedBoo
ter.runSuitesInProcess(
ForkedBooter.java:385)
	at org.apache.maven.su
refire.booter.ForkedBoo
ter.execute(ForkedBoote
r.java:162)
	at org.apache.maven.su
refire.booter.ForkedBoo
ter.run(ForkedBooter.ja
va:507)
	at org.apache.maven.su
refire.booter.ForkedBoo
ter.main(ForkedBooter.j
ava:495)
Caused by: 
java.io.IOException: 
Error while 
instrumenting java/sql/
CallableStatement with 
JaCoCo 0.8.11.202310140
853/f33756c.
	at org.jacoco.agent.rt
.internal_4742761.core.
instr.Instrumenter.inst
rumentError(Instrumente
r.java:161)
	at org.jacoco.agent.rt
.internal_4742761.core.
instr.Instrumenter.inst
rument(Instrumenter.jav
a:111)
	at org.jacoco.agent.rt
.internal_4742761.Cover
ageTransformer.transfor
m(CoverageTransformer.j
ava:92)
	... 133 more
Caused by: java.lang.Il
legalArgumentException:
 Unsupported class 
file major version 68
	at org.jacoco.agent.rt
.internal_4742761.asm.C
lassReader.<init>(Class
Reader.java:200)
	at org.jacoco.agent.rt
.internal_4742761.asm.C
lassReader.<init>(Class
Reader.java:180)
	at org.jacoco.agent.rt
.internal_4742761.asm.C
lassReader.<init>(Class
Reader.java:166)
	at org.jacoco.agent.rt
.internal_4742761.core.
internal.instr.InstrSup
port.classReaderFor(Ins
trSupport.java:280)
	at org.jacoco.agent.rt
.internal_4742761.core.
instr.Instrumenter.inst
rument(Instrumenter.jav
a:77)
	at org.jacoco.agent.rt
.internal_4742761.core.
instr.Instrumenter.inst
rument(Instrumenter.jav
a:109)
	... 134 more
java.lang.instrument.Il
legalClassFormatExcepti
on: Error while 
instrumenting java/sql/
PreparedStatement with 
JaCoCo 0.8.11.202310140
853/f33756c.
	at org.jacoco.agent.rt
.internal_4742761.Cover
ageTransformer.transfor
m(CoverageTransformer.j
ava:94)
	at java.instrument/jav
a.lang.instrument.Class
FileTransformer.transfo
rm(ClassFileTransformer
.java:257)
	at java.instrument/sun
.instrument.Transformer
Manager.transform(Trans
formerManager.java:188)
	at java.instrument/sun
.instrument.Instrumenta
tionImpl.transform(Inst
rumentationImpl.java:59
4)
	at java.base/java.lang
.ClassLoader.defineClas
s2(Native Method)
	at java.base/java.lang
.ClassLoader.defineClas
s(ClassLoader.java:1052
)
	at java.base/java.secu
rity.SecureClassLoader.
defineClass(SecureClass
Loader.java:164)
	at java.base/jdk.inter
nal.loader.BuiltinClass
Loader.defineClass(Buil
tinClassLoader.java:735
)
	at java.base/jdk.inter
nal.loader.BuiltinClass
Loader.findClassInModul
eOrNull(BuiltinClassLoa
der.java:678)
	at java.base/jdk.inter
nal.loader.BuiltinClass
Loader.loadClassOrNull(
BuiltinClassLoader.java
:604)
	at java.base/jdk.inter
nal.loader.BuiltinClass
Loader.loadClass(Builti
nClassLoader.java:578)
	at java.base/java.lang
.ClassLoader.loadClass(
ClassLoader.java:490)
	at java.base/java.lang
.ClassLoader.defineClas
s2(Native Method)
	at java.base/java.lang
.ClassLoader.defineClas
s(ClassLoader.java:1052
)
	at java.base/java.secu
rity.SecureClassLoader.
defineClass(SecureClass
Loader.java:164)
	at java.base/jdk.inter
nal.loader.BuiltinClass
Loader.defineClass(Buil
tinClassLoader.java:735
)
	at java.base/jdk.inter
nal.loader.BuiltinClass
Loader.findClassInModul
eOrNull(BuiltinClassLoa
der.java:678)
	at java.base/jdk.inter
nal.loader.BuiltinClass
Loader.loadClassOrNull(
BuiltinClassLoader.java
:604)
	at java.base/jdk.inter
nal.loader.BuiltinClass
Loader.loadClassOrNull(
BuiltinClassLoader.java
:639)
	at java.base/jdk.inter
nal.loader.BuiltinClass
Loader.loadClassOrNull(
BuiltinClassLoader.java
:608)
	at java.base/jdk.inter
nal.loader.BuiltinClass
Loader.loadClass(Builti
nClassLoader.java:578)
	at java.base/java.lang
.ClassLoader.loadClass(
ClassLoader.java:490)
	at java.base/java.lang
.ClassLoader.defineClas
s1(Native Method)
	at java.base/java.lang
.ClassLoader.defineClas
s(ClassLoader.java:962)
	at java.base/java.secu
rity.SecureClassLoader.
defineClass(SecureClass
Loader.java:132)
	at java.base/jdk.inter
nal.loader.BuiltinClass
Loader.defineClass(Buil
tinClassLoader.java:776
)
	at java.base/jdk.inter
nal.loader.BuiltinClass
Loader.findClassOnClass
PathOrNull(BuiltinClass
Loader.java:691)
	at java.base/jdk.inter
nal.loader.BuiltinClass
Loader.loadClassOrNull(
BuiltinClassLoader.java
:620)
	at java.base/jdk.inter
nal.loader.BuiltinClass
Loader.loadClass(Builti
nClassLoader.java:578)
	at java.base/java.lang
.ClassLoader.loadClass(
ClassLoader.java:490)
	at java.base/java.lang
.ClassLoader.defineClas
s1(Native Method)
	at java.base/java.lang
.ClassLoader.defineClas
s(ClassLoader.java:962)
	at java.base/java.secu
rity.SecureClassLoader.
defineClass(SecureClass
Loader.java:132)
	at java.base/jdk.inter
nal.loader.BuiltinClass
Loader.defineClass(Buil
tinClassLoader.java:776
)
	at java.base/jdk.inter
nal.loader.BuiltinClass
Loader.findClassOnClass
PathOrNull(BuiltinClass
Loader.java:691)
	at java.base/jdk.inter
nal.loader.BuiltinClass
Loader.loadClassOrNull(
BuiltinClassLoader.java
:620)
	at java.base/jdk.inter
nal.loader.BuiltinClass
Loader.loadClass(Builti
nClassLoader.java:578)
	at java.base/java.lang
.ClassLoader.loadClass(
ClassLoader.java:490)
	at java.base/java.lang
.Class.forName0(Native 
Method)
	at java.base/java.lang
.Class.forName(Class.ja
va:463)
	at java.base/java.lang
.Class.forName(Class.ja
va:454)
	at oracle.jdbc.driver.
OracleDriver.getDriverE
xtension(OracleDriver.j
ava:1062)
	at oracle.jdbc.driver.
OracleDriver.connect(Or
acleDriver.java:853)
	at oracle.jdbc.driver.
OracleDriver.connect(Or
acleDriver.java:694)
	at com.zaxxer.hikari.u
til.DriverDataSource.ge
tConnection(DriverDataS
ource.java:144)
	at com.zaxxer.hikari.p
ool.PoolBase.newConnect
ion(PoolBase.java:370)
	at com.zaxxer.hikari.p
ool.PoolBase.newPoolEnt
ry(PoolBase.java:207)
	at com.zaxxer.hikari.p
ool.HikariPool.createPo
olEntry(HikariPool.java
:488)
	at com.zaxxer.hikari.p
ool.HikariPool.checkFai
lFast(HikariPool.java:5
76)
	at com.zaxxer.hikari.p
ool.HikariPool.<init>(H
ikariPool.java:97)
	at com.zaxxer.hikari.H
ikariDataSource.getConn
ection(HikariDataSource
.java:111)
	at org.hibernate.engin
e.jdbc.connections.inte
rnal.DatasourceConnecti
onProviderImpl.getConne
ction(DatasourceConnect
ionProviderImpl.java:12
6)
	at org.hibernate.engin
e.jdbc.env.internal.Jdb
cEnvironmentInitiator$C
onnectionProviderJdbcCo
nnectionAccess.obtainCo
nnection(JdbcEnvironmen
tInitiator.java:485)
	at org.hibernate.resou
rce.transaction.backend
.jdbc.internal.JdbcIsol
ationDelegate.delegateW
ork(JdbcIsolationDelega
te.java:61)
	at org.hibernate.engin
e.jdbc.env.internal.Jdb
cEnvironmentInitiator.g
etJdbcEnvironmentUsingJ
dbcMetadata(JdbcEnviron
mentInitiator.java:334)
	at org.hibernate.engin
e.jdbc.env.internal.Jdb
cEnvironmentInitiator.i
nitiateService(JdbcEnvi
ronmentInitiator.java:1
29)
	at org.hibernate.engin
e.jdbc.env.internal.Jdb
cEnvironmentInitiator.i
nitiateService(JdbcEnvi
ronmentInitiator.java:8
1)
	at org.hibernate.boot.
registry.internal.Stand
ardServiceRegistryImpl.
initiateService(Standar
dServiceRegistryImpl.ja
va:130)
	at org.hibernate.servi
ce.internal.AbstractSer
viceRegistryImpl.create
Service(AbstractService
RegistryImpl.java:263)
	at org.hibernate.servi
ce.internal.AbstractSer
viceRegistryImpl.initia
lizeService(AbstractSer
viceRegistryImpl.java:2
38)
	at org.hibernate.servi
ce.internal.AbstractSer
viceRegistryImpl.getSer
vice(AbstractServiceReg
istryImpl.java:215)
	at org.hibernate.boot.
model.relational.Databa
se.<init>(Database.java
:45)
	at org.hibernate.boot.
internal.InFlightMetada
taCollectorImpl.getData
base(InFlightMetadataCo
llectorImpl.java:226)
	at org.hibernate.boot.
internal.InFlightMetada
taCollectorImpl.<init>(
InFlightMetadataCollect
orImpl.java:194)
	at org.hibernate.boot.
model.process.spi.Metad
ataBuildingProcess.comp
lete(MetadataBuildingPr
ocess.java:171)
	at org.hibernate.jpa.b
oot.internal.EntityMana
gerFactoryBuilderImpl.m
etadata(EntityManagerFa
ctoryBuilderImpl.java:1
442)
	at org.hibernate.jpa.b
oot.internal.EntityMana
gerFactoryBuilderImpl.b
uild(EntityManagerFacto
ryBuilderImpl.java:1513
)
	at org.springframework
.orm.jpa.vendor.SpringH
ibernateJpaPersistenceP
rovider.createContainer
EntityManagerFactory(Sp
ringHibernateJpaPersist
enceProvider.java:66)
	at org.springframework
.orm.jpa.LocalContainer
EntityManagerFactoryBea
n.createNativeEntityMan
agerFactory(LocalContai
nerEntityManagerFactory
Bean.java:388)
	at org.springframework
.orm.jpa.AbstractEntity
ManagerFactoryBean.buil
dNativeEntityManagerFac
tory(AbstractEntityMana
gerFactoryBean.java:419
)
	at org.springframework
.orm.jpa.AbstractEntity
ManagerFactoryBean.afte
rPropertiesSet(Abstract
EntityManagerFactoryBea
n.java:400)
	at org.springframework
.orm.jpa.LocalContainer
EntityManagerFactoryBea
n.afterPropertiesSet(Lo
calContainerEntityManag
erFactoryBean.java:364)
	at org.springframework
.beans.factory.support.
AbstractAutowireCapable
BeanFactory.invokeInitM
ethods(AbstractAutowire
CapableBeanFactory.java
:1873)
	at org.springframework
.beans.factory.support.
AbstractAutowireCapable
BeanFactory.initializeB
ean(AbstractAutowireCap
ableBeanFactory.java:18
22)
	at org.springframework
.beans.factory.support.
AbstractAutowireCapable
BeanFactory.doCreateBea
n(AbstractAutowireCapab
leBeanFactory.java:607)
	at org.springframework
.beans.factory.support.
AbstractAutowireCapable
BeanFactory.createBean(
AbstractAutowireCapable
BeanFactory.java:529)
	at org.springframework
.beans.factory.support.
AbstractBeanFactory.lam
bda$doGetBean$0(Abstrac
tBeanFactory.java:339)
	at org.springframework
.beans.factory.support.
DefaultSingletonBeanReg
istry.getSingleton(Defa
ultSingletonBeanRegistr
y.java:373)
	at org.springframework
.beans.factory.support.
AbstractBeanFactory.doG
etBean(AbstractBeanFact
ory.java:337)
	at org.springframework
.beans.factory.support.
AbstractBeanFactory.get
Bean(AbstractBeanFactor
y.java:207)
	at org.springframework
.context.support.Abstra
ctApplicationContext.fi
nishBeanFactoryInitiali
zation(AbstractApplicat
ionContext.java:974)
	at org.springframework
.context.support.Abstra
ctApplicationContext.re
fresh(AbstractApplicati
onContext.java:628)
	at org.springframework
.boot.SpringApplication
.refresh(SpringApplicat
ion.java:752)
	at org.springframework
.boot.SpringApplication
.refreshContext(SpringA
pplication.java:439)
	at org.springframework
.boot.SpringApplication
.run(SpringApplication.
java:318)
	at org.springframework
.boot.test.context.Spri
ngBootContextLoader.lam
bda$loadContext$3(Sprin
gBootContextLoader.java
:152)
	at org.springframework
.util.function.Throwing
Supplier.get(ThrowingSu
pplier.java:58)
	at org.springframework
.util.function.Throwing
Supplier.get(ThrowingSu
pplier.java:46)
	at org.springframework
.boot.SpringApplication
.withHook(SpringApplica
tion.java:1461)
	at org.springframework
.boot.test.context.Spri
ngBootContextLoader$Con
textLoaderHook.run(Spri
ngBootContextLoader.jav
a:595)
	at org.springframework
.boot.test.context.Spri
ngBootContextLoader.loa
dContext(SpringBootCont
extLoader.java:152)
	at org.springframework
.boot.test.context.Spri
ngBootContextLoader.loa
dContext(SpringBootCont
extLoader.java:111)
	at org.springframework
.test.context.cache.Def
aultCacheAwareContextLo
aderDelegate.loadContex
tInternal(DefaultCacheA
wareContextLoaderDelega
te.java:225)
	at org.springframework
.test.context.cache.Def
aultCacheAwareContextLo
aderDelegate.loadContex
t(DefaultCacheAwareCont
extLoaderDelegate.java:
152)
	at org.springframework
.test.context.support.D
efaultTestContext.getAp
plicationContext(Defaul
tTestContext.java:130)
	at org.springframework
.test.context.support.D
ependencyInjectionTestE
xecutionListener.inject
Dependencies(Dependency
InjectionTestExecutionL
istener.java:155)
	at org.springframework
.test.context.support.D
ependencyInjectionTestE
xecutionListener.prepar
eTestInstance(Dependenc
yInjectionTestExecution
Listener.java:111)
	at org.springframework
.test.context.TestConte
xtManager.prepareTestIn
stance(TestContextManag
er.java:260)
	at org.springframework
.test.context.junit4.Sp
ringJUnit4ClassRunner.c
reateTest(SpringJUnit4C
lassRunner.java:228)
	at org.springframework
.test.context.junit4.Sp
ringJUnit4ClassRunner$1
.runReflectiveCall(Spri
ngJUnit4ClassRunner.jav
a:289)
	at org.junit.internal.
runners.model.Reflectiv
eCallable.run(Reflectiv
eCallable.java:12)
	at org.springframework
.test.context.junit4.Sp
ringJUnit4ClassRunner.m
ethodBlock(SpringJUnit4
ClassRunner.java:291)
	at org.springframework
.test.context.junit4.Sp
ringJUnit4ClassRunner.r
unChild(SpringJUnit4Cla
ssRunner.java:247)
	at org.springframework
.test.context.junit4.Sp
ringJUnit4ClassRunner.r
unChild(SpringJUnit4Cla
ssRunner.java:97)
	at org.junit.runners.P
arentRunner$4.run(Paren
tRunner.java:331)
	at org.junit.runners.P
arentRunner$1.schedule(
ParentRunner.java:79)
	at org.junit.runners.P
arentRunner.runChildren
(ParentRunner.java:329)
	at org.junit.runners.P
arentRunner.access$100(
ParentRunner.java:66)
	at org.junit.runners.P
arentRunner$2.evaluate(
ParentRunner.java:293)
	at org.springframework
.test.context.junit4.st
atements.RunBeforeTestC
lassCallbacks.evaluate(
RunBeforeTestClassCallb
acks.java:61)
	at org.springframework
.test.context.junit4.st
atements.RunAfterTestCl
assCallbacks.evaluate(R
unAfterTestClassCallbac
ks.java:70)
	at org.junit.runners.P
arentRunner$3.evaluate(
ParentRunner.java:306)
	at org.junit.runners.P
arentRunner.run(ParentR
unner.java:413)
	at org.springframework
.test.context.junit4.Sp
ringJUnit4ClassRunner.r
un(SpringJUnit4ClassRun
ner.java:191)
	at org.junit.runner.JU
nitCore.run(JUnitCore.j
ava:137)
	at org.junit.runner.JU
nitCore.run(JUnitCore.j
ava:115)
	at org.junit.vintage.e
ngine.execution.RunnerE
xecutor.execute(RunnerE
xecutor.java:42)
	at org.junit.vintage.e
ngine.execution.Vintage
Executor.executeClasses
AndMethodsSequentially(
VintageExecutor.java:93
)
	at org.junit.vintage.e
ngine.execution.Vintage
Executor.executeAllChil
dren(VintageExecutor.ja
va:73)
	at org.junit.vintage.e
ngine.VintageTestEngine
.execute(VintageTestEng
ine.java:70)
	at org.junit.platform.
launcher.core.EngineExe
cutionOrchestrator.exec
ute(EngineExecutionOrch
estrator.java:201)
	at org.junit.platform.
launcher.core.EngineExe
cutionOrchestrator.exec
ute(EngineExecutionOrch
estrator.java:170)
	at org.junit.platform.
launcher.core.EngineExe
cutionOrchestrator.exec
ute(EngineExecutionOrch
estrator.java:94)
	at org.junit.platform.
launcher.core.EngineExe
cutionOrchestrator.lamb
da$execute$0(EngineExec
utionOrchestrator.java:
59)
	at org.junit.platform.
launcher.core.EngineExe
cutionOrchestrator.with
InterceptedStreams(Engi
neExecutionOrchestrator
.java:142)
	at org.junit.platform.
launcher.core.EngineExe
cutionOrchestrator.exec
ute(EngineExecutionOrch
estrator.java:58)
	at org.junit.platform.
launcher.core.DefaultLa
uncher.execute(DefaultL
auncher.java:103)
	at org.junit.platform.
launcher.core.DefaultLa
uncher.execute(DefaultL
auncher.java:85)
	at org.junit.platform.
launcher.core.Delegatin
gLauncher.execute(Deleg
atingLauncher.java:47)
	at org.junit.platform.
launcher.core.Intercept
ingLauncher.lambda$exec
ute$1(InterceptingLaunc
her.java:39)
	at org.junit.platform.
launcher.core.Classpath
AlignmentCheckingLaunch
erInterceptor.intercept
(ClasspathAlignmentChec
kingLauncherInterceptor
.java:25)
	at org.junit.platform.
launcher.core.Intercept
ingLauncher.execute(Int
erceptingLauncher.java:
38)
	at org.junit.platform.
launcher.core.Delegatin
gLauncher.execute(Deleg
atingLauncher.java:47)
	at org.apache.maven.su
refire.junitplatform.La
uncherAdapter.executeWi
thoutCancellationToken(
LauncherAdapter.java:60
)
	at org.apache.maven.su
refire.junitplatform.La
uncherAdapter.execute(L
auncherAdapter.java:52)
	at org.apache.maven.su
refire.junitplatform.JU
nitPlatformProvider.exe
cute(JUnitPlatformProvi
der.java:203)
	at org.apache.maven.su
refire.junitplatform.JU
nitPlatformProvider.inv
okeAllTests(JUnitPlatfo
rmProvider.java:168)
	at org.apache.maven.su
refire.junitplatform.JU
nitPlatformProvider.inv
oke(JUnitPlatformProvid
er.java:136)
	at org.apache.maven.su
refire.booter.ForkedBoo
ter.runSuitesInProcess(
ForkedBooter.java:385)
	at org.apache.maven.su
refire.booter.ForkedBoo
ter.execute(ForkedBoote
r.java:162)
	at org.apache.maven.su
refire.booter.ForkedBoo
ter.run(ForkedBooter.ja
va:507)
	at org.apache.maven.su
refire.booter.ForkedBoo
ter.main(ForkedBooter.j
ava:495)
Caused by: 
java.io.IOException: 
Error while 
instrumenting java/sql/
PreparedStatement with 
JaCoCo 0.8.11.202310140
853/f33756c.
	at org.jacoco.agent.rt
.internal_4742761.core.
instr.Instrumenter.inst
rumentError(Instrumente
r.java:161)
	at org.jacoco.agent.rt
.internal_4742761.core.
instr.Instrumenter.inst
rument(Instrumenter.jav
a:111)
	at org.jacoco.agent.rt
.internal_4742761.Cover
ageTransformer.transfor
m(CoverageTransformer.j
ava:92)
	... 141 more
Caused by: java.lang.Il
legalArgumentException:
 Unsupported class 
file major version 68
	at org.jacoco.agent.rt
.internal_4742761.asm.C
lassReader.<init>(Class
Reader.java:200)
	at org.jacoco.agent.rt
.internal_4742761.asm.C
lassReader.<init>(Class
Reader.java:180)
	at org.jacoco.agent.rt
.internal_4742761.asm.C
lassReader.<init>(Class
Reader.java:166)
	at org.jacoco.agent.rt
.internal_4742761.core.
internal.instr.InstrSup
port.classReaderFor(Ins
trSupport.java:280)
	at org.jacoco.agent.rt
.internal_4742761.core.
instr.Instrumenter.inst
rument(Instrumenter.jav
a:77)
	at org.jacoco.agent.rt
.internal_4742761.core.
instr.Instrumenter.inst
rument(Instrumenter.jav
a:109)
	... 142 more
java.lang.instrument.Il
legalClassFormatExcepti
on: Error while 
instrumenting 
java/sql/Statement 
with JaCoCo 0.8.11.2023
10140853/f33756c.
	at org.jacoco.agent.rt
.internal_4742761.Cover
ageTransformer.transfor
m(CoverageTransformer.j
ava:94)
	at java.instrument/jav
a.lang.instrument.Class
FileTransformer.transfo
rm(ClassFileTransformer
.java:257)
	at java.instrument/sun
.instrument.Transformer
Manager.transform(Trans
formerManager.java:188)
	at java.instrument/sun
.instrument.Instrumenta
tionImpl.transform(Inst
rumentationImpl.java:59
4)
	at java.base/java.lang
.ClassLoader.defineClas
s2(Native Method)
	at java.base/java.lang
.ClassLoader.defineClas
s(ClassLoader.java:1052
)
	at java.base/java.secu
rity.SecureClassLoader.
defineClass(SecureClass
Loader.java:164)
	at java.base/jdk.inter
nal.loader.BuiltinClass
Loader.defineClass(Buil
tinClassLoader.java:735
)
	at java.base/jdk.inter
nal.loader.BuiltinClass
Loader.findClassInModul
eOrNull(BuiltinClassLoa
der.java:678)
	at java.base/jdk.inter
nal.loader.BuiltinClass
Loader.loadClassOrNull(
BuiltinClassLoader.java
:604)
	at java.base/jdk.inter
nal.loader.BuiltinClass
Loader.loadClass(Builti
nClassLoader.java:578)
	at java.base/java.lang
.ClassLoader.loadClass(
ClassLoader.java:490)
	at java.base/java.lang
.ClassLoader.defineClas
s2(Native Method)
	at java.base/java.lang
.ClassLoader.defineClas
s(ClassLoader.java:1052
)
	at java.base/java.secu
rity.SecureClassLoader.
defineClass(SecureClass
Loader.java:164)
	at java.base/jdk.inter
nal.loader.BuiltinClass
Loader.defineClass(Buil
tinClassLoader.java:735
)
	at java.base/jdk.inter
nal.loader.BuiltinClass
Loader.findClassInModul
eOrNull(BuiltinClassLoa
der.java:678)
	at java.base/jdk.inter
nal.loader.BuiltinClass
Loader.loadClassOrNull(
BuiltinClassLoader.java
:604)
	at java.base/jdk.inter
nal.loader.BuiltinClass
Loader.loadClass(Builti
nClassLoader.java:578)
	at java.base/java.lang
.ClassLoader.loadClass(
ClassLoader.java:490)
	at java.base/java.lang
.ClassLoader.defineClas
s2(Native Method)
	at java.base/java.lang
.ClassLoader.defineClas
s(ClassLoader.java:1052
)
	at java.base/java.secu
rity.SecureClassLoader.
defineClass(SecureClass
Loader.java:164)
	at java.base/jdk.inter
nal.loader.BuiltinClass
Loader.defineClass(Buil
tinClassLoader.java:735
)
	at java.base/jdk.inter
nal.loader.BuiltinClass
Loader.findClassInModul
eOrNull(BuiltinClassLoa
der.java:678)
	at java.base/jdk.inter
nal.loader.BuiltinClass
Loader.loadClassOrNull(
BuiltinClassLoader.java
:604)
	at java.base/jdk.inter
nal.loader.BuiltinClass
Loader.loadClassOrNull(
BuiltinClassLoader.java
:639)
	at java.base/jdk.inter
nal.loader.BuiltinClass
Loader.loadClassOrNull(
BuiltinClassLoader.java
:608)
	at java.base/jdk.inter
nal.loader.BuiltinClass
Loader.loadClass(Builti
nClassLoader.java:578)
	at java.base/java.lang
.ClassLoader.loadClass(
ClassLoader.java:490)
	at java.base/java.lang
.ClassLoader.defineClas
s1(Native Method)
	at java.base/java.lang
.ClassLoader.defineClas
s(ClassLoader.java:962)
	at java.base/java.secu
rity.SecureClassLoader.
defineClass(SecureClass
Loader.java:132)
	at java.base/jdk.inter
nal.loader.BuiltinClass
Loader.defineClass(Buil
tinClassLoader.java:776
)
	at java.base/jdk.inter
nal.loader.BuiltinClass
Loader.findClassOnClass
PathOrNull(BuiltinClass
Loader.java:691)
	at java.base/jdk.inter
nal.loader.BuiltinClass
Loader.loadClassOrNull(
BuiltinClassLoader.java
:620)
	at java.base/jdk.inter
nal.loader.BuiltinClass
Loader.loadClass(Builti
nClassLoader.java:578)
	at java.base/java.lang
.ClassLoader.loadClass(
ClassLoader.java:490)
	at java.base/java.lang
.ClassLoader.defineClas
s1(Native Method)
	at java.base/java.lang
.ClassLoader.defineClas
s(ClassLoader.java:962)
	at java.base/java.secu
rity.SecureClassLoader.
defineClass(SecureClass
Loader.java:132)
	at java.base/jdk.inter
nal.loader.BuiltinClass
Loader.defineClass(Buil
tinClassLoader.java:776
)
	at java.base/jdk.inter
nal.loader.BuiltinClass
Loader.findClassOnClass
PathOrNull(BuiltinClass
Loader.java:691)
	at java.base/jdk.inter
nal.loader.BuiltinClass
Loader.loadClassOrNull(
BuiltinClassLoader.java
:620)
	at java.base/jdk.inter
nal.loader.BuiltinClass
Loader.loadClass(Builti
nClassLoader.java:578)
	at java.base/java.lang
.ClassLoader.loadClass(
ClassLoader.java:490)
	at java.base/java.lang
.Class.forName0(Native 
Method)
	at java.base/java.lang
.Class.forName(Class.ja
va:463)
	at java.base/java.lang
.Class.forName(Class.ja
va:454)
	at oracle.jdbc.driver.
OracleDriver.getDriverE
xtension(OracleDriver.j
ava:1062)
	at oracle.jdbc.driver.
OracleDriver.connect(Or
acleDriver.java:853)
	at oracle.jdbc.driver.
OracleDriver.connect(Or
acleDriver.java:694)
	at com.zaxxer.hikari.u
til.DriverDataSource.ge
tConnection(DriverDataS
ource.java:144)
	at com.zaxxer.hikari.p
ool.PoolBase.newConnect
ion(PoolBase.java:370)
	at com.zaxxer.hikari.p
ool.PoolBase.newPoolEnt
ry(PoolBase.java:207)
	at com.zaxxer.hikari.p
ool.HikariPool.createPo
olEntry(HikariPool.java
:488)
	at com.zaxxer.hikari.p
ool.HikariPool.checkFai
lFast(HikariPool.java:5
76)
	at com.zaxxer.hikari.p
ool.HikariPool.<init>(H
ikariPool.java:97)
	at com.zaxxer.hikari.H
ikariDataSource.getConn
ection(HikariDataSource
.java:111)
	at org.hibernate.engin
e.jdbc.connections.inte
rnal.DatasourceConnecti
onProviderImpl.getConne
ction(DatasourceConnect
ionProviderImpl.java:12
6)
	at org.hibernate.engin
e.jdbc.env.internal.Jdb
cEnvironmentInitiator$C
onnectionProviderJdbcCo
nnectionAccess.obtainCo
nnection(JdbcEnvironmen
tInitiator.java:485)
	at org.hibernate.resou
rce.transaction.backend
.jdbc.internal.JdbcIsol
ationDelegate.delegateW
ork(JdbcIsolationDelega
te.java:61)
	at org.hibernate.engin
e.jdbc.env.internal.Jdb
cEnvironmentInitiator.g
etJdbcEnvironmentUsingJ
dbcMetadata(JdbcEnviron
mentInitiator.java:334)
	at org.hibernate.engin
e.jdbc.env.internal.Jdb
cEnvironmentInitiator.i
nitiateService(JdbcEnvi
ronmentInitiator.java:1
29)
	at org.hibernate.engin
e.jdbc.env.internal.Jdb
cEnvironmentInitiator.i
nitiateService(JdbcEnvi
ronmentInitiator.java:8
1)
	at org.hibernate.boot.
registry.internal.Stand
ardServiceRegistryImpl.
initiateService(Standar
dServiceRegistryImpl.ja
va:130)
	at org.hibernate.servi
ce.internal.AbstractSer
viceRegistryImpl.create
Service(AbstractService
RegistryImpl.java:263)
	at org.hibernate.servi
ce.internal.AbstractSer
viceRegistryImpl.initia
lizeService(AbstractSer
viceRegistryImpl.java:2
38)
	at org.hibernate.servi
ce.internal.AbstractSer
viceRegistryImpl.getSer
vice(AbstractServiceReg
istryImpl.java:215)
	at org.hibernate.boot.
model.relational.Databa
se.<init>(Database.java
:45)
	at org.hibernate.boot.
internal.InFlightMetada
taCollectorImpl.getData
base(InFlightMetadataCo
llectorImpl.java:226)
	at org.hibernate.boot.
internal.InFlightMetada
taCollectorImpl.<init>(
InFlightMetadataCollect
orImpl.java:194)
	at org.hibernate.boot.
model.process.spi.Metad
ataBuildingProcess.comp
lete(MetadataBuildingPr
ocess.java:171)
	at org.hibernate.jpa.b
oot.internal.EntityMana
gerFactoryBuilderImpl.m
etadata(EntityManagerFa
ctoryBuilderImpl.java:1
442)
	at org.hibernate.jpa.b
oot.internal.EntityMana
gerFactoryBuilderImpl.b
uild(EntityManagerFacto
ryBuilderImpl.java:1513
)
	at org.springframework
.orm.jpa.vendor.SpringH
ibernateJpaPersistenceP
rovider.createContainer
EntityManagerFactory(Sp
ringHibernateJpaPersist
enceProvider.java:66)
	at org.springframework
.orm.jpa.LocalContainer
EntityManagerFactoryBea
n.createNativeEntityMan
agerFactory(LocalContai
nerEntityManagerFactory
Bean.java:388)
	at org.springframework
.orm.jpa.AbstractEntity
ManagerFactoryBean.buil
dNativeEntityManagerFac
tory(AbstractEntityMana
gerFactoryBean.java:419
)
	at org.springframework
.orm.jpa.AbstractEntity
ManagerFactoryBean.afte
rPropertiesSet(Abstract
EntityManagerFactoryBea
n.java:400)
	at org.springframework
.orm.jpa.LocalContainer
EntityManagerFactoryBea
n.afterPropertiesSet(Lo
calContainerEntityManag
erFactoryBean.java:364)
	at org.springframework
.beans.factory.support.
AbstractAutowireCapable
BeanFactory.invokeInitM
ethods(AbstractAutowire
CapableBeanFactory.java
:1873)
	at org.springframework
.beans.factory.support.
AbstractAutowireCapable
BeanFactory.initializeB
ean(AbstractAutowireCap
ableBeanFactory.java:18
22)
	at org.springframework
.beans.factory.support.
AbstractAutowireCapable
BeanFactory.doCreateBea
n(AbstractAutowireCapab
leBeanFactory.java:607)
	at org.springframework
.beans.factory.support.
AbstractAutowireCapable
BeanFactory.createBean(
AbstractAutowireCapable
BeanFactory.java:529)
	at org.springframework
.beans.factory.support.
AbstractBeanFactory.lam
bda$doGetBean$0(Abstrac
tBeanFactory.java:339)
	at org.springframework
.beans.factory.support.
DefaultSingletonBeanReg
istry.getSingleton(Defa
ultSingletonBeanRegistr
y.java:373)
	at org.springframework
.beans.factory.support.
AbstractBeanFactory.doG
etBean(AbstractBeanFact
ory.java:337)
	at org.springframework
.beans.factory.support.
AbstractBeanFactory.get
Bean(AbstractBeanFactor
y.java:207)
	at org.springframework
.context.support.Abstra
ctApplicationContext.fi
nishBeanFactoryInitiali
zation(AbstractApplicat
ionContext.java:974)
	at org.springframework
.context.support.Abstra
ctApplicationContext.re
fresh(AbstractApplicati
onContext.java:628)
	at org.springframework
.boot.SpringApplication
.refresh(SpringApplicat
ion.java:752)
	at org.springframework
.boot.SpringApplication
.refreshContext(SpringA
pplication.java:439)
	at org.springframework
.boot.SpringApplication
.run(SpringApplication.
java:318)
	at org.springframework
.boot.test.context.Spri
ngBootContextLoader.lam
bda$loadContext$3(Sprin
gBootContextLoader.java
:152)
	at org.springframework
.util.function.Throwing
Supplier.get(ThrowingSu
pplier.java:58)
	at org.springframework
.util.function.Throwing
Supplier.get(ThrowingSu
pplier.java:46)
	at org.springframework
.boot.SpringApplication
.withHook(SpringApplica
tion.java:1461)
	at org.springframework
.boot.test.context.Spri
ngBootContextLoader$Con
textLoaderHook.run(Spri
ngBootContextLoader.jav
a:595)
	at org.springframework
.boot.test.context.Spri
ngBootContextLoader.loa
dContext(SpringBootCont
extLoader.java:152)
	at org.springframework
.boot.test.context.Spri
ngBootContextLoader.loa
dContext(SpringBootCont
extLoader.java:111)
	at org.springframework
.test.context.cache.Def
aultCacheAwareContextLo
aderDelegate.loadContex
tInternal(DefaultCacheA
wareContextLoaderDelega
te.java:225)
	at org.springframework
.test.context.cache.Def
aultCacheAwareContextLo
aderDelegate.loadContex
t(DefaultCacheAwareCont
extLoaderDelegate.java:
152)
	at org.springframework
.test.context.support.D
efaultTestContext.getAp
plicationContext(Defaul
tTestContext.java:130)
	at org.springframework
.test.context.support.D
ependencyInjectionTestE
xecutionListener.inject
Dependencies(Dependency
InjectionTestExecutionL
istener.java:155)
	at org.springframework
.test.context.support.D
ependencyInjectionTestE
xecutionListener.prepar
eTestInstance(Dependenc
yInjectionTestExecution
Listener.java:111)
	at org.springframework
.test.context.TestConte
xtManager.prepareTestIn
stance(TestContextManag
er.java:260)
	at org.springframework
.test.context.junit4.Sp
ringJUnit4ClassRunner.c
reateTest(SpringJUnit4C
lassRunner.java:228)
	at org.springframework
.test.context.junit4.Sp
ringJUnit4ClassRunner$1
.runReflectiveCall(Spri
ngJUnit4ClassRunner.jav
a:289)
	at org.junit.internal.
runners.model.Reflectiv
eCallable.run(Reflectiv
eCallable.java:12)
	at org.springframework
.test.context.junit4.Sp
ringJUnit4ClassRunner.m
ethodBlock(SpringJUnit4
ClassRunner.java:291)
	at org.springframework
.test.context.junit4.Sp
ringJUnit4ClassRunner.r
unChild(SpringJUnit4Cla
ssRunner.java:247)
	at org.springframework
.test.context.junit4.Sp
ringJUnit4ClassRunner.r
unChild(SpringJUnit4Cla
ssRunner.java:97)
	at org.junit.runners.P
arentRunner$4.run(Paren
tRunner.java:331)
	at org.junit.runners.P
arentRunner$1.schedule(
ParentRunner.java:79)
	at org.junit.runners.P
arentRunner.runChildren
(ParentRunner.java:329)
	at org.junit.runners.P
arentRunner.access$100(
ParentRunner.java:66)
	at org.junit.runners.P
arentRunner$2.evaluate(
ParentRunner.java:293)
	at org.springframework
.test.context.junit4.st
atements.RunBeforeTestC
lassCallbacks.evaluate(
RunBeforeTestClassCallb
acks.java:61)
	at org.springframework
.test.context.junit4.st
atements.RunAfterTestCl
assCallbacks.evaluate(R
unAfterTestClassCallbac
ks.java:70)
	at org.junit.runners.P
arentRunner$3.evaluate(
ParentRunner.java:306)
	at org.junit.runners.P
arentRunner.run(ParentR
unner.java:413)
	at org.springframework
.test.context.junit4.Sp
ringJUnit4ClassRunner.r
un(SpringJUnit4ClassRun
ner.java:191)
	at org.junit.runner.JU
nitCore.run(JUnitCore.j
ava:137)
	at org.junit.runner.JU
nitCore.run(JUnitCore.j
ava:115)
	at org.junit.vintage.e
ngine.execution.RunnerE
xecutor.execute(RunnerE
xecutor.java:42)
	at org.junit.vintage.e
ngine.execution.Vintage
Executor.executeClasses
AndMethodsSequentially(
VintageExecutor.java:93
)
	at org.junit.vintage.e
ngine.execution.Vintage
Executor.executeAllChil
dren(VintageExecutor.ja
va:73)
	at org.junit.vintage.e
ngine.VintageTestEngine
.execute(VintageTestEng
ine.java:70)
	at org.junit.platform.
launcher.core.EngineExe
cutionOrchestrator.exec
ute(EngineExecutionOrch
estrator.java:201)
	at org.junit.platform.
launcher.core.EngineExe
cutionOrchestrator.exec
ute(EngineExecutionOrch
estrator.java:170)
	at org.junit.platform.
launcher.core.EngineExe
cutionOrchestrator.exec
ute(EngineExecutionOrch
estrator.java:94)
	at org.junit.platform.
launcher.core.EngineExe
cutionOrchestrator.lamb
da$execute$0(EngineExec
utionOrchestrator.java:
59)
	at org.junit.platform.
launcher.core.EngineExe
cutionOrchestrator.with
InterceptedStreams(Engi
neExecutionOrchestrator
.java:142)
	at org.junit.platform.
launcher.core.EngineExe
cutionOrchestrator.exec
ute(EngineExecutionOrch
estrator.java:58)
	at org.junit.platform.
launcher.core.DefaultLa
uncher.execute(DefaultL
auncher.java:103)
	at org.junit.platform.
launcher.core.DefaultLa
uncher.execute(DefaultL
auncher.java:85)
	at org.junit.platform.
launcher.core.Delegatin
gLauncher.execute(Deleg
atingLauncher.java:47)
	at org.junit.platform.
launcher.core.Intercept
ingLauncher.lambda$exec
ute$1(InterceptingLaunc
her.java:39)
	at org.junit.platform.
launcher.core.Classpath
AlignmentCheckingLaunch
erInterceptor.intercept
(ClasspathAlignmentChec
kingLauncherInterceptor
.java:25)
	at org.junit.platform.
launcher.core.Intercept
ingLauncher.execute(Int
erceptingLauncher.java:
38)
	at org.junit.platform.
launcher.core.Delegatin
gLauncher.execute(Deleg
atingLauncher.java:47)
	at org.apache.maven.su
refire.junitplatform.La
uncherAdapter.executeWi
thoutCancellationToken(
LauncherAdapter.java:60
)
	at org.apache.maven.su
refire.junitplatform.La
uncherAdapter.execute(L
auncherAdapter.java:52)
	at org.apache.maven.su
refire.junitplatform.JU
nitPlatformProvider.exe
cute(JUnitPlatformProvi
der.java:203)
	at org.apache.maven.su
refire.junitplatform.JU
nitPlatformProvider.inv
okeAllTests(JUnitPlatfo
rmProvider.java:168)
	at org.apache.maven.su
refire.junitplatform.JU
nitPlatformProvider.inv
oke(JUnitPlatformProvid
er.java:136)
	at org.apache.maven.su
refire.booter.ForkedBoo
ter.runSuitesInProcess(
ForkedBooter.java:385)
	at org.apache.maven.su
refire.booter.ForkedBoo
ter.execute(ForkedBoote
r.java:162)
	at org.apache.maven.su
refire.booter.ForkedBoo
ter.run(ForkedBooter.ja
va:507)
	at org.apache.maven.su
refire.booter.ForkedBoo
ter.main(ForkedBooter.j
ava:495)
Caused by: 
java.io.IOException: 
Error while 
instrumenting 
java/sql/Statement 
with JaCoCo 0.8.11.2023
10140853/f33756c.
	at org.jacoco.agent.rt
.internal_4742761.core.
instr.Instrumenter.inst
rumentError(Instrumente
r.java:161)
	at org.jacoco.agent.rt
.internal_4742761.core.
instr.Instrumenter.inst
rument(Instrumenter.jav
a:111)
	at org.jacoco.agent.rt
.internal_4742761.Cover
ageTransformer.transfor
m(CoverageTransformer.j
ava:92)
	... 149 more
Caused by: java.lang.Il
legalArgumentException:
 Unsupported class 
file major version 68
	at org.jacoco.agent.rt
.internal_4742761.asm.C
lassReader.<init>(Class
Reader.java:200)
	at org.jacoco.agent.rt
.internal_4742761.asm.C
lassReader.<init>(Class
Reader.java:180)
	at org.jacoco.agent.rt
.internal_4742761.asm.C
lassReader.<init>(Class
Reader.java:166)
	at org.jacoco.agent.rt
.internal_4742761.core.
internal.instr.InstrSup
port.classReaderFor(Ins
trSupport.java:280)
	at org.jacoco.agent.rt
.internal_4742761.core.
instr.Instrumenter.inst
rument(Instrumenter.jav
a:77)
	at org.jacoco.agent.rt
.internal_4742761.core.
instr.Instrumenter.inst
rument(Instrumenter.jav
a:109)
	... 150 more
java.lang.instrument.Il
legalClassFormatExcepti
on: Error while 
instrumenting 
java/sql/SQLPermission 
with JaCoCo 0.8.11.2023
10140853/f33756c.
	at org.jacoco.agent.rt
.internal_4742761.Cover
ageTransformer.transfor
m(CoverageTransformer.j
ava:94)
	at java.instrument/jav
a.lang.instrument.Class
FileTransformer.transfo
rm(ClassFileTransformer
.java:257)
	at java.instrument/sun
.instrument.Transformer
Manager.transform(Trans
formerManager.java:188)
	at java.instrument/sun
.instrument.Instrumenta
tionImpl.transform(Inst
rumentationImpl.java:59
4)
	at java.base/java.lang
.ClassLoader.defineClas
s2(Native Method)
	at java.base/java.lang
.ClassLoader.defineClas
s(ClassLoader.java:1052
)
	at java.base/java.secu
rity.SecureClassLoader.
defineClass(SecureClass
Loader.java:164)
	at java.base/jdk.inter
nal.loader.BuiltinClass
Loader.defineClass(Buil
tinClassLoader.java:735
)
	at java.base/jdk.inter
nal.loader.BuiltinClass
Loader.findClassInModul
eOrNull(BuiltinClassLoa
der.java:678)
	at java.base/jdk.inter
nal.loader.BuiltinClass
Loader.loadClassOrNull(
BuiltinClassLoader.java
:604)
	at java.base/jdk.inter
nal.loader.BuiltinClass
Loader.loadClassOrNull(
BuiltinClassLoader.java
:639)
	at java.base/jdk.inter
nal.loader.BuiltinClass
Loader.loadClassOrNull(
BuiltinClassLoader.java
:608)
	at java.base/jdk.inter
nal.loader.BuiltinClass
Loader.loadClass(Builti
nClassLoader.java:578)
	at java.base/java.lang
.ClassLoader.loadClass(
ClassLoader.java:490)
	at oracle.jdbc.driver.
T4CDriverExtension.getC
onnection(T4CDriverExte
nsion.java:63)
	at oracle.jdbc.driver.
OracleDriver.connect(Or
acleDriver.java:887)
	at oracle.jdbc.driver.
OracleDriver.connect(Or
acleDriver.java:694)
	at com.zaxxer.hikari.u
til.DriverDataSource.ge
tConnection(DriverDataS
ource.java:144)
	at com.zaxxer.hikari.p
ool.PoolBase.newConnect
ion(PoolBase.java:370)
	at com.zaxxer.hikari.p
ool.PoolBase.newPoolEnt
ry(PoolBase.java:207)
	at com.zaxxer.hikari.p
ool.HikariPool.createPo
olEntry(HikariPool.java
:488)
	at com.zaxxer.hikari.p
ool.HikariPool.checkFai
lFast(HikariPool.java:5
76)
	at com.zaxxer.hikari.p
ool.HikariPool.<init>(H
ikariPool.java:97)
	at com.zaxxer.hikari.H
ikariDataSource.getConn
ection(HikariDataSource
.java:111)
	at org.hibernate.engin
e.jdbc.connections.inte
rnal.DatasourceConnecti
onProviderImpl.getConne
ction(DatasourceConnect
ionProviderImpl.java:12
6)
	at org.hibernate.engin
e.jdbc.env.internal.Jdb
cEnvironmentInitiator$C
onnectionProviderJdbcCo
nnectionAccess.obtainCo
nnection(JdbcEnvironmen
tInitiator.java:485)
	at org.hibernate.resou
rce.transaction.backend
.jdbc.internal.JdbcIsol
ationDelegate.delegateW
ork(JdbcIsolationDelega
te.java:61)
	at org.hibernate.engin
e.jdbc.env.internal.Jdb
cEnvironmentInitiator.g
etJdbcEnvironmentUsingJ
dbcMetadata(JdbcEnviron
mentInitiator.java:334)
	at org.hibernate.engin
e.jdbc.env.internal.Jdb
cEnvironmentInitiator.i
nitiateService(JdbcEnvi
ronmentInitiator.java:1
29)
	at org.hibernate.engin
e.jdbc.env.internal.Jdb
cEnvironmentInitiator.i
nitiateService(JdbcEnvi
ronmentInitiator.java:8
1)
	at org.hibernate.boot.
registry.internal.Stand
ardServiceRegistryImpl.
initiateService(Standar
dServiceRegistryImpl.ja
va:130)
	at org.hibernate.servi
ce.internal.AbstractSer
viceRegistryImpl.create
Service(AbstractService
RegistryImpl.java:263)
	at org.hibernate.servi
ce.internal.AbstractSer
viceRegistryImpl.initia
lizeService(AbstractSer
viceRegistryImpl.java:2
38)
	at org.hibernate.servi
ce.internal.AbstractSer
viceRegistryImpl.getSer
vice(AbstractServiceReg
istryImpl.java:215)
	at org.hibernate.boot.
model.relational.Databa
se.<init>(Database.java
:45)
	at org.hibernate.boot.
internal.InFlightMetada
taCollectorImpl.getData
base(InFlightMetadataCo
llectorImpl.java:226)
	at org.hibernate.boot.
internal.InFlightMetada
taCollectorImpl.<init>(
InFlightMetadataCollect
orImpl.java:194)
	at org.hibernate.boot.
model.process.spi.Metad
ataBuildingProcess.comp
lete(MetadataBuildingPr
ocess.java:171)
	at org.hibernate.jpa.b
oot.internal.EntityMana
gerFactoryBuilderImpl.m
etadata(EntityManagerFa
ctoryBuilderImpl.java:1
442)
	at org.hibernate.jpa.b
oot.internal.EntityMana
gerFactoryBuilderImpl.b
uild(EntityManagerFacto
ryBuilderImpl.java:1513
)
	at org.springframework
.orm.jpa.vendor.SpringH
ibernateJpaPersistenceP
rovider.createContainer
EntityManagerFactory(Sp
ringHibernateJpaPersist
enceProvider.java:66)
	at org.springframework
.orm.jpa.LocalContainer
EntityManagerFactoryBea
n.createNativeEntityMan
agerFactory(LocalContai
nerEntityManagerFactory
Bean.java:388)
	at org.springframework
.orm.jpa.AbstractEntity
ManagerFactoryBean.buil
dNativeEntityManagerFac
tory(AbstractEntityMana
gerFactoryBean.java:419
)
	at org.springframework
.orm.jpa.AbstractEntity
ManagerFactoryBean.afte
rPropertiesSet(Abstract
EntityManagerFactoryBea
n.java:400)
	at org.springframework
.orm.jpa.LocalContainer
EntityManagerFactoryBea
n.afterPropertiesSet(Lo
calContainerEntityManag
erFactoryBean.java:364)
	at org.springframework
.beans.factory.support.
AbstractAutowireCapable
BeanFactory.invokeInitM
ethods(AbstractAutowire
CapableBeanFactory.java
:1873)
	at org.springframework
.beans.factory.support.
AbstractAutowireCapable
BeanFactory.initializeB
ean(AbstractAutowireCap
ableBeanFactory.java:18
22)
	at org.springframework
.beans.factory.support.
AbstractAutowireCapable
BeanFactory.doCreateBea
n(AbstractAutowireCapab
leBeanFactory.java:607)
	at org.springframework
.beans.factory.support.
AbstractAutowireCapable
BeanFactory.createBean(
AbstractAutowireCapable
BeanFactory.java:529)
	at org.springframework
.beans.factory.support.
AbstractBeanFactory.lam
bda$doGetBean$0(Abstrac
tBeanFactory.java:339)
	at org.springframework
.beans.factory.support.
DefaultSingletonBeanReg
istry.getSingleton(Defa
ultSingletonBeanRegistr
y.java:373)
	at org.springframework
.beans.factory.support.
AbstractBeanFactory.doG
etBean(AbstractBeanFact
ory.java:337)
	at org.springframework
.beans.factory.support.
AbstractBeanFactory.get
Bean(AbstractBeanFactor
y.java:207)
	at org.springframework
.context.support.Abstra
ctApplicationContext.fi
nishBeanFactoryInitiali
zation(AbstractApplicat
ionContext.java:974)
	at org.springframework
.context.support.Abstra
ctApplicationContext.re
fresh(AbstractApplicati
onContext.java:628)
	at org.springframework
.boot.SpringApplication
.refresh(SpringApplicat
ion.java:752)
	at org.springframework
.boot.SpringApplication
.refreshContext(SpringA
pplication.java:439)
	at org.springframework
.boot.SpringApplication
.run(SpringApplication.
java:318)
	at org.springframework
.boot.test.context.Spri
ngBootContextLoader.lam
bda$loadContext$3(Sprin
gBootContextLoader.java
:152)
	at org.springframework
.util.function.Throwing
Supplier.get(ThrowingSu
pplier.java:58)
	at org.springframework
.util.function.Throwing
Supplier.get(ThrowingSu
pplier.java:46)
	at org.springframework
.boot.SpringApplication
.withHook(SpringApplica
tion.java:1461)
	at org.springframework
.boot.test.context.Spri
ngBootContextLoader$Con
textLoaderHook.run(Spri
ngBootContextLoader.jav
a:595)
	at org.springframework
.boot.test.context.Spri
ngBootContextLoader.loa
dContext(SpringBootCont
extLoader.java:152)
	at org.springframework
.boot.test.context.Spri
ngBootContextLoader.loa
dContext(SpringBootCont
extLoader.java:111)
	at org.springframework
.test.context.cache.Def
aultCacheAwareContextLo
aderDelegate.loadContex
tInternal(DefaultCacheA
wareContextLoaderDelega
te.java:225)
	at org.springframework
.test.context.cache.Def
aultCacheAwareContextLo
aderDelegate.loadContex
t(DefaultCacheAwareCont
extLoaderDelegate.java:
152)
	at org.springframework
.test.context.support.D
efaultTestContext.getAp
plicationContext(Defaul
tTestContext.java:130)
	at org.springframework
.test.context.support.D
ependencyInjectionTestE
xecutionListener.inject
Dependencies(Dependency
InjectionTestExecutionL
istener.java:155)
	at org.springframework
.test.context.support.D
ependencyInjectionTestE
xecutionListener.prepar
eTestInstance(Dependenc
yInjectionTestExecution
Listener.java:111)
	at org.springframework
.test.context.TestConte
xtManager.prepareTestIn
stance(TestContextManag
er.java:260)
	at org.springframework
.test.context.junit4.Sp
ringJUnit4ClassRunner.c
reateTest(SpringJUnit4C
lassRunner.java:228)
	at org.springframework
.test.context.junit4.Sp
ringJUnit4ClassRunner$1
.runReflectiveCall(Spri
ngJUnit4ClassRunner.jav
a:289)
	at org.junit.internal.
runners.model.Reflectiv
eCallable.run(Reflectiv
eCallable.java:12)
	at org.springframework
.test.context.junit4.Sp
ringJUnit4ClassRunner.m
ethodBlock(SpringJUnit4
ClassRunner.java:291)
	at org.springframework
.test.context.junit4.Sp
ringJUnit4ClassRunner.r
unChild(SpringJUnit4Cla
ssRunner.java:247)
	at org.springframework
.test.context.junit4.Sp
ringJUnit4ClassRunner.r
unChild(SpringJUnit4Cla
ssRunner.java:97)
	at org.junit.runners.P
arentRunner$4.run(Paren
tRunner.java:331)
	at org.junit.runners.P
arentRunner$1.schedule(
ParentRunner.java:79)
	at org.junit.runners.P
arentRunner.runChildren
(ParentRunner.java:329)
	at org.junit.runners.P
arentRunner.access$100(
ParentRunner.java:66)
	at org.junit.runners.P
arentRunner$2.evaluate(
ParentRunner.java:293)
	at org.springframework
.test.context.junit4.st
atements.RunBeforeTestC
lassCallbacks.evaluate(
RunBeforeTestClassCallb
acks.java:61)
	at org.springframework
.test.context.junit4.st
atements.RunAfterTestCl
assCallbacks.evaluate(R
unAfterTestClassCallbac
ks.java:70)
	at org.junit.runners.P
arentRunner$3.evaluate(
ParentRunner.java:306)
	at org.junit.runners.P
arentRunner.run(ParentR
unner.java:413)
	at org.springframework
.test.context.junit4.Sp
ringJUnit4ClassRunner.r
un(SpringJUnit4ClassRun
ner.java:191)
	at org.junit.runner.JU
nitCore.run(JUnitCore.j
ava:137)
	at org.junit.runner.JU
nitCore.run(JUnitCore.j
ava:115)
	at org.junit.vintage.e
ngine.execution.RunnerE
xecutor.execute(RunnerE
xecutor.java:42)
	at org.junit.vintage.e
ngine.execution.Vintage
Executor.executeClasses
AndMethodsSequentially(
VintageExecutor.java:93
)
	at org.junit.vintage.e
ngine.execution.Vintage
Executor.executeAllChil
dren(VintageExecutor.ja
va:73)
	at org.junit.vintage.e
ngine.VintageTestEngine
.execute(VintageTestEng
ine.java:70)
	at org.junit.platform.
launcher.core.EngineExe
cutionOrchestrator.exec
ute(EngineExecutionOrch
estrator.java:201)
	at org.junit.platform.
launcher.core.EngineExe
cutionOrchestrator.exec
ute(EngineExecutionOrch
estrator.java:170)
	at org.junit.platform.
launcher.core.EngineExe
cutionOrchestrator.exec
ute(EngineExecutionOrch
estrator.java:94)
	at org.junit.platform.
launcher.core.EngineExe
cutionOrchestrator.lamb
da$execute$0(EngineExec
utionOrchestrator.java:
59)
	at org.junit.platform.
launcher.core.EngineExe
cutionOrchestrator.with
InterceptedStreams(Engi
neExecutionOrchestrator
.java:142)
	at org.junit.platform.
launcher.core.EngineExe
cutionOrchestrator.exec
ute(EngineExecutionOrch
estrator.java:58)
	at org.junit.platform.
launcher.core.DefaultLa
uncher.execute(DefaultL
auncher.java:103)
	at org.junit.platform.
launcher.core.DefaultLa
uncher.execute(DefaultL
auncher.java:85)
	at org.junit.platform.
launcher.core.Delegatin
gLauncher.execute(Deleg
atingLauncher.java:47)
	at org.junit.platform.
launcher.core.Intercept
ingLauncher.lambda$exec
ute$1(InterceptingLaunc
her.java:39)
	at org.junit.platform.
launcher.core.Classpath
AlignmentCheckingLaunch
erInterceptor.intercept
(ClasspathAlignmentChec
kingLauncherInterceptor
.java:25)
	at org.junit.platform.
launcher.core.Intercept
ingLauncher.execute(Int
erceptingLauncher.java:
38)
	at org.junit.platform.
launcher.core.Delegatin
gLauncher.execute(Deleg
atingLauncher.java:47)
	at org.apache.maven.su
refire.junitplatform.La
uncherAdapter.executeWi
thoutCancellationToken(
LauncherAdapter.java:60
)
	at org.apache.maven.su
refire.junitplatform.La
uncherAdapter.execute(L
auncherAdapter.java:52)
	at org.apache.maven.su
refire.junitplatform.JU
nitPlatformProvider.exe
cute(JUnitPlatformProvi
der.java:203)
	at org.apache.maven.su
refire.junitplatform.JU
nitPlatformProvider.inv
okeAllTests(JUnitPlatfo
rmProvider.java:168)
	at org.apache.maven.su
refire.junitplatform.JU
nitPlatformProvider.inv
oke(JUnitPlatformProvid
er.java:136)
	at org.apache.maven.su
refire.booter.ForkedBoo
ter.runSuitesInProcess(
ForkedBooter.java:385)
	at org.apache.maven.su
refire.booter.ForkedBoo
ter.execute(ForkedBoote
r.java:162)
	at org.apache.maven.su
refire.booter.ForkedBoo
ter.run(ForkedBooter.ja
va:507)
	at org.apache.maven.su
refire.booter.ForkedBoo
ter.main(ForkedBooter.j
ava:495)
Caused by: 
java.io.IOException: 
Error while 
instrumenting 
java/sql/SQLPermission 
with JaCoCo 0.8.11.2023
10140853/f33756c.
	at org.jacoco.agent.rt
.internal_4742761.core.
instr.Instrumenter.inst
rumentError(Instrumente
r.java:161)
	at org.jacoco.agent.rt
.internal_4742761.core.
instr.Instrumenter.inst
rument(Instrumenter.jav
a:111)
	at org.jacoco.agent.rt
.internal_4742761.Cover
ageTransformer.transfor
m(CoverageTransformer.j
ava:92)
	... 114 more
Caused by: java.lang.Il
legalArgumentException:
 Unsupported class 
file major version 68
	at org.jacoco.agent.rt
.internal_4742761.asm.C
lassReader.<init>(Class
Reader.java:200)
	at org.jacoco.agent.rt
.internal_4742761.asm.C
lassReader.<init>(Class
Reader.java:180)
	at org.jacoco.agent.rt
.internal_4742761.asm.C
lassReader.<init>(Class
Reader.java:166)
	at org.jacoco.agent.rt
.internal_4742761.core.
internal.instr.InstrSup
port.classReaderFor(Ins
trSupport.java:280)
	at org.jacoco.agent.rt
.internal_4742761.core.
instr.Instrumenter.inst
rument(Instrumenter.jav
a:77)
	at org.jacoco.agent.rt
.internal_4742761.core.
instr.Instrumenter.inst
rument(Instrumenter.jav
a:109)
	... 115 more
java.lang.instrument.Il
legalClassFormatExcepti
on: Error while 
instrumenting 
java/sql/Array with 
JaCoCo 0.8.11.202310140
853/f33756c.
	at org.jacoco.agent.rt
.internal_4742761.Cover
ageTransformer.transfor
m(CoverageTransformer.j
ava:94)
	at java.instrument/jav
a.lang.instrument.Class
FileTransformer.transfo
rm(ClassFileTransformer
.java:257)
	at java.instrument/sun
.instrument.Transformer
Manager.transform(Trans
formerManager.java:188)
	at java.instrument/sun
.instrument.Instrumenta
tionImpl.transform(Inst
rumentationImpl.java:59
4)
	at java.base/java.lang
.ClassLoader.defineClas
s2(Native Method)
	at java.base/java.lang
.ClassLoader.defineClas
s(ClassLoader.java:1052
)
	at java.base/java.secu
rity.SecureClassLoader.
defineClass(SecureClass
Loader.java:164)
	at java.base/jdk.inter
nal.loader.BuiltinClass
Loader.defineClass(Buil
tinClassLoader.java:735
)
	at java.base/jdk.inter
nal.loader.BuiltinClass
Loader.findClassInModul
eOrNull(BuiltinClassLoa
der.java:678)
	at java.base/jdk.inter
nal.loader.BuiltinClass
Loader.loadClassOrNull(
BuiltinClassLoader.java
:604)
	at java.base/jdk.inter
nal.loader.BuiltinClass
Loader.loadClassOrNull(
BuiltinClassLoader.java
:639)
	at java.base/jdk.inter
nal.loader.BuiltinClass
Loader.loadClassOrNull(
BuiltinClassLoader.java
:608)
	at java.base/jdk.inter
nal.loader.BuiltinClass
Loader.loadClass(Builti
nClassLoader.java:578)
	at java.base/java.lang
.ClassLoader.loadClass(
ClassLoader.java:490)
	at oracle.jdbc.driver.
T4CDriverExtension.getC
onnection(T4CDriverExte
nsion.java:63)
	at oracle.jdbc.driver.
OracleDriver.connect(Or
acleDriver.java:887)
	at oracle.jdbc.driver.
OracleDriver.connect(Or
acleDriver.java:694)
	at com.zaxxer.hikari.u
til.DriverDataSource.ge
tConnection(DriverDataS
ource.java:144)
	at com.zaxxer.hikari.p
ool.PoolBase.newConnect
ion(PoolBase.java:370)
	at com.zaxxer.hikari.p
ool.PoolBase.newPoolEnt
ry(PoolBase.java:207)
	at com.zaxxer.hikari.p
ool.HikariPool.createPo
olEntry(HikariPool.java
:488)
	at com.zaxxer.hikari.p
ool.HikariPool.checkFai
lFast(HikariPool.java:5
76)
	at com.zaxxer.hikari.p
ool.HikariPool.<init>(H
ikariPool.java:97)
	at com.zaxxer.hikari.H
ikariDataSource.getConn
ection(HikariDataSource
.java:111)
	at org.hibernate.engin
e.jdbc.connections.inte
rnal.DatasourceConnecti
onProviderImpl.getConne
ction(DatasourceConnect
ionProviderImpl.java:12
6)
	at org.hibernate.engin
e.jdbc.env.internal.Jdb
cEnvironmentInitiator$C
onnectionProviderJdbcCo
nnectionAccess.obtainCo
nnection(JdbcEnvironmen
tInitiator.java:485)
	at org.hibernate.resou
rce.transaction.backend
.jdbc.internal.JdbcIsol
ationDelegate.delegateW
ork(JdbcIsolationDelega
te.java:61)
	at org.hibernate.engin
e.jdbc.env.internal.Jdb
cEnvironmentInitiator.g
etJdbcEnvironmentUsingJ
dbcMetadata(JdbcEnviron
mentInitiator.java:334)
	at org.hibernate.engin
e.jdbc.env.internal.Jdb
cEnvironmentInitiator.i
nitiateService(JdbcEnvi
ronmentInitiator.java:1
29)
	at org.hibernate.engin
e.jdbc.env.internal.Jdb
cEnvironmentInitiator.i
nitiateService(JdbcEnvi
ronmentInitiator.java:8
1)
	at org.hibernate.boot.
registry.internal.Stand
ardServiceRegistryImpl.
initiateService(Standar
dServiceRegistryImpl.ja
va:130)
	at org.hibernate.servi
ce.internal.AbstractSer
viceRegistryImpl.create
Service(AbstractService
RegistryImpl.java:263)
	at org.hibernate.servi
ce.internal.AbstractSer
viceRegistryImpl.initia
lizeService(AbstractSer
viceRegistryImpl.java:2
38)
	at org.hibernate.servi
ce.internal.AbstractSer
viceRegistryImpl.getSer
vice(AbstractServiceReg
istryImpl.java:215)
	at org.hibernate.boot.
model.relational.Databa
se.<init>(Database.java
:45)
	at org.hibernate.boot.
internal.InFlightMetada
taCollectorImpl.getData
base(InFlightMetadataCo
llectorImpl.java:226)
	at org.hibernate.boot.
internal.InFlightMetada
taCollectorImpl.<init>(
InFlightMetadataCollect
orImpl.java:194)
	at org.hibernate.boot.
model.process.spi.Metad
ataBuildingProcess.comp
lete(MetadataBuildingPr
ocess.java:171)
	at org.hibernate.jpa.b
oot.internal.EntityMana
gerFactoryBuilderImpl.m
etadata(EntityManagerFa
ctoryBuilderImpl.java:1
442)
	at org.hibernate.jpa.b
oot.internal.EntityMana
gerFactoryBuilderImpl.b
uild(EntityManagerFacto
ryBuilderImpl.java:1513
)
	at org.springframework
.orm.jpa.vendor.SpringH
ibernateJpaPersistenceP
rovider.createContainer
EntityManagerFactory(Sp
ringHibernateJpaPersist
enceProvider.java:66)
	at org.springframework
.orm.jpa.LocalContainer
EntityManagerFactoryBea
n.createNativeEntityMan
agerFactory(LocalContai
nerEntityManagerFactory
Bean.java:388)
	at org.springframework
.orm.jpa.AbstractEntity
ManagerFactoryBean.buil
dNativeEntityManagerFac
tory(AbstractEntityMana
gerFactoryBean.java:419
)
	at org.springframework
.orm.jpa.AbstractEntity
ManagerFactoryBean.afte
rPropertiesSet(Abstract
EntityManagerFactoryBea
n.java:400)
	at org.springframework
.orm.jpa.LocalContainer
EntityManagerFactoryBea
n.afterPropertiesSet(Lo
calContainerEntityManag
erFactoryBean.java:364)
	at org.springframework
.beans.factory.support.
AbstractAutowireCapable
BeanFactory.invokeInitM
ethods(AbstractAutowire
CapableBeanFactory.java
:1873)
	at org.springframework
.beans.factory.support.
AbstractAutowireCapable
BeanFactory.initializeB
ean(AbstractAutowireCap
ableBeanFactory.java:18
22)
	at org.springframework
.beans.factory.support.
AbstractAutowireCapable
BeanFactory.doCreateBea
n(AbstractAutowireCapab
leBeanFactory.java:607)
	at org.springframework
.beans.factory.support.
AbstractAutowireCapable
BeanFactory.createBean(
AbstractAutowireCapable
BeanFactory.java:529)
	at org.springframework
.beans.factory.support.
AbstractBeanFactory.lam
bda$doGetBean$0(Abstrac
tBeanFactory.java:339)
	at org.springframework
.beans.factory.support.
DefaultSingletonBeanReg
istry.getSingleton(Defa
ultSingletonBeanRegistr
y.java:373)
	at org.springframework
.beans.factory.support.
AbstractBeanFactory.doG
etBean(AbstractBeanFact
ory.java:337)
	at org.springframework
.beans.factory.support.
AbstractBeanFactory.get
Bean(AbstractBeanFactor
y.java:207)
	at org.springframework
.context.support.Abstra
ctApplicationContext.fi
nishBeanFactoryInitiali
zation(AbstractApplicat
ionContext.java:974)
	at org.springframework
.context.support.Abstra
ctApplicationContext.re
fresh(AbstractApplicati
onContext.java:628)
	at org.springframework
.boot.SpringApplication
.refresh(SpringApplicat
ion.java:752)
	at org.springframework
.boot.SpringApplication
.refreshContext(SpringA
pplication.java:439)
	at org.springframework
.boot.SpringApplication
.run(SpringApplication.
java:318)
	at org.springframework
.boot.test.context.Spri
ngBootContextLoader.lam
bda$loadContext$3(Sprin
gBootContextLoader.java
:152)
	at org.springframework
.util.function.Throwing
Supplier.get(ThrowingSu
pplier.java:58)
	at org.springframework
.util.function.Throwing
Supplier.get(ThrowingSu
pplier.java:46)
	at org.springframework
.boot.SpringApplication
.withHook(SpringApplica
tion.java:1461)
	at org.springframework
.boot.test.context.Spri
ngBootContextLoader$Con
textLoaderHook.run(Spri
ngBootContextLoader.jav
a:595)
	at org.springframework
.boot.test.context.Spri
ngBootContextLoader.loa
dContext(SpringBootCont
extLoader.java:152)
	at org.springframework
.boot.test.context.Spri
ngBootContextLoader.loa
dContext(SpringBootCont
extLoader.java:111)
	at org.springframework
.test.context.cache.Def
aultCacheAwareContextLo
aderDelegate.loadContex
tInternal(DefaultCacheA
wareContextLoaderDelega
te.java:225)
	at org.springframework
.test.context.cache.Def
aultCacheAwareContextLo
aderDelegate.loadContex
t(DefaultCacheAwareCont
extLoaderDelegate.java:
152)
	at org.springframework
.test.context.support.D
efaultTestContext.getAp
plicationContext(Defaul
tTestContext.java:130)
	at org.springframework
.test.context.support.D
ependencyInjectionTestE
xecutionListener.inject
Dependencies(Dependency
InjectionTestExecutionL
istener.java:155)
	at org.springframework
.test.context.support.D
ependencyInjectionTestE
xecutionListener.prepar
eTestInstance(Dependenc
yInjectionTestExecution
Listener.java:111)
	at org.springframework
.test.context.TestConte
xtManager.prepareTestIn
stance(TestContextManag
er.java:260)
	at org.springframework
.test.context.junit4.Sp
ringJUnit4ClassRunner.c
reateTest(SpringJUnit4C
lassRunner.java:228)
	at org.springframework
.test.context.junit4.Sp
ringJUnit4ClassRunner$1
.runReflectiveCall(Spri
ngJUnit4ClassRunner.jav
a:289)
	at org.junit.internal.
runners.model.Reflectiv
eCallable.run(Reflectiv
eCallable.java:12)
	at org.springframework
.test.context.junit4.Sp
ringJUnit4ClassRunner.m
ethodBlock(SpringJUnit4
ClassRunner.java:291)
	at org.springframework
.test.context.junit4.Sp
ringJUnit4ClassRunner.r
unChild(SpringJUnit4Cla
ssRunner.java:247)
	at org.springframework
.test.context.junit4.Sp
ringJUnit4ClassRunner.r
unChild(SpringJUnit4Cla
ssRunner.java:97)
	at org.junit.runners.P
arentRunner$4.run(Paren
tRunner.java:331)
	at org.junit.runners.P
arentRunner$1.schedule(
ParentRunner.java:79)
	at org.junit.runners.P
arentRunner.runChildren
(ParentRunner.java:329)
	at org.junit.runners.P
arentRunner.access$100(
ParentRunner.java:66)
	at org.junit.runners.P
arentRunner$2.evaluate(
ParentRunner.java:293)
	at org.springframework
.test.context.junit4.st
atements.RunBeforeTestC
lassCallbacks.evaluate(
RunBeforeTestClassCallb
acks.java:61)
	at org.springframework
.test.context.junit4.st
atements.RunAfterTestCl
assCallbacks.evaluate(R
unAfterTestClassCallbac
ks.java:70)
	at org.junit.runners.P
arentRunner$3.evaluate(
ParentRunner.java:306)
	at org.junit.runners.P
arentRunner.run(ParentR
unner.java:413)
	at org.springframework
.test.context.junit4.Sp
ringJUnit4ClassRunner.r
un(SpringJUnit4ClassRun
ner.java:191)
	at org.junit.runner.JU
nitCore.run(JUnitCore.j
ava:137)
	at org.junit.runner.JU
nitCore.run(JUnitCore.j
ava:115)
	at org.junit.vintage.e
ngine.execution.RunnerE
xecutor.execute(RunnerE
xecutor.java:42)
	at org.junit.vintage.e
ngine.execution.Vintage
Executor.executeClasses
AndMethodsSequentially(
VintageExecutor.java:93
)
	at org.junit.vintage.e
ngine.execution.Vintage
Executor.executeAllChil
dren(VintageExecutor.ja
va:73)
	at org.junit.vintage.e
ngine.VintageTestEngine
.execute(VintageTestEng
ine.java:70)
	at org.junit.platform.
launcher.core.EngineExe
cutionOrchestrator.exec
ute(EngineExecutionOrch
estrator.java:201)
	at org.junit.platform.
launcher.core.EngineExe
cutionOrchestrator.exec
ute(EngineExecutionOrch
estrator.java:170)
	at org.junit.platform.
launcher.core.EngineExe
cutionOrchestrator.exec
ute(EngineExecutionOrch
estrator.java:94)
	at org.junit.platform.
launcher.core.EngineExe
cutionOrchestrator.lamb
da$execute$0(EngineExec
utionOrchestrator.java:
59)
	at org.junit.platform.
launcher.core.EngineExe
cutionOrchestrator.with
InterceptedStreams(Engi
neExecutionOrchestrator
.java:142)
	at org.junit.platform.
launcher.core.EngineExe
cutionOrchestrator.exec
ute(EngineExecutionOrch
estrator.java:58)
	at org.junit.platform.
launcher.core.DefaultLa
uncher.execute(DefaultL
auncher.java:103)
	at org.junit.platform.
launcher.core.DefaultLa
uncher.execute(DefaultL
auncher.java:85)
	at org.junit.platform.
launcher.core.Delegatin
gLauncher.execute(Deleg
atingLauncher.java:47)
	at org.junit.platform.
launcher.core.Intercept
ingLauncher.lambda$exec
ute$1(InterceptingLaunc
her.java:39)
	at org.junit.platform.
launcher.core.Classpath
AlignmentCheckingLaunch
erInterceptor.intercept
(ClasspathAlignmentChec
kingLauncherInterceptor
.java:25)
	at org.junit.platform.
launcher.core.Intercept
ingLauncher.execute(Int
erceptingLauncher.java:
38)
	at org.junit.platform.
launcher.core.Delegatin
gLauncher.execute(Deleg
atingLauncher.java:47)
	at org.apache.maven.su
refire.junitplatform.La
uncherAdapter.executeWi
thoutCancellationToken(
LauncherAdapter.java:60
)
	at org.apache.maven.su
refire.junitplatform.La
uncherAdapter.execute(L
auncherAdapter.java:52)
	at org.apache.maven.su
refire.junitplatform.JU
nitPlatformProvider.exe
cute(JUnitPlatformProvi
der.java:203)
	at org.apache.maven.su
refire.junitplatform.JU
nitPlatformProvider.inv
okeAllTests(JUnitPlatfo
rmProvider.java:168)
	at org.apache.maven.su
refire.junitplatform.JU
nitPlatformProvider.inv
oke(JUnitPlatformProvid
er.java:136)
	at org.apache.maven.su
refire.booter.ForkedBoo
ter.runSuitesInProcess(
ForkedBooter.java:385)
	at org.apache.maven.su
refire.booter.ForkedBoo
ter.execute(ForkedBoote
r.java:162)
	at org.apache.maven.su
refire.booter.ForkedBoo
ter.run(ForkedBooter.ja
va:507)
	at org.apache.maven.su
refire.booter.ForkedBoo
ter.main(ForkedBooter.j
ava:495)
Caused by: 
java.io.IOException: 
Error while 
instrumenting 
java/sql/Array with 
JaCoCo 0.8.11.202310140
853/f33756c.
	at org.jacoco.agent.rt
.internal_4742761.core.
instr.Instrumenter.inst
rumentError(Instrumente
r.java:161)
	at org.jacoco.agent.rt
.internal_4742761.core.
instr.Instrumenter.inst
rument(Instrumenter.jav
a:111)
	at org.jacoco.agent.rt
.internal_4742761.Cover
ageTransformer.transfor
m(CoverageTransformer.j
ava:92)
	... 114 more
Caused by: java.lang.Il
legalArgumentException:
 Unsupported class 
file major version 68
	at org.jacoco.agent.rt
.internal_4742761.asm.C
lassReader.<init>(Class
Reader.java:200)
	at org.jacoco.agent.rt
.internal_4742761.asm.C
lassReader.<init>(Class
Reader.java:180)
	at org.jacoco.agent.rt
.internal_4742761.asm.C
lassReader.<init>(Class
Reader.java:166)
	at org.jacoco.agent.rt
.internal_4742761.core.
internal.instr.InstrSup
port.classReaderFor(Ins
trSupport.java:280)
	at org.jacoco.agent.rt
.internal_4742761.core.
instr.Instrumenter.inst
rument(Instrumenter.jav
a:77)
	at org.jacoco.agent.rt
.internal_4742761.core.
instr.Instrumenter.inst
rument(Instrumenter.jav
a:109)
	... 115 more
java.lang.instrument.Il
legalClassFormatExcepti
on: Error while 
instrumenting 
java/sql/Savepoint 
with JaCoCo 0.8.11.2023
10140853/f33756c.
	at org.jacoco.agent.rt
.internal_4742761.Cover
ageTransformer.transfor
m(CoverageTransformer.j
ava:94)
	at java.instrument/jav
a.lang.instrument.Class
FileTransformer.transfo
rm(ClassFileTransformer
.java:257)
	at java.instrument/sun
.instrument.Transformer
Manager.transform(Trans
formerManager.java:188)
	at java.instrument/sun
.instrument.Instrumenta
tionImpl.transform(Inst
rumentationImpl.java:59
4)
	at java.base/java.lang
.ClassLoader.defineClas
s2(Native Method)
	at java.base/java.lang
.ClassLoader.defineClas
s(ClassLoader.java:1052
)
	at java.base/java.secu
rity.SecureClassLoader.
defineClass(SecureClass
Loader.java:164)
	at java.base/jdk.inter
nal.loader.BuiltinClass
Loader.defineClass(Buil
tinClassLoader.java:735
)
	at java.base/jdk.inter
nal.loader.BuiltinClass
Loader.findClassInModul
eOrNull(BuiltinClassLoa
der.java:678)
	at java.base/jdk.inter
nal.loader.BuiltinClass
Loader.loadClassOrNull(
BuiltinClassLoader.java
:604)
	at java.base/jdk.inter
nal.loader.BuiltinClass
Loader.loadClassOrNull(
BuiltinClassLoader.java
:639)
	at java.base/jdk.inter
nal.loader.BuiltinClass
Loader.loadClassOrNull(
BuiltinClassLoader.java
:608)
	at java.base/jdk.inter
nal.loader.BuiltinClass
Loader.loadClass(Builti
nClassLoader.java:578)
	at java.base/java.lang
.ClassLoader.loadClass(
ClassLoader.java:490)
	at java.base/java.lang
.ClassLoader.defineClas
s1(Native Method)
	at java.base/java.lang
.ClassLoader.defineClas
s(ClassLoader.java:962)
	at java.base/java.secu
rity.SecureClassLoader.
defineClass(SecureClass
Loader.java:132)
	at java.base/jdk.inter
nal.loader.BuiltinClass
Loader.defineClass(Buil
tinClassLoader.java:776
)
	at java.base/jdk.inter
nal.loader.BuiltinClass
Loader.findClassOnClass
PathOrNull(BuiltinClass
Loader.java:691)
	at java.base/jdk.inter
nal.loader.BuiltinClass
Loader.loadClassOrNull(
BuiltinClassLoader.java
:620)
	at java.base/jdk.inter
nal.loader.BuiltinClass
Loader.loadClass(Builti
nClassLoader.java:578)
	at java.base/java.lang
.ClassLoader.loadClass(
ClassLoader.java:490)
	at oracle.jdbc.driver.
T4CDriverExtension.getC
onnection(T4CDriverExte
nsion.java:63)
	at oracle.jdbc.driver.
OracleDriver.connect(Or
acleDriver.java:887)
	at oracle.jdbc.driver.
OracleDriver.connect(Or
acleDriver.java:694)
	at com.zaxxer.hikari.u
til.DriverDataSource.ge
tConnection(DriverDataS
ource.java:144)
	at com.zaxxer.hikari.p
ool.PoolBase.newConnect
ion(PoolBase.java:370)
	at com.zaxxer.hikari.p
ool.PoolBase.newPoolEnt
ry(PoolBase.java:207)
	at com.zaxxer.hikari.p
ool.HikariPool.createPo
olEntry(HikariPool.java
:488)
	at com.zaxxer.hikari.p
ool.HikariPool.checkFai
lFast(HikariPool.java:5
76)
	at com.zaxxer.hikari.p
ool.HikariPool.<init>(H
ikariPool.java:97)
	at com.zaxxer.hikari.H
ikariDataSource.getConn
ection(HikariDataSource
.java:111)
	at org.hibernate.engin
e.jdbc.connections.inte
rnal.DatasourceConnecti
onProviderImpl.getConne
ction(DatasourceConnect
ionProviderImpl.java:12
6)
	at org.hibernate.engin
e.jdbc.env.internal.Jdb
cEnvironmentInitiator$C
onnectionProviderJdbcCo
nnectionAccess.obtainCo
nnection(JdbcEnvironmen
tInitiator.java:485)
	at org.hibernate.resou
rce.transaction.backend
.jdbc.internal.JdbcIsol
ationDelegate.delegateW
ork(JdbcIsolationDelega
te.java:61)
	at org.hibernate.engin
e.jdbc.env.internal.Jdb
cEnvironmentInitiator.g
etJdbcEnvironmentUsingJ
dbcMetadata(JdbcEnviron
mentInitiator.java:334)
	at org.hibernate.engin
e.jdbc.env.internal.Jdb
cEnvironmentInitiator.i
nitiateService(JdbcEnvi
ronmentInitiator.java:1
29)
	at org.hibernate.engin
e.jdbc.env.internal.Jdb
cEnvironmentInitiator.i
nitiateService(JdbcEnvi
ronmentInitiator.java:8
1)
	at org.hibernate.boot.
registry.internal.Stand
ardServiceRegistryImpl.
initiateService(Standar
dServiceRegistryImpl.ja
va:130)
	at org.hibernate.servi
ce.internal.AbstractSer
viceRegistryImpl.create
Service(AbstractService
RegistryImpl.java:263)
	at org.hibernate.servi
ce.internal.AbstractSer
viceRegistryImpl.initia
lizeService(AbstractSer
viceRegistryImpl.java:2
38)
	at org.hibernate.servi
ce.internal.AbstractSer
viceRegistryImpl.getSer
vice(AbstractServiceReg
istryImpl.java:215)
	at org.hibernate.boot.
model.relational.Databa
se.<init>(Database.java
:45)
	at org.hibernate.boot.
internal.InFlightMetada
taCollectorImpl.getData
base(InFlightMetadataCo
llectorImpl.java:226)
	at org.hibernate.boot.
internal.InFlightMetada
taCollectorImpl.<init>(
InFlightMetadataCollect
orImpl.java:194)
	at org.hibernate.boot.
model.process.spi.Metad
ataBuildingProcess.comp
lete(MetadataBuildingPr
ocess.java:171)
	at org.hibernate.jpa.b
oot.internal.EntityMana
gerFactoryBuilderImpl.m
etadata(EntityManagerFa
ctoryBuilderImpl.java:1
442)
	at org.hibernate.jpa.b
oot.internal.EntityMana
gerFactoryBuilderImpl.b
uild(EntityManagerFacto
ryBuilderImpl.java:1513
)
	at org.springframework
.orm.jpa.vendor.SpringH
ibernateJpaPersistenceP
rovider.createContainer
EntityManagerFactory(Sp
ringHibernateJpaPersist
enceProvider.java:66)
	at org.springframework
.orm.jpa.LocalContainer
EntityManagerFactoryBea
n.createNativeEntityMan
agerFactory(LocalContai
nerEntityManagerFactory
Bean.java:388)
	at org.springframework
.orm.jpa.AbstractEntity
ManagerFactoryBean.buil
dNativeEntityManagerFac
tory(AbstractEntityMana
gerFactoryBean.java:419
)
	at org.springframework
.orm.jpa.AbstractEntity
ManagerFactoryBean.afte
rPropertiesSet(Abstract
EntityManagerFactoryBea
n.java:400)
	at org.springframework
.orm.jpa.LocalContainer
EntityManagerFactoryBea
n.afterPropertiesSet(Lo
calContainerEntityManag
erFactoryBean.java:364)
	at org.springframework
.beans.factory.support.
AbstractAutowireCapable
BeanFactory.invokeInitM
ethods(AbstractAutowire
CapableBeanFactory.java
:1873)
	at org.springframework
.beans.factory.support.
AbstractAutowireCapable
BeanFactory.initializeB
ean(AbstractAutowireCap
ableBeanFactory.java:18
22)
	at org.springframework
.beans.factory.support.
AbstractAutowireCapable
BeanFactory.doCreateBea
n(AbstractAutowireCapab
leBeanFactory.java:607)
	at org.springframework
.beans.factory.support.
AbstractAutowireCapable
BeanFactory.createBean(
AbstractAutowireCapable
BeanFactory.java:529)
	at org.springframework
.beans.factory.support.
AbstractBeanFactory.lam
bda$doGetBean$0(Abstrac
tBeanFactory.java:339)
	at org.springframework
.beans.factory.support.
DefaultSingletonBeanReg
istry.getSingleton(Defa
ultSingletonBeanRegistr
y.java:373)
	at org.springframework
.beans.factory.support.
AbstractBeanFactory.doG
etBean(AbstractBeanFact
ory.java:337)
	at org.springframework
.beans.factory.support.
AbstractBeanFactory.get
Bean(AbstractBeanFactor
y.java:207)
	at org.springframework
.context.support.Abstra
ctApplicationContext.fi
nishBeanFactoryInitiali
zation(AbstractApplicat
ionContext.java:974)
	at org.springframework
.context.support.Abstra
ctApplicationContext.re
fresh(AbstractApplicati
onContext.java:628)
	at org.springframework
.boot.SpringApplication
.refresh(SpringApplicat
ion.java:752)
	at org.springframework
.boot.SpringApplication
.refreshContext(SpringA
pplication.java:439)
	at org.springframework
.boot.SpringApplication
.run(SpringApplication.
java:318)
	at org.springframework
.boot.test.context.Spri
ngBootContextLoader.lam
bda$loadContext$3(Sprin
gBootContextLoader.java
:152)
	at org.springframework
.util.function.Throwing
Supplier.get(ThrowingSu
pplier.java:58)
	at org.springframework
.util.function.Throwing
Supplier.get(ThrowingSu
pplier.java:46)
	at org.springframework
.boot.SpringApplication
.withHook(SpringApplica
tion.java:1461)
	at org.springframework
.boot.test.context.Spri
ngBootContextLoader$Con
textLoaderHook.run(Spri
ngBootContextLoader.jav
a:595)
	at org.springframework
.boot.test.context.Spri
ngBootContextLoader.loa
dContext(SpringBootCont
extLoader.java:152)
	at org.springframework
.boot.test.context.Spri
ngBootContextLoader.loa
dContext(SpringBootCont
extLoader.java:111)
	at org.springframework
.test.context.cache.Def
aultCacheAwareContextLo
aderDelegate.loadContex
tInternal(DefaultCacheA
wareContextLoaderDelega
te.java:225)
	at org.springframework
.test.context.cache.Def
aultCacheAwareContextLo
aderDelegate.loadContex
t(DefaultCacheAwareCont
extLoaderDelegate.java:
152)
	at org.springframework
.test.context.support.D
efaultTestContext.getAp
plicationContext(Defaul
tTestContext.java:130)
	at org.springframework
.test.context.support.D
ependencyInjectionTestE
xecutionListener.inject
Dependencies(Dependency
InjectionTestExecutionL
istener.java:155)
	at org.springframework
.test.context.support.D
ependencyInjectionTestE
xecutionListener.prepar
eTestInstance(Dependenc
yInjectionTestExecution
Listener.java:111)
	at org.springframework
.test.context.TestConte
xtManager.prepareTestIn
stance(TestContextManag
er.java:260)
	at org.springframework
.test.context.junit4.Sp
ringJUnit4ClassRunner.c
reateTest(SpringJUnit4C
lassRunner.java:228)
	at org.springframework
.test.context.junit4.Sp
ringJUnit4ClassRunner$1
.runReflectiveCall(Spri
ngJUnit4ClassRunner.jav
a:289)
	at org.junit.internal.
runners.model.Reflectiv
eCallable.run(Reflectiv
eCallable.java:12)
	at org.springframework
.test.context.junit4.Sp
ringJUnit4ClassRunner.m
ethodBlock(SpringJUnit4
ClassRunner.java:291)
	at org.springframework
.test.context.junit4.Sp
ringJUnit4ClassRunner.r
unChild(SpringJUnit4Cla
ssRunner.java:247)
	at org.springframework
.test.context.junit4.Sp
ringJUnit4ClassRunner.r
unChild(SpringJUnit4Cla
ssRunner.java:97)
	at org.junit.runners.P
arentRunner$4.run(Paren
tRunner.java:331)
	at org.junit.runners.P
arentRunner$1.schedule(
ParentRunner.java:79)
	at org.junit.runners.P
arentRunner.runChildren
(ParentRunner.java:329)
	at org.junit.runners.P
arentRunner.access$100(
ParentRunner.java:66)
	at org.junit.runners.P
arentRunner$2.evaluate(
ParentRunner.java:293)
	at org.springframework
.test.context.junit4.st
atements.RunBeforeTestC
lassCallbacks.evaluate(
RunBeforeTestClassCallb
acks.java:61)
	at org.springframework
.test.context.junit4.st
atements.RunAfterTestCl
assCallbacks.evaluate(R
unAfterTestClassCallbac
ks.java:70)
	at org.junit.runners.P
arentRunner$3.evaluate(
ParentRunner.java:306)
	at org.junit.runners.P
arentRunner.run(ParentR
unner.java:413)
	at org.springframework
.test.context.junit4.Sp
ringJUnit4ClassRunner.r
un(SpringJUnit4ClassRun
ner.java:191)
	at org.junit.runner.JU
nitCore.run(JUnitCore.j
ava:137)
	at org.junit.runner.JU
nitCore.run(JUnitCore.j
ava:115)
	at org.junit.vintage.e
ngine.execution.RunnerE
xecutor.execute(RunnerE
xecutor.java:42)
	at org.junit.vintage.e
ngine.execution.Vintage
Executor.executeClasses
AndMethodsSequentially(
VintageExecutor.java:93
)
	at org.junit.vintage.e
ngine.execution.Vintage
Executor.executeAllChil
dren(VintageExecutor.ja
va:73)
	at org.junit.vintage.e
ngine.VintageTestEngine
.execute(VintageTestEng
ine.java:70)
	at org.junit.platform.
launcher.core.EngineExe
cutionOrchestrator.exec
ute(EngineExecutionOrch
estrator.java:201)
	at org.junit.platform.
launcher.core.EngineExe
cutionOrchestrator.exec
ute(EngineExecutionOrch
estrator.java:170)
	at org.junit.platform.
launcher.core.EngineExe
cutionOrchestrator.exec
ute(EngineExecutionOrch
estrator.java:94)
	at org.junit.platform.
launcher.core.EngineExe
cutionOrchestrator.lamb
da$execute$0(EngineExec
utionOrchestrator.java:
59)
	at org.junit.platform.
launcher.core.EngineExe
cutionOrchestrator.with
InterceptedStreams(Engi
neExecutionOrchestrator
.java:142)
	at org.junit.platform.
launcher.core.EngineExe
cutionOrchestrator.exec
ute(EngineExecutionOrch
estrator.java:58)
	at org.junit.platform.
launcher.core.DefaultLa
uncher.execute(DefaultL
auncher.java:103)
	at org.junit.platform.
launcher.core.DefaultLa
uncher.execute(DefaultL
auncher.java:85)
	at org.junit.platform.
launcher.core.Delegatin
gLauncher.execute(Deleg
atingLauncher.java:47)
	at org.junit.platform.
launcher.core.Intercept
ingLauncher.lambda$exec
ute$1(InterceptingLaunc
her.java:39)
	at org.junit.platform.
launcher.core.Classpath
AlignmentCheckingLaunch
erInterceptor.intercept
(ClasspathAlignmentChec
kingLauncherInterceptor
.java:25)
	at org.junit.platform.
launcher.core.Intercept
ingLauncher.execute(Int
erceptingLauncher.java:
38)
	at org.junit.platform.
launcher.core.Delegatin
gLauncher.execute(Deleg
atingLauncher.java:47)
	at org.apache.maven.su
refire.junitplatform.La
uncherAdapter.executeWi
thoutCancellationToken(
LauncherAdapter.java:60
)
	at org.apache.maven.su
refire.junitplatform.La
uncherAdapter.execute(L
auncherAdapter.java:52)
	at org.apache.maven.su
refire.junitplatform.JU
nitPlatformProvider.exe
cute(JUnitPlatformProvi
der.java:203)
	at org.apache.maven.su
refire.junitplatform.JU
nitPlatformProvider.inv
okeAllTests(JUnitPlatfo
rmProvider.java:168)
	at org.apache.maven.su
refire.junitplatform.JU
nitPlatformProvider.inv
oke(JUnitPlatformProvid
er.java:136)
	at org.apache.maven.su
refire.booter.ForkedBoo
ter.runSuitesInProcess(
ForkedBooter.java:385)
	at org.apache.maven.su
refire.booter.ForkedBoo
ter.execute(ForkedBoote
r.java:162)
	at org.apache.maven.su
refire.booter.ForkedBoo
ter.run(ForkedBooter.ja
va:507)
	at org.apache.maven.su
refire.booter.ForkedBoo
ter.main(ForkedBooter.j
ava:495)
Caused by: 
java.io.IOException: 
Error while 
instrumenting 
java/sql/Savepoint 
with JaCoCo 0.8.11.2023
10140853/f33756c.
	at org.jacoco.agent.rt
.internal_4742761.core.
instr.Instrumenter.inst
rumentError(Instrumente
r.java:161)
	at org.jacoco.agent.rt
.internal_4742761.core.
instr.Instrumenter.inst
rument(Instrumenter.jav
a:111)
	at org.jacoco.agent.rt
.internal_4742761.Cover
ageTransformer.transfor
m(CoverageTransformer.j
ava:92)
	... 122 more
Caused by: java.lang.Il
legalArgumentException:
 Unsupported class 
file major version 68
	at org.jacoco.agent.rt
.internal_4742761.asm.C
lassReader.<init>(Class
Reader.java:200)
	at org.jacoco.agent.rt
.internal_4742761.asm.C
lassReader.<init>(Class
Reader.java:180)
	at org.jacoco.agent.rt
.internal_4742761.asm.C
lassReader.<init>(Class
Reader.java:166)
	at org.jacoco.agent.rt
.internal_4742761.core.
internal.instr.InstrSup
port.classReaderFor(Ins
trSupport.java:280)
	at org.jacoco.agent.rt
.internal_4742761.core.
instr.Instrumenter.inst
rument(Instrumenter.jav
a:77)
	at org.jacoco.agent.rt
.internal_4742761.core.
instr.Instrumenter.inst
rument(Instrumenter.jav
a:109)
	... 123 more
java.lang.instrument.Il
legalClassFormatExcepti
on: Error while 
instrumenting 
java/sql/SQLXML with 
JaCoCo 0.8.11.202310140
853/f33756c.
	at org.jacoco.agent.rt
.internal_4742761.Cover
ageTransformer.transfor
m(CoverageTransformer.j
ava:94)
	at java.instrument/jav
a.lang.instrument.Class
FileTransformer.transfo
rm(ClassFileTransformer
.java:257)
	at java.instrument/sun
.instrument.Transformer
Manager.transform(Trans
formerManager.java:188)
	at java.instrument/sun
.instrument.Instrumenta
tionImpl.transform(Inst
rumentationImpl.java:59
4)
	at java.base/java.lang
.ClassLoader.defineClas
s2(Native Method)
	at java.base/java.lang
.ClassLoader.defineClas
s(ClassLoader.java:1052
)
	at java.base/java.secu
rity.SecureClassLoader.
defineClass(SecureClass
Loader.java:164)
	at java.base/jdk.inter
nal.loader.BuiltinClass
Loader.defineClass(Buil
tinClassLoader.java:735
)
	at java.base/jdk.inter
nal.loader.BuiltinClass
Loader.findClassInModul
eOrNull(BuiltinClassLoa
der.java:678)
	at java.base/jdk.inter
nal.loader.BuiltinClass
Loader.loadClassOrNull(
BuiltinClassLoader.java
:604)
	at java.base/jdk.inter
nal.loader.BuiltinClass
Loader.loadClassOrNull(
BuiltinClassLoader.java
:639)
	at java.base/jdk.inter
nal.loader.BuiltinClass
Loader.loadClassOrNull(
BuiltinClassLoader.java
:608)
	at java.base/jdk.inter
nal.loader.BuiltinClass
Loader.loadClass(Builti
nClassLoader.java:578)
	at java.base/java.lang
.ClassLoader.loadClass(
ClassLoader.java:490)
	at oracle.jdbc.driver.
T4CDriverExtension.getC
onnection(T4CDriverExte
nsion.java:63)
	at oracle.jdbc.driver.
OracleDriver.connect(Or
acleDriver.java:887)
	at oracle.jdbc.driver.
OracleDriver.connect(Or
acleDriver.java:694)
	at com.zaxxer.hikari.u
til.DriverDataSource.ge
tConnection(DriverDataS
ource.java:144)
	at com.zaxxer.hikari.p
ool.PoolBase.newConnect
ion(PoolBase.java:370)
	at com.zaxxer.hikari.p
ool.PoolBase.newPoolEnt
ry(PoolBase.java:207)
	at com.zaxxer.hikari.p
ool.HikariPool.createPo
olEntry(HikariPool.java
:488)
	at com.zaxxer.hikari.p
ool.HikariPool.checkFai
lFast(HikariPool.java:5
76)
	at com.zaxxer.hikari.p
ool.HikariPool.<init>(H
ikariPool.java:97)
	at com.zaxxer.hikari.H
ikariDataSource.getConn
ection(HikariDataSource
.java:111)
	at org.hibernate.engin
e.jdbc.connections.inte
rnal.DatasourceConnecti
onProviderImpl.getConne
ction(DatasourceConnect
ionProviderImpl.java:12
6)
	at org.hibernate.engin
e.jdbc.env.internal.Jdb
cEnvironmentInitiator$C
onnectionProviderJdbcCo
nnectionAccess.obtainCo
nnection(JdbcEnvironmen
tInitiator.java:485)
	at org.hibernate.resou
rce.transaction.backend
.jdbc.internal.JdbcIsol
ationDelegate.delegateW
ork(JdbcIsolationDelega
te.java:61)
	at org.hibernate.engin
e.jdbc.env.internal.Jdb
cEnvironmentInitiator.g
etJdbcEnvironmentUsingJ
dbcMetadata(JdbcEnviron
mentInitiator.java:334)
	at org.hibernate.engin
e.jdbc.env.internal.Jdb
cEnvironmentInitiator.i
nitiateService(JdbcEnvi
ronmentInitiator.java:1
29)
	at org.hibernate.engin
e.jdbc.env.internal.Jdb
cEnvironmentInitiator.i
nitiateService(JdbcEnvi
ronmentInitiator.java:8
1)
	at org.hibernate.boot.
registry.internal.Stand
ardServiceRegistryImpl.
initiateService(Standar
dServiceRegistryImpl.ja
va:130)
	at org.hibernate.servi
ce.internal.AbstractSer
viceRegistryImpl.create
Service(AbstractService
RegistryImpl.java:263)
	at org.hibernate.servi
ce.internal.AbstractSer
viceRegistryImpl.initia
lizeService(AbstractSer
viceRegistryImpl.java:2
38)
	at org.hibernate.servi
ce.internal.AbstractSer
viceRegistryImpl.getSer
vice(AbstractServiceReg
istryImpl.java:215)
	at org.hibernate.boot.
model.relational.Databa
se.<init>(Database.java
:45)
	at org.hibernate.boot.
internal.InFlightMetada
taCollectorImpl.getData
base(InFlightMetadataCo
llectorImpl.java:226)
	at org.hibernate.boot.
internal.InFlightMetada
taCollectorImpl.<init>(
InFlightMetadataCollect
orImpl.java:194)
	at org.hibernate.boot.
model.process.spi.Metad
ataBuildingProcess.comp
lete(MetadataBuildingPr
ocess.java:171)
	at org.hibernate.jpa.b
oot.internal.EntityMana
gerFactoryBuilderImpl.m
etadata(EntityManagerFa
ctoryBuilderImpl.java:1
442)
	at org.hibernate.jpa.b
oot.internal.EntityMana
gerFactoryBuilderImpl.b
uild(EntityManagerFacto
ryBuilderImpl.java:1513
)
	at org.springframework
.orm.jpa.vendor.SpringH
ibernateJpaPersistenceP
rovider.createContainer
EntityManagerFactory(Sp
ringHibernateJpaPersist
enceProvider.java:66)
	at org.springframework
.orm.jpa.LocalContainer
EntityManagerFactoryBea
n.createNativeEntityMan
agerFactory(LocalContai
nerEntityManagerFactory
Bean.java:388)
	at org.springframework
.orm.jpa.AbstractEntity
ManagerFactoryBean.buil
dNativeEntityManagerFac
tory(AbstractEntityMana
gerFactoryBean.java:419
)
	at org.springframework
.orm.jpa.AbstractEntity
ManagerFactoryBean.afte
rPropertiesSet(Abstract
EntityManagerFactoryBea
n.java:400)
	at org.springframework
.orm.jpa.LocalContainer
EntityManagerFactoryBea
n.afterPropertiesSet(Lo
calContainerEntityManag
erFactoryBean.java:364)
	at org.springframework
.beans.factory.support.
AbstractAutowireCapable
BeanFactory.invokeInitM
ethods(AbstractAutowire
CapableBeanFactory.java
:1873)
	at org.springframework
.beans.factory.support.
AbstractAutowireCapable
BeanFactory.initializeB
ean(AbstractAutowireCap
ableBeanFactory.java:18
22)
	at org.springframework
.beans.factory.support.
AbstractAutowireCapable
BeanFactory.doCreateBea
n(AbstractAutowireCapab
leBeanFactory.java:607)
	at org.springframework
.beans.factory.support.
AbstractAutowireCapable
BeanFactory.createBean(
AbstractAutowireCapable
BeanFactory.java:529)
	at org.springframework
.beans.factory.support.
AbstractBeanFactory.lam
bda$doGetBean$0(Abstrac
tBeanFactory.java:339)
	at org.springframework
.beans.factory.support.
DefaultSingletonBeanReg
istry.getSingleton(Defa
ultSingletonBeanRegistr
y.java:373)
	at org.springframework
.beans.factory.support.
AbstractBeanFactory.doG
etBean(AbstractBeanFact
ory.java:337)
	at org.springframework
.beans.factory.support.
AbstractBeanFactory.get
Bean(AbstractBeanFactor
y.java:207)
	at org.springframework
.context.support.Abstra
ctApplicationContext.fi
nishBeanFactoryInitiali
zation(AbstractApplicat
ionContext.java:974)
	at org.springframework
.context.support.Abstra
ctApplicationContext.re
fresh(AbstractApplicati
onContext.java:628)
	at org.springframework
.boot.SpringApplication
.refresh(SpringApplicat
ion.java:752)
	at org.springframework
.boot.SpringApplication
.refreshContext(SpringA
pplication.java:439)
	at org.springframework
.boot.SpringApplication
.run(SpringApplication.
java:318)
	at org.springframework
.boot.test.context.Spri
ngBootContextLoader.lam
bda$loadContext$3(Sprin
gBootContextLoader.java
:152)
	at org.springframework
.util.function.Throwing
Supplier.get(ThrowingSu
pplier.java:58)
	at org.springframework
.util.function.Throwing
Supplier.get(ThrowingSu
pplier.java:46)
	at org.springframework
.boot.SpringApplication
.withHook(SpringApplica
tion.java:1461)
	at org.springframework
.boot.test.context.Spri
ngBootContextLoader$Con
textLoaderHook.run(Spri
ngBootContextLoader.jav
a:595)
	at org.springframework
.boot.test.context.Spri
ngBootContextLoader.loa
dContext(SpringBootCont
extLoader.java:152)
	at org.springframework
.boot.test.context.Spri
ngBootContextLoader.loa
dContext(SpringBootCont
extLoader.java:111)
	at org.springframework
.test.context.cache.Def
aultCacheAwareContextLo
aderDelegate.loadContex
tInternal(DefaultCacheA
wareContextLoaderDelega
te.java:225)
	at org.springframework
.test.context.cache.Def
aultCacheAwareContextLo
aderDelegate.loadContex
t(DefaultCacheAwareCont
extLoaderDelegate.java:
152)
	at org.springframework
.test.context.support.D
efaultTestContext.getAp
plicationContext(Defaul
tTestContext.java:130)
	at org.springframework
.test.context.support.D
ependencyInjectionTestE
xecutionListener.inject
Dependencies(Dependency
InjectionTestExecutionL
istener.java:155)
	at org.springframework
.test.context.support.D
ependencyInjectionTestE
xecutionListener.prepar
eTestInstance(Dependenc
yInjectionTestExecution
Listener.java:111)
	at org.springframework
.test.context.TestConte
xtManager.prepareTestIn
stance(TestContextManag
er.java:260)
	at org.springframework
.test.context.junit4.Sp
ringJUnit4ClassRunner.c
reateTest(SpringJUnit4C
lassRunner.java:228)
	at org.springframework
.test.context.junit4.Sp
ringJUnit4ClassRunner$1
.runReflectiveCall(Spri
ngJUnit4ClassRunner.jav
a:289)
	at org.junit.internal.
runners.model.Reflectiv
eCallable.run(Reflectiv
eCallable.java:12)
	at org.springframework
.test.context.junit4.Sp
ringJUnit4ClassRunner.m
ethodBlock(SpringJUnit4
ClassRunner.java:291)
	at org.springframework
.test.context.junit4.Sp
ringJUnit4ClassRunner.r
unChild(SpringJUnit4Cla
ssRunner.java:247)
	at org.springframework
.test.context.junit4.Sp
ringJUnit4ClassRunner.r
unChild(SpringJUnit4Cla
ssRunner.java:97)
	at org.junit.runners.P
arentRunner$4.run(Paren
tRunner.java:331)
	at org.junit.runners.P
arentRunner$1.schedule(
ParentRunner.java:79)
	at org.junit.runners.P
arentRunner.runChildren
(ParentRunner.java:329)
	at org.junit.runners.P
arentRunner.access$100(
ParentRunner.java:66)
	at org.junit.runners.P
arentRunner$2.evaluate(
ParentRunner.java:293)
	at org.springframework
.test.context.junit4.st
atements.RunBeforeTestC
lassCallbacks.evaluate(
RunBeforeTestClassCallb
acks.java:61)
	at org.springframework
.test.context.junit4.st
atements.RunAfterTestCl
assCallbacks.evaluate(R
unAfterTestClassCallbac
ks.java:70)
	at org.junit.runners.P
arentRunner$3.evaluate(
ParentRunner.java:306)
	at org.junit.runners.P
arentRunner.run(ParentR
unner.java:413)
	at org.springframework
.test.context.junit4.Sp
ringJUnit4ClassRunner.r
un(SpringJUnit4ClassRun
ner.java:191)
	at org.junit.runner.JU
nitCore.run(JUnitCore.j
ava:137)
	at org.junit.runner.JU
nitCore.run(JUnitCore.j
ava:115)
	at org.junit.vintage.e
ngine.execution.RunnerE
xecutor.execute(RunnerE
xecutor.java:42)
	at org.junit.vintage.e
ngine.execution.Vintage
Executor.executeClasses
AndMethodsSequentially(
VintageExecutor.java:93
)
	at org.junit.vintage.e
ngine.execution.Vintage
Executor.executeAllChil
dren(VintageExecutor.ja
va:73)
	at org.junit.vintage.e
ngine.VintageTestEngine
.execute(VintageTestEng
ine.java:70)
	at org.junit.platform.
launcher.core.EngineExe
cutionOrchestrator.exec
ute(EngineExecutionOrch
estrator.java:201)
	at org.junit.platform.
launcher.core.EngineExe
cutionOrchestrator.exec
ute(EngineExecutionOrch
estrator.java:170)
	at org.junit.platform.
launcher.core.EngineExe
cutionOrchestrator.exec
ute(EngineExecutionOrch
estrator.java:94)
	at org.junit.platform.
launcher.core.EngineExe
cutionOrchestrator.lamb
da$execute$0(EngineExec
utionOrchestrator.java:
59)
	at org.junit.platform.
launcher.core.EngineExe
cutionOrchestrator.with
InterceptedStreams(Engi
neExecutionOrchestrator
.java:142)
	at org.junit.platform.
launcher.core.EngineExe
cutionOrchestrator.exec
ute(EngineExecutionOrch
estrator.java:58)
	at org.junit.platform.
launcher.core.DefaultLa
uncher.execute(DefaultL
auncher.java:103)
	at org.junit.platform.
launcher.core.DefaultLa
uncher.execute(DefaultL
auncher.java:85)
	at org.junit.platform.
launcher.core.Delegatin
gLauncher.execute(Deleg
atingLauncher.java:47)
	at org.junit.platform.
launcher.core.Intercept
ingLauncher.lambda$exec
ute$1(InterceptingLaunc
her.java:39)
	at org.junit.platform.
launcher.core.Classpath
AlignmentCheckingLaunch
erInterceptor.intercept
(ClasspathAlignmentChec
kingLauncherInterceptor
.java:25)
	at org.junit.platform.
launcher.core.Intercept
ingLauncher.execute(Int
erceptingLauncher.java:
38)
	at org.junit.platform.
launcher.core.Delegatin
gLauncher.execute(Deleg
atingLauncher.java:47)
	at org.apache.maven.su
refire.junitplatform.La
uncherAdapter.executeWi
thoutCancellationToken(
LauncherAdapter.java:60
)
	at org.apache.maven.su
refire.junitplatform.La
uncherAdapter.execute(L
auncherAdapter.java:52)
	at org.apache.maven.su
refire.junitplatform.JU
nitPlatformProvider.exe
cute(JUnitPlatformProvi
der.java:203)
	at org.apache.maven.su
refire.junitplatform.JU
nitPlatformProvider.inv
okeAllTests(JUnitPlatfo
rmProvider.java:168)
	at org.apache.maven.su
refire.junitplatform.JU
nitPlatformProvider.inv
oke(JUnitPlatformProvid
er.java:136)
	at org.apache.maven.su
refire.booter.ForkedBoo
ter.runSuitesInProcess(
ForkedBooter.java:385)
	at org.apache.maven.su
refire.booter.ForkedBoo
ter.execute(ForkedBoote
r.java:162)
	at org.apache.maven.su
refire.booter.ForkedBoo
ter.run(ForkedBooter.ja
va:507)
	at org.apache.maven.su
refire.booter.ForkedBoo
ter.main(ForkedBooter.j
ava:495)
Caused by: 
java.io.IOException: 
Error while 
instrumenting 
java/sql/SQLXML with 
JaCoCo 0.8.11.202310140
853/f33756c.
	at org.jacoco.agent.rt
.internal_4742761.core.
instr.Instrumenter.inst
rumentError(Instrumente
r.java:161)
	at org.jacoco.agent.rt
.internal_4742761.core.
instr.Instrumenter.inst
rument(Instrumenter.jav
a:111)
	at org.jacoco.agent.rt
.internal_4742761.Cover
ageTransformer.transfor
m(CoverageTransformer.j
ava:92)
	... 114 more
Caused by: java.lang.Il
legalArgumentException:
 Unsupported class 
file major version 68
	at org.jacoco.agent.rt
.internal_4742761.asm.C
lassReader.<init>(Class
Reader.java:200)
	at org.jacoco.agent.rt
.internal_4742761.asm.C
lassReader.<init>(Class
Reader.java:180)
	at org.jacoco.agent.rt
.internal_4742761.asm.C
lassReader.<init>(Class
Reader.java:166)
	at org.jacoco.agent.rt
.internal_4742761.core.
internal.instr.InstrSup
port.classReaderFor(Ins
trSupport.java:280)
	at org.jacoco.agent.rt
.internal_4742761.core.
instr.Instrumenter.inst
rument(Instrumenter.jav
a:77)
	at org.jacoco.agent.rt
.internal_4742761.core.
instr.Instrumenter.inst
rument(Instrumenter.jav
a:109)
	... 115 more
java.lang.instrument.Il
legalClassFormatExcepti
on: Error while 
instrumenting 
java/sql/Struct with 
JaCoCo 0.8.11.202310140
853/f33756c.
	at org.jacoco.agent.rt
.internal_4742761.Cover
ageTransformer.transfor
m(CoverageTransformer.j
ava:94)
	at java.instrument/jav
a.lang.instrument.Class
FileTransformer.transfo
rm(ClassFileTransformer
.java:257)
	at java.instrument/sun
.instrument.Transformer
Manager.transform(Trans
formerManager.java:188)
	at java.instrument/sun
.instrument.Instrumenta
tionImpl.transform(Inst
rumentationImpl.java:59
4)
	at java.base/java.lang
.ClassLoader.defineClas
s2(Native Method)
	at java.base/java.lang
.ClassLoader.defineClas
s(ClassLoader.java:1052
)
	at java.base/java.secu
rity.SecureClassLoader.
defineClass(SecureClass
Loader.java:164)
	at java.base/jdk.inter
nal.loader.BuiltinClass
Loader.defineClass(Buil
tinClassLoader.java:735
)
	at java.base/jdk.inter
nal.loader.BuiltinClass
Loader.findClassInModul
eOrNull(BuiltinClassLoa
der.java:678)
	at java.base/jdk.inter
nal.loader.BuiltinClass
Loader.loadClassOrNull(
BuiltinClassLoader.java
:604)
	at java.base/jdk.inter
nal.loader.BuiltinClass
Loader.loadClassOrNull(
BuiltinClassLoader.java
:639)
	at java.base/jdk.inter
nal.loader.BuiltinClass
Loader.loadClassOrNull(
BuiltinClassLoader.java
:608)
	at java.base/jdk.inter
nal.loader.BuiltinClass
Loader.loadClass(Builti
nClassLoader.java:578)
	at java.base/java.lang
.ClassLoader.loadClass(
ClassLoader.java:490)
	at oracle.jdbc.driver.
T4CDriverExtension.getC
onnection(T4CDriverExte
nsion.java:63)
	at oracle.jdbc.driver.
OracleDriver.connect(Or
acleDriver.java:887)
	at oracle.jdbc.driver.
OracleDriver.connect(Or
acleDriver.java:694)
	at com.zaxxer.hikari.u
til.DriverDataSource.ge
tConnection(DriverDataS
ource.java:144)
	at com.zaxxer.hikari.p
ool.PoolBase.newConnect
ion(PoolBase.java:370)
	at com.zaxxer.hikari.p
ool.PoolBase.newPoolEnt
ry(PoolBase.java:207)
	at com.zaxxer.hikari.p
ool.HikariPool.createPo
olEntry(HikariPool.java
:488)
	at com.zaxxer.hikari.p
ool.HikariPool.checkFai
lFast(HikariPool.java:5
76)
	at com.zaxxer.hikari.p
ool.HikariPool.<init>(H
ikariPool.java:97)
	at com.zaxxer.hikari.H
ikariDataSource.getConn
ection(HikariDataSource
.java:111)
	at org.hibernate.engin
e.jdbc.connections.inte
rnal.DatasourceConnecti
onProviderImpl.getConne
ction(DatasourceConnect
ionProviderImpl.java:12
6)
	at org.hibernate.engin
e.jdbc.env.internal.Jdb
cEnvironmentInitiator$C
onnectionProviderJdbcCo
nnectionAccess.obtainCo
nnection(JdbcEnvironmen
tInitiator.java:485)
	at org.hibernate.resou
rce.transaction.backend
.jdbc.internal.JdbcIsol
ationDelegate.delegateW
ork(JdbcIsolationDelega
te.java:61)
	at org.hibernate.engin
e.jdbc.env.internal.Jdb
cEnvironmentInitiator.g
etJdbcEnvironmentUsingJ
dbcMetadata(JdbcEnviron
mentInitiator.java:334)
	at org.hibernate.engin
e.jdbc.env.internal.Jdb
cEnvironmentInitiator.i
nitiateService(JdbcEnvi
ronmentInitiator.java:1
29)
	at org.hibernate.engin
e.jdbc.env.internal.Jdb
cEnvironmentInitiator.i
nitiateService(JdbcEnvi
ronmentInitiator.java:8
1)
	at org.hibernate.boot.
registry.internal.Stand
ardServiceRegistryImpl.
initiateService(Standar
dServiceRegistryImpl.ja
va:130)
	at org.hibernate.servi
ce.internal.AbstractSer
viceRegistryImpl.create
Service(AbstractService
RegistryImpl.java:263)
	at org.hibernate.servi
ce.internal.AbstractSer
viceRegistryImpl.initia
lizeService(AbstractSer
viceRegistryImpl.java:2
38)
	at org.hibernate.servi
ce.internal.AbstractSer
viceRegistryImpl.getSer
vice(AbstractServiceReg
istryImpl.java:215)
	at org.hibernate.boot.
model.relational.Databa
se.<init>(Database.java
:45)
	at org.hibernate.boot.
internal.InFlightMetada
taCollectorImpl.getData
base(InFlightMetadataCo
llectorImpl.java:226)
	at org.hibernate.boot.
internal.InFlightMetada
taCollectorImpl.<init>(
InFlightMetadataCollect
orImpl.java:194)
	at org.hibernate.boot.
model.process.spi.Metad
ataBuildingProcess.comp
lete(MetadataBuildingPr
ocess.java:171)
	at org.hibernate.jpa.b
oot.internal.EntityMana
gerFactoryBuilderImpl.m
etadata(EntityManagerFa
ctoryBuilderImpl.java:1
442)
	at org.hibernate.jpa.b
oot.internal.EntityMana
gerFactoryBuilderImpl.b
uild(EntityManagerFacto
ryBuilderImpl.java:1513
)
	at org.springframework
.orm.jpa.vendor.SpringH
ibernateJpaPersistenceP
rovider.createContainer
EntityManagerFactory(Sp
ringHibernateJpaPersist
enceProvider.java:66)
	at org.springframework
.orm.jpa.LocalContainer
EntityManagerFactoryBea
n.createNativeEntityMan
agerFactory(LocalContai
nerEntityManagerFactory
Bean.java:388)
	at org.springframework
.orm.jpa.AbstractEntity
ManagerFactoryBean.buil
dNativeEntityManagerFac
tory(AbstractEntityMana
gerFactoryBean.java:419
)
	at org.springframework
.orm.jpa.AbstractEntity
ManagerFactoryBean.afte
rPropertiesSet(Abstract
EntityManagerFactoryBea
n.java:400)
	at org.springframework
.orm.jpa.LocalContainer
EntityManagerFactoryBea
n.afterPropertiesSet(Lo
calContainerEntityManag
erFactoryBean.java:364)
	at org.springframework
.beans.factory.support.
AbstractAutowireCapable
BeanFactory.invokeInitM
ethods(AbstractAutowire
CapableBeanFactory.java
:1873)
	at org.springframework
.beans.factory.support.
AbstractAutowireCapable
BeanFactory.initializeB
ean(AbstractAutowireCap
ableBeanFactory.java:18
22)
	at org.springframework
.beans.factory.support.
AbstractAutowireCapable
BeanFactory.doCreateBea
n(AbstractAutowireCapab
leBeanFactory.java:607)
	at org.springframework
.beans.factory.support.
AbstractAutowireCapable
BeanFactory.createBean(
AbstractAutowireCapable
BeanFactory.java:529)
	at org.springframework
.beans.factory.support.
AbstractBeanFactory.lam
bda$doGetBean$0(Abstrac
tBeanFactory.java:339)
	at org.springframework
.beans.factory.support.
DefaultSingletonBeanReg
istry.getSingleton(Defa
ultSingletonBeanRegistr
y.java:373)
	at org.springframework
.beans.factory.support.
AbstractBeanFactory.doG
etBean(AbstractBeanFact
ory.java:337)
	at org.springframework
.beans.factory.support.
AbstractBeanFactory.get
Bean(AbstractBeanFactor
y.java:207)
	at org.springframework
.context.support.Abstra
ctApplicationContext.fi
nishBeanFactoryInitiali
zation(AbstractApplicat
ionContext.java:974)
	at org.springframework
.context.support.Abstra
ctApplicationContext.re
fresh(AbstractApplicati
onContext.java:628)
	at org.springframework
.boot.SpringApplication
.refresh(SpringApplicat
ion.java:752)
	at org.springframework
.boot.SpringApplication
.refreshContext(SpringA
pplication.java:439)
	at org.springframework
.boot.SpringApplication
.run(SpringApplication.
java:318)
	at org.springframework
.boot.test.context.Spri
ngBootContextLoader.lam
bda$loadContext$3(Sprin
gBootContextLoader.java
:152)
	at org.springframework
.util.function.Throwing
Supplier.get(ThrowingSu
pplier.java:58)
	at org.springframework
.util.function.Throwing
Supplier.get(ThrowingSu
pplier.java:46)
	at org.springframework
.boot.SpringApplication
.withHook(SpringApplica
tion.java:1461)
	at org.springframework
.boot.test.context.Spri
ngBootContextLoader$Con
textLoaderHook.run(Spri
ngBootContextLoader.jav
a:595)
	at org.springframework
.boot.test.context.Spri
ngBootContextLoader.loa
dContext(SpringBootCont
extLoader.java:152)
	at org.springframework
.boot.test.context.Spri
ngBootContextLoader.loa
dContext(SpringBootCont
extLoader.java:111)
	at org.springframework
.test.context.cache.Def
aultCacheAwareContextLo
aderDelegate.loadContex
tInternal(DefaultCacheA
wareContextLoaderDelega
te.java:225)
	at org.springframework
.test.context.cache.Def
aultCacheAwareContextLo
aderDelegate.loadContex
t(DefaultCacheAwareCont
extLoaderDelegate.java:
152)
	at org.springframework
.test.context.support.D
efaultTestContext.getAp
plicationContext(Defaul
tTestContext.java:130)
	at org.springframework
.test.context.support.D
ependencyInjectionTestE
xecutionListener.inject
Dependencies(Dependency
InjectionTestExecutionL
istener.java:155)
	at org.springframework
.test.context.support.D
ependencyInjectionTestE
xecutionListener.prepar
eTestInstance(Dependenc
yInjectionTestExecution
Listener.java:111)
	at org.springframework
.test.context.TestConte
xtManager.prepareTestIn
stance(TestContextManag
er.java:260)
	at org.springframework
.test.context.junit4.Sp
ringJUnit4ClassRunner.c
reateTest(SpringJUnit4C
lassRunner.java:228)
	at org.springframework
.test.context.junit4.Sp
ringJUnit4ClassRunner$1
.runReflectiveCall(Spri
ngJUnit4ClassRunner.jav
a:289)
	at org.junit.internal.
runners.model.Reflectiv
eCallable.run(Reflectiv
eCallable.java:12)
	at org.springframework
.test.context.junit4.Sp
ringJUnit4ClassRunner.m
ethodBlock(SpringJUnit4
ClassRunner.java:291)
	at org.springframework
.test.context.junit4.Sp
ringJUnit4ClassRunner.r
unChild(SpringJUnit4Cla
ssRunner.java:247)
	at org.springframework
.test.context.junit4.Sp
ringJUnit4ClassRunner.r
unChild(SpringJUnit4Cla
ssRunner.java:97)
	at org.junit.runners.P
arentRunner$4.run(Paren
tRunner.java:331)
	at org.junit.runners.P
arentRunner$1.schedule(
ParentRunner.java:79)
	at org.junit.runners.P
arentRunner.runChildren
(ParentRunner.java:329)
	at org.junit.runners.P
arentRunner.access$100(
ParentRunner.java:66)
	at org.junit.runners.P
arentRunner$2.evaluate(
ParentRunner.java:293)
	at org.springframework
.test.context.junit4.st
atements.RunBeforeTestC
lassCallbacks.evaluate(
RunBeforeTestClassCallb
acks.java:61)
	at org.springframework
.test.context.junit4.st
atements.RunAfterTestCl
assCallbacks.evaluate(R
unAfterTestClassCallbac
ks.java:70)
	at org.junit.runners.P
arentRunner$3.evaluate(
ParentRunner.java:306)
	at org.junit.runners.P
arentRunner.run(ParentR
unner.java:413)
	at org.springframework
.test.context.junit4.Sp
ringJUnit4ClassRunner.r
un(SpringJUnit4ClassRun
ner.java:191)
	at org.junit.runner.JU
nitCore.run(JUnitCore.j
ava:137)
	at org.junit.runner.JU
nitCore.run(JUnitCore.j
ava:115)
	at org.junit.vintage.e
ngine.execution.RunnerE
xecutor.execute(RunnerE
xecutor.java:42)
	at org.junit.vintage.e
ngine.execution.Vintage
Executor.executeClasses
AndMethodsSequentially(
VintageExecutor.java:93
)
	at org.junit.vintage.e
ngine.execution.Vintage
Executor.executeAllChil
dren(VintageExecutor.ja
va:73)
	at org.junit.vintage.e
ngine.VintageTestEngine
.execute(VintageTestEng
ine.java:70)
	at org.junit.platform.
launcher.core.EngineExe
cutionOrchestrator.exec
ute(EngineExecutionOrch
estrator.java:201)
	at org.junit.platform.
launcher.core.EngineExe
cutionOrchestrator.exec
ute(EngineExecutionOrch
estrator.java:170)
	at org.junit.platform.
launcher.core.EngineExe
cutionOrchestrator.exec
ute(EngineExecutionOrch
estrator.java:94)
	at org.junit.platform.
launcher.core.EngineExe
cutionOrchestrator.lamb
da$execute$0(EngineExec
utionOrchestrator.java:
59)
	at org.junit.platform.
launcher.core.EngineExe
cutionOrchestrator.with
InterceptedStreams(Engi
neExecutionOrchestrator
.java:142)
	at org.junit.platform.
launcher.core.EngineExe
cutionOrchestrator.exec
ute(EngineExecutionOrch
estrator.java:58)
	at org.junit.platform.
launcher.core.DefaultLa
uncher.execute(DefaultL
auncher.java:103)
	at org.junit.platform.
launcher.core.DefaultLa
uncher.execute(DefaultL
auncher.java:85)
	at org.junit.platform.
launcher.core.Delegatin
gLauncher.execute(Deleg
atingLauncher.java:47)
	at org.junit.platform.
launcher.core.Intercept
ingLauncher.lambda$exec
ute$1(InterceptingLaunc
her.java:39)
	at org.junit.platform.
launcher.core.Classpath
AlignmentCheckingLaunch
erInterceptor.intercept
(ClasspathAlignmentChec
kingLauncherInterceptor
.java:25)
	at org.junit.platform.
launcher.core.Intercept
ingLauncher.execute(Int
erceptingLauncher.java:
38)
	at org.junit.platform.
launcher.core.Delegatin
gLauncher.execute(Deleg
atingLauncher.java:47)
	at org.apache.maven.su
refire.junitplatform.La
uncherAdapter.executeWi
thoutCancellationToken(
LauncherAdapter.java:60
)
	at org.apache.maven.su
refire.junitplatform.La
uncherAdapter.execute(L
auncherAdapter.java:52)
	at org.apache.maven.su
refire.junitplatform.JU
nitPlatformProvider.exe
cute(JUnitPlatformProvi
der.java:203)
	at org.apache.maven.su
refire.junitplatform.JU
nitPlatformProvider.inv
okeAllTests(JUnitPlatfo
rmProvider.java:168)
	at org.apache.maven.su
refire.junitplatform.JU
nitPlatformProvider.inv
oke(JUnitPlatformProvid
er.java:136)
	at org.apache.maven.su
refire.booter.ForkedBoo
ter.runSuitesInProcess(
ForkedBooter.java:385)
	at org.apache.maven.su
refire.booter.ForkedBoo
ter.execute(ForkedBoote
r.java:162)
	at org.apache.maven.su
refire.booter.ForkedBoo
ter.run(ForkedBooter.ja
va:507)
	at org.apache.maven.su
refire.booter.ForkedBoo
ter.main(ForkedBooter.j
ava:495)
Caused by: 
java.io.IOException: 
Error while 
instrumenting 
java/sql/Struct with 
JaCoCo 0.8.11.202310140
853/f33756c.
	at org.jacoco.agent.rt
.internal_4742761.core.
instr.Instrumenter.inst
rumentError(Instrumente
r.java:161)
	at org.jacoco.agent.rt
.internal_4742761.core.
instr.Instrumenter.inst
rument(Instrumenter.jav
a:111)
	at org.jacoco.agent.rt
.internal_4742761.Cover
ageTransformer.transfor
m(CoverageTransformer.j
ava:92)
	... 114 more
Caused by: java.lang.Il
legalArgumentException:
 Unsupported class 
file major version 68
	at org.jacoco.agent.rt
.internal_4742761.asm.C
lassReader.<init>(Class
Reader.java:200)
	at org.jacoco.agent.rt
.internal_4742761.asm.C
lassReader.<init>(Class
Reader.java:180)
	at org.jacoco.agent.rt
.internal_4742761.asm.C
lassReader.<init>(Class
Reader.java:166)
	at org.jacoco.agent.rt
.internal_4742761.core.
internal.instr.InstrSup
port.classReaderFor(Ins
trSupport.java:280)
	at org.jacoco.agent.rt
.internal_4742761.core.
instr.Instrumenter.inst
rument(Instrumenter.jav
a:77)
	at org.jacoco.agent.rt
.internal_4742761.core.
instr.Instrumenter.inst
rument(Instrumenter.jav
a:109)
	... 115 more
java.lang.instrument.Il
legalClassFormatExcepti
on: Error while 
instrumenting java/sql/
DatabaseMetaData with 
JaCoCo 0.8.11.202310140
853/f33756c.
	at org.jacoco.agent.rt
.internal_4742761.Cover
ageTransformer.transfor
m(CoverageTransformer.j
ava:94)
	at java.instrument/jav
a.lang.instrument.Class
FileTransformer.transfo
rm(ClassFileTransformer
.java:257)
	at java.instrument/sun
.instrument.Transformer
Manager.transform(Trans
formerManager.java:188)
	at java.instrument/sun
.instrument.Instrumenta
tionImpl.transform(Inst
rumentationImpl.java:59
4)
	at java.base/java.lang
.ClassLoader.defineClas
s2(Native Method)
	at java.base/java.lang
.ClassLoader.defineClas
s(ClassLoader.java:1052
)
	at java.base/java.secu
rity.SecureClassLoader.
defineClass(SecureClass
Loader.java:164)
	at java.base/jdk.inter
nal.loader.BuiltinClass
Loader.defineClass(Buil
tinClassLoader.java:735
)
	at java.base/jdk.inter
nal.loader.BuiltinClass
Loader.findClassInModul
eOrNull(BuiltinClassLoa
der.java:678)
	at java.base/jdk.inter
nal.loader.BuiltinClass
Loader.loadClassOrNull(
BuiltinClassLoader.java
:604)
	at java.base/jdk.inter
nal.loader.BuiltinClass
Loader.loadClassOrNull(
BuiltinClassLoader.java
:639)
	at java.base/jdk.inter
nal.loader.BuiltinClass
Loader.loadClassOrNull(
BuiltinClassLoader.java
:608)
	at java.base/jdk.inter
nal.loader.BuiltinClass
Loader.loadClass(Builti
nClassLoader.java:578)
	at java.base/java.lang
.ClassLoader.loadClass(
ClassLoader.java:490)
	at java.base/java.lang
.ClassLoader.defineClas
s1(Native Method)
	at java.base/java.lang
.ClassLoader.defineClas
s(ClassLoader.java:962)
	at java.base/java.secu
rity.SecureClassLoader.
defineClass(SecureClass
Loader.java:132)
	at java.base/jdk.inter
nal.loader.BuiltinClass
Loader.defineClass(Buil
tinClassLoader.java:776
)
	at java.base/jdk.inter
nal.loader.BuiltinClass
Loader.findClassOnClass
PathOrNull(BuiltinClass
Loader.java:691)
	at java.base/jdk.inter
nal.loader.BuiltinClass
Loader.loadClassOrNull(
BuiltinClassLoader.java
:620)
	at java.base/jdk.inter
nal.loader.BuiltinClass
Loader.loadClass(Builti
nClassLoader.java:578)
	at java.base/java.lang
.ClassLoader.loadClass(
ClassLoader.java:490)
	at java.base/java.lang
.ClassLoader.defineClas
s1(Native Method)
	at java.base/java.lang
.ClassLoader.defineClas
s(ClassLoader.java:962)
	at java.base/java.secu
rity.SecureClassLoader.
defineClass(SecureClass
Loader.java:132)
	at java.base/jdk.inter
nal.loader.BuiltinClass
Loader.defineClass(Buil
tinClassLoader.java:776
)
	at java.base/jdk.inter
nal.loader.BuiltinClass
Loader.findClassOnClass
PathOrNull(BuiltinClass
Loader.java:691)
	at java.base/jdk.inter
nal.loader.BuiltinClass
Loader.loadClassOrNull(
BuiltinClassLoader.java
:620)
	at java.base/jdk.inter
nal.loader.BuiltinClass
Loader.loadClass(Builti
nClassLoader.java:578)
	at java.base/java.lang
.ClassLoader.loadClass(
ClassLoader.java:490)
	at java.base/java.lang
.ClassLoader.defineClas
s1(Native Method)
	at java.base/java.lang
.ClassLoader.defineClas
s(ClassLoader.java:962)
	at java.base/java.secu
rity.SecureClassLoader.
defineClass(SecureClass
Loader.java:132)
	at java.base/jdk.inter
nal.loader.BuiltinClass
Loader.defineClass(Buil
tinClassLoader.java:776
)
	at java.base/jdk.inter
nal.loader.BuiltinClass
Loader.findClassOnClass
PathOrNull(BuiltinClass
Loader.java:691)
	at java.base/jdk.inter
nal.loader.BuiltinClass
Loader.loadClassOrNull(
BuiltinClassLoader.java
:620)
	at java.base/jdk.inter
nal.loader.BuiltinClass
Loader.loadClass(Builti
nClassLoader.java:578)
	at java.base/java.lang
.ClassLoader.loadClass(
ClassLoader.java:490)
	at oracle.jdbc.driver.
T4CDriverExtension.getC
onnection(T4CDriverExte
nsion.java:63)
	at oracle.jdbc.driver.
OracleDriver.connect(Or
acleDriver.java:887)
	at oracle.jdbc.driver.
OracleDriver.connect(Or
acleDriver.java:694)
	at com.zaxxer.hikari.u
til.DriverDataSource.ge
tConnection(DriverDataS
ource.java:144)
	at com.zaxxer.hikari.p
ool.PoolBase.newConnect
ion(PoolBase.java:370)
	at com.zaxxer.hikari.p
ool.PoolBase.newPoolEnt
ry(PoolBase.java:207)
	at com.zaxxer.hikari.p
ool.HikariPool.createPo
olEntry(HikariPool.java
:488)
	at com.zaxxer.hikari.p
ool.HikariPool.checkFai
lFast(HikariPool.java:5
76)
	at com.zaxxer.hikari.p
ool.HikariPool.<init>(H
ikariPool.java:97)
	at com.zaxxer.hikari.H
ikariDataSource.getConn
ection(HikariDataSource
.java:111)
	at org.hibernate.engin
e.jdbc.connections.inte
rnal.DatasourceConnecti
onProviderImpl.getConne
ction(DatasourceConnect
ionProviderImpl.java:12
6)
	at org.hibernate.engin
e.jdbc.env.internal.Jdb
cEnvironmentInitiator$C
onnectionProviderJdbcCo
nnectionAccess.obtainCo
nnection(JdbcEnvironmen
tInitiator.java:485)
	at org.hibernate.resou
rce.transaction.backend
.jdbc.internal.JdbcIsol
ationDelegate.delegateW
ork(JdbcIsolationDelega
te.java:61)
	at org.hibernate.engin
e.jdbc.env.internal.Jdb
cEnvironmentInitiator.g
etJdbcEnvironmentUsingJ
dbcMetadata(JdbcEnviron
mentInitiator.java:334)
	at org.hibernate.engin
e.jdbc.env.internal.Jdb
cEnvironmentInitiator.i
nitiateService(JdbcEnvi
ronmentInitiator.java:1
29)
	at org.hibernate.engin
e.jdbc.env.internal.Jdb
cEnvironmentInitiator.i
nitiateService(JdbcEnvi
ronmentInitiator.java:8
1)
	at org.hibernate.boot.
registry.internal.Stand
ardServiceRegistryImpl.
initiateService(Standar
dServiceRegistryImpl.ja
va:130)
	at org.hibernate.servi
ce.internal.AbstractSer
viceRegistryImpl.create
Service(AbstractService
RegistryImpl.java:263)
	at org.hibernate.servi
ce.internal.AbstractSer
viceRegistryImpl.initia
lizeService(AbstractSer
viceRegistryImpl.java:2
38)
	at org.hibernate.servi
ce.internal.AbstractSer
viceRegistryImpl.getSer
vice(AbstractServiceReg
istryImpl.java:215)
	at org.hibernate.boot.
model.relational.Databa
se.<init>(Database.java
:45)
	at org.hibernate.boot.
internal.InFlightMetada
taCollectorImpl.getData
base(InFlightMetadataCo
llectorImpl.java:226)
	at org.hibernate.boot.
internal.InFlightMetada
taCollectorImpl.<init>(
InFlightMetadataCollect
orImpl.java:194)
	at org.hibernate.boot.
model.process.spi.Metad
ataBuildingProcess.comp
lete(MetadataBuildingPr
ocess.java:171)
	at org.hibernate.jpa.b
oot.internal.EntityMana
gerFactoryBuilderImpl.m
etadata(EntityManagerFa
ctoryBuilderImpl.java:1
442)
	at org.hibernate.jpa.b
oot.internal.EntityMana
gerFactoryBuilderImpl.b
uild(EntityManagerFacto
ryBuilderImpl.java:1513
)
	at org.springframework
.orm.jpa.vendor.SpringH
ibernateJpaPersistenceP
rovider.createContainer
EntityManagerFactory(Sp
ringHibernateJpaPersist
enceProvider.java:66)
	at org.springframework
.orm.jpa.LocalContainer
EntityManagerFactoryBea
n.createNativeEntityMan
agerFactory(LocalContai
nerEntityManagerFactory
Bean.java:388)
	at org.springframework
.orm.jpa.AbstractEntity
ManagerFactoryBean.buil
dNativeEntityManagerFac
tory(AbstractEntityMana
gerFactoryBean.java:419
)
	at org.springframework
.orm.jpa.AbstractEntity
ManagerFactoryBean.afte
rPropertiesSet(Abstract
EntityManagerFactoryBea
n.java:400)
	at org.springframework
.orm.jpa.LocalContainer
EntityManagerFactoryBea
n.afterPropertiesSet(Lo
calContainerEntityManag
erFactoryBean.java:364)
	at org.springframework
.beans.factory.support.
AbstractAutowireCapable
BeanFactory.invokeInitM
ethods(AbstractAutowire
CapableBeanFactory.java
:1873)
	at org.springframework
.beans.factory.support.
AbstractAutowireCapable
BeanFactory.initializeB
ean(AbstractAutowireCap
ableBeanFactory.java:18
22)
	at org.springframework
.beans.factory.support.
AbstractAutowireCapable
BeanFactory.doCreateBea
n(AbstractAutowireCapab
leBeanFactory.java:607)
	at org.springframework
.beans.factory.support.
AbstractAutowireCapable
BeanFactory.createBean(
AbstractAutowireCapable
BeanFactory.java:529)
	at org.springframework
.beans.factory.support.
AbstractBeanFactory.lam
bda$doGetBean$0(Abstrac
tBeanFactory.java:339)
	at org.springframework
.beans.factory.support.
DefaultSingletonBeanReg
istry.getSingleton(Defa
ultSingletonBeanRegistr
y.java:373)
	at org.springframework
.beans.factory.support.
AbstractBeanFactory.doG
etBean(AbstractBeanFact
ory.java:337)
	at org.springframework
.beans.factory.support.
AbstractBeanFactory.get
Bean(AbstractBeanFactor
y.java:207)
	at org.springframework
.context.support.Abstra
ctApplicationContext.fi
nishBeanFactoryInitiali
zation(AbstractApplicat
ionContext.java:974)
	at org.springframework
.context.support.Abstra
ctApplicationContext.re
fresh(AbstractApplicati
onContext.java:628)
	at org.springframework
.boot.SpringApplication
.refresh(SpringApplicat
ion.java:752)
	at org.springframework
.boot.SpringApplication
.refreshContext(SpringA
pplication.java:439)
	at org.springframework
.boot.SpringApplication
.run(SpringApplication.
java:318)
	at org.springframework
.boot.test.context.Spri
ngBootContextLoader.lam
bda$loadContext$3(Sprin
gBootContextLoader.java
:152)
	at org.springframework
.util.function.Throwing
Supplier.get(ThrowingSu
pplier.java:58)
	at org.springframework
.util.function.Throwing
Supplier.get(ThrowingSu
pplier.java:46)
	at org.springframework
.boot.SpringApplication
.withHook(SpringApplica
tion.java:1461)
	at org.springframework
.boot.test.context.Spri
ngBootContextLoader$Con
textLoaderHook.run(Spri
ngBootContextLoader.jav
a:595)
	at org.springframework
.boot.test.context.Spri
ngBootContextLoader.loa
dContext(SpringBootCont
extLoader.java:152)
	at org.springframework
.boot.test.context.Spri
ngBootContextLoader.loa
dContext(SpringBootCont
extLoader.java:111)
	at org.springframework
.test.context.cache.Def
aultCacheAwareContextLo
aderDelegate.loadContex
tInternal(DefaultCacheA
wareContextLoaderDelega
te.java:225)
	at org.springframework
.test.context.cache.Def
aultCacheAwareContextLo
aderDelegate.loadContex
t(DefaultCacheAwareCont
extLoaderDelegate.java:
152)
	at org.springframework
.test.context.support.D
efaultTestContext.getAp
plicationContext(Defaul
tTestContext.java:130)
	at org.springframework
.test.context.support.D
ependencyInjectionTestE
xecutionListener.inject
Dependencies(Dependency
InjectionTestExecutionL
istener.java:155)
	at org.springframework
.test.context.support.D
ependencyInjectionTestE
xecutionListener.prepar
eTestInstance(Dependenc
yInjectionTestExecution
Listener.java:111)
	at org.springframework
.test.context.TestConte
xtManager.prepareTestIn
stance(TestContextManag
er.java:260)
	at org.springframework
.test.context.junit4.Sp
ringJUnit4ClassRunner.c
reateTest(SpringJUnit4C
lassRunner.java:228)
	at org.springframework
.test.context.junit4.Sp
ringJUnit4ClassRunner$1
.runReflectiveCall(Spri
ngJUnit4ClassRunner.jav
a:289)
	at org.junit.internal.
runners.model.Reflectiv
eCallable.run(Reflectiv
eCallable.java:12)
	at org.springframework
.test.context.junit4.Sp
ringJUnit4ClassRunner.m
ethodBlock(SpringJUnit4
ClassRunner.java:291)
	at org.springframework
.test.context.junit4.Sp
ringJUnit4ClassRunner.r
unChild(SpringJUnit4Cla
ssRunner.java:247)
	at org.springframework
.test.context.junit4.Sp
ringJUnit4ClassRunner.r
unChild(SpringJUnit4Cla
ssRunner.java:97)
	at org.junit.runners.P
arentRunner$4.run(Paren
tRunner.java:331)
	at org.junit.runners.P
arentRunner$1.schedule(
ParentRunner.java:79)
	at org.junit.runners.P
arentRunner.runChildren
(ParentRunner.java:329)
	at org.junit.runners.P
arentRunner.access$100(
ParentRunner.java:66)
	at org.junit.runners.P
arentRunner$2.evaluate(
ParentRunner.java:293)
	at org.springframework
.test.context.junit4.st
atements.RunBeforeTestC
lassCallbacks.evaluate(
RunBeforeTestClassCallb
acks.java:61)
	at org.springframework
.test.context.junit4.st
atements.RunAfterTestCl
assCallbacks.evaluate(R
unAfterTestClassCallbac
ks.java:70)
	at org.junit.runners.P
arentRunner$3.evaluate(
ParentRunner.java:306)
	at org.junit.runners.P
arentRunner.run(ParentR
unner.java:413)
	at org.springframework
.test.context.junit4.Sp
ringJUnit4ClassRunner.r
un(SpringJUnit4ClassRun
ner.java:191)
	at org.junit.runner.JU
nitCore.run(JUnitCore.j
ava:137)
	at org.junit.runner.JU
nitCore.run(JUnitCore.j
ava:115)
	at org.junit.vintage.e
ngine.execution.RunnerE
xecutor.execute(RunnerE
xecutor.java:42)
	at org.junit.vintage.e
ngine.execution.Vintage
Executor.executeClasses
AndMethodsSequentially(
VintageExecutor.java:93
)
	at org.junit.vintage.e
ngine.execution.Vintage
Executor.executeAllChil
dren(VintageExecutor.ja
va:73)
	at org.junit.vintage.e
ngine.VintageTestEngine
.execute(VintageTestEng
ine.java:70)
	at org.junit.platform.
launcher.core.EngineExe
cutionOrchestrator.exec
ute(EngineExecutionOrch
estrator.java:201)
	at org.junit.platform.
launcher.core.EngineExe
cutionOrchestrator.exec
ute(EngineExecutionOrch
estrator.java:170)
	at org.junit.platform.
launcher.core.EngineExe
cutionOrchestrator.exec
ute(EngineExecutionOrch
estrator.java:94)
	at org.junit.platform.
launcher.core.EngineExe
cutionOrchestrator.lamb
da$execute$0(EngineExec
utionOrchestrator.java:
59)
	at org.junit.platform.
launcher.core.EngineExe
cutionOrchestrator.with
InterceptedStreams(Engi
neExecutionOrchestrator
.java:142)
	at org.junit.platform.
launcher.core.EngineExe
cutionOrchestrator.exec
ute(EngineExecutionOrch
estrator.java:58)
	at org.junit.platform.
launcher.core.DefaultLa
uncher.execute(DefaultL
auncher.java:103)
	at org.junit.platform.
launcher.core.DefaultLa
uncher.execute(DefaultL
auncher.java:85)
	at org.junit.platform.
launcher.core.Delegatin
gLauncher.execute(Deleg
atingLauncher.java:47)
	at org.junit.platform.
launcher.core.Intercept
ingLauncher.lambda$exec
ute$1(InterceptingLaunc
her.java:39)
	at org.junit.platform.
launcher.core.Classpath
AlignmentCheckingLaunch
erInterceptor.intercept
(ClasspathAlignmentChec
kingLauncherInterceptor
.java:25)
	at org.junit.platform.
launcher.core.Intercept
ingLauncher.execute(Int
erceptingLauncher.java:
38)
	at org.junit.platform.
launcher.core.Delegatin
gLauncher.execute(Deleg
atingLauncher.java:47)
	at org.apache.maven.su
refire.junitplatform.La
uncherAdapter.executeWi
thoutCancellationToken(
LauncherAdapter.java:60
)
	at org.apache.maven.su
refire.junitplatform.La
uncherAdapter.execute(L
auncherAdapter.java:52)
	at org.apache.maven.su
refire.junitplatform.JU
nitPlatformProvider.exe
cute(JUnitPlatformProvi
der.java:203)
	at org.apache.maven.su
refire.junitplatform.JU
nitPlatformProvider.inv
okeAllTests(JUnitPlatfo
rmProvider.java:168)
	at org.apache.maven.su
refire.junitplatform.JU
nitPlatformProvider.inv
oke(JUnitPlatformProvid
er.java:136)
	at org.apache.maven.su
refire.booter.ForkedBoo
ter.runSuitesInProcess(
ForkedBooter.java:385)
	at org.apache.maven.su
refire.booter.ForkedBoo
ter.execute(ForkedBoote
r.java:162)
	at org.apache.maven.su
refire.booter.ForkedBoo
ter.run(ForkedBooter.ja
va:507)
	at org.apache.maven.su
refire.booter.ForkedBoo
ter.main(ForkedBooter.j
ava:495)
Caused by: 
java.io.IOException: 
Error while 
instrumenting java/sql/
DatabaseMetaData with 
JaCoCo 0.8.11.202310140
853/f33756c.
	at org.jacoco.agent.rt
.internal_4742761.core.
instr.Instrumenter.inst
rumentError(Instrumente
r.java:161)
	at org.jacoco.agent.rt
.internal_4742761.core.
instr.Instrumenter.inst
rument(Instrumenter.jav
a:111)
	at org.jacoco.agent.rt
.internal_4742761.Cover
ageTransformer.transfor
m(CoverageTransformer.j
ava:92)
	... 138 more
Caused by: java.lang.Il
legalArgumentException:
 Unsupported class 
file major version 68
	at org.jacoco.agent.rt
.internal_4742761.asm.C
lassReader.<init>(Class
Reader.java:200)
	at org.jacoco.agent.rt
.internal_4742761.asm.C
lassReader.<init>(Class
Reader.java:180)
	at org.jacoco.agent.rt
.internal_4742761.asm.C
lassReader.<init>(Class
Reader.java:166)
	at org.jacoco.agent.rt
.internal_4742761.core.
internal.instr.InstrSup
port.classReaderFor(Ins
trSupport.java:280)
	at org.jacoco.agent.rt
.internal_4742761.core.
instr.Instrumenter.inst
rument(Instrumenter.jav
a:77)
	at org.jacoco.agent.rt
.internal_4742761.core.
instr.Instrumenter.inst
rument(Instrumenter.jav
a:109)
	... 139 more
java.lang.instrument.Il
legalClassFormatExcepti
on: Error while 
instrumenting 
java/sql/ResultSet 
with JaCoCo 0.8.11.2023
10140853/f33756c.
	at org.jacoco.agent.rt
.internal_4742761.Cover
ageTransformer.transfor
m(CoverageTransformer.j
ava:94)
	at java.instrument/jav
a.lang.instrument.Class
FileTransformer.transfo
rm(ClassFileTransformer
.java:257)
	at java.instrument/sun
.instrument.Transformer
Manager.transform(Trans
formerManager.java:188)
	at java.instrument/sun
.instrument.Instrumenta
tionImpl.transform(Inst
rumentationImpl.java:59
4)
	at java.base/java.lang
.ClassLoader.defineClas
s2(Native Method)
	at java.base/java.lang
.ClassLoader.defineClas
s(ClassLoader.java:1052
)
	at java.base/java.secu
rity.SecureClassLoader.
defineClass(SecureClass
Loader.java:164)
	at java.base/jdk.inter
nal.loader.BuiltinClass
Loader.defineClass(Buil
tinClassLoader.java:735
)
	at java.base/jdk.inter
nal.loader.BuiltinClass
Loader.findClassInModul
eOrNull(BuiltinClassLoa
der.java:678)
	at java.base/jdk.inter
nal.loader.BuiltinClass
Loader.loadClassOrNull(
BuiltinClassLoader.java
:604)
	at java.base/jdk.inter
nal.loader.BuiltinClass
Loader.loadClassOrNull(
BuiltinClassLoader.java
:639)
	at java.base/jdk.inter
nal.loader.BuiltinClass
Loader.loadClassOrNull(
BuiltinClassLoader.java
:608)
	at java.base/jdk.inter
nal.loader.BuiltinClass
Loader.loadClass(Builti
nClassLoader.java:578)
	at java.base/java.lang
.ClassLoader.loadClass(
ClassLoader.java:490)
	at oracle.jdbc.driver.
T4CDriverExtension.getC
onnection(T4CDriverExte
nsion.java:63)
	at oracle.jdbc.driver.
OracleDriver.connect(Or
acleDriver.java:887)
	at oracle.jdbc.driver.
OracleDriver.connect(Or
acleDriver.java:694)
	at com.zaxxer.hikari.u
til.DriverDataSource.ge
tConnection(DriverDataS
ource.java:144)
	at com.zaxxer.hikari.p
ool.PoolBase.newConnect
ion(PoolBase.java:370)
	at com.zaxxer.hikari.p
ool.PoolBase.newPoolEnt
ry(PoolBase.java:207)
	at com.zaxxer.hikari.p
ool.HikariPool.createPo
olEntry(HikariPool.java
:488)
	at com.zaxxer.hikari.p
ool.HikariPool.checkFai
lFast(HikariPool.java:5
76)
	at com.zaxxer.hikari.p
ool.HikariPool.<init>(H
ikariPool.java:97)
	at com.zaxxer.hikari.H
ikariDataSource.getConn
ection(HikariDataSource
.java:111)
	at org.hibernate.engin
e.jdbc.connections.inte
rnal.DatasourceConnecti
onProviderImpl.getConne
ction(DatasourceConnect
ionProviderImpl.java:12
6)
	at org.hibernate.engin
e.jdbc.env.internal.Jdb
cEnvironmentInitiator$C
onnectionProviderJdbcCo
nnectionAccess.obtainCo
nnection(JdbcEnvironmen
tInitiator.java:485)
	at org.hibernate.resou
rce.transaction.backend
.jdbc.internal.JdbcIsol
ationDelegate.delegateW
ork(JdbcIsolationDelega
te.java:61)
	at org.hibernate.engin
e.jdbc.env.internal.Jdb
cEnvironmentInitiator.g
etJdbcEnvironmentUsingJ
dbcMetadata(JdbcEnviron
mentInitiator.java:334)
	at org.hibernate.engin
e.jdbc.env.internal.Jdb
cEnvironmentInitiator.i
nitiateService(JdbcEnvi
ronmentInitiator.java:1
29)
	at org.hibernate.engin
e.jdbc.env.internal.Jdb
cEnvironmentInitiator.i
nitiateService(JdbcEnvi
ronmentInitiator.java:8
1)
	at org.hibernate.boot.
registry.internal.Stand
ardServiceRegistryImpl.
initiateService(Standar
dServiceRegistryImpl.ja
va:130)
	at org.hibernate.servi
ce.internal.AbstractSer
viceRegistryImpl.create
Service(AbstractService
RegistryImpl.java:263)
	at org.hibernate.servi
ce.internal.AbstractSer
viceRegistryImpl.initia
lizeService(AbstractSer
viceRegistryImpl.java:2
38)
	at org.hibernate.servi
ce.internal.AbstractSer
viceRegistryImpl.getSer
vice(AbstractServiceReg
istryImpl.java:215)
	at org.hibernate.boot.
model.relational.Databa
se.<init>(Database.java
:45)
	at org.hibernate.boot.
internal.InFlightMetada
taCollectorImpl.getData
base(InFlightMetadataCo
llectorImpl.java:226)
	at org.hibernate.boot.
internal.InFlightMetada
taCollectorImpl.<init>(
InFlightMetadataCollect
orImpl.java:194)
	at org.hibernate.boot.
model.process.spi.Metad
ataBuildingProcess.comp
lete(MetadataBuildingPr
ocess.java:171)
	at org.hibernate.jpa.b
oot.internal.EntityMana
gerFactoryBuilderImpl.m
etadata(EntityManagerFa
ctoryBuilderImpl.java:1
442)
	at org.hibernate.jpa.b
oot.internal.EntityMana
gerFactoryBuilderImpl.b
uild(EntityManagerFacto
ryBuilderImpl.java:1513
)
	at org.springframework
.orm.jpa.vendor.SpringH
ibernateJpaPersistenceP
rovider.createContainer
EntityManagerFactory(Sp
ringHibernateJpaPersist
enceProvider.java:66)
	at org.springframework
.orm.jpa.LocalContainer
EntityManagerFactoryBea
n.createNativeEntityMan
agerFactory(LocalContai
nerEntityManagerFactory
Bean.java:388)
	at org.springframework
.orm.jpa.AbstractEntity
ManagerFactoryBean.buil
dNativeEntityManagerFac
tory(AbstractEntityMana
gerFactoryBean.java:419
)
	at org.springframework
.orm.jpa.AbstractEntity
ManagerFactoryBean.afte
rPropertiesSet(Abstract
EntityManagerFactoryBea
n.java:400)
	at org.springframework
.orm.jpa.LocalContainer
EntityManagerFactoryBea
n.afterPropertiesSet(Lo
calContainerEntityManag
erFactoryBean.java:364)
	at org.springframework
.beans.factory.support.
AbstractAutowireCapable
BeanFactory.invokeInitM
ethods(AbstractAutowire
CapableBeanFactory.java
:1873)
	at org.springframework
.beans.factory.support.
AbstractAutowireCapable
BeanFactory.initializeB
ean(AbstractAutowireCap
ableBeanFactory.java:18
22)
	at org.springframework
.beans.factory.support.
AbstractAutowireCapable
BeanFactory.doCreateBea
n(AbstractAutowireCapab
leBeanFactory.java:607)
	at org.springframework
.beans.factory.support.
AbstractAutowireCapable
BeanFactory.createBean(
AbstractAutowireCapable
BeanFactory.java:529)
	at org.springframework
.beans.factory.support.
AbstractBeanFactory.lam
bda$doGetBean$0(Abstrac
tBeanFactory.java:339)
	at org.springframework
.beans.factory.support.
DefaultSingletonBeanReg
istry.getSingleton(Defa
ultSingletonBeanRegistr
y.java:373)
	at org.springframework
.beans.factory.support.
AbstractBeanFactory.doG
etBean(AbstractBeanFact
ory.java:337)
	at org.springframework
.beans.factory.support.
AbstractBeanFactory.get
Bean(AbstractBeanFactor
y.java:207)
	at org.springframework
.context.support.Abstra
ctApplicationContext.fi
nishBeanFactoryInitiali
zation(AbstractApplicat
ionContext.java:974)
	at org.springframework
.context.support.Abstra
ctApplicationContext.re
fresh(AbstractApplicati
onContext.java:628)
	at org.springframework
.boot.SpringApplication
.refresh(SpringApplicat
ion.java:752)
	at org.springframework
.boot.SpringApplication
.refreshContext(SpringA
pplication.java:439)
	at org.springframework
.boot.SpringApplication
.run(SpringApplication.
java:318)
	at org.springframework
.boot.test.context.Spri
ngBootContextLoader.lam
bda$loadContext$3(Sprin
gBootContextLoader.java
:152)
	at org.springframework
.util.function.Throwing
Supplier.get(ThrowingSu
pplier.java:58)
	at org.springframework
.util.function.Throwing
Supplier.get(ThrowingSu
pplier.java:46)
	at org.springframework
.boot.SpringApplication
.withHook(SpringApplica
tion.java:1461)
	at org.springframework
.boot.test.context.Spri
ngBootContextLoader$Con
textLoaderHook.run(Spri
ngBootContextLoader.jav
a:595)
	at org.springframework
.boot.test.context.Spri
ngBootContextLoader.loa
dContext(SpringBootCont
extLoader.java:152)
	at org.springframework
.boot.test.context.Spri
ngBootContextLoader.loa
dContext(SpringBootCont
extLoader.java:111)
	at org.springframework
.test.context.cache.Def
aultCacheAwareContextLo
aderDelegate.loadContex
tInternal(DefaultCacheA
wareContextLoaderDelega
te.java:225)
	at org.springframework
.test.context.cache.Def
aultCacheAwareContextLo
aderDelegate.loadContex
t(DefaultCacheAwareCont
extLoaderDelegate.java:
152)
	at org.springframework
.test.context.support.D
efaultTestContext.getAp
plicationContext(Defaul
tTestContext.java:130)
	at org.springframework
.test.context.support.D
ependencyInjectionTestE
xecutionListener.inject
Dependencies(Dependency
InjectionTestExecutionL
istener.java:155)
	at org.springframework
.test.context.support.D
ependencyInjectionTestE
xecutionListener.prepar
eTestInstance(Dependenc
yInjectionTestExecution
Listener.java:111)
	at org.springframework
.test.context.TestConte
xtManager.prepareTestIn
stance(TestContextManag
er.java:260)
	at org.springframework
.test.context.junit4.Sp
ringJUnit4ClassRunner.c
reateTest(SpringJUnit4C
lassRunner.java:228)
	at org.springframework
.test.context.junit4.Sp
ringJUnit4ClassRunner$1
.runReflectiveCall(Spri
ngJUnit4ClassRunner.jav
a:289)
	at org.junit.internal.
runners.model.Reflectiv
eCallable.run(Reflectiv
eCallable.java:12)
	at org.springframework
.test.context.junit4.Sp
ringJUnit4ClassRunner.m
ethodBlock(SpringJUnit4
ClassRunner.java:291)
	at org.springframework
.test.context.junit4.Sp
ringJUnit4ClassRunner.r
unChild(SpringJUnit4Cla
ssRunner.java:247)
	at org.springframework
.test.context.junit4.Sp
ringJUnit4ClassRunner.r
unChild(SpringJUnit4Cla
ssRunner.java:97)
	at org.junit.runners.P
arentRunner$4.run(Paren
tRunner.java:331)
	at org.junit.runners.P
arentRunner$1.schedule(
ParentRunner.java:79)
	at org.junit.runners.P
arentRunner.runChildren
(ParentRunner.java:329)
	at org.junit.runners.P
arentRunner.access$100(
ParentRunner.java:66)
	at org.junit.runners.P
arentRunner$2.evaluate(
ParentRunner.java:293)
	at org.springframework
.test.context.junit4.st
atements.RunBeforeTestC
lassCallbacks.evaluate(
RunBeforeTestClassCallb
acks.java:61)
	at org.springframework
.test.context.junit4.st
atements.RunAfterTestCl
assCallbacks.evaluate(R
unAfterTestClassCallbac
ks.java:70)
	at org.junit.runners.P
arentRunner$3.evaluate(
ParentRunner.java:306)
	at org.junit.runners.P
arentRunner.run(ParentR
unner.java:413)
	at org.springframework
.test.context.junit4.Sp
ringJUnit4ClassRunner.r
un(SpringJUnit4ClassRun
ner.java:191)
	at org.junit.runner.JU
nitCore.run(JUnitCore.j
ava:137)
	at org.junit.runner.JU
nitCore.run(JUnitCore.j
ava:115)
	at org.junit.vintage.e
ngine.execution.RunnerE
xecutor.execute(RunnerE
xecutor.java:42)
	at org.junit.vintage.e
ngine.execution.Vintage
Executor.executeClasses
AndMethodsSequentially(
VintageExecutor.java:93
)
	at org.junit.vintage.e
ngine.execution.Vintage
Executor.executeAllChil
dren(VintageExecutor.ja
va:73)
	at org.junit.vintage.e
ngine.VintageTestEngine
.execute(VintageTestEng
ine.java:70)
	at org.junit.platform.
launcher.core.EngineExe
cutionOrchestrator.exec
ute(EngineExecutionOrch
estrator.java:201)
	at org.junit.platform.
launcher.core.EngineExe
cutionOrchestrator.exec
ute(EngineExecutionOrch
estrator.java:170)
	at org.junit.platform.
launcher.core.EngineExe
cutionOrchestrator.exec
ute(EngineExecutionOrch
estrator.java:94)
	at org.junit.platform.
launcher.core.EngineExe
cutionOrchestrator.lamb
da$execute$0(EngineExec
utionOrchestrator.java:
59)
	at org.junit.platform.
launcher.core.EngineExe
cutionOrchestrator.with
InterceptedStreams(Engi
neExecutionOrchestrator
.java:142)
	at org.junit.platform.
launcher.core.EngineExe
cutionOrchestrator.exec
ute(EngineExecutionOrch
estrator.java:58)
	at org.junit.platform.
launcher.core.DefaultLa
uncher.execute(DefaultL
auncher.java:103)
	at org.junit.platform.
launcher.core.DefaultLa
uncher.execute(DefaultL
auncher.java:85)
	at org.junit.platform.
launcher.core.Delegatin
gLauncher.execute(Deleg
atingLauncher.java:47)
	at org.junit.platform.
launcher.core.Intercept
ingLauncher.lambda$exec
ute$1(InterceptingLaunc
her.java:39)
	at org.junit.platform.
launcher.core.Classpath
AlignmentCheckingLaunch
erInterceptor.intercept
(ClasspathAlignmentChec
kingLauncherInterceptor
.java:25)
	at org.junit.platform.
launcher.core.Intercept
ingLauncher.execute(Int
erceptingLauncher.java:
38)
	at org.junit.platform.
launcher.core.Delegatin
gLauncher.execute(Deleg
atingLauncher.java:47)
	at org.apache.maven.su
refire.junitplatform.La
uncherAdapter.executeWi
thoutCancellationToken(
LauncherAdapter.java:60
)
	at org.apache.maven.su
refire.junitplatform.La
uncherAdapter.execute(L
auncherAdapter.java:52)
	at org.apache.maven.su
refire.junitplatform.JU
nitPlatformProvider.exe
cute(JUnitPlatformProvi
der.java:203)
	at org.apache.maven.su
refire.junitplatform.JU
nitPlatformProvider.inv
okeAllTests(JUnitPlatfo
rmProvider.java:168)
	at org.apache.maven.su
refire.junitplatform.JU
nitPlatformProvider.inv
oke(JUnitPlatformProvid
er.java:136)
	at org.apache.maven.su
refire.booter.ForkedBoo
ter.runSuitesInProcess(
ForkedBooter.java:385)
	at org.apache.maven.su
refire.booter.ForkedBoo
ter.execute(ForkedBoote
r.java:162)
	at org.apache.maven.su
refire.booter.ForkedBoo
ter.run(ForkedBooter.ja
va:507)
	at org.apache.maven.su
refire.booter.ForkedBoo
ter.main(ForkedBooter.j
ava:495)
Caused by: 
java.io.IOException: 
Error while 
instrumenting 
java/sql/ResultSet 
with JaCoCo 0.8.11.2023
10140853/f33756c.
	at org.jacoco.agent.rt
.internal_4742761.core.
instr.Instrumenter.inst
rumentError(Instrumente
r.java:161)
	at org.jacoco.agent.rt
.internal_4742761.core.
instr.Instrumenter.inst
rument(Instrumenter.jav
a:111)
	at org.jacoco.agent.rt
.internal_4742761.Cover
ageTransformer.transfor
m(CoverageTransformer.j
ava:92)
	... 114 more
Caused by: java.lang.Il
legalArgumentException:
 Unsupported class 
file major version 68
	at org.jacoco.agent.rt
.internal_4742761.asm.C
lassReader.<init>(Class
Reader.java:200)
	at org.jacoco.agent.rt
.internal_4742761.asm.C
lassReader.<init>(Class
Reader.java:180)
	at org.jacoco.agent.rt
.internal_4742761.asm.C
lassReader.<init>(Class
Reader.java:166)
	at org.jacoco.agent.rt
.internal_4742761.core.
internal.instr.InstrSup
port.classReaderFor(Ins
trSupport.java:280)
	at org.jacoco.agent.rt
.internal_4742761.core.
instr.Instrumenter.inst
rument(Instrumenter.jav
a:77)
	at org.jacoco.agent.rt
.internal_4742761.core.
instr.Instrumenter.inst
rument(Instrumenter.jav
a:109)
	... 115 more
java.lang.instrument.Il
legalClassFormatExcepti
on: Error while 
instrumenting java/sql/
ResultSetMetaData with 
JaCoCo 0.8.11.202310140
853/f33756c.
	at org.jacoco.agent.rt
.internal_4742761.Cover
ageTransformer.transfor
m(CoverageTransformer.j
ava:94)
	at java.instrument/jav
a.lang.instrument.Class
FileTransformer.transfo
rm(ClassFileTransformer
.java:257)
	at java.instrument/sun
.instrument.Transformer
Manager.transform(Trans
formerManager.java:188)
	at java.instrument/sun
.instrument.Instrumenta
tionImpl.transform(Inst
rumentationImpl.java:59
4)
	at java.base/java.lang
.ClassLoader.defineClas
s2(Native Method)
	at java.base/java.lang
.ClassLoader.defineClas
s(ClassLoader.java:1052
)
	at java.base/java.secu
rity.SecureClassLoader.
defineClass(SecureClass
Loader.java:164)
	at java.base/jdk.inter
nal.loader.BuiltinClass
Loader.defineClass(Buil
tinClassLoader.java:735
)
	at java.base/jdk.inter
nal.loader.BuiltinClass
Loader.findClassInModul
eOrNull(BuiltinClassLoa
der.java:678)
	at java.base/jdk.inter
nal.loader.BuiltinClass
Loader.loadClassOrNull(
BuiltinClassLoader.java
:604)
	at java.base/jdk.inter
nal.loader.BuiltinClass
Loader.loadClassOrNull(
BuiltinClassLoader.java
:639)
	at java.base/jdk.inter
nal.loader.BuiltinClass
Loader.loadClassOrNull(
BuiltinClassLoader.java
:608)
	at java.base/jdk.inter
nal.loader.BuiltinClass
Loader.loadClass(Builti
nClassLoader.java:578)
	at java.base/java.lang
.ClassLoader.loadClass(
ClassLoader.java:490)
	at oracle.jdbc.driver.
T4CDriverExtension.getC
onnection(T4CDriverExte
nsion.java:63)
	at oracle.jdbc.driver.
OracleDriver.connect(Or
acleDriver.java:887)
	at oracle.jdbc.driver.
OracleDriver.connect(Or
acleDriver.java:694)
	at com.zaxxer.hikari.u
til.DriverDataSource.ge
tConnection(DriverDataS
ource.java:144)
	at com.zaxxer.hikari.p
ool.PoolBase.newConnect
ion(PoolBase.java:370)
	at com.zaxxer.hikari.p
ool.PoolBase.newPoolEnt
ry(PoolBase.java:207)
	at com.zaxxer.hikari.p
ool.HikariPool.createPo
olEntry(HikariPool.java
:488)
	at com.zaxxer.hikari.p
ool.HikariPool.checkFai
lFast(HikariPool.java:5
76)
	at com.zaxxer.hikari.p
ool.HikariPool.<init>(H
ikariPool.java:97)
	at com.zaxxer.hikari.H
ikariDataSource.getConn
ection(HikariDataSource
.java:111)
	at org.hibernate.engin
e.jdbc.connections.inte
rnal.DatasourceConnecti
onProviderImpl.getConne
ction(DatasourceConnect
ionProviderImpl.java:12
6)
	at org.hibernate.engin
e.jdbc.env.internal.Jdb
cEnvironmentInitiator$C
onnectionProviderJdbcCo
nnectionAccess.obtainCo
nnection(JdbcEnvironmen
tInitiator.java:485)
	at org.hibernate.resou
rce.transaction.backend
.jdbc.internal.JdbcIsol
ationDelegate.delegateW
ork(JdbcIsolationDelega
te.java:61)
	at org.hibernate.engin
e.jdbc.env.internal.Jdb
cEnvironmentInitiator.g
etJdbcEnvironmentUsingJ
dbcMetadata(JdbcEnviron
mentInitiator.java:334)
	at org.hibernate.engin
e.jdbc.env.internal.Jdb
cEnvironmentInitiator.i
nitiateService(JdbcEnvi
ronmentInitiator.java:1
29)
	at org.hibernate.engin
e.jdbc.env.internal.Jdb
cEnvironmentInitiator.i
nitiateService(JdbcEnvi
ronmentInitiator.java:8
1)
	at org.hibernate.boot.
registry.internal.Stand
ardServiceRegistryImpl.
initiateService(Standar
dServiceRegistryImpl.ja
va:130)
	at org.hibernate.servi
ce.internal.AbstractSer
viceRegistryImpl.create
Service(AbstractService
RegistryImpl.java:263)
	at org.hibernate.servi
ce.internal.AbstractSer
viceRegistryImpl.initia
lizeService(AbstractSer
viceRegistryImpl.java:2
38)
	at org.hibernate.servi
ce.internal.AbstractSer
viceRegistryImpl.getSer
vice(AbstractServiceReg
istryImpl.java:215)
	at org.hibernate.boot.
model.relational.Databa
se.<init>(Database.java
:45)
	at org.hibernate.boot.
internal.InFlightMetada
taCollectorImpl.getData
base(InFlightMetadataCo
llectorImpl.java:226)
	at org.hibernate.boot.
internal.InFlightMetada
taCollectorImpl.<init>(
InFlightMetadataCollect
orImpl.java:194)
	at org.hibernate.boot.
model.process.spi.Metad
ataBuildingProcess.comp
lete(MetadataBuildingPr
ocess.java:171)
	at org.hibernate.jpa.b
oot.internal.EntityMana
gerFactoryBuilderImpl.m
etadata(EntityManagerFa
ctoryBuilderImpl.java:1
442)
	at org.hibernate.jpa.b
oot.internal.EntityMana
gerFactoryBuilderImpl.b
uild(EntityManagerFacto
ryBuilderImpl.java:1513
)
	at org.springframework
.orm.jpa.vendor.SpringH
ibernateJpaPersistenceP
rovider.createContainer
EntityManagerFactory(Sp
ringHibernateJpaPersist
enceProvider.java:66)
	at org.springframework
.orm.jpa.LocalContainer
EntityManagerFactoryBea
n.createNativeEntityMan
agerFactory(LocalContai
nerEntityManagerFactory
Bean.java:388)
	at org.springframework
.orm.jpa.AbstractEntity
ManagerFactoryBean.buil
dNativeEntityManagerFac
tory(AbstractEntityMana
gerFactoryBean.java:419
)
	at org.springframework
.orm.jpa.AbstractEntity
ManagerFactoryBean.afte
rPropertiesSet(Abstract
EntityManagerFactoryBea
n.java:400)
	at org.springframework
.orm.jpa.LocalContainer
EntityManagerFactoryBea
n.afterPropertiesSet(Lo
calContainerEntityManag
erFactoryBean.java:364)
	at org.springframework
.beans.factory.support.
AbstractAutowireCapable
BeanFactory.invokeInitM
ethods(AbstractAutowire
CapableBeanFactory.java
:1873)
	at org.springframework
.beans.factory.support.
AbstractAutowireCapable
BeanFactory.initializeB
ean(AbstractAutowireCap
ableBeanFactory.java:18
22)
	at org.springframework
.beans.factory.support.
AbstractAutowireCapable
BeanFactory.doCreateBea
n(AbstractAutowireCapab
leBeanFactory.java:607)
	at org.springframework
.beans.factory.support.
AbstractAutowireCapable
BeanFactory.createBean(
AbstractAutowireCapable
BeanFactory.java:529)
	at org.springframework
.beans.factory.support.
AbstractBeanFactory.lam
bda$doGetBean$0(Abstrac
tBeanFactory.java:339)
	at org.springframework
.beans.factory.support.
DefaultSingletonBeanReg
istry.getSingleton(Defa
ultSingletonBeanRegistr
y.java:373)
	at org.springframework
.beans.factory.support.
AbstractBeanFactory.doG
etBean(AbstractBeanFact
ory.java:337)
	at org.springframework
.beans.factory.support.
AbstractBeanFactory.get
Bean(AbstractBeanFactor
y.java:207)
	at org.springframework
.context.support.Abstra
ctApplicationContext.fi
nishBeanFactoryInitiali
zation(AbstractApplicat
ionContext.java:974)
	at org.springframework
.context.support.Abstra
ctApplicationContext.re
fresh(AbstractApplicati
onContext.java:628)
	at org.springframework
.boot.SpringApplication
.refresh(SpringApplicat
ion.java:752)
	at org.springframework
.boot.SpringApplication
.refreshContext(SpringA
pplication.java:439)
	at org.springframework
.boot.SpringApplication
.run(SpringApplication.
java:318)
	at org.springframework
.boot.test.context.Spri
ngBootContextLoader.lam
bda$loadContext$3(Sprin
gBootContextLoader.java
:152)
	at org.springframework
.util.function.Throwing
Supplier.get(ThrowingSu
pplier.java:58)
	at org.springframework
.util.function.Throwing
Supplier.get(ThrowingSu
pplier.java:46)
	at org.springframework
.boot.SpringApplication
.withHook(SpringApplica
tion.java:1461)
	at org.springframework
.boot.test.context.Spri
ngBootContextLoader$Con
textLoaderHook.run(Spri
ngBootContextLoader.jav
a:595)
	at org.springframework
.boot.test.context.Spri
ngBootContextLoader.loa
dContext(SpringBootCont
extLoader.java:152)
	at org.springframework
.boot.test.context.Spri
ngBootContextLoader.loa
dContext(SpringBootCont
extLoader.java:111)
	at org.springframework
.test.context.cache.Def
aultCacheAwareContextLo
aderDelegate.loadContex
tInternal(DefaultCacheA
wareContextLoaderDelega
te.java:225)
	at org.springframework
.test.context.cache.Def
aultCacheAwareContextLo
aderDelegate.loadContex
t(DefaultCacheAwareCont
extLoaderDelegate.java:
152)
	at org.springframework
.test.context.support.D
efaultTestContext.getAp
plicationContext(Defaul
tTestContext.java:130)
	at org.springframework
.test.context.support.D
ependencyInjectionTestE
xecutionListener.inject
Dependencies(Dependency
InjectionTestExecutionL
istener.java:155)
	at org.springframework
.test.context.support.D
ependencyInjectionTestE
xecutionListener.prepar
eTestInstance(Dependenc
yInjectionTestExecution
Listener.java:111)
	at org.springframework
.test.context.TestConte
xtManager.prepareTestIn
stance(TestContextManag
er.java:260)
	at org.springframework
.test.context.junit4.Sp
ringJUnit4ClassRunner.c
reateTest(SpringJUnit4C
lassRunner.java:228)
	at org.springframework
.test.context.junit4.Sp
ringJUnit4ClassRunner$1
.runReflectiveCall(Spri
ngJUnit4ClassRunner.jav
a:289)
	at org.junit.internal.
runners.model.Reflectiv
eCallable.run(Reflectiv
eCallable.java:12)
	at org.springframework
.test.context.junit4.Sp
ringJUnit4ClassRunner.m
ethodBlock(SpringJUnit4
ClassRunner.java:291)
	at org.springframework
.test.context.junit4.Sp
ringJUnit4ClassRunner.r
unChild(SpringJUnit4Cla
ssRunner.java:247)
	at org.springframework
.test.context.junit4.Sp
ringJUnit4ClassRunner.r
unChild(SpringJUnit4Cla
ssRunner.java:97)
	at org.junit.runners.P
arentRunner$4.run(Paren
tRunner.java:331)
	at org.junit.runners.P
arentRunner$1.schedule(
ParentRunner.java:79)
	at org.junit.runners.P
arentRunner.runChildren
(ParentRunner.java:329)
	at org.junit.runners.P
arentRunner.access$100(
ParentRunner.java:66)
	at org.junit.runners.P
arentRunner$2.evaluate(
ParentRunner.java:293)
	at org.springframework
.test.context.junit4.st
atements.RunBeforeTestC
lassCallbacks.evaluate(
RunBeforeTestClassCallb
acks.java:61)
	at org.springframework
.test.context.junit4.st
atements.RunAfterTestCl
assCallbacks.evaluate(R
unAfterTestClassCallbac
ks.java:70)
	at org.junit.runners.P
arentRunner$3.evaluate(
ParentRunner.java:306)
	at org.junit.runners.P
arentRunner.run(ParentR
unner.java:413)
	at org.springframework
.test.context.junit4.Sp
ringJUnit4ClassRunner.r
un(SpringJUnit4ClassRun
ner.java:191)
	at org.junit.runner.JU
nitCore.run(JUnitCore.j
ava:137)
	at org.junit.runner.JU
nitCore.run(JUnitCore.j
ava:115)
	at org.junit.vintage.e
ngine.execution.RunnerE
xecutor.execute(RunnerE
xecutor.java:42)
	at org.junit.vintage.e
ngine.execution.Vintage
Executor.executeClasses
AndMethodsSequentially(
VintageExecutor.java:93
)
	at org.junit.vintage.e
ngine.execution.Vintage
Executor.executeAllChil
dren(VintageExecutor.ja
va:73)
	at org.junit.vintage.e
ngine.VintageTestEngine
.execute(VintageTestEng
ine.java:70)
	at org.junit.platform.
launcher.core.EngineExe
cutionOrchestrator.exec
ute(EngineExecutionOrch
estrator.java:201)
	at org.junit.platform.
launcher.core.EngineExe
cutionOrchestrator.exec
ute(EngineExecutionOrch
estrator.java:170)
	at org.junit.platform.
launcher.core.EngineExe
cutionOrchestrator.exec
ute(EngineExecutionOrch
estrator.java:94)
	at org.junit.platform.
launcher.core.EngineExe
cutionOrchestrator.lamb
da$execute$0(EngineExec
utionOrchestrator.java:
59)
	at org.junit.platform.
launcher.core.EngineExe
cutionOrchestrator.with
InterceptedStreams(Engi
neExecutionOrchestrator
.java:142)
	at org.junit.platform.
launcher.core.EngineExe
cutionOrchestrator.exec
ute(EngineExecutionOrch
estrator.java:58)
	at org.junit.platform.
launcher.core.DefaultLa
uncher.execute(DefaultL
auncher.java:103)
	at org.junit.platform.
launcher.core.DefaultLa
uncher.execute(DefaultL
auncher.java:85)
	at org.junit.platform.
launcher.core.Delegatin
gLauncher.execute(Deleg
atingLauncher.java:47)
	at org.junit.platform.
launcher.core.Intercept
ingLauncher.lambda$exec
ute$1(InterceptingLaunc
her.java:39)
	at org.junit.platform.
launcher.core.Classpath
AlignmentCheckingLaunch
erInterceptor.intercept
(ClasspathAlignmentChec
kingLauncherInterceptor
.java:25)
	at org.junit.platform.
launcher.core.Intercept
ingLauncher.execute(Int
erceptingLauncher.java:
38)
	at org.junit.platform.
launcher.core.Delegatin
gLauncher.execute(Deleg
atingLauncher.java:47)
	at org.apache.maven.su
refire.junitplatform.La
uncherAdapter.executeWi
thoutCancellationToken(
LauncherAdapter.java:60
)
	at org.apache.maven.su
refire.junitplatform.La
uncherAdapter.execute(L
auncherAdapter.java:52)
	at org.apache.maven.su
refire.junitplatform.JU
nitPlatformProvider.exe
cute(JUnitPlatformProvi
der.java:203)
	at org.apache.maven.su
refire.junitplatform.JU
nitPlatformProvider.inv
okeAllTests(JUnitPlatfo
rmProvider.java:168)
	at org.apache.maven.su
refire.junitplatform.JU
nitPlatformProvider.inv
oke(JUnitPlatformProvid
er.java:136)
	at org.apache.maven.su
refire.booter.ForkedBoo
ter.runSuitesInProcess(
ForkedBooter.java:385)
	at org.apache.maven.su
refire.booter.ForkedBoo
ter.execute(ForkedBoote
r.java:162)
	at org.apache.maven.su
refire.booter.ForkedBoo
ter.run(ForkedBooter.ja
va:507)
	at org.apache.maven.su
refire.booter.ForkedBoo
ter.main(ForkedBooter.j
ava:495)
Caused by: 
java.io.IOException: 
Error while 
instrumenting java/sql/
ResultSetMetaData with 
JaCoCo 0.8.11.202310140
853/f33756c.
	at org.jacoco.agent.rt
.internal_4742761.core.
instr.Instrumenter.inst
rumentError(Instrumente
r.java:161)
	at org.jacoco.agent.rt
.internal_4742761.core.
instr.Instrumenter.inst
rument(Instrumenter.jav
a:111)
	at org.jacoco.agent.rt
.internal_4742761.Cover
ageTransformer.transfor
m(CoverageTransformer.j
ava:92)
	... 114 more
Caused by: java.lang.Il
legalArgumentException:
 Unsupported class 
file major version 68
	at org.jacoco.agent.rt
.internal_4742761.asm.C
lassReader.<init>(Class
Reader.java:200)
	at org.jacoco.agent.rt
.internal_4742761.asm.C
lassReader.<init>(Class
Reader.java:180)
	at org.jacoco.agent.rt
.internal_4742761.asm.C
lassReader.<init>(Class
Reader.java:166)
	at org.jacoco.agent.rt
.internal_4742761.core.
internal.instr.InstrSup
port.classReaderFor(Ins
trSupport.java:280)
	at org.jacoco.agent.rt
.internal_4742761.core.
instr.Instrumenter.inst
rument(Instrumenter.jav
a:77)
	at org.jacoco.agent.rt
.internal_4742761.core.
instr.Instrumenter.inst
rument(Instrumenter.jav
a:109)
	... 115 more
java.lang.instrument.Il
legalClassFormatExcepti
on: Error while 
instrumenting org/ietf/
jgss/GSSException with 
JaCoCo 0.8.11.202310140
853/f33756c.
	at org.jacoco.agent.rt
.internal_4742761.Cover
ageTransformer.transfor
m(CoverageTransformer.j
ava:94)
	at java.instrument/jav
a.lang.instrument.Class
FileTransformer.transfo
rm(ClassFileTransformer
.java:257)
	at java.instrument/sun
.instrument.Transformer
Manager.transform(Trans
formerManager.java:188)
	at java.instrument/sun
.instrument.Instrumenta
tionImpl.transform(Inst
rumentationImpl.java:59
4)
	at java.base/java.lang
.ClassLoader.defineClas
s2(Native Method)
	at java.base/java.lang
.ClassLoader.defineClas
s(ClassLoader.java:1052
)
	at java.base/java.secu
rity.SecureClassLoader.
defineClass(SecureClass
Loader.java:164)
	at java.base/jdk.inter
nal.loader.BuiltinClass
Loader.defineClass(Buil
tinClassLoader.java:735
)
	at java.base/jdk.inter
nal.loader.BuiltinClass
Loader.findClassInModul
eOrNull(BuiltinClassLoa
der.java:678)
	at java.base/jdk.inter
nal.loader.BuiltinClass
Loader.loadClassOrNull(
BuiltinClassLoader.java
:604)
	at java.base/jdk.inter
nal.loader.BuiltinClass
Loader.loadClassOrNull(
BuiltinClassLoader.java
:639)
	at java.base/jdk.inter
nal.loader.BuiltinClass
Loader.loadClassOrNull(
BuiltinClassLoader.java
:608)
	at java.base/jdk.inter
nal.loader.BuiltinClass
Loader.loadClass(Builti
nClassLoader.java:578)
	at java.base/java.lang
.ClassLoader.loadClass(
ClassLoader.java:490)
	at java.base/java.lang
.Class.forName0(Native 
Method)
	at java.base/java.lang
.Class.forName(Class.ja
va:463)
	at java.base/java.lang
.Class.forName(Class.ja
va:454)
	at oracle.net.ano.Ano.
init(Ano.java:139)
	at oracle.net.ns.NSPro
tocol.configureSessionA
ttsAno(NSProtocol.java:
533)
	at oracle.net.ns.NSPro
tocol.connect(NSProtoco
l.java:351)
	at oracle.jdbc.driver.
T4CConnection.connectNe
tworkSessionProtocol(T4
CConnection.java:3684)
	at oracle.jdbc.driver.
T4CConnection.logon(T4C
Connection.java:1083)
	at oracle.jdbc.driver.
PhysicalConnection.conn
ect(PhysicalConnection.
java:1189)
	at oracle.jdbc.driver.
T4CDriverExtension.getC
onnection(T4CDriverExte
nsion.java:106)
	at oracle.jdbc.driver.
OracleDriver.connect(Or
acleDriver.java:887)
	at oracle.jdbc.driver.
OracleDriver.connect(Or
acleDriver.java:694)
	at com.zaxxer.hikari.u
til.DriverDataSource.ge
tConnection(DriverDataS
ource.java:144)
	at com.zaxxer.hikari.p
ool.PoolBase.newConnect
ion(PoolBase.java:370)
	at com.zaxxer.hikari.p
ool.PoolBase.newPoolEnt
ry(PoolBase.java:207)
	at com.zaxxer.hikari.p
ool.HikariPool.createPo
olEntry(HikariPool.java
:488)
	at com.zaxxer.hikari.p
ool.HikariPool.checkFai
lFast(HikariPool.java:5
76)
	at com.zaxxer.hikari.p
ool.HikariPool.<init>(H
ikariPool.java:97)
	at com.zaxxer.hikari.H
ikariDataSource.getConn
ection(HikariDataSource
.java:111)
	at org.hibernate.engin
e.jdbc.connections.inte
rnal.DatasourceConnecti
onProviderImpl.getConne
ction(DatasourceConnect
ionProviderImpl.java:12
6)
	at org.hibernate.engin
e.jdbc.env.internal.Jdb
cEnvironmentInitiator$C
onnectionProviderJdbcCo
nnectionAccess.obtainCo
nnection(JdbcEnvironmen
tInitiator.java:485)
	at org.hibernate.resou
rce.transaction.backend
.jdbc.internal.JdbcIsol
ationDelegate.delegateW
ork(JdbcIsolationDelega
te.java:61)
	at org.hibernate.engin
e.jdbc.env.internal.Jdb
cEnvironmentInitiator.g
etJdbcEnvironmentUsingJ
dbcMetadata(JdbcEnviron
mentInitiator.java:334)
	at org.hibernate.engin
e.jdbc.env.internal.Jdb
cEnvironmentInitiator.i
nitiateService(JdbcEnvi
ronmentInitiator.java:1
29)
	at org.hibernate.engin
e.jdbc.env.internal.Jdb
cEnvironmentInitiator.i
nitiateService(JdbcEnvi
ronmentInitiator.java:8
1)
	at org.hibernate.boot.
registry.internal.Stand
ardServiceRegistryImpl.
initiateService(Standar
dServiceRegistryImpl.ja
va:130)
	at org.hibernate.servi
ce.internal.AbstractSer
viceRegistryImpl.create
Service(AbstractService
RegistryImpl.java:263)
	at org.hibernate.servi
ce.internal.AbstractSer
viceRegistryImpl.initia
lizeService(AbstractSer
viceRegistryImpl.java:2
38)
	at org.hibernate.servi
ce.internal.AbstractSer
viceRegistryImpl.getSer
vice(AbstractServiceReg
istryImpl.java:215)
	at org.hibernate.boot.
model.relational.Databa
se.<init>(Database.java
:45)
	at org.hibernate.boot.
internal.InFlightMetada
taCollectorImpl.getData
base(InFlightMetadataCo
llectorImpl.java:226)
	at org.hibernate.boot.
internal.InFlightMetada
taCollectorImpl.<init>(
InFlightMetadataCollect
orImpl.java:194)
	at org.hibernate.boot.
model.process.spi.Metad
ataBuildingProcess.comp
lete(MetadataBuildingPr
ocess.java:171)
	at org.hibernate.jpa.b
oot.internal.EntityMana
gerFactoryBuilderImpl.m
etadata(EntityManagerFa
ctoryBuilderImpl.java:1
442)
	at org.hibernate.jpa.b
oot.internal.EntityMana
gerFactoryBuilderImpl.b
uild(EntityManagerFacto
ryBuilderImpl.java:1513
)
	at org.springframework
.orm.jpa.vendor.SpringH
ibernateJpaPersistenceP
rovider.createContainer
EntityManagerFactory(Sp
ringHibernateJpaPersist
enceProvider.java:66)
	at org.springframework
.orm.jpa.LocalContainer
EntityManagerFactoryBea
n.createNativeEntityMan
agerFactory(LocalContai
nerEntityManagerFactory
Bean.java:388)
	at org.springframework
.orm.jpa.AbstractEntity
ManagerFactoryBean.buil
dNativeEntityManagerFac
tory(AbstractEntityMana
gerFactoryBean.java:419
)
	at org.springframework
.orm.jpa.AbstractEntity
ManagerFactoryBean.afte
rPropertiesSet(Abstract
EntityManagerFactoryBea
n.java:400)
	at org.springframework
.orm.jpa.LocalContainer
EntityManagerFactoryBea
n.afterPropertiesSet(Lo
calContainerEntityManag
erFactoryBean.java:364)
	at org.springframework
.beans.factory.support.
AbstractAutowireCapable
BeanFactory.invokeInitM
ethods(AbstractAutowire
CapableBeanFactory.java
:1873)
	at org.springframework
.beans.factory.support.
AbstractAutowireCapable
BeanFactory.initializeB
ean(AbstractAutowireCap
ableBeanFactory.java:18
22)
	at org.springframework
.beans.factory.support.
AbstractAutowireCapable
BeanFactory.doCreateBea
n(AbstractAutowireCapab
leBeanFactory.java:607)
	at org.springframework
.beans.factory.support.
AbstractAutowireCapable
BeanFactory.createBean(
AbstractAutowireCapable
BeanFactory.java:529)
	at org.springframework
.beans.factory.support.
AbstractBeanFactory.lam
bda$doGetBean$0(Abstrac
tBeanFactory.java:339)
	at org.springframework
.beans.factory.support.
DefaultSingletonBeanReg
istry.getSingleton(Defa
ultSingletonBeanRegistr
y.java:373)
	at org.springframework
.beans.factory.support.
AbstractBeanFactory.doG
etBean(AbstractBeanFact
ory.java:337)
	at org.springframework
.beans.factory.support.
AbstractBeanFactory.get
Bean(AbstractBeanFactor
y.java:207)
	at org.springframework
.context.support.Abstra
ctApplicationContext.fi
nishBeanFactoryInitiali
zation(AbstractApplicat
ionContext.java:974)
	at org.springframework
.context.support.Abstra
ctApplicationContext.re
fresh(AbstractApplicati
onContext.java:628)
	at org.springframework
.boot.SpringApplication
.refresh(SpringApplicat
ion.java:752)
	at org.springframework
.boot.SpringApplication
.refreshContext(SpringA
pplication.java:439)
	at org.springframework
.boot.SpringApplication
.run(SpringApplication.
java:318)
	at org.springframework
.boot.test.context.Spri
ngBootContextLoader.lam
bda$loadContext$3(Sprin
gBootContextLoader.java
:152)
	at org.springframework
.util.function.Throwing
Supplier.get(ThrowingSu
pplier.java:58)
	at org.springframework
.util.function.Throwing
Supplier.get(ThrowingSu
pplier.java:46)
	at org.springframework
.boot.SpringApplication
.withHook(SpringApplica
tion.java:1461)
	at org.springframework
.boot.test.context.Spri
ngBootContextLoader$Con
textLoaderHook.run(Spri
ngBootContextLoader.jav
a:595)
	at org.springframework
.boot.test.context.Spri
ngBootContextLoader.loa
dContext(SpringBootCont
extLoader.java:152)
	at org.springframework
.boot.test.context.Spri
ngBootContextLoader.loa
dContext(SpringBootCont
extLoader.java:111)
	at org.springframework
.test.context.cache.Def
aultCacheAwareContextLo
aderDelegate.loadContex
tInternal(DefaultCacheA
wareContextLoaderDelega
te.java:225)
	at org.springframework
.test.context.cache.Def
aultCacheAwareContextLo
aderDelegate.loadContex
t(DefaultCacheAwareCont
extLoaderDelegate.java:
152)
	at org.springframework
.test.context.support.D
efaultTestContext.getAp
plicationContext(Defaul
tTestContext.java:130)
	at org.springframework
.test.context.support.D
ependencyInjectionTestE
xecutionListener.inject
Dependencies(Dependency
InjectionTestExecutionL
istener.java:155)
	at org.springframework
.test.context.support.D
ependencyInjectionTestE
xecutionListener.prepar
eTestInstance(Dependenc
yInjectionTestExecution
Listener.java:111)
	at org.springframework
.test.context.TestConte
xtManager.prepareTestIn
stance(TestContextManag
er.java:260)
	at org.springframework
.test.context.junit4.Sp
ringJUnit4ClassRunner.c
reateTest(SpringJUnit4C
lassRunner.java:228)
	at org.springframework
.test.context.junit4.Sp
ringJUnit4ClassRunner$1
.runReflectiveCall(Spri
ngJUnit4ClassRunner.jav
a:289)
	at org.junit.internal.
runners.model.Reflectiv
eCallable.run(Reflectiv
eCallable.java:12)
	at org.springframework
.test.context.junit4.Sp
ringJUnit4ClassRunner.m
ethodBlock(SpringJUnit4
ClassRunner.java:291)
	at org.springframework
.test.context.junit4.Sp
ringJUnit4ClassRunner.r
unChild(SpringJUnit4Cla
ssRunner.java:247)
	at org.springframework
.test.context.junit4.Sp
ringJUnit4ClassRunner.r
unChild(SpringJUnit4Cla
ssRunner.java:97)
	at org.junit.runners.P
arentRunner$4.run(Paren
tRunner.java:331)
	at org.junit.runners.P
arentRunner$1.schedule(
ParentRunner.java:79)
	at org.junit.runners.P
arentRunner.runChildren
(ParentRunner.java:329)
	at org.junit.runners.P
arentRunner.access$100(
ParentRunner.java:66)
	at org.junit.runners.P
arentRunner$2.evaluate(
ParentRunner.java:293)
	at org.springframework
.test.context.junit4.st
atements.RunBeforeTestC
lassCallbacks.evaluate(
RunBeforeTestClassCallb
acks.java:61)
	at org.springframework
.test.context.junit4.st
atements.RunAfterTestCl
assCallbacks.evaluate(R
unAfterTestClassCallbac
ks.java:70)
	at org.junit.runners.P
arentRunner$3.evaluate(
ParentRunner.java:306)
	at org.junit.runners.P
arentRunner.run(ParentR
unner.java:413)
	at org.springframework
.test.context.junit4.Sp
ringJUnit4ClassRunner.r
un(SpringJUnit4ClassRun
ner.java:191)
	at org.junit.runner.JU
nitCore.run(JUnitCore.j
ava:137)
	at org.junit.runner.JU
nitCore.run(JUnitCore.j
ava:115)
	at org.junit.vintage.e
ngine.execution.RunnerE
xecutor.execute(RunnerE
xecutor.java:42)
	at org.junit.vintage.e
ngine.execution.Vintage
Executor.executeClasses
AndMethodsSequentially(
VintageExecutor.java:93
)
	at org.junit.vintage.e
ngine.execution.Vintage
Executor.executeAllChil
dren(VintageExecutor.ja
va:73)
	at org.junit.vintage.e
ngine.VintageTestEngine
.execute(VintageTestEng
ine.java:70)
	at org.junit.platform.
launcher.core.EngineExe
cutionOrchestrator.exec
ute(EngineExecutionOrch
estrator.java:201)
	at org.junit.platform.
launcher.core.EngineExe
cutionOrchestrator.exec
ute(EngineExecutionOrch
estrator.java:170)
	at org.junit.platform.
launcher.core.EngineExe
cutionOrchestrator.exec
ute(EngineExecutionOrch
estrator.java:94)
	at org.junit.platform.
launcher.core.EngineExe
cutionOrchestrator.lamb
da$execute$0(EngineExec
utionOrchestrator.java:
59)
	at org.junit.platform.
launcher.core.EngineExe
cutionOrchestrator.with
InterceptedStreams(Engi
neExecutionOrchestrator
.java:142)
	at org.junit.platform.
launcher.core.EngineExe
cutionOrchestrator.exec
ute(EngineExecutionOrch
estrator.java:58)
	at org.junit.platform.
launcher.core.DefaultLa
uncher.execute(DefaultL
auncher.java:103)
	at org.junit.platform.
launcher.core.DefaultLa
uncher.execute(DefaultL
auncher.java:85)
	at org.junit.platform.
launcher.core.Delegatin
gLauncher.execute(Deleg
atingLauncher.java:47)
	at org.junit.platform.
launcher.core.Intercept
ingLauncher.lambda$exec
ute$1(InterceptingLaunc
her.java:39)
	at org.junit.platform.
launcher.core.Classpath
AlignmentCheckingLaunch
erInterceptor.intercept
(ClasspathAlignmentChec
kingLauncherInterceptor
.java:25)
	at org.junit.platform.
launcher.core.Intercept
ingLauncher.execute(Int
erceptingLauncher.java:
38)
	at org.junit.platform.
launcher.core.Delegatin
gLauncher.execute(Deleg
atingLauncher.java:47)
	at org.apache.maven.su
refire.junitplatform.La
uncherAdapter.executeWi
thoutCancellationToken(
LauncherAdapter.java:60
)
	at org.apache.maven.su
refire.junitplatform.La
uncherAdapter.execute(L
auncherAdapter.java:52)
	at org.apache.maven.su
refire.junitplatform.JU
nitPlatformProvider.exe
cute(JUnitPlatformProvi
der.java:203)
	at org.apache.maven.su
refire.junitplatform.JU
nitPlatformProvider.inv
okeAllTests(JUnitPlatfo
rmProvider.java:168)
	at org.apache.maven.su
refire.junitplatform.JU
nitPlatformProvider.inv
oke(JUnitPlatformProvid
er.java:136)
	at org.apache.maven.su
refire.booter.ForkedBoo
ter.runSuitesInProcess(
ForkedBooter.java:385)
	at org.apache.maven.su
refire.booter.ForkedBoo
ter.execute(ForkedBoote
r.java:162)
	at org.apache.maven.su
refire.booter.ForkedBoo
ter.run(ForkedBooter.ja
va:507)
	at org.apache.maven.su
refire.booter.ForkedBoo
ter.main(ForkedBooter.j
ava:495)
Caused by: 
java.io.IOException: 
Error while 
instrumenting org/ietf/
jgss/GSSException with 
JaCoCo 0.8.11.202310140
853/f33756c.
	at org.jacoco.agent.rt
.internal_4742761.core.
instr.Instrumenter.inst
rumentError(Instrumente
r.java:161)
	at org.jacoco.agent.rt
.internal_4742761.core.
instr.Instrumenter.inst
rument(Instrumenter.jav
a:111)
	at org.jacoco.agent.rt
.internal_4742761.Cover
ageTransformer.transfor
m(CoverageTransformer.j
ava:92)
	... 123 more
Caused by: java.lang.Il
legalArgumentException:
 Unsupported class 
file major version 68
	at org.jacoco.agent.rt
.internal_4742761.asm.C
lassReader.<init>(Class
Reader.java:200)
	at org.jacoco.agent.rt
.internal_4742761.asm.C
lassReader.<init>(Class
Reader.java:180)
	at org.jacoco.agent.rt
.internal_4742761.asm.C
lassReader.<init>(Class
Reader.java:166)
	at org.jacoco.agent.rt
.internal_4742761.core.
internal.instr.InstrSup
port.classReaderFor(Ins
trSupport.java:280)
	at org.jacoco.agent.rt
.internal_4742761.core.
instr.Instrumenter.inst
rument(Instrumenter.jav
a:77)
	at org.jacoco.agent.rt
.internal_4742761.core.
instr.Instrumenter.inst
rument(Instrumenter.jav
a:109)
	... 124 more
java.lang.instrument.Il
legalClassFormatExcepti
on: Error while 
instrumenting javax/sec
urity/auth/kerberos/Ker
berosCredMessage with 
JaCoCo 0.8.11.202310140
853/f33756c.
	at org.jacoco.agent.rt
.internal_4742761.Cover
ageTransformer.transfor
m(CoverageTransformer.j
ava:94)
	at java.instrument/jav
a.lang.instrument.Class
FileTransformer.transfo
rm(ClassFileTransformer
.java:257)
	at java.instrument/sun
.instrument.Transformer
Manager.transform(Trans
formerManager.java:188)
	at java.instrument/sun
.instrument.Instrumenta
tionImpl.transform(Inst
rumentationImpl.java:59
4)
	at java.base/java.lang
.ClassLoader.defineClas
s2(Native Method)
	at java.base/java.lang
.ClassLoader.defineClas
s(ClassLoader.java:1052
)
	at java.base/java.secu
rity.SecureClassLoader.
defineClass(SecureClass
Loader.java:164)
	at java.base/jdk.inter
nal.loader.BuiltinClass
Loader.defineClass(Buil
tinClassLoader.java:735
)
	at java.base/jdk.inter
nal.loader.BuiltinClass
Loader.findClassInModul
eOrNull(BuiltinClassLoa
der.java:678)
	at java.base/jdk.inter
nal.loader.BuiltinClass
Loader.loadClassOrNull(
BuiltinClassLoader.java
:604)
	at java.base/jdk.inter
nal.loader.BuiltinClass
Loader.loadClassOrNull(
BuiltinClassLoader.java
:639)
	at java.base/jdk.inter
nal.loader.BuiltinClass
Loader.loadClassOrNull(
BuiltinClassLoader.java
:608)
	at java.base/jdk.inter
nal.loader.BuiltinClass
Loader.loadClass(Builti
nClassLoader.java:578)
	at java.base/java.lang
.ClassLoader.loadClass(
ClassLoader.java:490)
	at java.base/java.lang
.Class.forName0(Native 
Method)
	at java.base/java.lang
.Class.forName(Class.ja
va:463)
	at java.base/java.lang
.Class.forName(Class.ja
va:454)
	at oracle.net.ano.Auth
enticationService.<clin
it>(AuthenticationServi
ce.java:209)
	at java.base/java.lang
.Class.forName0(Native 
Method)
	at java.base/java.lang
.Class.forName(Class.ja
va:463)
	at java.base/java.lang
.Class.forName(Class.ja
va:454)
	at oracle.net.ano.Ano.
init(Ano.java:139)
	at oracle.net.ns.NSPro
tocol.configureSessionA
ttsAno(NSProtocol.java:
533)
	at oracle.net.ns.NSPro
tocol.connect(NSProtoco
l.java:351)
	at oracle.jdbc.driver.
T4CConnection.connectNe
tworkSessionProtocol(T4
CConnection.java:3684)
	at oracle.jdbc.driver.
T4CConnection.logon(T4C
Connection.java:1083)
	at oracle.jdbc.driver.
PhysicalConnection.conn
ect(PhysicalConnection.
java:1189)
	at oracle.jdbc.driver.
T4CDriverExtension.getC
onnection(T4CDriverExte
nsion.java:106)
	at oracle.jdbc.driver.
OracleDriver.connect(Or
acleDriver.java:887)
	at oracle.jdbc.driver.
OracleDriver.connect(Or
acleDriver.java:694)
	at com.zaxxer.hikari.u
til.DriverDataSource.ge
tConnection(DriverDataS
ource.java:144)
	at com.zaxxer.hikari.p
ool.PoolBase.newConnect
ion(PoolBase.java:370)
	at com.zaxxer.hikari.p
ool.PoolBase.newPoolEnt
ry(PoolBase.java:207)
	at com.zaxxer.hikari.p
ool.HikariPool.createPo
olEntry(HikariPool.java
:488)
	at com.zaxxer.hikari.p
ool.HikariPool.checkFai
lFast(HikariPool.java:5
76)
	at com.zaxxer.hikari.p
ool.HikariPool.<init>(H
ikariPool.java:97)
	at com.zaxxer.hikari.H
ikariDataSource.getConn
ection(HikariDataSource
.java:111)
	at org.hibernate.engin
e.jdbc.connections.inte
rnal.DatasourceConnecti
onProviderImpl.getConne
ction(DatasourceConnect
ionProviderImpl.java:12
6)
	at org.hibernate.engin
e.jdbc.env.internal.Jdb
cEnvironmentInitiator$C
onnectionProviderJdbcCo
nnectionAccess.obtainCo
nnection(JdbcEnvironmen
tInitiator.java:485)
	at org.hibernate.resou
rce.transaction.backend
.jdbc.internal.JdbcIsol
ationDelegate.delegateW
ork(JdbcIsolationDelega
te.java:61)
	at org.hibernate.engin
e.jdbc.env.internal.Jdb
cEnvironmentInitiator.g
etJdbcEnvironmentUsingJ
dbcMetadata(JdbcEnviron
mentInitiator.java:334)
	at org.hibernate.engin
e.jdbc.env.internal.Jdb
cEnvironmentInitiator.i
nitiateService(JdbcEnvi
ronmentInitiator.java:1
29)
	at org.hibernate.engin
e.jdbc.env.internal.Jdb
cEnvironmentInitiator.i
nitiateService(JdbcEnvi
ronmentInitiator.java:8
1)
	at org.hibernate.boot.
registry.internal.Stand
ardServiceRegistryImpl.
initiateService(Standar
dServiceRegistryImpl.ja
va:130)
	at org.hibernate.servi
ce.internal.AbstractSer
viceRegistryImpl.create
Service(AbstractService
RegistryImpl.java:263)
	at org.hibernate.servi
ce.internal.AbstractSer
viceRegistryImpl.initia
lizeService(AbstractSer
viceRegistryImpl.java:2
38)
	at org.hibernate.servi
ce.internal.AbstractSer
viceRegistryImpl.getSer
vice(AbstractServiceReg
istryImpl.java:215)
	at org.hibernate.boot.
model.relational.Databa
se.<init>(Database.java
:45)
	at org.hibernate.boot.
internal.InFlightMetada
taCollectorImpl.getData
base(InFlightMetadataCo
llectorImpl.java:226)
	at org.hibernate.boot.
internal.InFlightMetada
taCollectorImpl.<init>(
InFlightMetadataCollect
orImpl.java:194)
	at org.hibernate.boot.
model.process.spi.Metad
ataBuildingProcess.comp
lete(MetadataBuildingPr
ocess.java:171)
	at org.hibernate.jpa.b
oot.internal.EntityMana
gerFactoryBuilderImpl.m
etadata(EntityManagerFa
ctoryBuilderImpl.java:1
442)
	at org.hibernate.jpa.b
oot.internal.EntityMana
gerFactoryBuilderImpl.b
uild(EntityManagerFacto
ryBuilderImpl.java:1513
)
	at org.springframework
.orm.jpa.vendor.SpringH
ibernateJpaPersistenceP
rovider.createContainer
EntityManagerFactory(Sp
ringHibernateJpaPersist
enceProvider.java:66)
	at org.springframework
.orm.jpa.LocalContainer
EntityManagerFactoryBea
n.createNativeEntityMan
agerFactory(LocalContai
nerEntityManagerFactory
Bean.java:388)
	at org.springframework
.orm.jpa.AbstractEntity
ManagerFactoryBean.buil
dNativeEntityManagerFac
tory(AbstractEntityMana
gerFactoryBean.java:419
)
	at org.springframework
.orm.jpa.AbstractEntity
ManagerFactoryBean.afte
rPropertiesSet(Abstract
EntityManagerFactoryBea
n.java:400)
	at org.springframework
.orm.jpa.LocalContainer
EntityManagerFactoryBea
n.afterPropertiesSet(Lo
calContainerEntityManag
erFactoryBean.java:364)
	at org.springframework
.beans.factory.support.
AbstractAutowireCapable
BeanFactory.invokeInitM
ethods(AbstractAutowire
CapableBeanFactory.java
:1873)
	at org.springframework
.beans.factory.support.
AbstractAutowireCapable
BeanFactory.initializeB
ean(AbstractAutowireCap
ableBeanFactory.java:18
22)
	at org.springframework
.beans.factory.support.
AbstractAutowireCapable
BeanFactory.doCreateBea
n(AbstractAutowireCapab
leBeanFactory.java:607)
	at org.springframework
.beans.factory.support.
AbstractAutowireCapable
BeanFactory.createBean(
AbstractAutowireCapable
BeanFactory.java:529)
	at org.springframework
.beans.factory.support.
AbstractBeanFactory.lam
bda$doGetBean$0(Abstrac
tBeanFactory.java:339)
	at org.springframework
.beans.factory.support.
DefaultSingletonBeanReg
istry.getSingleton(Defa
ultSingletonBeanRegistr
y.java:373)
	at org.springframework
.beans.factory.support.
AbstractBeanFactory.doG
etBean(AbstractBeanFact
ory.java:337)
	at org.springframework
.beans.factory.support.
AbstractBeanFactory.get
Bean(AbstractBeanFactor
y.java:207)
	at org.springframework
.context.support.Abstra
ctApplicationContext.fi
nishBeanFactoryInitiali
zation(AbstractApplicat
ionContext.java:974)
	at org.springframework
.context.support.Abstra
ctApplicationContext.re
fresh(AbstractApplicati
onContext.java:628)
	at org.springframework
.boot.SpringApplication
.refresh(SpringApplicat
ion.java:752)
	at org.springframework
.boot.SpringApplication
.refreshContext(SpringA
pplication.java:439)
	at org.springframework
.boot.SpringApplication
.run(SpringApplication.
java:318)
	at org.springframework
.boot.test.context.Spri
ngBootContextLoader.lam
bda$loadContext$3(Sprin
gBootContextLoader.java
:152)
	at org.springframework
.util.function.Throwing
Supplier.get(ThrowingSu
pplier.java:58)
	at org.springframework
.util.function.Throwing
Supplier.get(ThrowingSu
pplier.java:46)
	at org.springframework
.boot.SpringApplication
.withHook(SpringApplica
tion.java:1461)
	at org.springframework
.boot.test.context.Spri
ngBootContextLoader$Con
textLoaderHook.run(Spri
ngBootContextLoader.jav
a:595)
	at org.springframework
.boot.test.context.Spri
ngBootContextLoader.loa
dContext(SpringBootCont
extLoader.java:152)
	at org.springframework
.boot.test.context.Spri
ngBootContextLoader.loa
dContext(SpringBootCont
extLoader.java:111)
	at org.springframework
.test.context.cache.Def
aultCacheAwareContextLo
aderDelegate.loadContex
tInternal(DefaultCacheA
wareContextLoaderDelega
te.java:225)
	at org.springframework
.test.context.cache.Def
aultCacheAwareContextLo
aderDelegate.loadContex
t(DefaultCacheAwareCont
extLoaderDelegate.java:
152)
	at org.springframework
.test.context.support.D
efaultTestContext.getAp
plicationContext(Defaul
tTestContext.java:130)
	at org.springframework
.test.context.support.D
ependencyInjectionTestE
xecutionListener.inject
Dependencies(Dependency
InjectionTestExecutionL
istener.java:155)
	at org.springframework
.test.context.support.D
ependencyInjectionTestE
xecutionListener.prepar
eTestInstance(Dependenc
yInjectionTestExecution
Listener.java:111)
	at org.springframework
.test.context.TestConte
xtManager.prepareTestIn
stance(TestContextManag
er.java:260)
	at org.springframework
.test.context.junit4.Sp
ringJUnit4ClassRunner.c
reateTest(SpringJUnit4C
lassRunner.java:228)
	at org.springframework
.test.context.junit4.Sp
ringJUnit4ClassRunner$1
.runReflectiveCall(Spri
ngJUnit4ClassRunner.jav
a:289)
	at org.junit.internal.
runners.model.Reflectiv
eCallable.run(Reflectiv
eCallable.java:12)
	at org.springframework
.test.context.junit4.Sp
ringJUnit4ClassRunner.m
ethodBlock(SpringJUnit4
ClassRunner.java:291)
	at org.springframework
.test.context.junit4.Sp
ringJUnit4ClassRunner.r
unChild(SpringJUnit4Cla
ssRunner.java:247)
	at org.springframework
.test.context.junit4.Sp
ringJUnit4ClassRunner.r
unChild(SpringJUnit4Cla
ssRunner.java:97)
	at org.junit.runners.P
arentRunner$4.run(Paren
tRunner.java:331)
	at org.junit.runners.P
arentRunner$1.schedule(
ParentRunner.java:79)
	at org.junit.runners.P
arentRunner.runChildren
(ParentRunner.java:329)
	at org.junit.runners.P
arentRunner.access$100(
ParentRunner.java:66)
	at org.junit.runners.P
arentRunner$2.evaluate(
ParentRunner.java:293)
	at org.springframework
.test.context.junit4.st
atements.RunBeforeTestC
lassCallbacks.evaluate(
RunBeforeTestClassCallb
acks.java:61)
	at org.springframework
.test.context.junit4.st
atements.RunAfterTestCl
assCallbacks.evaluate(R
unAfterTestClassCallbac
ks.java:70)
	at org.junit.runners.P
arentRunner$3.evaluate(
ParentRunner.java:306)
	at org.junit.runners.P
arentRunner.run(ParentR
unner.java:413)
	at org.springframework
.test.context.junit4.Sp
ringJUnit4ClassRunner.r
un(SpringJUnit4ClassRun
ner.java:191)
	at org.junit.runner.JU
nitCore.run(JUnitCore.j
ava:137)
	at org.junit.runner.JU
nitCore.run(JUnitCore.j
ava:115)
	at org.junit.vintage.e
ngine.execution.RunnerE
xecutor.execute(RunnerE
xecutor.java:42)
	at org.junit.vintage.e
ngine.execution.Vintage
Executor.executeClasses
AndMethodsSequentially(
VintageExecutor.java:93
)
	at org.junit.vintage.e
ngine.execution.Vintage
Executor.executeAllChil
dren(VintageExecutor.ja
va:73)
	at org.junit.vintage.e
ngine.VintageTestEngine
.execute(VintageTestEng
ine.java:70)
	at org.junit.platform.
launcher.core.EngineExe
cutionOrchestrator.exec
ute(EngineExecutionOrch
estrator.java:201)
	at org.junit.platform.
launcher.core.EngineExe
cutionOrchestrator.exec
ute(EngineExecutionOrch
estrator.java:170)
	at org.junit.platform.
launcher.core.EngineExe
cutionOrchestrator.exec
ute(EngineExecutionOrch
estrator.java:94)
	at org.junit.platform.
launcher.core.EngineExe
cutionOrchestrator.lamb
da$execute$0(EngineExec
utionOrchestrator.java:
59)
	at org.junit.platform.
launcher.core.EngineExe
cutionOrchestrator.with
InterceptedStreams(Engi
neExecutionOrchestrator
.java:142)
	at org.junit.platform.
launcher.core.EngineExe
cutionOrchestrator.exec
ute(EngineExecutionOrch
estrator.java:58)
	at org.junit.platform.
launcher.core.DefaultLa
uncher.execute(DefaultL
auncher.java:103)
	at org.junit.platform.
launcher.core.DefaultLa
uncher.execute(DefaultL
auncher.java:85)
	at org.junit.platform.
launcher.core.Delegatin
gLauncher.execute(Deleg
atingLauncher.java:47)
	at org.junit.platform.
launcher.core.Intercept
ingLauncher.lambda$exec
ute$1(InterceptingLaunc
her.java:39)
	at org.junit.platform.
launcher.core.Classpath
AlignmentCheckingLaunch
erInterceptor.intercept
(ClasspathAlignmentChec
kingLauncherInterceptor
.java:25)
	at org.junit.platform.
launcher.core.Intercept
ingLauncher.execute(Int
erceptingLauncher.java:
38)
	at org.junit.platform.
launcher.core.Delegatin
gLauncher.execute(Deleg
atingLauncher.java:47)
	at org.apache.maven.su
refire.junitplatform.La
uncherAdapter.executeWi
thoutCancellationToken(
LauncherAdapter.java:60
)
	at org.apache.maven.su
refire.junitplatform.La
uncherAdapter.execute(L
auncherAdapter.java:52)
	at org.apache.maven.su
refire.junitplatform.JU
nitPlatformProvider.exe
cute(JUnitPlatformProvi
der.java:203)
	at org.apache.maven.su
refire.junitplatform.JU
nitPlatformProvider.inv
okeAllTests(JUnitPlatfo
rmProvider.java:168)
	at org.apache.maven.su
refire.junitplatform.JU
nitPlatformProvider.inv
oke(JUnitPlatformProvid
er.java:136)
	at org.apache.maven.su
refire.booter.ForkedBoo
ter.runSuitesInProcess(
ForkedBooter.java:385)
	at org.apache.maven.su
refire.booter.ForkedBoo
ter.execute(ForkedBoote
r.java:162)
	at org.apache.maven.su
refire.booter.ForkedBoo
ter.run(ForkedBooter.ja
va:507)
	at org.apache.maven.su
refire.booter.ForkedBoo
ter.main(ForkedBooter.j
ava:495)
Caused by: 
java.io.IOException: 
Error while 
instrumenting javax/sec
urity/auth/kerberos/Ker
berosCredMessage with 
JaCoCo 0.8.11.202310140
853/f33756c.
	at org.jacoco.agent.rt
.internal_4742761.core.
instr.Instrumenter.inst
rumentError(Instrumente
r.java:161)
	at org.jacoco.agent.rt
.internal_4742761.core.
instr.Instrumenter.inst
rument(Instrumenter.jav
a:111)
	at org.jacoco.agent.rt
.internal_4742761.Cover
ageTransformer.transfor
m(CoverageTransformer.j
ava:92)
	... 127 more
Caused by: java.lang.Il
legalArgumentException:
 Unsupported class 
file major version 68
	at org.jacoco.agent.rt
.internal_4742761.asm.C
lassReader.<init>(Class
Reader.java:200)
	at org.jacoco.agent.rt
.internal_4742761.asm.C
lassReader.<init>(Class
Reader.java:180)
	at org.jacoco.agent.rt
.internal_4742761.asm.C
lassReader.<init>(Class
Reader.java:166)
	at org.jacoco.agent.rt
.internal_4742761.core.
internal.instr.InstrSup
port.classReaderFor(Ins
trSupport.java:280)
	at org.jacoco.agent.rt
.internal_4742761.core.
instr.Instrumenter.inst
rument(Instrumenter.jav
a:77)
	at org.jacoco.agent.rt
.internal_4742761.core.
instr.Instrumenter.inst
rument(Instrumenter.jav
a:109)
	... 128 more
java.lang.instrument.Il
legalClassFormatExcepti
on: Error while 
instrumenting sun/secur
ity/krb5/internal/APReq
 with JaCoCo 0.8.11.202
310140853/f33756c.
	at org.jacoco.agent.rt
.internal_4742761.Cover
ageTransformer.transfor
m(CoverageTransformer.j
ava:94)
	at java.instrument/jav
a.lang.instrument.Class
FileTransformer.transfo
rm(ClassFileTransformer
.java:257)
	at java.instrument/sun
.instrument.Transformer
Manager.transform(Trans
formerManager.java:188)
	at java.instrument/sun
.instrument.Instrumenta
tionImpl.transform(Inst
rumentationImpl.java:59
4)
	at java.base/java.lang
.ClassLoader.defineClas
s2(Native Method)
	at java.base/java.lang
.ClassLoader.defineClas
s(ClassLoader.java:1052
)
	at java.base/java.secu
rity.SecureClassLoader.
defineClass(SecureClass
Loader.java:164)
	at java.base/jdk.inter
nal.loader.BuiltinClass
Loader.defineClass(Buil
tinClassLoader.java:735
)
	at java.base/jdk.inter
nal.loader.BuiltinClass
Loader.findClassInModul
eOrNull(BuiltinClassLoa
der.java:678)
	at java.base/jdk.inter
nal.loader.BuiltinClass
Loader.loadClassOrNull(
BuiltinClassLoader.java
:604)
	at java.base/jdk.inter
nal.loader.BuiltinClass
Loader.loadClassOrNull(
BuiltinClassLoader.java
:639)
	at java.base/jdk.inter
nal.loader.BuiltinClass
Loader.loadClassOrNull(
BuiltinClassLoader.java
:608)
	at java.base/jdk.inter
nal.loader.BuiltinClass
Loader.loadClass(Builti
nClassLoader.java:578)
	at java.base/java.lang
.ClassLoader.loadClass(
ClassLoader.java:490)
	at java.base/java.lang
.Class.forName0(Native 
Method)
	at java.base/java.lang
.Class.forName(Class.ja
va:463)
	at java.base/java.lang
.Class.forName(Class.ja
va:454)
	at oracle.net.ano.Auth
enticationService.<clin
it>(AuthenticationServi
ce.java:217)
	at java.base/java.lang
.Class.forName0(Native 
Method)
	at java.base/java.lang
.Class.forName(Class.ja
va:463)
	at java.base/java.lang
.Class.forName(Class.ja
va:454)
	at oracle.net.ano.Ano.
init(Ano.java:139)
	at oracle.net.ns.NSPro
tocol.configureSessionA
ttsAno(NSProtocol.java:
533)
	at oracle.net.ns.NSPro
tocol.connect(NSProtoco
l.java:351)
	at oracle.jdbc.driver.
T4CConnection.connectNe
tworkSessionProtocol(T4
CConnection.java:3684)
	at oracle.jdbc.driver.
T4CConnection.logon(T4C
Connection.java:1083)
	at oracle.jdbc.driver.
PhysicalConnection.conn
ect(PhysicalConnection.
java:1189)
	at oracle.jdbc.driver.
T4CDriverExtension.getC
onnection(T4CDriverExte
nsion.java:106)
	at oracle.jdbc.driver.
OracleDriver.connect(Or
acleDriver.java:887)
	at oracle.jdbc.driver.
OracleDriver.connect(Or
acleDriver.java:694)
	at com.zaxxer.hikari.u
til.DriverDataSource.ge
tConnection(DriverDataS
ource.java:144)
	at com.zaxxer.hikari.p
ool.PoolBase.newConnect
ion(PoolBase.java:370)
	at com.zaxxer.hikari.p
ool.PoolBase.newPoolEnt
ry(PoolBase.java:207)
	at com.zaxxer.hikari.p
ool.HikariPool.createPo
olEntry(HikariPool.java
:488)
	at com.zaxxer.hikari.p
ool.HikariPool.checkFai
lFast(HikariPool.java:5
76)
	at com.zaxxer.hikari.p
ool.HikariPool.<init>(H
ikariPool.java:97)
	at com.zaxxer.hikari.H
ikariDataSource.getConn
ection(HikariDataSource
.java:111)
	at org.hibernate.engin
e.jdbc.connections.inte
rnal.DatasourceConnecti
onProviderImpl.getConne
ction(DatasourceConnect
ionProviderImpl.java:12
6)
	at org.hibernate.engin
e.jdbc.env.internal.Jdb
cEnvironmentInitiator$C
onnectionProviderJdbcCo
nnectionAccess.obtainCo
nnection(JdbcEnvironmen
tInitiator.java:485)
	at org.hibernate.resou
rce.transaction.backend
.jdbc.internal.JdbcIsol
ationDelegate.delegateW
ork(JdbcIsolationDelega
te.java:61)
	at org.hibernate.engin
e.jdbc.env.internal.Jdb
cEnvironmentInitiator.g
etJdbcEnvironmentUsingJ
dbcMetadata(JdbcEnviron
mentInitiator.java:334)
	at org.hibernate.engin
e.jdbc.env.internal.Jdb
cEnvironmentInitiator.i
nitiateService(JdbcEnvi
ronmentInitiator.java:1
29)
	at org.hibernate.engin
e.jdbc.env.internal.Jdb
cEnvironmentInitiator.i
nitiateService(JdbcEnvi
ronmentInitiator.java:8
1)
	at org.hibernate.boot.
registry.internal.Stand
ardServiceRegistryImpl.
initiateService(Standar
dServiceRegistryImpl.ja
va:130)
	at org.hibernate.servi
ce.internal.AbstractSer
viceRegistryImpl.create
Service(AbstractService
RegistryImpl.java:263)
	at org.hibernate.servi
ce.internal.AbstractSer
viceRegistryImpl.initia
lizeService(AbstractSer
viceRegistryImpl.java:2
38)
	at org.hibernate.servi
ce.internal.AbstractSer
viceRegistryImpl.getSer
vice(AbstractServiceReg
istryImpl.java:215)
	at org.hibernate.boot.
model.relational.Databa
se.<init>(Database.java
:45)
	at org.hibernate.boot.
internal.InFlightMetada
taCollectorImpl.getData
base(InFlightMetadataCo
llectorImpl.java:226)
	at org.hibernate.boot.
internal.InFlightMetada
taCollectorImpl.<init>(
InFlightMetadataCollect
orImpl.java:194)
	at org.hibernate.boot.
model.process.spi.Metad
ataBuildingProcess.comp
lete(MetadataBuildingPr
ocess.java:171)
	at org.hibernate.jpa.b
oot.internal.EntityMana
gerFactoryBuilderImpl.m
etadata(EntityManagerFa
ctoryBuilderImpl.java:1
442)
	at org.hibernate.jpa.b
oot.internal.EntityMana
gerFactoryBuilderImpl.b
uild(EntityManagerFacto
ryBuilderImpl.java:1513
)
	at org.springframework
.orm.jpa.vendor.SpringH
ibernateJpaPersistenceP
rovider.createContainer
EntityManagerFactory(Sp
ringHibernateJpaPersist
enceProvider.java:66)
	at org.springframework
.orm.jpa.LocalContainer
EntityManagerFactoryBea
n.createNativeEntityMan
agerFactory(LocalContai
nerEntityManagerFactory
Bean.java:388)
	at org.springframework
.orm.jpa.AbstractEntity
ManagerFactoryBean.buil
dNativeEntityManagerFac
tory(AbstractEntityMana
gerFactoryBean.java:419
)
	at org.springframework
.orm.jpa.AbstractEntity
ManagerFactoryBean.afte
rPropertiesSet(Abstract
EntityManagerFactoryBea
n.java:400)
	at org.springframework
.orm.jpa.LocalContainer
EntityManagerFactoryBea
n.afterPropertiesSet(Lo
calContainerEntityManag
erFactoryBean.java:364)
	at org.springframework
.beans.factory.support.
AbstractAutowireCapable
BeanFactory.invokeInitM
ethods(AbstractAutowire
CapableBeanFactory.java
:1873)
	at org.springframework
.beans.factory.support.
AbstractAutowireCapable
BeanFactory.initializeB
ean(AbstractAutowireCap
ableBeanFactory.java:18
22)
	at org.springframework
.beans.factory.support.
AbstractAutowireCapable
BeanFactory.doCreateBea
n(AbstractAutowireCapab
leBeanFactory.java:607)
	at org.springframework
.beans.factory.support.
AbstractAutowireCapable
BeanFactory.createBean(
AbstractAutowireCapable
BeanFactory.java:529)
	at org.springframework
.beans.factory.support.
AbstractBeanFactory.lam
bda$doGetBean$0(Abstrac
tBeanFactory.java:339)
	at org.springframework
.beans.factory.support.
DefaultSingletonBeanReg
istry.getSingleton(Defa
ultSingletonBeanRegistr
y.java:373)
	at org.springframework
.beans.factory.support.
AbstractBeanFactory.doG
etBean(AbstractBeanFact
ory.java:337)
	at org.springframework
.beans.factory.support.
AbstractBeanFactory.get
Bean(AbstractBeanFactor
y.java:207)
	at org.springframework
.context.support.Abstra
ctApplicationContext.fi
nishBeanFactoryInitiali
zation(AbstractApplicat
ionContext.java:974)
	at org.springframework
.context.support.Abstra
ctApplicationContext.re
fresh(AbstractApplicati
onContext.java:628)
	at org.springframework
.boot.SpringApplication
.refresh(SpringApplicat
ion.java:752)
	at org.springframework
.boot.SpringApplication
.refreshContext(SpringA
pplication.java:439)
	at org.springframework
.boot.SpringApplication
.run(SpringApplication.
java:318)
	at org.springframework
.boot.test.context.Spri
ngBootContextLoader.lam
bda$loadContext$3(Sprin
gBootContextLoader.java
:152)
	at org.springframework
.util.function.Throwing
Supplier.get(ThrowingSu
pplier.java:58)
	at org.springframework
.util.function.Throwing
Supplier.get(ThrowingSu
pplier.java:46)
	at org.springframework
.boot.SpringApplication
.withHook(SpringApplica
tion.java:1461)
	at org.springframework
.boot.test.context.Spri
ngBootContextLoader$Con
textLoaderHook.run(Spri
ngBootContextLoader.jav
a:595)
	at org.springframework
.boot.test.context.Spri
ngBootContextLoader.loa
dContext(SpringBootCont
extLoader.java:152)
	at org.springframework
.boot.test.context.Spri
ngBootContextLoader.loa
dContext(SpringBootCont
extLoader.java:111)
	at org.springframework
.test.context.cache.Def
aultCacheAwareContextLo
aderDelegate.loadContex
tInternal(DefaultCacheA
wareContextLoaderDelega
te.java:225)
	at org.springframework
.test.context.cache.Def
aultCacheAwareContextLo
aderDelegate.loadContex
t(DefaultCacheAwareCont
extLoaderDelegate.java:
152)
	at org.springframework
.test.context.support.D
efaultTestContext.getAp
plicationContext(Defaul
tTestContext.java:130)
	at org.springframework
.test.context.support.D
ependencyInjectionTestE
xecutionListener.inject
Dependencies(Dependency
InjectionTestExecutionL
istener.java:155)
	at org.springframework
.test.context.support.D
ependencyInjectionTestE
xecutionListener.prepar
eTestInstance(Dependenc
yInjectionTestExecution
Listener.java:111)
	at org.springframework
.test.context.TestConte
xtManager.prepareTestIn
stance(TestContextManag
er.java:260)
	at org.springframework
.test.context.junit4.Sp
ringJUnit4ClassRunner.c
reateTest(SpringJUnit4C
lassRunner.java:228)
	at org.springframework
.test.context.junit4.Sp
ringJUnit4ClassRunner$1
.runReflectiveCall(Spri
ngJUnit4ClassRunner.jav
a:289)
	at org.junit.internal.
runners.model.Reflectiv
eCallable.run(Reflectiv
eCallable.java:12)
	at org.springframework
.test.context.junit4.Sp
ringJUnit4ClassRunner.m
ethodBlock(SpringJUnit4
ClassRunner.java:291)
	at org.springframework
.test.context.junit4.Sp
ringJUnit4ClassRunner.r
unChild(SpringJUnit4Cla
ssRunner.java:247)
	at org.springframework
.test.context.junit4.Sp
ringJUnit4ClassRunner.r
unChild(SpringJUnit4Cla
ssRunner.java:97)
	at org.junit.runners.P
arentRunner$4.run(Paren
tRunner.java:331)
	at org.junit.runners.P
arentRunner$1.schedule(
ParentRunner.java:79)
	at org.junit.runners.P
arentRunner.runChildren
(ParentRunner.java:329)
	at org.junit.runners.P
arentRunner.access$100(
ParentRunner.java:66)
	at org.junit.runners.P
arentRunner$2.evaluate(
ParentRunner.java:293)
	at org.springframework
.test.context.junit4.st
atements.RunBeforeTestC
lassCallbacks.evaluate(
RunBeforeTestClassCallb
acks.java:61)
	at org.springframework
.test.context.junit4.st
atements.RunAfterTestCl
assCallbacks.evaluate(R
unAfterTestClassCallbac
ks.java:70)
	at org.junit.runners.P
arentRunner$3.evaluate(
ParentRunner.java:306)
	at org.junit.runners.P
arentRunner.run(ParentR
unner.java:413)
	at org.springframework
.test.context.junit4.Sp
ringJUnit4ClassRunner.r
un(SpringJUnit4ClassRun
ner.java:191)
	at org.junit.runner.JU
nitCore.run(JUnitCore.j
ava:137)
	at org.junit.runner.JU
nitCore.run(JUnitCore.j
ava:115)
	at org.junit.vintage.e
ngine.execution.RunnerE
xecutor.execute(RunnerE
xecutor.java:42)
	at org.junit.vintage.e
ngine.execution.Vintage
Executor.executeClasses
AndMethodsSequentially(
VintageExecutor.java:93
)
	at org.junit.vintage.e
ngine.execution.Vintage
Executor.executeAllChil
dren(VintageExecutor.ja
va:73)
	at org.junit.vintage.e
ngine.VintageTestEngine
.execute(VintageTestEng
ine.java:70)
	at org.junit.platform.
launcher.core.EngineExe
cutionOrchestrator.exec
ute(EngineExecutionOrch
estrator.java:201)
	at org.junit.platform.
launcher.core.EngineExe
cutionOrchestrator.exec
ute(EngineExecutionOrch
estrator.java:170)
	at org.junit.platform.
launcher.core.EngineExe
cutionOrchestrator.exec
ute(EngineExecutionOrch
estrator.java:94)
	at org.junit.platform.
launcher.core.EngineExe
cutionOrchestrator.lamb
da$execute$0(EngineExec
utionOrchestrator.java:
59)
	at org.junit.platform.
launcher.core.EngineExe
cutionOrchestrator.with
InterceptedStreams(Engi
neExecutionOrchestrator
.java:142)
	at org.junit.platform.
launcher.core.EngineExe
cutionOrchestrator.exec
ute(EngineExecutionOrch
estrator.java:58)
	at org.junit.platform.
launcher.core.DefaultLa
uncher.execute(DefaultL
auncher.java:103)
	at org.junit.platform.
launcher.core.DefaultLa
uncher.execute(DefaultL
auncher.java:85)
	at org.junit.platform.
launcher.core.Delegatin
gLauncher.execute(Deleg
atingLauncher.java:47)
	at org.junit.platform.
launcher.core.Intercept
ingLauncher.lambda$exec
ute$1(InterceptingLaunc
her.java:39)
	at org.junit.platform.
launcher.core.Classpath
AlignmentCheckingLaunch
erInterceptor.intercept
(ClasspathAlignmentChec
kingLauncherInterceptor
.java:25)
	at org.junit.platform.
launcher.core.Intercept
ingLauncher.execute(Int
erceptingLauncher.java:
38)
	at org.junit.platform.
launcher.core.Delegatin
gLauncher.execute(Deleg
atingLauncher.java:47)
	at org.apache.maven.su
refire.junitplatform.La
uncherAdapter.executeWi
thoutCancellationToken(
LauncherAdapter.java:60
)
	at org.apache.maven.su
refire.junitplatform.La
uncherAdapter.execute(L
auncherAdapter.java:52)
	at org.apache.maven.su
refire.junitplatform.JU
nitPlatformProvider.exe
cute(JUnitPlatformProvi
der.java:203)
	at org.apache.maven.su
refire.junitplatform.JU
nitPlatformProvider.inv
okeAllTests(JUnitPlatfo
rmProvider.java:168)
	at org.apache.maven.su
refire.junitplatform.JU
nitPlatformProvider.inv
oke(JUnitPlatformProvid
er.java:136)
	at org.apache.maven.su
refire.booter.ForkedBoo
ter.runSuitesInProcess(
ForkedBooter.java:385)
	at org.apache.maven.su
refire.booter.ForkedBoo
ter.execute(ForkedBoote
r.java:162)
	at org.apache.maven.su
refire.booter.ForkedBoo
ter.run(ForkedBooter.ja
va:507)
	at org.apache.maven.su
refire.booter.ForkedBoo
ter.main(ForkedBooter.j
ava:495)
Caused by: 
java.io.IOException: 
Error while 
instrumenting sun/secur
ity/krb5/internal/APReq
 with JaCoCo 0.8.11.202
310140853/f33756c.
	at org.jacoco.agent.rt
.internal_4742761.core.
instr.Instrumenter.inst
rumentError(Instrumente
r.java:161)
	at org.jacoco.agent.rt
.internal_4742761.core.
instr.Instrumenter.inst
rument(Instrumenter.jav
a:111)
	at org.jacoco.agent.rt
.internal_4742761.Cover
ageTransformer.transfor
m(CoverageTransformer.j
ava:92)
	... 127 more
Caused by: java.lang.Il
legalArgumentException:
 Unsupported class 
file major version 68
	at org.jacoco.agent.rt
.internal_4742761.asm.C
lassReader.<init>(Class
Reader.java:200)
	at org.jacoco.agent.rt
.internal_4742761.asm.C
lassReader.<init>(Class
Reader.java:180)
	at org.jacoco.agent.rt
.internal_4742761.asm.C
lassReader.<init>(Class
Reader.java:166)
	at org.jacoco.agent.rt
.internal_4742761.core.
internal.instr.InstrSup
port.classReaderFor(Ins
trSupport.java:280)
	at org.jacoco.agent.rt
.internal_4742761.core.
instr.Instrumenter.inst
rument(Instrumenter.jav
a:77)
	at org.jacoco.agent.rt
.internal_4742761.core.
instr.Instrumenter.inst
rument(Instrumenter.jav
a:109)
	... 128 more
java.lang.instrument.Il
legalClassFormatExcepti
on: Error while 
instrumenting sun/secur
ity/krb5/Asn1Exception 
with JaCoCo 0.8.11.2023
10140853/f33756c.
	at org.jacoco.agent.rt
.internal_4742761.Cover
ageTransformer.transfor
m(CoverageTransformer.j
ava:94)
	at java.instrument/jav
a.lang.instrument.Class
FileTransformer.transfo
rm(ClassFileTransformer
.java:257)
	at java.instrument/sun
.instrument.Transformer
Manager.transform(Trans
formerManager.java:188)
	at java.instrument/sun
.instrument.Instrumenta
tionImpl.transform(Inst
rumentationImpl.java:59
4)
	at java.base/java.lang
.ClassLoader.defineClas
s2(Native Method)
	at java.base/java.lang
.ClassLoader.defineClas
s(ClassLoader.java:1052
)
	at java.base/java.secu
rity.SecureClassLoader.
defineClass(SecureClass
Loader.java:164)
	at java.base/jdk.inter
nal.loader.BuiltinClass
Loader.defineClass(Buil
tinClassLoader.java:735
)
	at java.base/jdk.inter
nal.loader.BuiltinClass
Loader.findClassInModul
eOrNull(BuiltinClassLoa
der.java:678)
	at java.base/jdk.inter
nal.loader.BuiltinClass
Loader.loadClassOrNull(
BuiltinClassLoader.java
:604)
	at java.base/jdk.inter
nal.loader.BuiltinClass
Loader.loadClass(Builti
nClassLoader.java:578)
	at java.base/java.lang
.ClassLoader.loadClass(
ClassLoader.java:490)
	at java.base/java.lang
.Class.forName0(Native 
Method)
	at java.base/java.lang
.Class.forName(Class.ja
va:463)
	at java.base/java.lang
.Class.forName(Class.ja
va:454)
	at oracle.net.ano.Auth
enticationService.<clin
it>(AuthenticationServi
ce.java:217)
	at java.base/java.lang
.Class.forName0(Native 
Method)
	at java.base/java.lang
.Class.forName(Class.ja
va:463)
	at java.base/java.lang
.Class.forName(Class.ja
va:454)
	at oracle.net.ano.Ano.
init(Ano.java:139)
	at oracle.net.ns.NSPro
tocol.configureSessionA
ttsAno(NSProtocol.java:
533)
	at oracle.net.ns.NSPro
tocol.connect(NSProtoco
l.java:351)
	at oracle.jdbc.driver.
T4CConnection.connectNe
tworkSessionProtocol(T4
CConnection.java:3684)
	at oracle.jdbc.driver.
T4CConnection.logon(T4C
Connection.java:1083)
	at oracle.jdbc.driver.
PhysicalConnection.conn
ect(PhysicalConnection.
java:1189)
	at oracle.jdbc.driver.
T4CDriverExtension.getC
onnection(T4CDriverExte
nsion.java:106)
	at oracle.jdbc.driver.
OracleDriver.connect(Or
acleDriver.java:887)
	at oracle.jdbc.driver.
OracleDriver.connect(Or
acleDriver.java:694)
	at com.zaxxer.hikari.u
til.DriverDataSource.ge
tConnection(DriverDataS
ource.java:144)
	at com.zaxxer.hikari.p
ool.PoolBase.newConnect
ion(PoolBase.java:370)
	at com.zaxxer.hikari.p
ool.PoolBase.newPoolEnt
ry(PoolBase.java:207)
	at com.zaxxer.hikari.p
ool.HikariPool.createPo
olEntry(HikariPool.java
:488)
	at com.zaxxer.hikari.p
ool.HikariPool.checkFai
lFast(HikariPool.java:5
76)
	at com.zaxxer.hikari.p
ool.HikariPool.<init>(H
ikariPool.java:97)
	at com.zaxxer.hikari.H
ikariDataSource.getConn
ection(HikariDataSource
.java:111)
	at org.hibernate.engin
e.jdbc.connections.inte
rnal.DatasourceConnecti
onProviderImpl.getConne
ction(DatasourceConnect
ionProviderImpl.java:12
6)
	at org.hibernate.engin
e.jdbc.env.internal.Jdb
cEnvironmentInitiator$C
onnectionProviderJdbcCo
nnectionAccess.obtainCo
nnection(JdbcEnvironmen
tInitiator.java:485)
	at org.hibernate.resou
rce.transaction.backend
.jdbc.internal.JdbcIsol
ationDelegate.delegateW
ork(JdbcIsolationDelega
te.java:61)
	at org.hibernate.engin
e.jdbc.env.internal.Jdb
cEnvironmentInitiator.g
etJdbcEnvironmentUsingJ
dbcMetadata(JdbcEnviron
mentInitiator.java:334)
	at org.hibernate.engin
e.jdbc.env.internal.Jdb
cEnvironmentInitiator.i
nitiateService(JdbcEnvi
ronmentInitiator.java:1
29)
	at org.hibernate.engin
e.jdbc.env.internal.Jdb
cEnvironmentInitiator.i
nitiateService(JdbcEnvi
ronmentInitiator.java:8
1)
	at org.hibernate.boot.
registry.internal.Stand
ardServiceRegistryImpl.
initiateService(Standar
dServiceRegistryImpl.ja
va:130)
	at org.hibernate.servi
ce.internal.AbstractSer
viceRegistryImpl.create
Service(AbstractService
RegistryImpl.java:263)
	at org.hibernate.servi
ce.internal.AbstractSer
viceRegistryImpl.initia
lizeService(AbstractSer
viceRegistryImpl.java:2
38)
	at org.hibernate.servi
ce.internal.AbstractSer
viceRegistryImpl.getSer
vice(AbstractServiceReg
istryImpl.java:215)
	at org.hibernate.boot.
model.relational.Databa
se.<init>(Database.java
:45)
	at org.hibernate.boot.
internal.InFlightMetada
taCollectorImpl.getData
base(InFlightMetadataCo
llectorImpl.java:226)
	at org.hibernate.boot.
internal.InFlightMetada
taCollectorImpl.<init>(
InFlightMetadataCollect
orImpl.java:194)
	at org.hibernate.boot.
model.process.spi.Metad
ataBuildingProcess.comp
lete(MetadataBuildingPr
ocess.java:171)
	at org.hibernate.jpa.b
oot.internal.EntityMana
gerFactoryBuilderImpl.m
etadata(EntityManagerFa
ctoryBuilderImpl.java:1
442)
	at org.hibernate.jpa.b
oot.internal.EntityMana
gerFactoryBuilderImpl.b
uild(EntityManagerFacto
ryBuilderImpl.java:1513
)
	at org.springframework
.orm.jpa.vendor.SpringH
ibernateJpaPersistenceP
rovider.createContainer
EntityManagerFactory(Sp
ringHibernateJpaPersist
enceProvider.java:66)
	at org.springframework
.orm.jpa.LocalContainer
EntityManagerFactoryBea
n.createNativeEntityMan
agerFactory(LocalContai
nerEntityManagerFactory
Bean.java:388)
	at org.springframework
.orm.jpa.AbstractEntity
ManagerFactoryBean.buil
dNativeEntityManagerFac
tory(AbstractEntityMana
gerFactoryBean.java:419
)
	at org.springframework
.orm.jpa.AbstractEntity
ManagerFactoryBean.afte
rPropertiesSet(Abstract
EntityManagerFactoryBea
n.java:400)
	at org.springframework
.orm.jpa.LocalContainer
EntityManagerFactoryBea
n.afterPropertiesSet(Lo
calContainerEntityManag
erFactoryBean.java:364)
	at org.springframework
.beans.factory.support.
AbstractAutowireCapable
BeanFactory.invokeInitM
ethods(AbstractAutowire
CapableBeanFactory.java
:1873)
	at org.springframework
.beans.factory.support.
AbstractAutowireCapable
BeanFactory.initializeB
ean(AbstractAutowireCap
ableBeanFactory.java:18
22)
	at org.springframework
.beans.factory.support.
AbstractAutowireCapable
BeanFactory.doCreateBea
n(AbstractAutowireCapab
leBeanFactory.java:607)
	at org.springframework
.beans.factory.support.
AbstractAutowireCapable
BeanFactory.createBean(
AbstractAutowireCapable
BeanFactory.java:529)
	at org.springframework
.beans.factory.support.
AbstractBeanFactory.lam
bda$doGetBean$0(Abstrac
tBeanFactory.java:339)
	at org.springframework
.beans.factory.support.
DefaultSingletonBeanReg
istry.getSingleton(Defa
ultSingletonBeanRegistr
y.java:373)
	at org.springframework
.beans.factory.support.
AbstractBeanFactory.doG
etBean(AbstractBeanFact
ory.java:337)
	at org.springframework
.beans.factory.support.
AbstractBeanFactory.get
Bean(AbstractBeanFactor
y.java:207)
	at org.springframework
.context.support.Abstra
ctApplicationContext.fi
nishBeanFactoryInitiali
zation(AbstractApplicat
ionContext.java:974)
	at org.springframework
.context.support.Abstra
ctApplicationContext.re
fresh(AbstractApplicati
onContext.java:628)
	at org.springframework
.boot.SpringApplication
.refresh(SpringApplicat
ion.java:752)
	at org.springframework
.boot.SpringApplication
.refreshContext(SpringA
pplication.java:439)
	at org.springframework
.boot.SpringApplication
.run(SpringApplication.
java:318)
	at org.springframework
.boot.test.context.Spri
ngBootContextLoader.lam
bda$loadContext$3(Sprin
gBootContextLoader.java
:152)
	at org.springframework
.util.function.Throwing
Supplier.get(ThrowingSu
pplier.java:58)
	at org.springframework
.util.function.Throwing
Supplier.get(ThrowingSu
pplier.java:46)
	at org.springframework
.boot.SpringApplication
.withHook(SpringApplica
tion.java:1461)
	at org.springframework
.boot.test.context.Spri
ngBootContextLoader$Con
textLoaderHook.run(Spri
ngBootContextLoader.jav
a:595)
	at org.springframework
.boot.test.context.Spri
ngBootContextLoader.loa
dContext(SpringBootCont
extLoader.java:152)
	at org.springframework
.boot.test.context.Spri
ngBootContextLoader.loa
dContext(SpringBootCont
extLoader.java:111)
	at org.springframework
.test.context.cache.Def
aultCacheAwareContextLo
aderDelegate.loadContex
tInternal(DefaultCacheA
wareContextLoaderDelega
te.java:225)
	at org.springframework
.test.context.cache.Def
aultCacheAwareContextLo
aderDelegate.loadContex
t(DefaultCacheAwareCont
extLoaderDelegate.java:
152)
	at org.springframework
.test.context.support.D
efaultTestContext.getAp
plicationContext(Defaul
tTestContext.java:130)
	at org.springframework
.test.context.support.D
ependencyInjectionTestE
xecutionListener.inject
Dependencies(Dependency
InjectionTestExecutionL
istener.java:155)
	at org.springframework
.test.context.support.D
ependencyInjectionTestE
xecutionListener.prepar
eTestInstance(Dependenc
yInjectionTestExecution
Listener.java:111)
	at org.springframework
.test.context.TestConte
xtManager.prepareTestIn
stance(TestContextManag
er.java:260)
	at org.springframework
.test.context.junit4.Sp
ringJUnit4ClassRunner.c
reateTest(SpringJUnit4C
lassRunner.java:228)
	at org.springframework
.test.context.junit4.Sp
ringJUnit4ClassRunner$1
.runReflectiveCall(Spri
ngJUnit4ClassRunner.jav
a:289)
	at org.junit.internal.
runners.model.Reflectiv
eCallable.run(Reflectiv
eCallable.java:12)
	at org.springframework
.test.context.junit4.Sp
ringJUnit4ClassRunner.m
ethodBlock(SpringJUnit4
ClassRunner.java:291)
	at org.springframework
.test.context.junit4.Sp
ringJUnit4ClassRunner.r
unChild(SpringJUnit4Cla
ssRunner.java:247)
	at org.springframework
.test.context.junit4.Sp
ringJUnit4ClassRunner.r
unChild(SpringJUnit4Cla
ssRunner.java:97)
	at org.junit.runners.P
arentRunner$4.run(Paren
tRunner.java:331)
	at org.junit.runners.P
arentRunner$1.schedule(
ParentRunner.java:79)
	at org.junit.runners.P
arentRunner.runChildren
(ParentRunner.java:329)
	at org.junit.runners.P
arentRunner.access$100(
ParentRunner.java:66)
	at org.junit.runners.P
arentRunner$2.evaluate(
ParentRunner.java:293)
	at org.springframework
.test.context.junit4.st
atements.RunBeforeTestC
lassCallbacks.evaluate(
RunBeforeTestClassCallb
acks.java:61)
	at org.springframework
.test.context.junit4.st
atements.RunAfterTestCl
assCallbacks.evaluate(R
unAfterTestClassCallbac
ks.java:70)
	at org.junit.runners.P
arentRunner$3.evaluate(
ParentRunner.java:306)
	at org.junit.runners.P
arentRunner.run(ParentR
unner.java:413)
	at org.springframework
.test.context.junit4.Sp
ringJUnit4ClassRunner.r
un(SpringJUnit4ClassRun
ner.java:191)
	at org.junit.runner.JU
nitCore.run(JUnitCore.j
ava:137)
	at org.junit.runner.JU
nitCore.run(JUnitCore.j
ava:115)
	at org.junit.vintage.e
ngine.execution.RunnerE
xecutor.execute(RunnerE
xecutor.java:42)
	at org.junit.vintage.e
ngine.execution.Vintage
Executor.executeClasses
AndMethodsSequentially(
VintageExecutor.java:93
)
	at org.junit.vintage.e
ngine.execution.Vintage
Executor.executeAllChil
dren(VintageExecutor.ja
va:73)
	at org.junit.vintage.e
ngine.VintageTestEngine
.execute(VintageTestEng
ine.java:70)
	at org.junit.platform.
launcher.core.EngineExe
cutionOrchestrator.exec
ute(EngineExecutionOrch
estrator.java:201)
	at org.junit.platform.
launcher.core.EngineExe
cutionOrchestrator.exec
ute(EngineExecutionOrch
estrator.java:170)
	at org.junit.platform.
launcher.core.EngineExe
cutionOrchestrator.exec
ute(EngineExecutionOrch
estrator.java:94)
	at org.junit.platform.
launcher.core.EngineExe
cutionOrchestrator.lamb
da$execute$0(EngineExec
utionOrchestrator.java:
59)
	at org.junit.platform.
launcher.core.EngineExe
cutionOrchestrator.with
InterceptedStreams(Engi
neExecutionOrchestrator
.java:142)
	at org.junit.platform.
launcher.core.EngineExe
cutionOrchestrator.exec
ute(EngineExecutionOrch
estrator.java:58)
	at org.junit.platform.
launcher.core.DefaultLa
uncher.execute(DefaultL
auncher.java:103)
	at org.junit.platform.
launcher.core.DefaultLa
uncher.execute(DefaultL
auncher.java:85)
	at org.junit.platform.
launcher.core.Delegatin
gLauncher.execute(Deleg
atingLauncher.java:47)
	at org.junit.platform.
launcher.core.Intercept
ingLauncher.lambda$exec
ute$1(InterceptingLaunc
her.java:39)
	at org.junit.platform.
launcher.core.Classpath
AlignmentCheckingLaunch
erInterceptor.intercept
(ClasspathAlignmentChec
kingLauncherInterceptor
.java:25)
	at org.junit.platform.
launcher.core.Intercept
ingLauncher.execute(Int
erceptingLauncher.java:
38)
	at org.junit.platform.
launcher.core.Delegatin
gLauncher.execute(Deleg
atingLauncher.java:47)
	at org.apache.maven.su
refire.junitplatform.La
uncherAdapter.executeWi
thoutCancellationToken(
LauncherAdapter.java:60
)
	at org.apache.maven.su
refire.junitplatform.La
uncherAdapter.execute(L
auncherAdapter.java:52)
	at org.apache.maven.su
refire.junitplatform.JU
nitPlatformProvider.exe
cute(JUnitPlatformProvi
der.java:203)
	at org.apache.maven.su
refire.junitplatform.JU
nitPlatformProvider.inv
okeAllTests(JUnitPlatfo
rmProvider.java:168)
	at org.apache.maven.su
refire.junitplatform.JU
nitPlatformProvider.inv
oke(JUnitPlatformProvid
er.java:136)
	at org.apache.maven.su
refire.booter.ForkedBoo
ter.runSuitesInProcess(
ForkedBooter.java:385)
	at org.apache.maven.su
refire.booter.ForkedBoo
ter.execute(ForkedBoote
r.java:162)
	at org.apache.maven.su
refire.booter.ForkedBoo
ter.run(ForkedBooter.ja
va:507)
	at org.apache.maven.su
refire.booter.ForkedBoo
ter.main(ForkedBooter.j
ava:495)
Caused by: 
java.io.IOException: 
Error while 
instrumenting sun/secur
ity/krb5/Asn1Exception 
with JaCoCo 0.8.11.2023
10140853/f33756c.
	at org.jacoco.agent.rt
.internal_4742761.core.
instr.Instrumenter.inst
rumentError(Instrumente
r.java:161)
	at org.jacoco.agent.rt
.internal_4742761.core.
instr.Instrumenter.inst
rument(Instrumenter.jav
a:111)
	at org.jacoco.agent.rt
.internal_4742761.Cover
ageTransformer.transfor
m(CoverageTransformer.j
ava:92)
	... 125 more
Caused by: java.lang.Il
legalArgumentException:
 Unsupported class 
file major version 68
	at org.jacoco.agent.rt
.internal_4742761.asm.C
lassReader.<init>(Class
Reader.java:200)
	at org.jacoco.agent.rt
.internal_4742761.asm.C
lassReader.<init>(Class
Reader.java:180)
	at org.jacoco.agent.rt
.internal_4742761.asm.C
lassReader.<init>(Class
Reader.java:166)
	at org.jacoco.agent.rt
.internal_4742761.core.
internal.instr.InstrSup
port.classReaderFor(Ins
trSupport.java:280)
	at org.jacoco.agent.rt
.internal_4742761.core.
instr.Instrumenter.inst
rument(Instrumenter.jav
a:77)
	at org.jacoco.agent.rt
.internal_4742761.core.
instr.Instrumenter.inst
rument(Instrumenter.jav
a:109)
	... 126 more
java.lang.instrument.Il
legalClassFormatExcepti
on: Error while 
instrumenting sun/secur
ity/krb5/KrbException 
with JaCoCo 0.8.11.2023
10140853/f33756c.
	at org.jacoco.agent.rt
.internal_4742761.Cover
ageTransformer.transfor
m(CoverageTransformer.j
ava:94)
	at java.instrument/jav
a.lang.instrument.Class
FileTransformer.transfo
rm(ClassFileTransformer
.java:257)
	at java.instrument/sun
.instrument.Transformer
Manager.transform(Trans
formerManager.java:188)
	at java.instrument/sun
.instrument.Instrumenta
tionImpl.transform(Inst
rumentationImpl.java:59
4)
	at java.base/java.lang
.ClassLoader.defineClas
s2(Native Method)
	at java.base/java.lang
.ClassLoader.defineClas
s(ClassLoader.java:1052
)
	at java.base/java.secu
rity.SecureClassLoader.
defineClass(SecureClass
Loader.java:164)
	at java.base/jdk.inter
nal.loader.BuiltinClass
Loader.defineClass(Buil
tinClassLoader.java:735
)
	at java.base/jdk.inter
nal.loader.BuiltinClass
Loader.findClassInModul
eOrNull(BuiltinClassLoa
der.java:678)
	at java.base/jdk.inter
nal.loader.BuiltinClass
Loader.loadClassOrNull(
BuiltinClassLoader.java
:604)
	at java.base/jdk.inter
nal.loader.BuiltinClass
Loader.loadClass(Builti
nClassLoader.java:578)
	at java.base/java.lang
.ClassLoader.loadClass(
ClassLoader.java:490)
	at java.base/java.lang
.ClassLoader.defineClas
s2(Native Method)
	at java.base/java.lang
.ClassLoader.defineClas
s(ClassLoader.java:1052
)
	at java.base/java.secu
rity.SecureClassLoader.
defineClass(SecureClass
Loader.java:164)
	at java.base/jdk.inter
nal.loader.BuiltinClass
Loader.defineClass(Buil
tinClassLoader.java:735
)
	at java.base/jdk.inter
nal.loader.BuiltinClass
Loader.findClassInModul
eOrNull(BuiltinClassLoa
der.java:678)
	at java.base/jdk.inter
nal.loader.BuiltinClass
Loader.loadClassOrNull(
BuiltinClassLoader.java
:604)
	at java.base/jdk.inter
nal.loader.BuiltinClass
Loader.loadClass(Builti
nClassLoader.java:578)
	at java.base/java.lang
.ClassLoader.loadClass(
ClassLoader.java:490)
	at java.base/java.lang
.Class.forName0(Native 
Method)
	at java.base/java.lang
.Class.forName(Class.ja
va:463)
	at java.base/java.lang
.Class.forName(Class.ja
va:454)
	at oracle.net.ano.Auth
enticationService.<clin
it>(AuthenticationServi
ce.java:217)
	at java.base/java.lang
.Class.forName0(Native 
Method)
	at java.base/java.lang
.Class.forName(Class.ja
va:463)
	at java.base/java.lang
.Class.forName(Class.ja
va:454)
	at oracle.net.ano.Ano.
init(Ano.java:139)
	at oracle.net.ns.NSPro
tocol.configureSessionA
ttsAno(NSProtocol.java:
533)
	at oracle.net.ns.NSPro
tocol.connect(NSProtoco
l.java:351)
	at oracle.jdbc.driver.
T4CConnection.connectNe
tworkSessionProtocol(T4
CConnection.java:3684)
	at oracle.jdbc.driver.
T4CConnection.logon(T4C
Connection.java:1083)
	at oracle.jdbc.driver.
PhysicalConnection.conn
ect(PhysicalConnection.
java:1189)
	at oracle.jdbc.driver.
T4CDriverExtension.getC
onnection(T4CDriverExte
nsion.java:106)
	at oracle.jdbc.driver.
OracleDriver.connect(Or
acleDriver.java:887)
	at oracle.jdbc.driver.
OracleDriver.connect(Or
acleDriver.java:694)
	at com.zaxxer.hikari.u
til.DriverDataSource.ge
tConnection(DriverDataS
ource.java:144)
	at com.zaxxer.hikari.p
ool.PoolBase.newConnect
ion(PoolBase.java:370)
	at com.zaxxer.hikari.p
ool.PoolBase.newPoolEnt
ry(PoolBase.java:207)
	at com.zaxxer.hikari.p
ool.HikariPool.createPo
olEntry(HikariPool.java
:488)
	at com.zaxxer.hikari.p
ool.HikariPool.checkFai
lFast(HikariPool.java:5
76)
	at com.zaxxer.hikari.p
ool.HikariPool.<init>(H
ikariPool.java:97)
	at com.zaxxer.hikari.H
ikariDataSource.getConn
ection(HikariDataSource
.java:111)
	at org.hibernate.engin
e.jdbc.connections.inte
rnal.DatasourceConnecti
onProviderImpl.getConne
ction(DatasourceConnect
ionProviderImpl.java:12
6)
	at org.hibernate.engin
e.jdbc.env.internal.Jdb
cEnvironmentInitiator$C
onnectionProviderJdbcCo
nnectionAccess.obtainCo
nnection(JdbcEnvironmen
tInitiator.java:485)
	at org.hibernate.resou
rce.transaction.backend
.jdbc.internal.JdbcIsol
ationDelegate.delegateW
ork(JdbcIsolationDelega
te.java:61)
	at org.hibernate.engin
e.jdbc.env.internal.Jdb
cEnvironmentInitiator.g
etJdbcEnvironmentUsingJ
dbcMetadata(JdbcEnviron
mentInitiator.java:334)
	at org.hibernate.engin
e.jdbc.env.internal.Jdb
cEnvironmentInitiator.i
nitiateService(JdbcEnvi
ronmentInitiator.java:1
29)
	at org.hibernate.engin
e.jdbc.env.internal.Jdb
cEnvironmentInitiator.i
nitiateService(JdbcEnvi
ronmentInitiator.java:8
1)
	at org.hibernate.boot.
registry.internal.Stand
ardServiceRegistryImpl.
initiateService(Standar
dServiceRegistryImpl.ja
va:130)
	at org.hibernate.servi
ce.internal.AbstractSer
viceRegistryImpl.create
Service(AbstractService
RegistryImpl.java:263)
	at org.hibernate.servi
ce.internal.AbstractSer
viceRegistryImpl.initia
lizeService(AbstractSer
viceRegistryImpl.java:2
38)
	at org.hibernate.servi
ce.internal.AbstractSer
viceRegistryImpl.getSer
vice(AbstractServiceReg
istryImpl.java:215)
	at org.hibernate.boot.
model.relational.Databa
se.<init>(Database.java
:45)
	at org.hibernate.boot.
internal.InFlightMetada
taCollectorImpl.getData
base(InFlightMetadataCo
llectorImpl.java:226)
	at org.hibernate.boot.
internal.InFlightMetada
taCollectorImpl.<init>(
InFlightMetadataCollect
orImpl.java:194)
	at org.hibernate.boot.
model.process.spi.Metad
ataBuildingProcess.comp
lete(MetadataBuildingPr
ocess.java:171)
	at org.hibernate.jpa.b
oot.internal.EntityMana
gerFactoryBuilderImpl.m
etadata(EntityManagerFa
ctoryBuilderImpl.java:1
442)
	at org.hibernate.jpa.b
oot.internal.EntityMana
gerFactoryBuilderImpl.b
uild(EntityManagerFacto
ryBuilderImpl.java:1513
)
	at org.springframework
.orm.jpa.vendor.SpringH
ibernateJpaPersistenceP
rovider.createContainer
EntityManagerFactory(Sp
ringHibernateJpaPersist
enceProvider.java:66)
	at org.springframework
.orm.jpa.LocalContainer
EntityManagerFactoryBea
n.createNativeEntityMan
agerFactory(LocalContai
nerEntityManagerFactory
Bean.java:388)
	at org.springframework
.orm.jpa.AbstractEntity
ManagerFactoryBean.buil
dNativeEntityManagerFac
tory(AbstractEntityMana
gerFactoryBean.java:419
)
	at org.springframework
.orm.jpa.AbstractEntity
ManagerFactoryBean.afte
rPropertiesSet(Abstract
EntityManagerFactoryBea
n.java:400)
	at org.springframework
.orm.jpa.LocalContainer
EntityManagerFactoryBea
n.afterPropertiesSet(Lo
calContainerEntityManag
erFactoryBean.java:364)
	at org.springframework
.beans.factory.support.
AbstractAutowireCapable
BeanFactory.invokeInitM
ethods(AbstractAutowire
CapableBeanFactory.java
:1873)
	at org.springframework
.beans.factory.support.
AbstractAutowireCapable
BeanFactory.initializeB
ean(AbstractAutowireCap
ableBeanFactory.java:18
22)
	at org.springframework
.beans.factory.support.
AbstractAutowireCapable
BeanFactory.doCreateBea
n(AbstractAutowireCapab
leBeanFactory.java:607)
	at org.springframework
.beans.factory.support.
AbstractAutowireCapable
BeanFactory.createBean(
AbstractAutowireCapable
BeanFactory.java:529)
	at org.springframework
.beans.factory.support.
AbstractBeanFactory.lam
bda$doGetBean$0(Abstrac
tBeanFactory.java:339)
	at org.springframework
.beans.factory.support.
DefaultSingletonBeanReg
istry.getSingleton(Defa
ultSingletonBeanRegistr
y.java:373)
	at org.springframework
.beans.factory.support.
AbstractBeanFactory.doG
etBean(AbstractBeanFact
ory.java:337)
	at org.springframework
.beans.factory.support.
AbstractBeanFactory.get
Bean(AbstractBeanFactor
y.java:207)
	at org.springframework
.context.support.Abstra
ctApplicationContext.fi
nishBeanFactoryInitiali
zation(AbstractApplicat
ionContext.java:974)
	at org.springframework
.context.support.Abstra
ctApplicationContext.re
fresh(AbstractApplicati
onContext.java:628)
	at org.springframework
.boot.SpringApplication
.refresh(SpringApplicat
ion.java:752)
	at org.springframework
.boot.SpringApplication
.refreshContext(SpringA
pplication.java:439)
	at org.springframework
.boot.SpringApplication
.run(SpringApplication.
java:318)
	at org.springframework
.boot.test.context.Spri
ngBootContextLoader.lam
bda$loadContext$3(Sprin
gBootContextLoader.java
:152)
	at org.springframework
.util.function.Throwing
Supplier.get(ThrowingSu
pplier.java:58)
	at org.springframework
.util.function.Throwing
Supplier.get(ThrowingSu
pplier.java:46)
	at org.springframework
.boot.SpringApplication
.withHook(SpringApplica
tion.java:1461)
	at org.springframework
.boot.test.context.Spri
ngBootContextLoader$Con
textLoaderHook.run(Spri
ngBootContextLoader.jav
a:595)
	at org.springframework
.boot.test.context.Spri
ngBootContextLoader.loa
dContext(SpringBootCont
extLoader.java:152)
	at org.springframework
.boot.test.context.Spri
ngBootContextLoader.loa
dContext(SpringBootCont
extLoader.java:111)
	at org.springframework
.test.context.cache.Def
aultCacheAwareContextLo
aderDelegate.loadContex
tInternal(DefaultCacheA
wareContextLoaderDelega
te.java:225)
	at org.springframework
.test.context.cache.Def
aultCacheAwareContextLo
aderDelegate.loadContex
t(DefaultCacheAwareCont
extLoaderDelegate.java:
152)
	at org.springframework
.test.context.support.D
efaultTestContext.getAp
plicationContext(Defaul
tTestContext.java:130)
	at org.springframework
.test.context.support.D
ependencyInjectionTestE
xecutionListener.inject
Dependencies(Dependency
InjectionTestExecutionL
istener.java:155)
	at org.springframework
.test.context.support.D
ependencyInjectionTestE
xecutionListener.prepar
eTestInstance(Dependenc
yInjectionTestExecution
Listener.java:111)
	at org.springframework
.test.context.TestConte
xtManager.prepareTestIn
stance(TestContextManag
er.java:260)
	at org.springframework
.test.context.junit4.Sp
ringJUnit4ClassRunner.c
reateTest(SpringJUnit4C
lassRunner.java:228)
	at org.springframework
.test.context.junit4.Sp
ringJUnit4ClassRunner$1
.runReflectiveCall(Spri
ngJUnit4ClassRunner.jav
a:289)
	at org.junit.internal.
runners.model.Reflectiv
eCallable.run(Reflectiv
eCallable.java:12)
	at org.springframework
.test.context.junit4.Sp
ringJUnit4ClassRunner.m
ethodBlock(SpringJUnit4
ClassRunner.java:291)
	at org.springframework
.test.context.junit4.Sp
ringJUnit4ClassRunner.r
unChild(SpringJUnit4Cla
ssRunner.java:247)
	at org.springframework
.test.context.junit4.Sp
ringJUnit4ClassRunner.r
unChild(SpringJUnit4Cla
ssRunner.java:97)
	at org.junit.runners.P
arentRunner$4.run(Paren
tRunner.java:331)
	at org.junit.runners.P
arentRunner$1.schedule(
ParentRunner.java:79)
	at org.junit.runners.P
arentRunner.runChildren
(ParentRunner.java:329)
	at org.junit.runners.P
arentRunner.access$100(
ParentRunner.java:66)
	at org.junit.runners.P
arentRunner$2.evaluate(
ParentRunner.java:293)
	at org.springframework
.test.context.junit4.st
atements.RunBeforeTestC
lassCallbacks.evaluate(
RunBeforeTestClassCallb
acks.java:61)
	at org.springframework
.test.context.junit4.st
atements.RunAfterTestCl
assCallbacks.evaluate(R
unAfterTestClassCallbac
ks.java:70)
	at org.junit.runners.P
arentRunner$3.evaluate(
ParentRunner.java:306)
	at org.junit.runners.P
arentRunner.run(ParentR
unner.java:413)
	at org.springframework
.test.context.junit4.Sp
ringJUnit4ClassRunner.r
un(SpringJUnit4ClassRun
ner.java:191)
	at org.junit.runner.JU
nitCore.run(JUnitCore.j
ava:137)
	at org.junit.runner.JU
nitCore.run(JUnitCore.j
ava:115)
	at org.junit.vintage.e
ngine.execution.RunnerE
xecutor.execute(RunnerE
xecutor.java:42)
	at org.junit.vintage.e
ngine.execution.Vintage
Executor.executeClasses
AndMethodsSequentially(
VintageExecutor.java:93
)
	at org.junit.vintage.e
ngine.execution.Vintage
Executor.executeAllChil
dren(VintageExecutor.ja
va:73)
	at org.junit.vintage.e
ngine.VintageTestEngine
.execute(VintageTestEng
ine.java:70)
	at org.junit.platform.
launcher.core.EngineExe
cutionOrchestrator.exec
ute(EngineExecutionOrch
estrator.java:201)
	at org.junit.platform.
launcher.core.EngineExe
cutionOrchestrator.exec
ute(EngineExecutionOrch
estrator.java:170)
	at org.junit.platform.
launcher.core.EngineExe
cutionOrchestrator.exec
ute(EngineExecutionOrch
estrator.java:94)
	at org.junit.platform.
launcher.core.EngineExe
cutionOrchestrator.lamb
da$execute$0(EngineExec
utionOrchestrator.java:
59)
	at org.junit.platform.
launcher.core.EngineExe
cutionOrchestrator.with
InterceptedStreams(Engi
neExecutionOrchestrator
.java:142)
	at org.junit.platform.
launcher.core.EngineExe
cutionOrchestrator.exec
ute(EngineExecutionOrch
estrator.java:58)
	at org.junit.platform.
launcher.core.DefaultLa
uncher.execute(DefaultL
auncher.java:103)
	at org.junit.platform.
launcher.core.DefaultLa
uncher.execute(DefaultL
auncher.java:85)
	at org.junit.platform.
launcher.core.Delegatin
gLauncher.execute(Deleg
atingLauncher.java:47)
	at org.junit.platform.
launcher.core.Intercept
ingLauncher.lambda$exec
ute$1(InterceptingLaunc
her.java:39)
	at org.junit.platform.
launcher.core.Classpath
AlignmentCheckingLaunch
erInterceptor.intercept
(ClasspathAlignmentChec
kingLauncherInterceptor
.java:25)
	at org.junit.platform.
launcher.core.Intercept
ingLauncher.execute(Int
erceptingLauncher.java:
38)
	at org.junit.platform.
launcher.core.Delegatin
gLauncher.execute(Deleg
atingLauncher.java:47)
	at org.apache.maven.su
refire.junitplatform.La
uncherAdapter.executeWi
thoutCancellationToken(
LauncherAdapter.java:60
)
	at org.apache.maven.su
refire.junitplatform.La
uncherAdapter.execute(L
auncherAdapter.java:52)
	at org.apache.maven.su
refire.junitplatform.JU
nitPlatformProvider.exe
cute(JUnitPlatformProvi
der.java:203)
	at org.apache.maven.su
refire.junitplatform.JU
nitPlatformProvider.inv
okeAllTests(JUnitPlatfo
rmProvider.java:168)
	at org.apache.maven.su
refire.junitplatform.JU
nitPlatformProvider.inv
oke(JUnitPlatformProvid
er.java:136)
	at org.apache.maven.su
refire.booter.ForkedBoo
ter.runSuitesInProcess(
ForkedBooter.java:385)
	at org.apache.maven.su
refire.booter.ForkedBoo
ter.execute(ForkedBoote
r.java:162)
	at org.apache.maven.su
refire.booter.ForkedBoo
ter.run(ForkedBooter.ja
va:507)
	at org.apache.maven.su
refire.booter.ForkedBoo
ter.main(ForkedBooter.j
ava:495)
Caused by: 
java.io.IOException: 
Error while 
instrumenting sun/secur
ity/krb5/KrbException 
with JaCoCo 0.8.11.2023
10140853/f33756c.
	at org.jacoco.agent.rt
.internal_4742761.core.
instr.Instrumenter.inst
rumentError(Instrumente
r.java:161)
	at org.jacoco.agent.rt
.internal_4742761.core.
instr.Instrumenter.inst
rument(Instrumenter.jav
a:111)
	at org.jacoco.agent.rt
.internal_4742761.Cover
ageTransformer.transfor
m(CoverageTransformer.j
ava:92)
	... 133 more
Caused by: java.lang.Il
legalArgumentException:
 Unsupported class 
file major version 68
	at org.jacoco.agent.rt
.internal_4742761.asm.C
lassReader.<init>(Class
Reader.java:200)
	at org.jacoco.agent.rt
.internal_4742761.asm.C
lassReader.<init>(Class
Reader.java:180)
	at org.jacoco.agent.rt
.internal_4742761.asm.C
lassReader.<init>(Class
Reader.java:166)
	at org.jacoco.agent.rt
.internal_4742761.core.
internal.instr.InstrSup
port.classReaderFor(Ins
trSupport.java:280)
	at org.jacoco.agent.rt
.internal_4742761.core.
instr.Instrumenter.inst
rument(Instrumenter.jav
a:77)
	at org.jacoco.agent.rt
.internal_4742761.core.
instr.Instrumenter.inst
rument(Instrumenter.jav
a:109)
	... 134 more
java.lang.instrument.Il
legalClassFormatExcepti
on: Error while 
instrumenting sun/secur
ity/krb5/internal/KrbAp
ErrException with 
JaCoCo 0.8.11.202310140
853/f33756c.
	at org.jacoco.agent.rt
.internal_4742761.Cover
ageTransformer.transfor
m(CoverageTransformer.j
ava:94)
	at java.instrument/jav
a.lang.instrument.Class
FileTransformer.transfo
rm(ClassFileTransformer
.java:257)
	at java.instrument/sun
.instrument.Transformer
Manager.transform(Trans
formerManager.java:188)
	at java.instrument/sun
.instrument.Instrumenta
tionImpl.transform(Inst
rumentationImpl.java:59
4)
	at java.base/java.lang
.ClassLoader.defineClas
s2(Native Method)
	at java.base/java.lang
.ClassLoader.defineClas
s(ClassLoader.java:1052
)
	at java.base/java.secu
rity.SecureClassLoader.
defineClass(SecureClass
Loader.java:164)
	at java.base/jdk.inter
nal.loader.BuiltinClass
Loader.defineClass(Buil
tinClassLoader.java:735
)
	at java.base/jdk.inter
nal.loader.BuiltinClass
Loader.findClassInModul
eOrNull(BuiltinClassLoa
der.java:678)
	at java.base/jdk.inter
nal.loader.BuiltinClass
Loader.loadClassOrNull(
BuiltinClassLoader.java
:604)
	at java.base/jdk.inter
nal.loader.BuiltinClass
Loader.loadClass(Builti
nClassLoader.java:578)
	at java.base/java.lang
.ClassLoader.loadClass(
ClassLoader.java:490)
	at java.base/java.lang
.Class.forName0(Native 
Method)
	at java.base/java.lang
.Class.forName(Class.ja
va:463)
	at java.base/java.lang
.Class.forName(Class.ja
va:454)
	at oracle.net.ano.Auth
enticationService.<clin
it>(AuthenticationServi
ce.java:217)
	at java.base/java.lang
.Class.forName0(Native 
Method)
	at java.base/java.lang
.Class.forName(Class.ja
va:463)
	at java.base/java.lang
.Class.forName(Class.ja
va:454)
	at oracle.net.ano.Ano.
init(Ano.java:139)
	at oracle.net.ns.NSPro
tocol.configureSessionA
ttsAno(NSProtocol.java:
533)
	at oracle.net.ns.NSPro
tocol.connect(NSProtoco
l.java:351)
	at oracle.jdbc.driver.
T4CConnection.connectNe
tworkSessionProtocol(T4
CConnection.java:3684)
	at oracle.jdbc.driver.
T4CConnection.logon(T4C
Connection.java:1083)
	at oracle.jdbc.driver.
PhysicalConnection.conn
ect(PhysicalConnection.
java:1189)
	at oracle.jdbc.driver.
T4CDriverExtension.getC
onnection(T4CDriverExte
nsion.java:106)
	at oracle.jdbc.driver.
OracleDriver.connect(Or
acleDriver.java:887)
	at oracle.jdbc.driver.
OracleDriver.connect(Or
acleDriver.java:694)
	at com.zaxxer.hikari.u
til.DriverDataSource.ge
tConnection(DriverDataS
ource.java:144)
	at com.zaxxer.hikari.p
ool.PoolBase.newConnect
ion(PoolBase.java:370)
	at com.zaxxer.hikari.p
ool.PoolBase.newPoolEnt
ry(PoolBase.java:207)
	at com.zaxxer.hikari.p
ool.HikariPool.createPo
olEntry(HikariPool.java
:488)
	at com.zaxxer.hikari.p
ool.HikariPool.checkFai
lFast(HikariPool.java:5
76)
	at com.zaxxer.hikari.p
ool.HikariPool.<init>(H
ikariPool.java:97)
	at com.zaxxer.hikari.H
ikariDataSource.getConn
ection(HikariDataSource
.java:111)
	at org.hibernate.engin
e.jdbc.connections.inte
rnal.DatasourceConnecti
onProviderImpl.getConne
ction(DatasourceConnect
ionProviderImpl.java:12
6)
	at org.hibernate.engin
e.jdbc.env.internal.Jdb
cEnvironmentInitiator$C
onnectionProviderJdbcCo
nnectionAccess.obtainCo
nnection(JdbcEnvironmen
tInitiator.java:485)
	at org.hibernate.resou
rce.transaction.backend
.jdbc.internal.JdbcIsol
ationDelegate.delegateW
ork(JdbcIsolationDelega
te.java:61)
	at org.hibernate.engin
e.jdbc.env.internal.Jdb
cEnvironmentInitiator.g
etJdbcEnvironmentUsingJ
dbcMetadata(JdbcEnviron
mentInitiator.java:334)
	at org.hibernate.engin
e.jdbc.env.internal.Jdb
cEnvironmentInitiator.i
nitiateService(JdbcEnvi
ronmentInitiator.java:1
29)
	at org.hibernate.engin
e.jdbc.env.internal.Jdb
cEnvironmentInitiator.i
nitiateService(JdbcEnvi
ronmentInitiator.java:8
1)
	at org.hibernate.boot.
registry.internal.Stand
ardServiceRegistryImpl.
initiateService(Standar
dServiceRegistryImpl.ja
va:130)
	at org.hibernate.servi
ce.internal.AbstractSer
viceRegistryImpl.create
Service(AbstractService
RegistryImpl.java:263)
	at org.hibernate.servi
ce.internal.AbstractSer
viceRegistryImpl.initia
lizeService(AbstractSer
viceRegistryImpl.java:2
38)
	at org.hibernate.servi
ce.internal.AbstractSer
viceRegistryImpl.getSer
vice(AbstractServiceReg
istryImpl.java:215)
	at org.hibernate.boot.
model.relational.Databa
se.<init>(Database.java
:45)
	at org.hibernate.boot.
internal.InFlightMetada
taCollectorImpl.getData
base(InFlightMetadataCo
llectorImpl.java:226)
	at org.hibernate.boot.
internal.InFlightMetada
taCollectorImpl.<init>(
InFlightMetadataCollect
orImpl.java:194)
	at org.hibernate.boot.
model.process.spi.Metad
ataBuildingProcess.comp
lete(MetadataBuildingPr
ocess.java:171)
	at org.hibernate.jpa.b
oot.internal.EntityMana
gerFactoryBuilderImpl.m
etadata(EntityManagerFa
ctoryBuilderImpl.java:1
442)
	at org.hibernate.jpa.b
oot.internal.EntityMana
gerFactoryBuilderImpl.b
uild(EntityManagerFacto
ryBuilderImpl.java:1513
)
	at org.springframework
.orm.jpa.vendor.SpringH
ibernateJpaPersistenceP
rovider.createContainer
EntityManagerFactory(Sp
ringHibernateJpaPersist
enceProvider.java:66)
	at org.springframework
.orm.jpa.LocalContainer
EntityManagerFactoryBea
n.createNativeEntityMan
agerFactory(LocalContai
nerEntityManagerFactory
Bean.java:388)
	at org.springframework
.orm.jpa.AbstractEntity
ManagerFactoryBean.buil
dNativeEntityManagerFac
tory(AbstractEntityMana
gerFactoryBean.java:419
)
	at org.springframework
.orm.jpa.AbstractEntity
ManagerFactoryBean.afte
rPropertiesSet(Abstract
EntityManagerFactoryBea
n.java:400)
	at org.springframework
.orm.jpa.LocalContainer
EntityManagerFactoryBea
n.afterPropertiesSet(Lo
calContainerEntityManag
erFactoryBean.java:364)
	at org.springframework
.beans.factory.support.
AbstractAutowireCapable
BeanFactory.invokeInitM
ethods(AbstractAutowire
CapableBeanFactory.java
:1873)
	at org.springframework
.beans.factory.support.
AbstractAutowireCapable
BeanFactory.initializeB
ean(AbstractAutowireCap
ableBeanFactory.java:18
22)
	at org.springframework
.beans.factory.support.
AbstractAutowireCapable
BeanFactory.doCreateBea
n(AbstractAutowireCapab
leBeanFactory.java:607)
	at org.springframework
.beans.factory.support.
AbstractAutowireCapable
BeanFactory.createBean(
AbstractAutowireCapable
BeanFactory.java:529)
	at org.springframework
.beans.factory.support.
AbstractBeanFactory.lam
bda$doGetBean$0(Abstrac
tBeanFactory.java:339)
	at org.springframework
.beans.factory.support.
DefaultSingletonBeanReg
istry.getSingleton(Defa
ultSingletonBeanRegistr
y.java:373)
	at org.springframework
.beans.factory.support.
AbstractBeanFactory.doG
etBean(AbstractBeanFact
ory.java:337)
	at org.springframework
.beans.factory.support.
AbstractBeanFactory.get
Bean(AbstractBeanFactor
y.java:207)
	at org.springframework
.context.support.Abstra
ctApplicationContext.fi
nishBeanFactoryInitiali
zation(AbstractApplicat
ionContext.java:974)
	at org.springframework
.context.support.Abstra
ctApplicationContext.re
fresh(AbstractApplicati
onContext.java:628)
	at org.springframework
.boot.SpringApplication
.refresh(SpringApplicat
ion.java:752)
	at org.springframework
.boot.SpringApplication
.refreshContext(SpringA
pplication.java:439)
	at org.springframework
.boot.SpringApplication
.run(SpringApplication.
java:318)
	at org.springframework
.boot.test.context.Spri
ngBootContextLoader.lam
bda$loadContext$3(Sprin
gBootContextLoader.java
:152)
	at org.springframework
.util.function.Throwing
Supplier.get(ThrowingSu
pplier.java:58)
	at org.springframework
.util.function.Throwing
Supplier.get(ThrowingSu
pplier.java:46)
	at org.springframework
.boot.SpringApplication
.withHook(SpringApplica
tion.java:1461)
	at org.springframework
.boot.test.context.Spri
ngBootContextLoader$Con
textLoaderHook.run(Spri
ngBootContextLoader.jav
a:595)
	at org.springframework
.boot.test.context.Spri
ngBootContextLoader.loa
dContext(SpringBootCont
extLoader.java:152)
	at org.springframework
.boot.test.context.Spri
ngBootContextLoader.loa
dContext(SpringBootCont
extLoader.java:111)
	at org.springframework
.test.context.cache.Def
aultCacheAwareContextLo
aderDelegate.loadContex
tInternal(DefaultCacheA
wareContextLoaderDelega
te.java:225)
	at org.springframework
.test.context.cache.Def
aultCacheAwareContextLo
aderDelegate.loadContex
t(DefaultCacheAwareCont
extLoaderDelegate.java:
152)
	at org.springframework
.test.context.support.D
efaultTestContext.getAp
plicationContext(Defaul
tTestContext.java:130)
	at org.springframework
.test.context.support.D
ependencyInjectionTestE
xecutionListener.inject
Dependencies(Dependency
InjectionTestExecutionL
istener.java:155)
	at org.springframework
.test.context.support.D
ependencyInjectionTestE
xecutionListener.prepar
eTestInstance(Dependenc
yInjectionTestExecution
Listener.java:111)
	at org.springframework
.test.context.TestConte
xtManager.prepareTestIn
stance(TestContextManag
er.java:260)
	at org.springframework
.test.context.junit4.Sp
ringJUnit4ClassRunner.c
reateTest(SpringJUnit4C
lassRunner.java:228)
	at org.springframework
.test.context.junit4.Sp
ringJUnit4ClassRunner$1
.runReflectiveCall(Spri
ngJUnit4ClassRunner.jav
a:289)
	at org.junit.internal.
runners.model.Reflectiv
eCallable.run(Reflectiv
eCallable.java:12)
	at org.springframework
.test.context.junit4.Sp
ringJUnit4ClassRunner.m
ethodBlock(SpringJUnit4
ClassRunner.java:291)
	at org.springframework
.test.context.junit4.Sp
ringJUnit4ClassRunner.r
unChild(SpringJUnit4Cla
ssRunner.java:247)
	at org.springframework
.test.context.junit4.Sp
ringJUnit4ClassRunner.r
unChild(SpringJUnit4Cla
ssRunner.java:97)
	at org.junit.runners.P
arentRunner$4.run(Paren
tRunner.java:331)
	at org.junit.runners.P
arentRunner$1.schedule(
ParentRunner.java:79)
	at org.junit.runners.P
arentRunner.runChildren
(ParentRunner.java:329)
	at org.junit.runners.P
arentRunner.access$100(
ParentRunner.java:66)
	at org.junit.runners.P
arentRunner$2.evaluate(
ParentRunner.java:293)
	at org.springframework
.test.context.junit4.st
atements.RunBeforeTestC
lassCallbacks.evaluate(
RunBeforeTestClassCallb
acks.java:61)
	at org.springframework
.test.context.junit4.st
atements.RunAfterTestCl
assCallbacks.evaluate(R
unAfterTestClassCallbac
ks.java:70)
	at org.junit.runners.P
arentRunner$3.evaluate(
ParentRunner.java:306)
	at org.junit.runners.P
arentRunner.run(ParentR
unner.java:413)
	at org.springframework
.test.context.junit4.Sp
ringJUnit4ClassRunner.r
un(SpringJUnit4ClassRun
ner.java:191)
	at org.junit.runner.JU
nitCore.run(JUnitCore.j
ava:137)
	at org.junit.runner.JU
nitCore.run(JUnitCore.j
ava:115)
	at org.junit.vintage.e
ngine.execution.RunnerE
xecutor.execute(RunnerE
xecutor.java:42)
	at org.junit.vintage.e
ngine.execution.Vintage
Executor.executeClasses
AndMethodsSequentially(
VintageExecutor.java:93
)
	at org.junit.vintage.e
ngine.execution.Vintage
Executor.executeAllChil
dren(VintageExecutor.ja
va:73)
	at org.junit.vintage.e
ngine.VintageTestEngine
.execute(VintageTestEng
ine.java:70)
	at org.junit.platform.
launcher.core.EngineExe
cutionOrchestrator.exec
ute(EngineExecutionOrch
estrator.java:201)
	at org.junit.platform.
launcher.core.EngineExe
cutionOrchestrator.exec
ute(EngineExecutionOrch
estrator.java:170)
	at org.junit.platform.
launcher.core.EngineExe
cutionOrchestrator.exec
ute(EngineExecutionOrch
estrator.java:94)
	at org.junit.platform.
launcher.core.EngineExe
cutionOrchestrator.lamb
da$execute$0(EngineExec
utionOrchestrator.java:
59)
	at org.junit.platform.
launcher.core.EngineExe
cutionOrchestrator.with
InterceptedStreams(Engi
neExecutionOrchestrator
.java:142)
	at org.junit.platform.
launcher.core.EngineExe
cutionOrchestrator.exec
ute(EngineExecutionOrch
estrator.java:58)
	at org.junit.platform.
launcher.core.DefaultLa
uncher.execute(DefaultL
auncher.java:103)
	at org.junit.platform.
launcher.core.DefaultLa
uncher.execute(DefaultL
auncher.java:85)
	at org.junit.platform.
launcher.core.Delegatin
gLauncher.execute(Deleg
atingLauncher.java:47)
	at org.junit.platform.
launcher.core.Intercept
ingLauncher.lambda$exec
ute$1(InterceptingLaunc
her.java:39)
	at org.junit.platform.
launcher.core.Classpath
AlignmentCheckingLaunch
erInterceptor.intercept
(ClasspathAlignmentChec
kingLauncherInterceptor
.java:25)
	at org.junit.platform.
launcher.core.Intercept
ingLauncher.execute(Int
erceptingLauncher.java:
38)
	at org.junit.platform.
launcher.core.Delegatin
gLauncher.execute(Deleg
atingLauncher.java:47)
	at org.apache.maven.su
refire.junitplatform.La
uncherAdapter.executeWi
thoutCancellationToken(
LauncherAdapter.java:60
)
	at org.apache.maven.su
refire.junitplatform.La
uncherAdapter.execute(L
auncherAdapter.java:52)
	at org.apache.maven.su
refire.junitplatform.JU
nitPlatformProvider.exe
cute(JUnitPlatformProvi
der.java:203)
	at org.apache.maven.su
refire.junitplatform.JU
nitPlatformProvider.inv
okeAllTests(JUnitPlatfo
rmProvider.java:168)
	at org.apache.maven.su
refire.junitplatform.JU
nitPlatformProvider.inv
oke(JUnitPlatformProvid
er.java:136)
	at org.apache.maven.su
refire.booter.ForkedBoo
ter.runSuitesInProcess(
ForkedBooter.java:385)
	at org.apache.maven.su
refire.booter.ForkedBoo
ter.execute(ForkedBoote
r.java:162)
	at org.apache.maven.su
refire.booter.ForkedBoo
ter.run(ForkedBooter.ja
va:507)
	at org.apache.maven.su
refire.booter.ForkedBoo
ter.main(ForkedBooter.j
ava:495)
Caused by: 
java.io.IOException: 
Error while 
instrumenting sun/secur
ity/krb5/internal/KrbAp
ErrException with 
JaCoCo 0.8.11.202310140
853/f33756c.
	at org.jacoco.agent.rt
.internal_4742761.core.
instr.Instrumenter.inst
rumentError(Instrumente
r.java:161)
	at org.jacoco.agent.rt
.internal_4742761.core.
instr.Instrumenter.inst
rument(Instrumenter.jav
a:111)
	at org.jacoco.agent.rt
.internal_4742761.Cover
ageTransformer.transfor
m(CoverageTransformer.j
ava:92)
	... 125 more
Caused by: java.lang.Il
legalArgumentException:
 Unsupported class 
file major version 68
	at org.jacoco.agent.rt
.internal_4742761.asm.C
lassReader.<init>(Class
Reader.java:200)
	at org.jacoco.agent.rt
.internal_4742761.asm.C
lassReader.<init>(Class
Reader.java:180)
	at org.jacoco.agent.rt
.internal_4742761.asm.C
lassReader.<init>(Class
Reader.java:166)
	at org.jacoco.agent.rt
.internal_4742761.core.
internal.instr.InstrSup
port.classReaderFor(Ins
trSupport.java:280)
	at org.jacoco.agent.rt
.internal_4742761.core.
instr.Instrumenter.inst
rument(Instrumenter.jav
a:77)
	at org.jacoco.agent.rt
.internal_4742761.core.
instr.Instrumenter.inst
rument(Instrumenter.jav
a:109)
	... 126 more
2026-03-03 09:36:17.296 [main] INFO  com.zaxxer.hikari.pool.HikariPool - HikariPool-1 - Added connection oracle.jdbc.driver.T4CConnection@64fe3584
2026-03-03 09:36:17.300 [main] INFO  com.zaxxer.hikari.HikariDataSource - HikariPool-1 - Start completed.
java.lang.instrument.Il
legalClassFormatExcepti
on: Error while 
instrumenting java/sql/
BatchUpdateException 
with JaCoCo 0.8.11.2023
10140853/f33756c.
	at org.jacoco.agent.rt
.internal_4742761.Cover
ageTransformer.transfor
m(CoverageTransformer.j
ava:94)
	at java.instrument/jav
a.lang.instrument.Class
FileTransformer.transfo
rm(ClassFileTransformer
.java:257)
	at java.instrument/sun
.instrument.Transformer
Manager.transform(Trans
formerManager.java:188)
	at java.instrument/sun
.instrument.Instrumenta
tionImpl.transform(Inst
rumentationImpl.java:59
4)
	at java.base/java.lang
.ClassLoader.defineClas
s2(Native Method)
	at java.base/java.lang
.ClassLoader.defineClas
s(ClassLoader.java:1052
)
	at java.base/java.secu
rity.SecureClassLoader.
defineClass(SecureClass
Loader.java:164)
	at java.base/jdk.inter
nal.loader.BuiltinClass
Loader.defineClass(Buil
tinClassLoader.java:735
)
	at java.base/jdk.inter
nal.loader.BuiltinClass
Loader.findClassInModul
eOrNull(BuiltinClassLoa
der.java:678)
	at java.base/jdk.inter
nal.loader.BuiltinClass
Loader.loadClassOrNull(
BuiltinClassLoader.java
:604)
	at java.base/jdk.inter
nal.loader.BuiltinClass
Loader.loadClassOrNull(
BuiltinClassLoader.java
:639)
	at java.base/jdk.inter
nal.loader.BuiltinClass
Loader.loadClassOrNull(
BuiltinClassLoader.java
:608)
	at java.base/jdk.inter
nal.loader.BuiltinClass
Loader.loadClass(Builti
nClassLoader.java:578)
	at java.base/java.lang
.ClassLoader.loadClass(
ClassLoader.java:490)
	at oracle.jdbc.driver.
T4CDriverExtension.allo
cateStatement(T4CDriver
Extension.java:153)
	at oracle.jdbc.driver.
T4CDriverExtension.allo
cateStatement(T4CDriver
Extension.java:35)
	at oracle.jdbc.driver.
PhysicalConnection.crea
teStatementInternal(Phy
sicalConnection.java:23
00)
	at oracle.jdbc.driver.
PhysicalConnection.crea
teStatement(PhysicalCon
nection.java:2277)
	at oracle.jdbc.driver.
PhysicalConnection.crea
teStatement(PhysicalCon
nection.java:2250)
	at com.zaxxer.hikari.p
ool.ProxyConnection.cre
ateStatement(ProxyConne
ction.java:285)
	at com.zaxxer.hikari.p
ool.HikariProxyConnecti
on.createStatement(Hika
riProxyConnection.java)
	at org.hibernate.diale
ct.OracleServerConfigur
ation.fromDialectResolu
tionInfo(OracleServerCo
nfiguration.java:98)
	at org.hibernate.diale
ct.OracleDialect.<init>
(OracleDialect.java:216
)
	at org.hibernate.diale
ct.Database$9.createDia
lect(Database.java:202)
	at org.hibernate.engin
e.jdbc.dialect.internal
.StandardDialectResolve
r.resolveDialect(Standa
rdDialectResolver.java:
28)
	at org.hibernate.engin
e.jdbc.dialect.internal
.DialectResolverSet.res
olveDialect(DialectReso
lverSet.java:48)
	at org.hibernate.engin
e.jdbc.dialect.internal
.DialectFactoryImpl.det
ermineDialect(DialectFa
ctoryImpl.java:198)
	at org.hibernate.engin
e.jdbc.dialect.internal
.DialectFactoryImpl.bui
ldDialect(DialectFactor
yImpl.java:87)
	at org.hibernate.engin
e.jdbc.env.internal.Jdb
cEnvironmentInitiator$1
.execute(JdbcEnvironmen
tInitiator.java:367)
	at org.hibernate.engin
e.jdbc.env.internal.Jdb
cEnvironmentInitiator$1
.execute(JdbcEnvironmen
tInitiator.java:335)
	at org.hibernate.jdbc.
WorkExecutor.executeRet
urningWork(WorkExecutor
.java:58)
	at org.hibernate.jdbc.
AbstractReturningWork.a
ccept(AbstractReturning
Work.java:34)
	at org.hibernate.resou
rce.transaction.backend
.jdbc.internal.JdbcIsol
ationDelegate.delegateW
ork(JdbcIsolationDelega
te.java:70)
	at org.hibernate.engin
e.jdbc.env.internal.Jdb
cEnvironmentInitiator.g
etJdbcEnvironmentUsingJ
dbcMetadata(JdbcEnviron
mentInitiator.java:334)
	at org.hibernate.engin
e.jdbc.env.internal.Jdb
cEnvironmentInitiator.i
nitiateService(JdbcEnvi
ronmentInitiator.java:1
29)
	at org.hibernate.engin
e.jdbc.env.internal.Jdb
cEnvironmentInitiator.i
nitiateService(JdbcEnvi
ronmentInitiator.java:8
1)
	at org.hibernate.boot.
registry.internal.Stand
ardServiceRegistryImpl.
initiateService(Standar
dServiceRegistryImpl.ja
va:130)
	at org.hibernate.servi
ce.internal.AbstractSer
viceRegistryImpl.create
Service(AbstractService
RegistryImpl.java:263)
	at org.hibernate.servi
ce.internal.AbstractSer
viceRegistryImpl.initia
lizeService(AbstractSer
viceRegistryImpl.java:2
38)
	at org.hibernate.servi
ce.internal.AbstractSer
viceRegistryImpl.getSer
vice(AbstractServiceReg
istryImpl.java:215)
	at org.hibernate.boot.
model.relational.Databa
se.<init>(Database.java
:45)
	at org.hibernate.boot.
internal.InFlightMetada
taCollectorImpl.getData
base(InFlightMetadataCo
llectorImpl.java:226)
	at org.hibernate.boot.
internal.InFlightMetada
taCollectorImpl.<init>(
InFlightMetadataCollect
orImpl.java:194)
	at org.hibernate.boot.
model.process.spi.Metad
ataBuildingProcess.comp
lete(MetadataBuildingPr
ocess.java:171)
	at org.hibernate.jpa.b
oot.internal.EntityMana
gerFactoryBuilderImpl.m
etadata(EntityManagerFa
ctoryBuilderImpl.java:1
442)
	at org.hibernate.jpa.b
oot.internal.EntityMana
gerFactoryBuilderImpl.b
uild(EntityManagerFacto
ryBuilderImpl.java:1513
)
	at org.springframework
.orm.jpa.vendor.SpringH
ibernateJpaPersistenceP
rovider.createContainer
EntityManagerFactory(Sp
ringHibernateJpaPersist
enceProvider.java:66)
	at org.springframework
.orm.jpa.LocalContainer
EntityManagerFactoryBea
n.createNativeEntityMan
agerFactory(LocalContai
nerEntityManagerFactory
Bean.java:388)
	at org.springframework
.orm.jpa.AbstractEntity
ManagerFactoryBean.buil
dNativeEntityManagerFac
tory(AbstractEntityMana
gerFactoryBean.java:419
)
	at org.springframework
.orm.jpa.AbstractEntity
ManagerFactoryBean.afte
rPropertiesSet(Abstract
EntityManagerFactoryBea
n.java:400)
	at org.springframework
.orm.jpa.LocalContainer
EntityManagerFactoryBea
n.afterPropertiesSet(Lo
calContainerEntityManag
erFactoryBean.java:364)
	at org.springframework
.beans.factory.support.
AbstractAutowireCapable
BeanFactory.invokeInitM
ethods(AbstractAutowire
CapableBeanFactory.java
:1873)
	at org.springframework
.beans.factory.support.
AbstractAutowireCapable
BeanFactory.initializeB
ean(AbstractAutowireCap
ableBeanFactory.java:18
22)
	at org.springframework
.beans.factory.support.
AbstractAutowireCapable
BeanFactory.doCreateBea
n(AbstractAutowireCapab
leBeanFactory.java:607)
	at org.springframework
.beans.factory.support.
AbstractAutowireCapable
BeanFactory.createBean(
AbstractAutowireCapable
BeanFactory.java:529)
	at org.springframework
.beans.factory.support.
AbstractBeanFactory.lam
bda$doGetBean$0(Abstrac
tBeanFactory.java:339)
	at org.springframework
.beans.factory.support.
DefaultSingletonBeanReg
istry.getSingleton(Defa
ultSingletonBeanRegistr
y.java:373)
	at org.springframework
.beans.factory.support.
AbstractBeanFactory.doG
etBean(AbstractBeanFact
ory.java:337)
	at org.springframework
.beans.factory.support.
AbstractBeanFactory.get
Bean(AbstractBeanFactor
y.java:207)
	at org.springframework
.context.support.Abstra
ctApplicationContext.fi
nishBeanFactoryInitiali
zation(AbstractApplicat
ionContext.java:974)
	at org.springframework
.context.support.Abstra
ctApplicationContext.re
fresh(AbstractApplicati
onContext.java:628)
	at org.springframework
.boot.SpringApplication
.refresh(SpringApplicat
ion.java:752)
	at org.springframework
.boot.SpringApplication
.refreshContext(SpringA
pplication.java:439)
	at org.springframework
.boot.SpringApplication
.run(SpringApplication.
java:318)
	at org.springframework
.boot.test.context.Spri
ngBootContextLoader.lam
bda$loadContext$3(Sprin
gBootContextLoader.java
:152)
	at org.springframework
.util.function.Throwing
Supplier.get(ThrowingSu
pplier.java:58)
	at org.springframework
.util.function.Throwing
Supplier.get(ThrowingSu
pplier.java:46)
	at org.springframework
.boot.SpringApplication
.withHook(SpringApplica
tion.java:1461)
	at org.springframework
.boot.test.context.Spri
ngBootContextLoader$Con
textLoaderHook.run(Spri
ngBootContextLoader.jav
a:595)
	at org.springframework
.boot.test.context.Spri
ngBootContextLoader.loa
dContext(SpringBootCont
extLoader.java:152)
	at org.springframework
.boot.test.context.Spri
ngBootContextLoader.loa
dContext(SpringBootCont
extLoader.java:111)
	at org.springframework
.test.context.cache.Def
aultCacheAwareContextLo
aderDelegate.loadContex
tInternal(DefaultCacheA
wareContextLoaderDelega
te.java:225)
	at org.springframework
.test.context.cache.Def
aultCacheAwareContextLo
aderDelegate.loadContex
t(DefaultCacheAwareCont
extLoaderDelegate.java:
152)
	at org.springframework
.test.context.support.D
efaultTestContext.getAp
plicationContext(Defaul
tTestContext.java:130)
	at org.springframework
.test.context.support.D
ependencyInjectionTestE
xecutionListener.inject
Dependencies(Dependency
InjectionTestExecutionL
istener.java:155)
	at org.springframework
.test.context.support.D
ependencyInjectionTestE
xecutionListener.prepar
eTestInstance(Dependenc
yInjectionTestExecution
Listener.java:111)
	at org.springframework
.test.context.TestConte
xtManager.prepareTestIn
stance(TestContextManag
er.java:260)
	at org.springframework
.test.context.junit4.Sp
ringJUnit4ClassRunner.c
reateTest(SpringJUnit4C
lassRunner.java:228)
	at org.springframework
.test.context.junit4.Sp
ringJUnit4ClassRunner$1
.runReflectiveCall(Spri
ngJUnit4ClassRunner.jav
a:289)
	at org.junit.internal.
runners.model.Reflectiv
eCallable.run(Reflectiv
eCallable.java:12)
	at org.springframework
.test.context.junit4.Sp
ringJUnit4ClassRunner.m
ethodBlock(SpringJUnit4
ClassRunner.java:291)
	at org.springframework
.test.context.junit4.Sp
ringJUnit4ClassRunner.r
unChild(SpringJUnit4Cla
ssRunner.java:247)
	at org.springframework
.test.context.junit4.Sp
ringJUnit4ClassRunner.r
unChild(SpringJUnit4Cla
ssRunner.java:97)
	at org.junit.runners.P
arentRunner$4.run(Paren
tRunner.java:331)
	at org.junit.runners.P
arentRunner$1.schedule(
ParentRunner.java:79)
	at org.junit.runners.P
arentRunner.runChildren
(ParentRunner.java:329)
	at org.junit.runners.P
arentRunner.access$100(
ParentRunner.java:66)
	at org.junit.runners.P
arentRunner$2.evaluate(
ParentRunner.java:293)
	at org.springframework
.test.context.junit4.st
atements.RunBeforeTestC
lassCallbacks.evaluate(
RunBeforeTestClassCallb
acks.java:61)
	at org.springframework
.test.context.junit4.st
atements.RunAfterTestCl
assCallbacks.evaluate(R
unAfterTestClassCallbac
ks.java:70)
	at org.junit.runners.P
arentRunner$3.evaluate(
ParentRunner.java:306)
	at org.junit.runners.P
arentRunner.run(ParentR
unner.java:413)
	at org.springframework
.test.context.junit4.Sp
ringJUnit4ClassRunner.r
un(SpringJUnit4ClassRun
ner.java:191)
	at org.junit.runner.JU
nitCore.run(JUnitCore.j
ava:137)
	at org.junit.runner.JU
nitCore.run(JUnitCore.j
ava:115)
	at org.junit.vintage.e
ngine.execution.RunnerE
xecutor.execute(RunnerE
xecutor.java:42)
	at org.junit.vintage.e
ngine.execution.Vintage
Executor.executeClasses
AndMethodsSequentially(
VintageExecutor.java:93
)
	at org.junit.vintage.e
ngine.execution.Vintage
Executor.executeAllChil
dren(VintageExecutor.ja
va:73)
	at org.junit.vintage.e
ngine.VintageTestEngine
.execute(VintageTestEng
ine.java:70)
	at org.junit.platform.
launcher.core.EngineExe
cutionOrchestrator.exec
ute(EngineExecutionOrch
estrator.java:201)
	at org.junit.platform.
launcher.core.EngineExe
cutionOrchestrator.exec
ute(EngineExecutionOrch
estrator.java:170)
	at org.junit.platform.
launcher.core.EngineExe
cutionOrchestrator.exec
ute(EngineExecutionOrch
estrator.java:94)
	at org.junit.platform.
launcher.core.EngineExe
cutionOrchestrator.lamb
da$execute$0(EngineExec
utionOrchestrator.java:
59)
	at org.junit.platform.
launcher.core.EngineExe
cutionOrchestrator.with
InterceptedStreams(Engi
neExecutionOrchestrator
.java:142)
	at org.junit.platform.
launcher.core.EngineExe
cutionOrchestrator.exec
ute(EngineExecutionOrch
estrator.java:58)
	at org.junit.platform.
launcher.core.DefaultLa
uncher.execute(DefaultL
auncher.java:103)
	at org.junit.platform.
launcher.core.DefaultLa
uncher.execute(DefaultL
auncher.java:85)
	at org.junit.platform.
launcher.core.Delegatin
gLauncher.execute(Deleg
atingLauncher.java:47)
	at org.junit.platform.
launcher.core.Intercept
ingLauncher.lambda$exec
ute$1(InterceptingLaunc
her.java:39)
	at org.junit.platform.
launcher.core.Classpath
AlignmentCheckingLaunch
erInterceptor.intercept
(ClasspathAlignmentChec
kingLauncherInterceptor
.java:25)
	at org.junit.platform.
launcher.core.Intercept
ingLauncher.execute(Int
erceptingLauncher.java:
38)
	at org.junit.platform.
launcher.core.Delegatin
gLauncher.execute(Deleg
atingLauncher.java:47)
	at org.apache.maven.su
refire.junitplatform.La
uncherAdapter.executeWi
thoutCancellationToken(
LauncherAdapter.java:60
)
	at org.apache.maven.su
refire.junitplatform.La
uncherAdapter.execute(L
auncherAdapter.java:52)
	at org.apache.maven.su
refire.junitplatform.JU
nitPlatformProvider.exe
cute(JUnitPlatformProvi
der.java:203)
	at org.apache.maven.su
refire.junitplatform.JU
nitPlatformProvider.inv
okeAllTests(JUnitPlatfo
rmProvider.java:168)
	at org.apache.maven.su
refire.junitplatform.JU
nitPlatformProvider.inv
oke(JUnitPlatformProvid
er.java:136)
	at org.apache.maven.su
refire.booter.ForkedBoo
ter.runSuitesInProcess(
ForkedBooter.java:385)
	at org.apache.maven.su
refire.booter.ForkedBoo
ter.execute(ForkedBoote
r.java:162)
	at org.apache.maven.su
refire.booter.ForkedBoo
ter.run(ForkedBooter.ja
va:507)
	at org.apache.maven.su
refire.booter.ForkedBoo
ter.main(ForkedBooter.j
ava:495)
Caused by: 
java.io.IOException: 
Error while 
instrumenting java/sql/
BatchUpdateException 
with JaCoCo 0.8.11.2023
10140853/f33756c.
	at org.jacoco.agent.rt
.internal_4742761.core.
instr.Instrumenter.inst
rumentError(Instrumente
r.java:161)
	at org.jacoco.agent.rt
.internal_4742761.core.
instr.Instrumenter.inst
rument(Instrumenter.jav
a:111)
	at org.jacoco.agent.rt
.internal_4742761.Cover
ageTransformer.transfor
m(CoverageTransformer.j
ava:92)
	... 120 more
Caused by: java.lang.Il
legalArgumentException:
 Unsupported class 
file major version 68
	at org.jacoco.agent.rt
.internal_4742761.asm.C
lassReader.<init>(Class
Reader.java:200)
	at org.jacoco.agent.rt
.internal_4742761.asm.C
lassReader.<init>(Class
Reader.java:180)
	at org.jacoco.agent.rt
.internal_4742761.asm.C
lassReader.<init>(Class
Reader.java:166)
	at org.jacoco.agent.rt
.internal_4742761.core.
internal.instr.InstrSup
port.classReaderFor(Ins
trSupport.java:280)
	at org.jacoco.agent.rt
.internal_4742761.core.
instr.Instrumenter.inst
rument(Instrumenter.jav
a:77)
	at org.jacoco.agent.rt
.internal_4742761.core.
instr.Instrumenter.inst
rument(Instrumenter.jav
a:109)
	... 121 more
java.lang.instrument.Il
legalClassFormatExcepti
on: Error while 
instrumenting 
java/sql/RowId with 
JaCoCo 0.8.11.202310140
853/f33756c.
	at org.jacoco.agent.rt
.internal_4742761.Cover
ageTransformer.transfor
m(CoverageTransformer.j
ava:94)
	at java.instrument/jav
a.lang.instrument.Class
FileTransformer.transfo
rm(ClassFileTransformer
.java:257)
	at java.instrument/sun
.instrument.Transformer
Manager.transform(Trans
formerManager.java:188)
	at java.instrument/sun
.instrument.Instrumenta
tionImpl.transform(Inst
rumentationImpl.java:59
4)
	at java.base/java.lang
.ClassLoader.defineClas
s2(Native Method)
	at java.base/java.lang
.ClassLoader.defineClas
s(ClassLoader.java:1052
)
	at java.base/java.secu
rity.SecureClassLoader.
defineClass(SecureClass
Loader.java:164)
	at java.base/jdk.inter
nal.loader.BuiltinClass
Loader.defineClass(Buil
tinClassLoader.java:735
)
	at java.base/jdk.inter
nal.loader.BuiltinClass
Loader.findClassInModul
eOrNull(BuiltinClassLoa
der.java:678)
	at java.base/jdk.inter
nal.loader.BuiltinClass
Loader.loadClassOrNull(
BuiltinClassLoader.java
:604)
	at java.base/jdk.inter
nal.loader.BuiltinClass
Loader.loadClassOrNull(
BuiltinClassLoader.java
:639)
	at java.base/jdk.inter
nal.loader.BuiltinClass
Loader.loadClassOrNull(
BuiltinClassLoader.java
:608)
	at java.base/jdk.inter
nal.loader.BuiltinClass
Loader.loadClass(Builti
nClassLoader.java:578)
	at java.base/java.lang
.ClassLoader.loadClass(
ClassLoader.java:490)
	at oracle.jdbc.driver.
T4CDriverExtension.allo
cateStatement(T4CDriver
Extension.java:153)
	at oracle.jdbc.driver.
T4CDriverExtension.allo
cateStatement(T4CDriver
Extension.java:35)
	at oracle.jdbc.driver.
PhysicalConnection.crea
teStatementInternal(Phy
sicalConnection.java:23
00)
	at oracle.jdbc.driver.
PhysicalConnection.crea
teStatement(PhysicalCon
nection.java:2277)
	at oracle.jdbc.driver.
PhysicalConnection.crea
teStatement(PhysicalCon
nection.java:2250)
	at com.zaxxer.hikari.p
ool.ProxyConnection.cre
ateStatement(ProxyConne
ction.java:285)
	at com.zaxxer.hikari.p
ool.HikariProxyConnecti
on.createStatement(Hika
riProxyConnection.java)
	at org.hibernate.diale
ct.OracleServerConfigur
ation.fromDialectResolu
tionInfo(OracleServerCo
nfiguration.java:98)
	at org.hibernate.diale
ct.OracleDialect.<init>
(OracleDialect.java:216
)
	at org.hibernate.diale
ct.Database$9.createDia
lect(Database.java:202)
	at org.hibernate.engin
e.jdbc.dialect.internal
.StandardDialectResolve
r.resolveDialect(Standa
rdDialectResolver.java:
28)
	at org.hibernate.engin
e.jdbc.dialect.internal
.DialectResolverSet.res
olveDialect(DialectReso
lverSet.java:48)
	at org.hibernate.engin
e.jdbc.dialect.internal
.DialectFactoryImpl.det
ermineDialect(DialectFa
ctoryImpl.java:198)
	at org.hibernate.engin
e.jdbc.dialect.internal
.DialectFactoryImpl.bui
ldDialect(DialectFactor
yImpl.java:87)
	at org.hibernate.engin
e.jdbc.env.internal.Jdb
cEnvironmentInitiator$1
.execute(JdbcEnvironmen
tInitiator.java:367)
	at org.hibernate.engin
e.jdbc.env.internal.Jdb
cEnvironmentInitiator$1
.execute(JdbcEnvironmen
tInitiator.java:335)
	at org.hibernate.jdbc.
WorkExecutor.executeRet
urningWork(WorkExecutor
.java:58)
	at org.hibernate.jdbc.
AbstractReturningWork.a
ccept(AbstractReturning
Work.java:34)
	at org.hibernate.resou
rce.transaction.backend
.jdbc.internal.JdbcIsol
ationDelegate.delegateW
ork(JdbcIsolationDelega
te.java:70)
	at org.hibernate.engin
e.jdbc.env.internal.Jdb
cEnvironmentInitiator.g
etJdbcEnvironmentUsingJ
dbcMetadata(JdbcEnviron
mentInitiator.java:334)
	at org.hibernate.engin
e.jdbc.env.internal.Jdb
cEnvironmentInitiator.i
nitiateService(JdbcEnvi
ronmentInitiator.java:1
29)
	at org.hibernate.engin
e.jdbc.env.internal.Jdb
cEnvironmentInitiator.i
nitiateService(JdbcEnvi
ronmentInitiator.java:8
1)
	at org.hibernate.boot.
registry.internal.Stand
ardServiceRegistryImpl.
initiateService(Standar
dServiceRegistryImpl.ja
va:130)
	at org.hibernate.servi
ce.internal.AbstractSer
viceRegistryImpl.create
Service(AbstractService
RegistryImpl.java:263)
	at org.hibernate.servi
ce.internal.AbstractSer
viceRegistryImpl.initia
lizeService(AbstractSer
viceRegistryImpl.java:2
38)
	at org.hibernate.servi
ce.internal.AbstractSer
viceRegistryImpl.getSer
vice(AbstractServiceReg
istryImpl.java:215)
	at org.hibernate.boot.
model.relational.Databa
se.<init>(Database.java
:45)
	at org.hibernate.boot.
internal.InFlightMetada
taCollectorImpl.getData
base(InFlightMetadataCo
llectorImpl.java:226)
	at org.hibernate.boot.
internal.InFlightMetada
taCollectorImpl.<init>(
InFlightMetadataCollect
orImpl.java:194)
	at org.hibernate.boot.
model.process.spi.Metad
ataBuildingProcess.comp
lete(MetadataBuildingPr
ocess.java:171)
	at org.hibernate.jpa.b
oot.internal.EntityMana
gerFactoryBuilderImpl.m
etadata(EntityManagerFa
ctoryBuilderImpl.java:1
442)
	at org.hibernate.jpa.b
oot.internal.EntityMana
gerFactoryBuilderImpl.b
uild(EntityManagerFacto
ryBuilderImpl.java:1513
)
	at org.springframework
.orm.jpa.vendor.SpringH
ibernateJpaPersistenceP
rovider.createContainer
EntityManagerFactory(Sp
ringHibernateJpaPersist
enceProvider.java:66)
	at org.springframework
.orm.jpa.LocalContainer
EntityManagerFactoryBea
n.createNativeEntityMan
agerFactory(LocalContai
nerEntityManagerFactory
Bean.java:388)
	at org.springframework
.orm.jpa.AbstractEntity
ManagerFactoryBean.buil
dNativeEntityManagerFac
tory(AbstractEntityMana
gerFactoryBean.java:419
)
	at org.springframework
.orm.jpa.AbstractEntity
ManagerFactoryBean.afte
rPropertiesSet(Abstract
EntityManagerFactoryBea
n.java:400)
	at org.springframework
.orm.jpa.LocalContainer
EntityManagerFactoryBea
n.afterPropertiesSet(Lo
calContainerEntityManag
erFactoryBean.java:364)
	at org.springframework
.beans.factory.support.
AbstractAutowireCapable
BeanFactory.invokeInitM
ethods(AbstractAutowire
CapableBeanFactory.java
:1873)
	at org.springframework
.beans.factory.support.
AbstractAutowireCapable
BeanFactory.initializeB
ean(AbstractAutowireCap
ableBeanFactory.java:18
22)
	at org.springframework
.beans.factory.support.
AbstractAutowireCapable
BeanFactory.doCreateBea
n(AbstractAutowireCapab
leBeanFactory.java:607)
	at org.springframework
.beans.factory.support.
AbstractAutowireCapable
BeanFactory.createBean(
AbstractAutowireCapable
BeanFactory.java:529)
	at org.springframework
.beans.factory.support.
AbstractBeanFactory.lam
bda$doGetBean$0(Abstrac
tBeanFactory.java:339)
	at org.springframework
.beans.factory.support.
DefaultSingletonBeanReg
istry.getSingleton(Defa
ultSingletonBeanRegistr
y.java:373)
	at org.springframework
.beans.factory.support.
AbstractBeanFactory.doG
etBean(AbstractBeanFact
ory.java:337)
	at org.springframework
.beans.factory.support.
AbstractBeanFactory.get
Bean(AbstractBeanFactor
y.java:207)
	at org.springframework
.context.support.Abstra
ctApplicationContext.fi
nishBeanFactoryInitiali
zation(AbstractApplicat
ionContext.java:974)
	at org.springframework
.context.support.Abstra
ctApplicationContext.re
fresh(AbstractApplicati
onContext.java:628)
	at org.springframework
.boot.SpringApplication
.refresh(SpringApplicat
ion.java:752)
	at org.springframework
.boot.SpringApplication
.refreshContext(SpringA
pplication.java:439)
	at org.springframework
.boot.SpringApplication
.run(SpringApplication.
java:318)
	at org.springframework
.boot.test.context.Spri
ngBootContextLoader.lam
bda$loadContext$3(Sprin
gBootContextLoader.java
:152)
	at org.springframework
.util.function.Throwing
Supplier.get(ThrowingSu
pplier.java:58)
	at org.springframework
.util.function.Throwing
Supplier.get(ThrowingSu
pplier.java:46)
	at org.springframework
.boot.SpringApplication
.withHook(SpringApplica
tion.java:1461)
	at org.springframework
.boot.test.context.Spri
ngBootContextLoader$Con
textLoaderHook.run(Spri
ngBootContextLoader.jav
a:595)
	at org.springframework
.boot.test.context.Spri
ngBootContextLoader.loa
dContext(SpringBootCont
extLoader.java:152)
	at org.springframework
.boot.test.context.Spri
ngBootContextLoader.loa
dContext(SpringBootCont
extLoader.java:111)
	at org.springframework
.test.context.cache.Def
aultCacheAwareContextLo
aderDelegate.loadContex
tInternal(DefaultCacheA
wareContextLoaderDelega
te.java:225)
	at org.springframework
.test.context.cache.Def
aultCacheAwareContextLo
aderDelegate.loadContex
t(DefaultCacheAwareCont
extLoaderDelegate.java:
152)
	at org.springframework
.test.context.support.D
efaultTestContext.getAp
plicationContext(Defaul
tTestContext.java:130)
	at org.springframework
.test.context.support.D
ependencyInjectionTestE
xecutionListener.inject
Dependencies(Dependency
InjectionTestExecutionL
istener.java:155)
	at org.springframework
.test.context.support.D
ependencyInjectionTestE
xecutionListener.prepar
eTestInstance(Dependenc
yInjectionTestExecution
Listener.java:111)
	at org.springframework
.test.context.TestConte
xtManager.prepareTestIn
stance(TestContextManag
er.java:260)
	at org.springframework
.test.context.junit4.Sp
ringJUnit4ClassRunner.c
reateTest(SpringJUnit4C
lassRunner.java:228)
	at org.springframework
.test.context.junit4.Sp
ringJUnit4ClassRunner$1
.runReflectiveCall(Spri
ngJUnit4ClassRunner.jav
a:289)
	at org.junit.internal.
runners.model.Reflectiv
eCallable.run(Reflectiv
eCallable.java:12)
	at org.springframework
.test.context.junit4.Sp
ringJUnit4ClassRunner.m
ethodBlock(SpringJUnit4
ClassRunner.java:291)
	at org.springframework
.test.context.junit4.Sp
ringJUnit4ClassRunner.r
unChild(SpringJUnit4Cla
ssRunner.java:247)
	at org.springframework
.test.context.junit4.Sp
ringJUnit4ClassRunner.r
unChild(SpringJUnit4Cla
ssRunner.java:97)
	at org.junit.runners.P
arentRunner$4.run(Paren
tRunner.java:331)
	at org.junit.runners.P
arentRunner$1.schedule(
ParentRunner.java:79)
	at org.junit.runners.P
arentRunner.runChildren
(ParentRunner.java:329)
	at org.junit.runners.P
arentRunner.access$100(
ParentRunner.java:66)
	at org.junit.runners.P
arentRunner$2.evaluate(
ParentRunner.java:293)
	at org.springframework
.test.context.junit4.st
atements.RunBeforeTestC
lassCallbacks.evaluate(
RunBeforeTestClassCallb
acks.java:61)
	at org.springframework
.test.context.junit4.st
atements.RunAfterTestCl
assCallbacks.evaluate(R
unAfterTestClassCallbac
ks.java:70)
	at org.junit.runners.P
arentRunner$3.evaluate(
ParentRunner.java:306)
	at org.junit.runners.P
arentRunner.run(ParentR
unner.java:413)
	at org.springframework
.test.context.junit4.Sp
ringJUnit4ClassRunner.r
un(SpringJUnit4ClassRun
ner.java:191)
	at org.junit.runner.JU
nitCore.run(JUnitCore.j
ava:137)
	at org.junit.runner.JU
nitCore.run(JUnitCore.j
ava:115)
	at org.junit.vintage.e
ngine.execution.RunnerE
xecutor.execute(RunnerE
xecutor.java:42)
	at org.junit.vintage.e
ngine.execution.Vintage
Executor.executeClasses
AndMethodsSequentially(
VintageExecutor.java:93
)
	at org.junit.vintage.e
ngine.execution.Vintage
Executor.executeAllChil
dren(VintageExecutor.ja
va:73)
	at org.junit.vintage.e
ngine.VintageTestEngine
.execute(VintageTestEng
ine.java:70)
	at org.junit.platform.
launcher.core.EngineExe
cutionOrchestrator.exec
ute(EngineExecutionOrch
estrator.java:201)
	at org.junit.platform.
launcher.core.EngineExe
cutionOrchestrator.exec
ute(EngineExecutionOrch
estrator.java:170)
	at org.junit.platform.
launcher.core.EngineExe
cutionOrchestrator.exec
ute(EngineExecutionOrch
estrator.java:94)
	at org.junit.platform.
launcher.core.EngineExe
cutionOrchestrator.lamb
da$execute$0(EngineExec
utionOrchestrator.java:
59)
	at org.junit.platform.
launcher.core.EngineExe
cutionOrchestrator.with
InterceptedStreams(Engi
neExecutionOrchestrator
.java:142)
	at org.junit.platform.
launcher.core.EngineExe
cutionOrchestrator.exec
ute(EngineExecutionOrch
estrator.java:58)
	at org.junit.platform.
launcher.core.DefaultLa
uncher.execute(DefaultL
auncher.java:103)
	at org.junit.platform.
launcher.core.DefaultLa
uncher.execute(DefaultL
auncher.java:85)
	at org.junit.platform.
launcher.core.Delegatin
gLauncher.execute(Deleg
atingLauncher.java:47)
	at org.junit.platform.
launcher.core.Intercept
ingLauncher.lambda$exec
ute$1(InterceptingLaunc
her.java:39)
	at org.junit.platform.
launcher.core.Classpath
AlignmentCheckingLaunch
erInterceptor.intercept
(ClasspathAlignmentChec
kingLauncherInterceptor
.java:25)
	at org.junit.platform.
launcher.core.Intercept
ingLauncher.execute(Int
erceptingLauncher.java:
38)
	at org.junit.platform.
launcher.core.Delegatin
gLauncher.execute(Deleg
atingLauncher.java:47)
	at org.apache.maven.su
refire.junitplatform.La
uncherAdapter.executeWi
thoutCancellationToken(
LauncherAdapter.java:60
)
	at org.apache.maven.su
refire.junitplatform.La
uncherAdapter.execute(L
auncherAdapter.java:52)
	at org.apache.maven.su
refire.junitplatform.JU
nitPlatformProvider.exe
cute(JUnitPlatformProvi
der.java:203)
	at org.apache.maven.su
refire.junitplatform.JU
nitPlatformProvider.inv
okeAllTests(JUnitPlatfo
rmProvider.java:168)
	at org.apache.maven.su
refire.junitplatform.JU
nitPlatformProvider.inv
oke(JUnitPlatformProvid
er.java:136)
	at org.apache.maven.su
refire.booter.ForkedBoo
ter.runSuitesInProcess(
ForkedBooter.java:385)
	at org.apache.maven.su
refire.booter.ForkedBoo
ter.execute(ForkedBoote
r.java:162)
	at org.apache.maven.su
refire.booter.ForkedBoo
ter.run(ForkedBooter.ja
va:507)
	at org.apache.maven.su
refire.booter.ForkedBoo
ter.main(ForkedBooter.j
ava:495)
Caused by: 
java.io.IOException: 
Error while 
instrumenting 
java/sql/RowId with 
JaCoCo 0.8.11.202310140
853/f33756c.
	at org.jacoco.agent.rt
.internal_4742761.core.
instr.Instrumenter.inst
rumentError(Instrumente
r.java:161)
	at org.jacoco.agent.rt
.internal_4742761.core.
instr.Instrumenter.inst
rument(Instrumenter.jav
a:111)
	at org.jacoco.agent.rt
.internal_4742761.Cover
ageTransformer.transfor
m(CoverageTransformer.j
ava:92)
	... 120 more
Caused by: java.lang.Il
legalArgumentException:
 Unsupported class 
file major version 68
	at org.jacoco.agent.rt
.internal_4742761.asm.C
lassReader.<init>(Class
Reader.java:200)
	at org.jacoco.agent.rt
.internal_4742761.asm.C
lassReader.<init>(Class
Reader.java:180)
	at org.jacoco.agent.rt
.internal_4742761.asm.C
lassReader.<init>(Class
Reader.java:166)
	at org.jacoco.agent.rt
.internal_4742761.core.
internal.instr.InstrSup
port.classReaderFor(Ins
trSupport.java:280)
	at org.jacoco.agent.rt
.internal_4742761.core.
instr.Instrumenter.inst
rument(Instrumenter.jav
a:77)
	at org.jacoco.agent.rt
.internal_4742761.core.
instr.Instrumenter.inst
rument(Instrumenter.jav
a:109)
	... 121 more
java.lang.instrument.Il
legalClassFormatExcepti
on: Error while 
instrumenting 
java/sql/ShardingKey 
with JaCoCo 0.8.11.2023
10140853/f33756c.
	at org.jacoco.agent.rt
.internal_4742761.Cover
ageTransformer.transfor
m(CoverageTransformer.j
ava:94)
	at java.instrument/jav
a.lang.instrument.Class
FileTransformer.transfo
rm(ClassFileTransformer
.java:257)
	at java.instrument/sun
.instrument.Transformer
Manager.transform(Trans
formerManager.java:188)
	at java.instrument/sun
.instrument.Instrumenta
tionImpl.transform(Inst
rumentationImpl.java:59
4)
	at java.base/java.lang
.ClassLoader.defineClas
s2(Native Method)
	at java.base/java.lang
.ClassLoader.defineClas
s(ClassLoader.java:1052
)
	at java.base/java.secu
rity.SecureClassLoader.
defineClass(SecureClass
Loader.java:164)
	at java.base/jdk.inter
nal.loader.BuiltinClass
Loader.defineClass(Buil
tinClassLoader.java:735
)
	at java.base/jdk.inter
nal.loader.BuiltinClass
Loader.findClassInModul
eOrNull(BuiltinClassLoa
der.java:678)
	at java.base/jdk.inter
nal.loader.BuiltinClass
Loader.loadClassOrNull(
BuiltinClassLoader.java
:604)
	at java.base/jdk.inter
nal.loader.BuiltinClass
Loader.loadClassOrNull(
BuiltinClassLoader.java
:639)
	at java.base/jdk.inter
nal.loader.BuiltinClass
Loader.loadClassOrNull(
BuiltinClassLoader.java
:608)
	at java.base/jdk.inter
nal.loader.BuiltinClass
Loader.loadClass(Builti
nClassLoader.java:578)
	at java.base/java.lang
.ClassLoader.loadClass(
ClassLoader.java:490)
	at java.base/java.lang
.Class.getDeclaredMetho
ds0(Native Method)
	at java.base/java.lang
.Class.privateGetDeclar
edMethods(Class.java:30
35)
	at java.base/java.lang
.Class.getMethodsRecurs
ive(Class.java:3177)
	at java.base/java.lang
.Class.getMethod0(Class
.java:3162)
	at java.base/java.lang
.Class.getMethod(Class.
java:2166)
	at org.hibernate.diale
ct.OracleServerConfigur
ation.fromDialectResolu
tionInfo(OracleServerCo
nfiguration.java:106)
	at org.hibernate.diale
ct.OracleDialect.<init>
(OracleDialect.java:216
)
	at org.hibernate.diale
ct.Database$9.createDia
lect(Database.java:202)
	at org.hibernate.engin
e.jdbc.dialect.internal
.StandardDialectResolve
r.resolveDialect(Standa
rdDialectResolver.java:
28)
	at org.hibernate.engin
e.jdbc.dialect.internal
.DialectResolverSet.res
olveDialect(DialectReso
lverSet.java:48)
	at org.hibernate.engin
e.jdbc.dialect.internal
.DialectFactoryImpl.det
ermineDialect(DialectFa
ctoryImpl.java:198)
	at org.hibernate.engin
e.jdbc.dialect.internal
.DialectFactoryImpl.bui
ldDialect(DialectFactor
yImpl.java:87)
	at org.hibernate.engin
e.jdbc.env.internal.Jdb
cEnvironmentInitiator$1
.execute(JdbcEnvironmen
tInitiator.java:367)
	at org.hibernate.engin
e.jdbc.env.internal.Jdb
cEnvironmentInitiator$1
.execute(JdbcEnvironmen
tInitiator.java:335)
	at org.hibernate.jdbc.
WorkExecutor.executeRet
urningWork(WorkExecutor
.java:58)
	at org.hibernate.jdbc.
AbstractReturningWork.a
ccept(AbstractReturning
Work.java:34)
	at org.hibernate.resou
rce.transaction.backend
.jdbc.internal.JdbcIsol
ationDelegate.delegateW
ork(JdbcIsolationDelega
te.java:70)
	at org.hibernate.engin
e.jdbc.env.internal.Jdb
cEnvironmentInitiator.g
etJdbcEnvironmentUsingJ
dbcMetadata(JdbcEnviron
mentInitiator.java:334)
	at org.hibernate.engin
e.jdbc.env.internal.Jdb
cEnvironmentInitiator.i
nitiateService(JdbcEnvi
ronmentInitiator.java:1
29)
	at org.hibernate.engin
e.jdbc.env.internal.Jdb
cEnvironmentInitiator.i
nitiateService(JdbcEnvi
ronmentInitiator.java:8
1)
	at org.hibernate.boot.
registry.internal.Stand
ardServiceRegistryImpl.
initiateService(Standar
dServiceRegistryImpl.ja
va:130)
	at org.hibernate.servi
ce.internal.AbstractSer
viceRegistryImpl.create
Service(AbstractService
RegistryImpl.java:263)
	at org.hibernate.servi
ce.internal.AbstractSer
viceRegistryImpl.initia
lizeService(AbstractSer
viceRegistryImpl.java:2
38)
	at org.hibernate.servi
ce.internal.AbstractSer
viceRegistryImpl.getSer
vice(AbstractServiceReg
istryImpl.java:215)
	at org.hibernate.boot.
model.relational.Databa
se.<init>(Database.java
:45)
	at org.hibernate.boot.
internal.InFlightMetada
taCollectorImpl.getData
base(InFlightMetadataCo
llectorImpl.java:226)
	at org.hibernate.boot.
internal.InFlightMetada
taCollectorImpl.<init>(
InFlightMetadataCollect
orImpl.java:194)
	at org.hibernate.boot.
model.process.spi.Metad
ataBuildingProcess.comp
lete(MetadataBuildingPr
ocess.java:171)
	at org.hibernate.jpa.b
oot.internal.EntityMana
gerFactoryBuilderImpl.m
etadata(EntityManagerFa
ctoryBuilderImpl.java:1
442)
	at org.hibernate.jpa.b
oot.internal.EntityMana
gerFactoryBuilderImpl.b
uild(EntityManagerFacto
ryBuilderImpl.java:1513
)
	at org.springframework
.orm.jpa.vendor.SpringH
ibernateJpaPersistenceP
rovider.createContainer
EntityManagerFactory(Sp
ringHibernateJpaPersist
enceProvider.java:66)
	at org.springframework
.orm.jpa.LocalContainer
EntityManagerFactoryBea
n.createNativeEntityMan
agerFactory(LocalContai
nerEntityManagerFactory
Bean.java:388)
	at org.springframework
.orm.jpa.AbstractEntity
ManagerFactoryBean.buil
dNativeEntityManagerFac
tory(AbstractEntityMana
gerFactoryBean.java:419
)
	at org.springframework
.orm.jpa.AbstractEntity
ManagerFactoryBean.afte
rPropertiesSet(Abstract
EntityManagerFactoryBea
n.java:400)
	at org.springframework
.orm.jpa.LocalContainer
EntityManagerFactoryBea
n.afterPropertiesSet(Lo
calContainerEntityManag
erFactoryBean.java:364)
	at org.springframework
.beans.factory.support.
AbstractAutowireCapable
BeanFactory.invokeInitM
ethods(AbstractAutowire
CapableBeanFactory.java
:1873)
	at org.springframework
.beans.factory.support.
AbstractAutowireCapable
BeanFactory.initializeB
ean(AbstractAutowireCap
ableBeanFactory.java:18
22)
	at org.springframework
.beans.factory.support.
AbstractAutowireCapable
BeanFactory.doCreateBea
n(AbstractAutowireCapab
leBeanFactory.java:607)
	at org.springframework
.beans.factory.support.
AbstractAutowireCapable
BeanFactory.createBean(
AbstractAutowireCapable
BeanFactory.java:529)
	at org.springframework
.beans.factory.support.
AbstractBeanFactory.lam
bda$doGetBean$0(Abstrac
tBeanFactory.java:339)
	at org.springframework
.beans.factory.support.
DefaultSingletonBeanReg
istry.getSingleton(Defa
ultSingletonBeanRegistr
y.java:373)
	at org.springframework
.beans.factory.support.
AbstractBeanFactory.doG
etBean(AbstractBeanFact
ory.java:337)
	at org.springframework
.beans.factory.support.
AbstractBeanFactory.get
Bean(AbstractBeanFactor
y.java:207)
	at org.springframework
.context.support.Abstra
ctApplicationContext.fi
nishBeanFactoryInitiali
zation(AbstractApplicat
ionContext.java:974)
	at org.springframework
.context.support.Abstra
ctApplicationContext.re
fresh(AbstractApplicati
onContext.java:628)
	at org.springframework
.boot.SpringApplication
.refresh(SpringApplicat
ion.java:752)
	at org.springframework
.boot.SpringApplication
.refreshContext(SpringA
pplication.java:439)
	at org.springframework
.boot.SpringApplication
.run(SpringApplication.
java:318)
	at org.springframework
.boot.test.context.Spri
ngBootContextLoader.lam
bda$loadContext$3(Sprin
gBootContextLoader.java
:152)
	at org.springframework
.util.function.Throwing
Supplier.get(ThrowingSu
pplier.java:58)
	at org.springframework
.util.function.Throwing
Supplier.get(ThrowingSu
pplier.java:46)
	at org.springframework
.boot.SpringApplication
.withHook(SpringApplica
tion.java:1461)
	at org.springframework
.boot.test.context.Spri
ngBootContextLoader$Con
textLoaderHook.run(Spri
ngBootContextLoader.jav
a:595)
	at org.springframework
.boot.test.context.Spri
ngBootContextLoader.loa
dContext(SpringBootCont
extLoader.java:152)
	at org.springframework
.boot.test.context.Spri
ngBootContextLoader.loa
dContext(SpringBootCont
extLoader.java:111)
	at org.springframework
.test.context.cache.Def
aultCacheAwareContextLo
aderDelegate.loadContex
tInternal(DefaultCacheA
wareContextLoaderDelega
te.java:225)
	at org.springframework
.test.context.cache.Def
aultCacheAwareContextLo
aderDelegate.loadContex
t(DefaultCacheAwareCont
extLoaderDelegate.java:
152)
	at org.springframework
.test.context.support.D
efaultTestContext.getAp
plicationContext(Defaul
tTestContext.java:130)
	at org.springframework
.test.context.support.D
ependencyInjectionTestE
xecutionListener.inject
Dependencies(Dependency
InjectionTestExecutionL
istener.java:155)
	at org.springframework
.test.context.support.D
ependencyInjectionTestE
xecutionListener.prepar
eTestInstance(Dependenc
yInjectionTestExecution
Listener.java:111)
	at org.springframework
.test.context.TestConte
xtManager.prepareTestIn
stance(TestContextManag
er.java:260)
	at org.springframework
.test.context.junit4.Sp
ringJUnit4ClassRunner.c
reateTest(SpringJUnit4C
lassRunner.java:228)
	at org.springframework
.test.context.junit4.Sp
ringJUnit4ClassRunner$1
.runReflectiveCall(Spri
ngJUnit4ClassRunner.jav
a:289)
	at org.junit.internal.
runners.model.Reflectiv
eCallable.run(Reflectiv
eCallable.java:12)
	at org.springframework
.test.context.junit4.Sp
ringJUnit4ClassRunner.m
ethodBlock(SpringJUnit4
ClassRunner.java:291)
	at org.springframework
.test.context.junit4.Sp
ringJUnit4ClassRunner.r
unChild(SpringJUnit4Cla
ssRunner.java:247)
	at org.springframework
.test.context.junit4.Sp
ringJUnit4ClassRunner.r
unChild(SpringJUnit4Cla
ssRunner.java:97)
	at org.junit.runners.P
arentRunner$4.run(Paren
tRunner.java:331)
	at org.junit.runners.P
arentRunner$1.schedule(
ParentRunner.java:79)
	at org.junit.runners.P
arentRunner.runChildren
(ParentRunner.java:329)
	at org.junit.runners.P
arentRunner.access$100(
ParentRunner.java:66)
	at org.junit.runners.P
arentRunner$2.evaluate(
ParentRunner.java:293)
	at org.springframework
.test.context.junit4.st
atements.RunBeforeTestC
lassCallbacks.evaluate(
RunBeforeTestClassCallb
acks.java:61)
	at org.springframework
.test.context.junit4.st
atements.RunAfterTestCl
assCallbacks.evaluate(R
unAfterTestClassCallbac
ks.java:70)
	at org.junit.runners.P
arentRunner$3.evaluate(
ParentRunner.java:306)
	at org.junit.runners.P
arentRunner.run(ParentR
unner.java:413)
	at org.springframework
.test.context.junit4.Sp
ringJUnit4ClassRunner.r
un(SpringJUnit4ClassRun
ner.java:191)
	at org.junit.runner.JU
nitCore.run(JUnitCore.j
ava:137)
	at org.junit.runner.JU
nitCore.run(JUnitCore.j
ava:115)
	at org.junit.vintage.e
ngine.execution.RunnerE
xecutor.execute(RunnerE
xecutor.java:42)
	at org.junit.vintage.e
ngine.execution.Vintage
Executor.executeClasses
AndMethodsSequentially(
VintageExecutor.java:93
)
	at org.junit.vintage.e
ngine.execution.Vintage
Executor.executeAllChil
dren(VintageExecutor.ja
va:73)
	at org.junit.vintage.e
ngine.VintageTestEngine
.execute(VintageTestEng
ine.java:70)
	at org.junit.platform.
launcher.core.EngineExe
cutionOrchestrator.exec
ute(EngineExecutionOrch
estrator.java:201)
	at org.junit.platform.
launcher.core.EngineExe
cutionOrchestrator.exec
ute(EngineExecutionOrch
estrator.java:170)
	at org.junit.platform.
launcher.core.EngineExe
cutionOrchestrator.exec
ute(EngineExecutionOrch
estrator.java:94)
	at org.junit.platform.
launcher.core.EngineExe
cutionOrchestrator.lamb
da$execute$0(EngineExec
utionOrchestrator.java:
59)
	at org.junit.platform.
launcher.core.EngineExe
cutionOrchestrator.with
InterceptedStreams(Engi
neExecutionOrchestrator
.java:142)
	at org.junit.platform.
launcher.core.EngineExe
cutionOrchestrator.exec
ute(EngineExecutionOrch
estrator.java:58)
	at org.junit.platform.
launcher.core.DefaultLa
uncher.execute(DefaultL
auncher.java:103)
	at org.junit.platform.
launcher.core.DefaultLa
uncher.execute(DefaultL
auncher.java:85)
	at org.junit.platform.
launcher.core.Delegatin
gLauncher.execute(Deleg
atingLauncher.java:47)
	at org.junit.platform.
launcher.core.Intercept
ingLauncher.lambda$exec
ute$1(InterceptingLaunc
her.java:39)
	at org.junit.platform.
launcher.core.Classpath
AlignmentCheckingLaunch
erInterceptor.intercept
(ClasspathAlignmentChec
kingLauncherInterceptor
.java:25)
	at org.junit.platform.
launcher.core.Intercept
ingLauncher.execute(Int
erceptingLauncher.java:
38)
	at org.junit.platform.
launcher.core.Delegatin
gLauncher.execute(Deleg
atingLauncher.java:47)
	at org.apache.maven.su
refire.junitplatform.La
uncherAdapter.executeWi
thoutCancellationToken(
LauncherAdapter.java:60
)
	at org.apache.maven.su
refire.junitplatform.La
uncherAdapter.execute(L
auncherAdapter.java:52)
	at org.apache.maven.su
refire.junitplatform.JU
nitPlatformProvider.exe
cute(JUnitPlatformProvi
der.java:203)
	at org.apache.maven.su
refire.junitplatform.JU
nitPlatformProvider.inv
okeAllTests(JUnitPlatfo
rmProvider.java:168)
	at org.apache.maven.su
refire.junitplatform.JU
nitPlatformProvider.inv
oke(JUnitPlatformProvid
er.java:136)
	at org.apache.maven.su
refire.booter.ForkedBoo
ter.runSuitesInProcess(
ForkedBooter.java:385)
	at org.apache.maven.su
refire.booter.ForkedBoo
ter.execute(ForkedBoote
r.java:162)
	at org.apache.maven.su
refire.booter.ForkedBoo
ter.run(ForkedBooter.ja
va:507)
	at org.apache.maven.su
refire.booter.ForkedBoo
ter.main(ForkedBooter.j
ava:495)
Caused by: 
java.io.IOException: 
Error while 
instrumenting 
java/sql/ShardingKey 
with JaCoCo 0.8.11.2023
10140853/f33756c.
	at org.jacoco.agent.rt
.internal_4742761.core.
instr.Instrumenter.inst
rumentError(Instrumente
r.java:161)
	at org.jacoco.agent.rt
.internal_4742761.core.
instr.Instrumenter.inst
rument(Instrumenter.jav
a:111)
	at org.jacoco.agent.rt
.internal_4742761.Cover
ageTransformer.transfor
m(CoverageTransformer.j
ava:92)
	... 118 more
Caused by: java.lang.Il
legalArgumentException:
 Unsupported class 
file major version 68
	at org.jacoco.agent.rt
.internal_4742761.asm.C
lassReader.<init>(Class
Reader.java:200)
	at org.jacoco.agent.rt
.internal_4742761.asm.C
lassReader.<init>(Class
Reader.java:180)
	at org.jacoco.agent.rt
.internal_4742761.asm.C
lassReader.<init>(Class
Reader.java:166)
	at org.jacoco.agent.rt
.internal_4742761.core.
internal.instr.InstrSup
port.classReaderFor(Ins
trSupport.java:280)
	at org.jacoco.agent.rt
.internal_4742761.core.
instr.Instrumenter.inst
rument(Instrumenter.jav
a:77)
	at org.jacoco.agent.rt
.internal_4742761.core.
instr.Instrumenter.inst
rument(Instrumenter.jav
a:109)
	... 119 more
java.lang.instrument.Il
legalClassFormatExcepti
on: Error while 
instrumenting 
java/sql/Ref with 
JaCoCo 0.8.11.202310140
853/f33756c.
	at org.jacoco.agent.rt
.internal_4742761.Cover
ageTransformer.transfor
m(CoverageTransformer.j
ava:94)
	at java.instrument/jav
a.lang.instrument.Class
FileTransformer.transfo
rm(ClassFileTransformer
.java:257)
	at java.instrument/sun
.instrument.Transformer
Manager.transform(Trans
formerManager.java:188)
	at java.instrument/sun
.instrument.Instrumenta
tionImpl.transform(Inst
rumentationImpl.java:59
4)
	at java.base/java.lang
.ClassLoader.defineClas
s2(Native Method)
	at java.base/java.lang
.ClassLoader.defineClas
s(ClassLoader.java:1052
)
	at java.base/java.secu
rity.SecureClassLoader.
defineClass(SecureClass
Loader.java:164)
	at java.base/jdk.inter
nal.loader.BuiltinClass
Loader.defineClass(Buil
tinClassLoader.java:735
)
	at java.base/jdk.inter
nal.loader.BuiltinClass
Loader.findClassInModul
eOrNull(BuiltinClassLoa
der.java:678)
	at java.base/jdk.inter
nal.loader.BuiltinClass
Loader.loadClassOrNull(
BuiltinClassLoader.java
:604)
	at java.base/jdk.inter
nal.loader.BuiltinClass
Loader.loadClassOrNull(
BuiltinClassLoader.java
:639)
	at java.base/jdk.inter
nal.loader.BuiltinClass
Loader.loadClassOrNull(
BuiltinClassLoader.java
:608)
	at java.base/jdk.inter
nal.loader.BuiltinClass
Loader.loadClass(Builti
nClassLoader.java:578)
	at java.base/java.lang
.ClassLoader.loadClass(
ClassLoader.java:490)
	at oracle.jdbc.driver.
Redirector.<clinit>(Red
irector.java:593)
	at oracle.jdbc.driver.
Representation.<init>(R
epresentation.java:561)
	at oracle.jdbc.driver.
Representation.<clinit>
(Representation.java:18
0)
	at oracle.jdbc.driver.
NumberCommonAccessor.<i
nit>(NumberCommonAccess
or.java:32)
	at oracle.jdbc.driver.
NumberAccessor.<init>(N
umberAccessor.java:36)
	at oracle.jdbc.driver.
T4CNumberAccessor.<init
>(T4CNumberAccessor.jav
a:56)
	at oracle.jdbc.driver.
T4CTTIdcb.fillupAccesso
rs(T4CTTIdcb.java:468)
	at oracle.jdbc.driver.
T4CTTIdcb.receiveCommon
(T4CTTIdcb.java:262)
	at oracle.jdbc.driver.
T4CTTIdcb.receive(T4CTT
Idcb.java:195)
	at oracle.jdbc.driver.
T4C8Oall.readDCB(T4C8Oa
ll.java:1279)
	at oracle.jdbc.driver.
T4CTTIfun.receive(T4CTT
Ifun.java:896)
	at oracle.jdbc.driver.
T4CTTIfun.doRPC(T4CTTIf
un.java:237)
	at oracle.jdbc.driver.
T4C8Oall.doOALL(T4C8Oal
l.java:524)
	at oracle.jdbc.driver.
T4CStatement.doOall8(T4
CStatement.java:192)
	at oracle.jdbc.driver.
T4CStatement.executeFor
Describe(T4CStatement.j
ava:1148)
	at oracle.jdbc.driver.
OracleStatement.prepare
DefineBufferAndExecute(
OracleStatement.java:14
13)
	at oracle.jdbc.driver.
OracleStatement.execute
MaybeDescribe(OracleSta
tement.java:1287)
	at oracle.jdbc.driver.
OracleStatement.execute
SQLSelect(OracleStateme
nt.java:1844)
	at oracle.jdbc.driver.
OracleStatement.doExecu
teWithTimeout(OracleSta
tement.java:1620)
	at oracle.jdbc.driver.
OracleStatement.execute
Query(OracleStatement.j
ava:2217)
	at oracle.jdbc.driver.
OracleStatementWrapper.
executeQuery(OracleStat
ementWrapper.java:387)
	at com.zaxxer.hikari.p
ool.ProxyStatement.exec
uteQuery(ProxyStatement
.java:111)
	at com.zaxxer.hikari.p
ool.HikariProxyStatemen
t.executeQuery(HikariPr
oxyStatement.java)
	at org.hibernate.diale
ct.OracleServerConfigur
ation.isAutonomous(Orac
leServerConfiguration.j
ava:199)
	at org.hibernate.diale
ct.OracleServerConfigur
ation.fromDialectResolu
tionInfo(OracleServerCo
nfiguration.java:153)
	at org.hibernate.diale
ct.OracleDialect.<init>
(OracleDialect.java:216
)
	at org.hibernate.diale
ct.Database$9.createDia
lect(Database.java:202)
	at org.hibernate.engin
e.jdbc.dialect.internal
.StandardDialectResolve
r.resolveDialect(Standa
rdDialectResolver.java:
28)
	at org.hibernate.engin
e.jdbc.dialect.internal
.DialectResolverSet.res
olveDialect(DialectReso
lverSet.java:48)
	at org.hibernate.engin
e.jdbc.dialect.internal
.DialectFactoryImpl.det
ermineDialect(DialectFa
ctoryImpl.java:198)
	at org.hibernate.engin
e.jdbc.dialect.internal
.DialectFactoryImpl.bui
ldDialect(DialectFactor
yImpl.java:87)
	at org.hibernate.engin
e.jdbc.env.internal.Jdb
cEnvironmentInitiator$1
.execute(JdbcEnvironmen
tInitiator.java:367)
	at org.hibernate.engin
e.jdbc.env.internal.Jdb
cEnvironmentInitiator$1
.execute(JdbcEnvironmen
tInitiator.java:335)
	at org.hibernate.jdbc.
WorkExecutor.executeRet
urningWork(WorkExecutor
.java:58)
	at org.hibernate.jdbc.
AbstractReturningWork.a
ccept(AbstractReturning
Work.java:34)
	at org.hibernate.resou
rce.transaction.backend
.jdbc.internal.JdbcIsol
ationDelegate.delegateW
ork(JdbcIsolationDelega
te.java:70)
	at org.hibernate.engin
e.jdbc.env.internal.Jdb
cEnvironmentInitiator.g
etJdbcEnvironmentUsingJ
dbcMetadata(JdbcEnviron
mentInitiator.java:334)
	at org.hibernate.engin
e.jdbc.env.internal.Jdb
cEnvironmentInitiator.i
nitiateService(JdbcEnvi
ronmentInitiator.java:1
29)
	at org.hibernate.engin
e.jdbc.env.internal.Jdb
cEnvironmentInitiator.i
nitiateService(JdbcEnvi
ronmentInitiator.java:8
1)
	at org.hibernate.boot.
registry.internal.Stand
ardServiceRegistryImpl.
initiateService(Standar
dServiceRegistryImpl.ja
va:130)
	at org.hibernate.servi
ce.internal.AbstractSer
viceRegistryImpl.create
Service(AbstractService
RegistryImpl.java:263)
	at org.hibernate.servi
ce.internal.AbstractSer
viceRegistryImpl.initia
lizeService(AbstractSer
viceRegistryImpl.java:2
38)
	at org.hibernate.servi
ce.internal.AbstractSer
viceRegistryImpl.getSer
vice(AbstractServiceReg
istryImpl.java:215)
	at org.hibernate.boot.
model.relational.Databa
se.<init>(Database.java
:45)
	at org.hibernate.boot.
internal.InFlightMetada
taCollectorImpl.getData
base(InFlightMetadataCo
llectorImpl.java:226)
	at org.hibernate.boot.
internal.InFlightMetada
taCollectorImpl.<init>(
InFlightMetadataCollect
orImpl.java:194)
	at org.hibernate.boot.
model.process.spi.Metad
ataBuildingProcess.comp
lete(MetadataBuildingPr
ocess.java:171)
	at org.hibernate.jpa.b
oot.internal.EntityMana
gerFactoryBuilderImpl.m
etadata(EntityManagerFa
ctoryBuilderImpl.java:1
442)
	at org.hibernate.jpa.b
oot.internal.EntityMana
gerFactoryBuilderImpl.b
uild(EntityManagerFacto
ryBuilderImpl.java:1513
)
	at org.springframework
.orm.jpa.vendor.SpringH
ibernateJpaPersistenceP
rovider.createContainer
EntityManagerFactory(Sp
ringHibernateJpaPersist
enceProvider.java:66)
	at org.springframework
.orm.jpa.LocalContainer
EntityManagerFactoryBea
n.createNativeEntityMan
agerFactory(LocalContai
nerEntityManagerFactory
Bean.java:388)
	at org.springframework
.orm.jpa.AbstractEntity
ManagerFactoryBean.buil
dNativeEntityManagerFac
tory(AbstractEntityMana
gerFactoryBean.java:419
)
	at org.springframework
.orm.jpa.AbstractEntity
ManagerFactoryBean.afte
rPropertiesSet(Abstract
EntityManagerFactoryBea
n.java:400)
	at org.springframework
.orm.jpa.LocalContainer
EntityManagerFactoryBea
n.afterPropertiesSet(Lo
calContainerEntityManag
erFactoryBean.java:364)
	at org.springframework
.beans.factory.support.
AbstractAutowireCapable
BeanFactory.invokeInitM
ethods(AbstractAutowire
CapableBeanFactory.java
:1873)
	at org.springframework
.beans.factory.support.
AbstractAutowireCapable
BeanFactory.initializeB
ean(AbstractAutowireCap
ableBeanFactory.java:18
22)
	at org.springframework
.beans.factory.support.
AbstractAutowireCapable
BeanFactory.doCreateBea
n(AbstractAutowireCapab
leBeanFactory.java:607)
	at org.springframework
.beans.factory.support.
AbstractAutowireCapable
BeanFactory.createBean(
AbstractAutowireCapable
BeanFactory.java:529)
	at org.springframework
.beans.factory.support.
AbstractBeanFactory.lam
bda$doGetBean$0(Abstrac
tBeanFactory.java:339)
	at org.springframework
.beans.factory.support.
DefaultSingletonBeanReg
istry.getSingleton(Defa
ultSingletonBeanRegistr
y.java:373)
	at org.springframework
.beans.factory.support.
AbstractBeanFactory.doG
etBean(AbstractBeanFact
ory.java:337)
	at org.springframework
.beans.factory.support.
AbstractBeanFactory.get
Bean(AbstractBeanFactor
y.java:207)
	at org.springframework
.context.support.Abstra
ctApplicationContext.fi
nishBeanFactoryInitiali
zation(AbstractApplicat
ionContext.java:974)
	at org.springframework
.context.support.Abstra
ctApplicationContext.re
fresh(AbstractApplicati
onContext.java:628)
	at org.springframework
.boot.SpringApplication
.refresh(SpringApplicat
ion.java:752)
	at org.springframework
.boot.SpringApplication
.refreshContext(SpringA
pplication.java:439)
	at org.springframework
.boot.SpringApplication
.run(SpringApplication.
java:318)
	at org.springframework
.boot.test.context.Spri
ngBootContextLoader.lam
bda$loadContext$3(Sprin
gBootContextLoader.java
:152)
	at org.springframework
.util.function.Throwing
Supplier.get(ThrowingSu
pplier.java:58)
	at org.springframework
.util.function.Throwing
Supplier.get(ThrowingSu
pplier.java:46)
	at org.springframework
.boot.SpringApplication
.withHook(SpringApplica
tion.java:1461)
	at org.springframework
.boot.test.context.Spri
ngBootContextLoader$Con
textLoaderHook.run(Spri
ngBootContextLoader.jav
a:595)
	at org.springframework
.boot.test.context.Spri
ngBootContextLoader.loa
dContext(SpringBootCont
extLoader.java:152)
	at org.springframework
.boot.test.context.Spri
ngBootContextLoader.loa
dContext(SpringBootCont
extLoader.java:111)
	at org.springframework
.test.context.cache.Def
aultCacheAwareContextLo
aderDelegate.loadContex
tInternal(DefaultCacheA
wareContextLoaderDelega
te.java:225)
	at org.springframework
.test.context.cache.Def
aultCacheAwareContextLo
aderDelegate.loadContex
t(DefaultCacheAwareCont
extLoaderDelegate.java:
152)
	at org.springframework
.test.context.support.D
efaultTestContext.getAp
plicationContext(Defaul
tTestContext.java:130)
	at org.springframework
.test.context.support.D
ependencyInjectionTestE
xecutionListener.inject
Dependencies(Dependency
InjectionTestExecutionL
istener.java:155)
	at org.springframework
.test.context.support.D
ependencyInjectionTestE
xecutionListener.prepar
eTestInstance(Dependenc
yInjectionTestExecution
Listener.java:111)
	at org.springframework
.test.context.TestConte
xtManager.prepareTestIn
stance(TestContextManag
er.java:260)
	at org.springframework
.test.context.junit4.Sp
ringJUnit4ClassRunner.c
reateTest(SpringJUnit4C
lassRunner.java:228)
	at org.springframework
.test.context.junit4.Sp
ringJUnit4ClassRunner$1
.runReflectiveCall(Spri
ngJUnit4ClassRunner.jav
a:289)
	at org.junit.internal.
runners.model.Reflectiv
eCallable.run(Reflectiv
eCallable.java:12)
	at org.springframework
.test.context.junit4.Sp
ringJUnit4ClassRunner.m
ethodBlock(SpringJUnit4
ClassRunner.java:291)
	at org.springframework
.test.context.junit4.Sp
ringJUnit4ClassRunner.r
unChild(SpringJUnit4Cla
ssRunner.java:247)
	at org.springframework
.test.context.junit4.Sp
ringJUnit4ClassRunner.r
unChild(SpringJUnit4Cla
ssRunner.java:97)
	at org.junit.runners.P
arentRunner$4.run(Paren
tRunner.java:331)
	at org.junit.runners.P
arentRunner$1.schedule(
ParentRunner.java:79)
	at org.junit.runners.P
arentRunner.runChildren
(ParentRunner.java:329)
	at org.junit.runners.P
arentRunner.access$100(
ParentRunner.java:66)
	at org.junit.runners.P
arentRunner$2.evaluate(
ParentRunner.java:293)
	at org.springframework
.test.context.junit4.st
atements.RunBeforeTestC
lassCallbacks.evaluate(
RunBeforeTestClassCallb
acks.java:61)
	at org.springframework
.test.context.junit4.st
atements.RunAfterTestCl
assCallbacks.evaluate(R
unAfterTestClassCallbac
ks.java:70)
	at org.junit.runners.P
arentRunner$3.evaluate(
ParentRunner.java:306)
	at org.junit.runners.P
arentRunner.run(ParentR
unner.java:413)
	at org.springframework
.test.context.junit4.Sp
ringJUnit4ClassRunner.r
un(SpringJUnit4ClassRun
ner.java:191)
	at org.junit.runner.JU
nitCore.run(JUnitCore.j
ava:137)
	at org.junit.runner.JU
nitCore.run(JUnitCore.j
ava:115)
	at org.junit.vintage.e
ngine.execution.RunnerE
xecutor.execute(RunnerE
xecutor.java:42)
	at org.junit.vintage.e
ngine.execution.Vintage
Executor.executeClasses
AndMethodsSequentially(
VintageExecutor.java:93
)
	at org.junit.vintage.e
ngine.execution.Vintage
Executor.executeAllChil
dren(VintageExecutor.ja
va:73)
	at org.junit.vintage.e
ngine.VintageTestEngine
.execute(VintageTestEng
ine.java:70)
	at org.junit.platform.
launcher.core.EngineExe
cutionOrchestrator.exec
ute(EngineExecutionOrch
estrator.java:201)
	at org.junit.platform.
launcher.core.EngineExe
cutionOrchestrator.exec
ute(EngineExecutionOrch
estrator.java:170)
	at org.junit.platform.
launcher.core.EngineExe
cutionOrchestrator.exec
ute(EngineExecutionOrch
estrator.java:94)
	at org.junit.platform.
launcher.core.EngineExe
cutionOrchestrator.lamb
da$execute$0(EngineExec
utionOrchestrator.java:
59)
	at org.junit.platform.
launcher.core.EngineExe
cutionOrchestrator.with
InterceptedStreams(Engi
neExecutionOrchestrator
.java:142)
	at org.junit.platform.
launcher.core.EngineExe
cutionOrchestrator.exec
ute(EngineExecutionOrch
estrator.java:58)
	at org.junit.platform.
launcher.core.DefaultLa
uncher.execute(DefaultL
auncher.java:103)
	at org.junit.platform.
launcher.core.DefaultLa
uncher.execute(DefaultL
auncher.java:85)
	at org.junit.platform.
launcher.core.Delegatin
gLauncher.execute(Deleg
atingLauncher.java:47)
	at org.junit.platform.
launcher.core.Intercept
ingLauncher.lambda$exec
ute$1(InterceptingLaunc
her.java:39)
	at org.junit.platform.
launcher.core.Classpath
AlignmentCheckingLaunch
erInterceptor.intercept
(ClasspathAlignmentChec
kingLauncherInterceptor
.java:25)
	at org.junit.platform.
launcher.core.Intercept
ingLauncher.execute(Int
erceptingLauncher.java:
38)
	at org.junit.platform.
launcher.core.Delegatin
gLauncher.execute(Deleg
atingLauncher.java:47)
	at org.apache.maven.su
refire.junitplatform.La
uncherAdapter.executeWi
thoutCancellationToken(
LauncherAdapter.java:60
)
	at org.apache.maven.su
refire.junitplatform.La
uncherAdapter.execute(L
auncherAdapter.java:52)
	at org.apache.maven.su
refire.junitplatform.JU
nitPlatformProvider.exe
cute(JUnitPlatformProvi
der.java:203)
	at org.apache.maven.su
refire.junitplatform.JU
nitPlatformProvider.inv
okeAllTests(JUnitPlatfo
rmProvider.java:168)
	at org.apache.maven.su
refire.junitplatform.JU
nitPlatformProvider.inv
oke(JUnitPlatformProvid
er.java:136)
	at org.apache.maven.su
refire.booter.ForkedBoo
ter.runSuitesInProcess(
ForkedBooter.java:385)
	at org.apache.maven.su
refire.booter.ForkedBoo
ter.execute(ForkedBoote
r.java:162)
	at org.apache.maven.su
refire.booter.ForkedBoo
ter.run(ForkedBooter.ja
va:507)
	at org.apache.maven.su
refire.booter.ForkedBoo
ter.main(ForkedBooter.j
ava:495)
Caused by: 
java.io.IOException: 
Error while 
instrumenting 
java/sql/Ref with 
JaCoCo 0.8.11.202310140
853/f33756c.
	at org.jacoco.agent.rt
.internal_4742761.core.
instr.Instrumenter.inst
rumentError(Instrumente
r.java:161)
	at org.jacoco.agent.rt
.internal_4742761.core.
instr.Instrumenter.inst
rument(Instrumenter.jav
a:111)
	at org.jacoco.agent.rt
.internal_4742761.Cover
ageTransformer.transfor
m(CoverageTransformer.j
ava:92)
	... 137 more
Caused by: java.lang.Il
legalArgumentException:
 Unsupported class 
file major version 68
	at org.jacoco.agent.rt
.internal_4742761.asm.C
lassReader.<init>(Class
Reader.java:200)
	at org.jacoco.agent.rt
.internal_4742761.asm.C
lassReader.<init>(Class
Reader.java:180)
	at org.jacoco.agent.rt
.internal_4742761.asm.C
lassReader.<init>(Class
Reader.java:166)
	at org.jacoco.agent.rt
.internal_4742761.core.
internal.instr.InstrSup
port.classReaderFor(Ins
trSupport.java:280)
	at org.jacoco.agent.rt
.internal_4742761.core.
instr.Instrumenter.inst
rument(Instrumenter.jav
a:77)
	at org.jacoco.agent.rt
.internal_4742761.core.
instr.Instrumenter.inst
rument(Instrumenter.jav
a:109)
	... 138 more
2026-03-03 09:36:18.100 [main] INFO  org.hibernate.orm.connections.pooling - HHH10001005: Database info:
	Database JDBC URL [Connecting through datasource 'HikariDataSource (HikariPool-1)']
	Database driver: undefined/unknown
	Database version: 23.26
	Autocommit mode: undefined/unknown
	Isolation level: undefined/unknown
	Minimum pool size: undefined/unknown
	Maximum pool size: undefined/unknown
java.lang.instrument.Il
legalClassFormatExcepti
on: Error while 
instrumenting 
java/sql/Types with 
JaCoCo 0.8.11.202310140
853/f33756c.
	at org.jacoco.agent.rt
.internal_4742761.Cover
ageTransformer.transfor
m(CoverageTransformer.j
ava:94)
	at java.instrument/jav
a.lang.instrument.Class
FileTransformer.transfo
rm(ClassFileTransformer
.java:257)
	at java.instrument/sun
.instrument.Transformer
Manager.transform(Trans
formerManager.java:188)
	at java.instrument/sun
.instrument.Instrumenta
tionImpl.transform(Inst
rumentationImpl.java:59
4)
	at java.base/java.lang
.ClassLoader.defineClas
s2(Native Method)
	at java.base/java.lang
.ClassLoader.defineClas
s(ClassLoader.java:1052
)
	at java.base/java.secu
rity.SecureClassLoader.
defineClass(SecureClass
Loader.java:164)
	at java.base/jdk.inter
nal.loader.BuiltinClass
Loader.defineClass(Buil
tinClassLoader.java:735
)
	at java.base/jdk.inter
nal.loader.BuiltinClass
Loader.findClassInModul
eOrNull(BuiltinClassLoa
der.java:678)
	at java.base/jdk.inter
nal.loader.BuiltinClass
Loader.loadClassOrNull(
BuiltinClassLoader.java
:604)
	at java.base/jdk.inter
nal.loader.BuiltinClass
Loader.loadClassOrNull(
BuiltinClassLoader.java
:639)
	at java.base/jdk.inter
nal.loader.BuiltinClass
Loader.loadClassOrNull(
BuiltinClassLoader.java
:608)
	at java.base/jdk.inter
nal.loader.BuiltinClass
Loader.loadClass(Builti
nClassLoader.java:578)
	at java.base/java.lang
.ClassLoader.loadClass(
ClassLoader.java:490)
	at org.hibernate.type.
descriptor.JdbcTypeName
Mapper.<clinit>(JdbcTyp
eNameMapper.java:29)
	at org.hibernate.type.
descriptor.sql.spi.DdlT
ypeRegistry.addSqlType(
DdlTypeRegistry.java:96
)
	at org.hibernate.type.
descriptor.sql.spi.DdlT
ypeRegistry.addDescript
or(DdlTypeRegistry.java
:66)
	at org.hibernate.type.
descriptor.sql.spi.DdlT
ypeRegistry.addDescript
or(DdlTypeRegistry.java
:52)
	at org.hibernate.diale
ct.Dialect.registerColu
mnTypes(Dialect.java:40
0)
	at org.hibernate.diale
ct.OracleDialect.regist
erColumnTypes(OracleDia
lect.java:798)
	at org.hibernate.diale
ct.Dialect.contributeTy
pes(Dialect.java:1852)
	at org.hibernate.diale
ct.OracleDialect.contri
buteTypes(OracleDialect
.java:955)
	at org.hibernate.diale
ct.Dialect.contribute(D
ialect.java:1841)
	at org.hibernate.boot.
model.process.spi.Metad
ataBuildingProcess.hand
leTypes(MetadataBuildin
gProcess.java:639)
	at org.hibernate.boot.
model.process.spi.Metad
ataBuildingProcess.comp
lete(MetadataBuildingPr
ocess.java:176)
	at org.hibernate.jpa.b
oot.internal.EntityMana
gerFactoryBuilderImpl.m
etadata(EntityManagerFa
ctoryBuilderImpl.java:1
442)
	at org.hibernate.jpa.b
oot.internal.EntityMana
gerFactoryBuilderImpl.b
uild(EntityManagerFacto
ryBuilderImpl.java:1513
)
	at org.springframework
.orm.jpa.vendor.SpringH
ibernateJpaPersistenceP
rovider.createContainer
EntityManagerFactory(Sp
ringHibernateJpaPersist
enceProvider.java:66)
	at org.springframework
.orm.jpa.LocalContainer
EntityManagerFactoryBea
n.createNativeEntityMan
agerFactory(LocalContai
nerEntityManagerFactory
Bean.java:388)
	at org.springframework
.orm.jpa.AbstractEntity
ManagerFactoryBean.buil
dNativeEntityManagerFac
tory(AbstractEntityMana
gerFactoryBean.java:419
)
	at org.springframework
.orm.jpa.AbstractEntity
ManagerFactoryBean.afte
rPropertiesSet(Abstract
EntityManagerFactoryBea
n.java:400)
	at org.springframework
.orm.jpa.LocalContainer
EntityManagerFactoryBea
n.afterPropertiesSet(Lo
calContainerEntityManag
erFactoryBean.java:364)
	at org.springframework
.beans.factory.support.
AbstractAutowireCapable
BeanFactory.invokeInitM
ethods(AbstractAutowire
CapableBeanFactory.java
:1873)
	at org.springframework
.beans.factory.support.
AbstractAutowireCapable
BeanFactory.initializeB
ean(AbstractAutowireCap
ableBeanFactory.java:18
22)
	at org.springframework
.beans.factory.support.
AbstractAutowireCapable
BeanFactory.doCreateBea
n(AbstractAutowireCapab
leBeanFactory.java:607)
	at org.springframework
.beans.factory.support.
AbstractAutowireCapable
BeanFactory.createBean(
AbstractAutowireCapable
BeanFactory.java:529)
	at org.springframework
.beans.factory.support.
AbstractBeanFactory.lam
bda$doGetBean$0(Abstrac
tBeanFactory.java:339)
	at org.springframework
.beans.factory.support.
DefaultSingletonBeanReg
istry.getSingleton(Defa
ultSingletonBeanRegistr
y.java:373)
	at org.springframework
.beans.factory.support.
AbstractBeanFactory.doG
etBean(AbstractBeanFact
ory.java:337)
	at org.springframework
.beans.factory.support.
AbstractBeanFactory.get
Bean(AbstractBeanFactor
y.java:207)
	at org.springframework
.context.support.Abstra
ctApplicationContext.fi
nishBeanFactoryInitiali
zation(AbstractApplicat
ionContext.java:974)
	at org.springframework
.context.support.Abstra
ctApplicationContext.re
fresh(AbstractApplicati
onContext.java:628)
	at org.springframework
.boot.SpringApplication
.refresh(SpringApplicat
ion.java:752)
	at org.springframework
.boot.SpringApplication
.refreshContext(SpringA
pplication.java:439)
	at org.springframework
.boot.SpringApplication
.run(SpringApplication.
java:318)
	at org.springframework
.boot.test.context.Spri
ngBootContextLoader.lam
bda$loadContext$3(Sprin
gBootContextLoader.java
:152)
	at org.springframework
.util.function.Throwing
Supplier.get(ThrowingSu
pplier.java:58)
	at org.springframework
.util.function.Throwing
Supplier.get(ThrowingSu
pplier.java:46)
	at org.springframework
.boot.SpringApplication
.withHook(SpringApplica
tion.java:1461)
	at org.springframework
.boot.test.context.Spri
ngBootContextLoader$Con
textLoaderHook.run(Spri
ngBootContextLoader.jav
a:595)
	at org.springframework
.boot.test.context.Spri
ngBootContextLoader.loa
dContext(SpringBootCont
extLoader.java:152)
	at org.springframework
.boot.test.context.Spri
ngBootContextLoader.loa
dContext(SpringBootCont
extLoader.java:111)
	at org.springframework
.test.context.cache.Def
aultCacheAwareContextLo
aderDelegate.loadContex
tInternal(DefaultCacheA
wareContextLoaderDelega
te.java:225)
	at org.springframework
.test.context.cache.Def
aultCacheAwareContextLo
aderDelegate.loadContex
t(DefaultCacheAwareCont
extLoaderDelegate.java:
152)
	at org.springframework
.test.context.support.D
efaultTestContext.getAp
plicationContext(Defaul
tTestContext.java:130)
	at org.springframework
.test.context.support.D
ependencyInjectionTestE
xecutionListener.inject
Dependencies(Dependency
InjectionTestExecutionL
istener.java:155)
	at org.springframework
.test.context.support.D
ependencyInjectionTestE
xecutionListener.prepar
eTestInstance(Dependenc
yInjectionTestExecution
Listener.java:111)
	at org.springframework
.test.context.TestConte
xtManager.prepareTestIn
stance(TestContextManag
er.java:260)
	at org.springframework
.test.context.junit4.Sp
ringJUnit4ClassRunner.c
reateTest(SpringJUnit4C
lassRunner.java:228)
	at org.springframework
.test.context.junit4.Sp
ringJUnit4ClassRunner$1
.runReflectiveCall(Spri
ngJUnit4ClassRunner.jav
a:289)
	at org.junit.internal.
runners.model.Reflectiv
eCallable.run(Reflectiv
eCallable.java:12)
	at org.springframework
.test.context.junit4.Sp
ringJUnit4ClassRunner.m
ethodBlock(SpringJUnit4
ClassRunner.java:291)
	at org.springframework
.test.context.junit4.Sp
ringJUnit4ClassRunner.r
unChild(SpringJUnit4Cla
ssRunner.java:247)
	at org.springframework
.test.context.junit4.Sp
ringJUnit4ClassRunner.r
unChild(SpringJUnit4Cla
ssRunner.java:97)
	at org.junit.runners.P
arentRunner$4.run(Paren
tRunner.java:331)
	at org.junit.runners.P
arentRunner$1.schedule(
ParentRunner.java:79)
	at org.junit.runners.P
arentRunner.runChildren
(ParentRunner.java:329)
	at org.junit.runners.P
arentRunner.access$100(
ParentRunner.java:66)
	at org.junit.runners.P
arentRunner$2.evaluate(
ParentRunner.java:293)
	at org.springframework
.test.context.junit4.st
atements.RunBeforeTestC
lassCallbacks.evaluate(
RunBeforeTestClassCallb
acks.java:61)
	at org.springframework
.test.context.junit4.st
atements.RunAfterTestCl
assCallbacks.evaluate(R
unAfterTestClassCallbac
ks.java:70)
	at org.junit.runners.P
arentRunner$3.evaluate(
ParentRunner.java:306)
	at org.junit.runners.P
arentRunner.run(ParentR
unner.java:413)
	at org.springframework
.test.context.junit4.Sp
ringJUnit4ClassRunner.r
un(SpringJUnit4ClassRun
ner.java:191)
	at org.junit.runner.JU
nitCore.run(JUnitCore.j
ava:137)
	at org.junit.runner.JU
nitCore.run(JUnitCore.j
ava:115)
	at org.junit.vintage.e
ngine.execution.RunnerE
xecutor.execute(RunnerE
xecutor.java:42)
	at org.junit.vintage.e
ngine.execution.Vintage
Executor.executeClasses
AndMethodsSequentially(
VintageExecutor.java:93
)
	at org.junit.vintage.e
ngine.execution.Vintage
Executor.executeAllChil
dren(VintageExecutor.ja
va:73)
	at org.junit.vintage.e
ngine.VintageTestEngine
.execute(VintageTestEng
ine.java:70)
	at org.junit.platform.
launcher.core.EngineExe
cutionOrchestrator.exec
ute(EngineExecutionOrch
estrator.java:201)
	at org.junit.platform.
launcher.core.EngineExe
cutionOrchestrator.exec
ute(EngineExecutionOrch
estrator.java:170)
	at org.junit.platform.
launcher.core.EngineExe
cutionOrchestrator.exec
ute(EngineExecutionOrch
estrator.java:94)
	at org.junit.platform.
launcher.core.EngineExe
cutionOrchestrator.lamb
da$execute$0(EngineExec
utionOrchestrator.java:
59)
	at org.junit.platform.
launcher.core.EngineExe
cutionOrchestrator.with
InterceptedStreams(Engi
neExecutionOrchestrator
.java:142)
	at org.junit.platform.
launcher.core.EngineExe
cutionOrchestrator.exec
ute(EngineExecutionOrch
estrator.java:58)
	at org.junit.platform.
launcher.core.DefaultLa
uncher.execute(DefaultL
auncher.java:103)
	at org.junit.platform.
launcher.core.DefaultLa
uncher.execute(DefaultL
auncher.java:85)
	at org.junit.platform.
launcher.core.Delegatin
gLauncher.execute(Deleg
atingLauncher.java:47)
	at org.junit.platform.
launcher.core.Intercept
ingLauncher.lambda$exec
ute$1(InterceptingLaunc
her.java:39)
	at org.junit.platform.
launcher.core.Classpath
AlignmentCheckingLaunch
erInterceptor.intercept
(ClasspathAlignmentChec
kingLauncherInterceptor
.java:25)
	at org.junit.platform.
launcher.core.Intercept
ingLauncher.execute(Int
erceptingLauncher.java:
38)
	at org.junit.platform.
launcher.core.Delegatin
gLauncher.execute(Deleg
atingLauncher.java:47)
	at org.apache.maven.su
refire.junitplatform.La
uncherAdapter.executeWi
thoutCancellationToken(
LauncherAdapter.java:60
)
	at org.apache.maven.su
refire.junitplatform.La
uncherAdapter.execute(L
auncherAdapter.java:52)
	at org.apache.maven.su
refire.junitplatform.JU
nitPlatformProvider.exe
cute(JUnitPlatformProvi
der.java:203)
	at org.apache.maven.su
refire.junitplatform.JU
nitPlatformProvider.inv
okeAllTests(JUnitPlatfo
rmProvider.java:168)
	at org.apache.maven.su
refire.junitplatform.JU
nitPlatformProvider.inv
oke(JUnitPlatformProvid
er.java:136)
	at org.apache.maven.su
refire.booter.ForkedBoo
ter.runSuitesInProcess(
ForkedBooter.java:385)
	at org.apache.maven.su
refire.booter.ForkedBoo
ter.execute(ForkedBoote
r.java:162)
	at org.apache.maven.su
refire.booter.ForkedBoo
ter.run(ForkedBooter.ja
va:507)
	at org.apache.maven.su
refire.booter.ForkedBoo
ter.main(ForkedBooter.j
ava:495)
Caused by: 
java.io.IOException: 
Error while 
instrumenting 
java/sql/Types with 
JaCoCo 0.8.11.202310140
853/f33756c.
	at org.jacoco.agent.rt
.internal_4742761.core.
instr.Instrumenter.inst
rumentError(Instrumente
r.java:161)
	at org.jacoco.agent.rt
.internal_4742761.core.
instr.Instrumenter.inst
rument(Instrumenter.jav
a:111)
	at org.jacoco.agent.rt
.internal_4742761.Cover
ageTransformer.transfor
m(CoverageTransformer.j
ava:92)
	... 101 more
Caused by: java.lang.Il
legalArgumentException:
 Unsupported class 
file major version 68
	at org.jacoco.agent.rt
.internal_4742761.asm.C
lassReader.<init>(Class
Reader.java:200)
	at org.jacoco.agent.rt
.internal_4742761.asm.C
lassReader.<init>(Class
Reader.java:180)
	at org.jacoco.agent.rt
.internal_4742761.asm.C
lassReader.<init>(Class
Reader.java:166)
	at org.jacoco.agent.rt
.internal_4742761.core.
internal.instr.InstrSup
port.classReaderFor(Ins
trSupport.java:280)
	at org.jacoco.agent.rt
.internal_4742761.core.
instr.Instrumenter.inst
rument(Instrumenter.jav
a:77)
	at org.jacoco.agent.rt
.internal_4742761.core.
instr.Instrumenter.inst
rument(Instrumenter.jav
a:109)
	... 102 more
java.lang.instrument.Il
legalClassFormatExcepti
on: Error while 
instrumenting com/revpa
sswordmanager/entity/Us
er$HibernateProxy with 
JaCoCo 0.8.11.202310140
853/f33756c.
	at org.jacoco.agent.rt
.internal_4742761.Cover
ageTransformer.transfor
m(CoverageTransformer.j
ava:94)
	at java.instrument/jav
a.lang.instrument.Class
FileTransformer.transfo
rm(ClassFileTransformer
.java:257)
	at java.instrument/sun
.instrument.Transformer
Manager.transform(Trans
formerManager.java:188)
	at java.instrument/sun
.instrument.Instrumenta
tionImpl.transform(Inst
rumentationImpl.java:59
4)
	at java.base/java.lang
.ClassLoader.defineClas
s0(Native Method)
	at java.base/java.lang
.System$1.defineClass(S
ystem.java:2025)
	at java.base/java.lang
.invoke.MethodHandles$L
ookup$ClassDefiner.defi
neClass(MethodHandles.j
ava:2355)
	at java.base/java.lang
.invoke.MethodHandles$L
ookup$ClassDefiner.defi
neClass(MethodHandles.j
ava:2330)
	at java.base/java.lang
.invoke.MethodHandles$L
ookup.defineClass(Metho
dHandles.java:1754)
	at java.base/jdk.inter
nal.reflect.DirectMetho
dHandleAccessor.invoke(
DirectMethodHandleAcces
sor.java:104)
	at java.base/java.lang
.reflect.Method.invoke(
Method.java:565)
	at net.bytebuddy.utili
ty.Invoker$Dispatcher.i
nvoke(Unknown Source)
	at net.bytebuddy.utili
ty.dispatcher.JavaDispa
tcher$Dispatcher$ForNon
StaticMethod.invoke(Jav
aDispatcher.java:1038)
	at net.bytebuddy.utili
ty.dispatcher.JavaDispa
tcher$ProxiedInvocation
Handler.invoke(JavaDisp
atcher.java:1168)
	at jdk.proxy2/jdk.prox
y2.$Proxy150.defineClas
s(Unknown Source)
	at net.bytebuddy.dynam
ic.loading.ClassInjecto
r$UsingLookup.injectRaw
(ClassInjector.java:170
7)
	at net.bytebuddy.dynam
ic.loading.ClassInjecto
r$AbstractBase.injectRa
w(ClassInjector.java:18
8)
	at net.bytebuddy.dynam
ic.loading.ClassInjecto
r$AbstractBase.inject(C
lassInjector.java:176)
	at net.bytebuddy.dynam
ic.loading.ClassLoading
Strategy$UsingLookup.lo
ad(ClassLoadingStrategy
.java:519)
	at net.bytebuddy.dynam
ic.TypeResolutionStrate
gy$Passive.initialize(T
ypeResolutionStrategy.j
ava:101)
	at net.bytebuddy.dynam
ic.DynamicType$Default$
Unloaded.load(DynamicTy
pe.java:6432)
	at org.hibernate.bytec
ode.internal.bytebuddy.
ByteBuddyState.load(Byt
eBuddyState.java:242)
	at org.hibernate.bytec
ode.internal.bytebuddy.
ByteBuddyState.loadProx
y(ByteBuddyState.java:1
48)
	at org.hibernate.proxy
.pojo.bytebuddy.ByteBud
dyProxyHelper.buildProx
y(ByteBuddyProxyHelper.
java:63)
	at org.hibernate.proxy
.pojo.bytebuddy.ByteBud
dyProxyFactory.postInst
antiate(ByteBuddyProxyF
actory.java:65)
	at org.hibernate.metam
odel.internal.EntityRep
resentationStrategyPojo
Standard.createProxyFac
tory(EntityRepresentati
onStrategyPojoStandard.
java:305)
	at org.hibernate.metam
odel.internal.EntityRep
resentationStrategyPojo
Standard.resolveProxyFa
ctory(EntityRepresentat
ionStrategyPojoStandard
.java:179)
	at org.hibernate.metam
odel.internal.EntityRep
resentationStrategyPojo
Standard.<init>(EntityR
epresentationStrategyPo
joStandard.java:145)
	at org.hibernate.metam
odel.internal.ManagedTy
peRepresentationResolve
rStandard.resolveStrate
gy(ManagedTypeRepresent
ationResolverStandard.j
ava:62)
	at org.hibernate.persi
ster.entity.AbstractEnt
ityPersister.<init>(Abs
tractEntityPersister.ja
va:563)
	at org.hibernate.persi
ster.entity.SingleTable
EntityPersister.<init>(
SingleTableEntityPersis
ter.java:134)
	at java.base/jdk.inter
nal.reflect.DirectConst
ructorHandleAccessor.ne
wInstance(DirectConstru
ctorHandleAccessor.java
:62)
	at java.base/java.lang
.reflect.Constructor.ne
wInstanceWithCaller(Con
structor.java:499)
	at java.base/java.lang
.reflect.Constructor.ne
wInstance(Constructor.j
ava:483)
	at org.hibernate.persi
ster.internal.Persister
FactoryImpl.createEntit
yPersister(PersisterFac
toryImpl.java:94)
	at org.hibernate.persi
ster.internal.Persister
FactoryImpl.createEntit
yPersister(PersisterFac
toryImpl.java:77)
	at org.hibernate.metam
odel.model.domain.inter
nal.MappingMetamodelImp
l.processBootEntities(M
appingMetamodelImpl.jav
a:250)
	at org.hibernate.metam
odel.model.domain.inter
nal.MappingMetamodelImp
l.finishInitialization(
MappingMetamodelImpl.ja
va:184)
	at org.hibernate.inter
nal.SessionFactoryImpl.
initializeMappingModel(
SessionFactoryImpl.java
:373)
	at org.hibernate.inter
nal.SessionFactoryImpl.
<init>(SessionFactoryIm
pl.java:302)
	at org.hibernate.boot.
internal.SessionFactory
BuilderImpl.build(Sessi
onFactoryBuilderImpl.ja
va:463)
	at org.hibernate.jpa.b
oot.internal.EntityMana
gerFactoryBuilderImpl.b
uild(EntityManagerFacto
ryBuilderImpl.java:1517
)
	at org.springframework
.orm.jpa.vendor.SpringH
ibernateJpaPersistenceP
rovider.createContainer
EntityManagerFactory(Sp
ringHibernateJpaPersist
enceProvider.java:66)
	at org.springframework
.orm.jpa.LocalContainer
EntityManagerFactoryBea
n.createNativeEntityMan
agerFactory(LocalContai
nerEntityManagerFactory
Bean.java:388)
	at org.springframework
.orm.jpa.AbstractEntity
ManagerFactoryBean.buil
dNativeEntityManagerFac
tory(AbstractEntityMana
gerFactoryBean.java:419
)
	at org.springframework
.orm.jpa.AbstractEntity
ManagerFactoryBean.afte
rPropertiesSet(Abstract
EntityManagerFactoryBea
n.java:400)
	at org.springframework
.orm.jpa.LocalContainer
EntityManagerFactoryBea
n.afterPropertiesSet(Lo
calContainerEntityManag
erFactoryBean.java:364)
	at org.springframework
.beans.factory.support.
AbstractAutowireCapable
BeanFactory.invokeInitM
ethods(AbstractAutowire
CapableBeanFactory.java
:1873)
	at org.springframework
.beans.factory.support.
AbstractAutowireCapable
BeanFactory.initializeB
ean(AbstractAutowireCap
ableBeanFactory.java:18
22)
	at org.springframework
.beans.factory.support.
AbstractAutowireCapable
BeanFactory.doCreateBea
n(AbstractAutowireCapab
leBeanFactory.java:607)
	at org.springframework
.beans.factory.support.
AbstractAutowireCapable
BeanFactory.createBean(
AbstractAutowireCapable
BeanFactory.java:529)
	at org.springframework
.beans.factory.support.
AbstractBeanFactory.lam
bda$doGetBean$0(Abstrac
tBeanFactory.java:339)
	at org.springframework
.beans.factory.support.
DefaultSingletonBeanReg
istry.getSingleton(Defa
ultSingletonBeanRegistr
y.java:373)
	at org.springframework
.beans.factory.support.
AbstractBeanFactory.doG
etBean(AbstractBeanFact
ory.java:337)
	at org.springframework
.beans.factory.support.
AbstractBeanFactory.get
Bean(AbstractBeanFactor
y.java:207)
	at org.springframework
.context.support.Abstra
ctApplicationContext.fi
nishBeanFactoryInitiali
zation(AbstractApplicat
ionContext.java:974)
	at org.springframework
.context.support.Abstra
ctApplicationContext.re
fresh(AbstractApplicati
onContext.java:628)
	at org.springframework
.boot.SpringApplication
.refresh(SpringApplicat
ion.java:752)
	at org.springframework
.boot.SpringApplication
.refreshContext(SpringA
pplication.java:439)
	at org.springframework
.boot.SpringApplication
.run(SpringApplication.
java:318)
	at org.springframework
.boot.test.context.Spri
ngBootContextLoader.lam
bda$loadContext$3(Sprin
gBootContextLoader.java
:152)
	at org.springframework
.util.function.Throwing
Supplier.get(ThrowingSu
pplier.java:58)
	at org.springframework
.util.function.Throwing
Supplier.get(ThrowingSu
pplier.java:46)
	at org.springframework
.boot.SpringApplication
.withHook(SpringApplica
tion.java:1461)
	at org.springframework
.boot.test.context.Spri
ngBootContextLoader$Con
textLoaderHook.run(Spri
ngBootContextLoader.jav
a:595)
	at org.springframework
.boot.test.context.Spri
ngBootContextLoader.loa
dContext(SpringBootCont
extLoader.java:152)
	at org.springframework
.boot.test.context.Spri
ngBootContextLoader.loa
dContext(SpringBootCont
extLoader.java:111)
	at org.springframework
.test.context.cache.Def
aultCacheAwareContextLo
aderDelegate.loadContex
tInternal(DefaultCacheA
wareContextLoaderDelega
te.java:225)
	at org.springframework
.test.context.cache.Def
aultCacheAwareContextLo
aderDelegate.loadContex
t(DefaultCacheAwareCont
extLoaderDelegate.java:
152)
	at org.springframework
.test.context.support.D
efaultTestContext.getAp
plicationContext(Defaul
tTestContext.java:130)
	at org.springframework
.test.context.support.D
ependencyInjectionTestE
xecutionListener.inject
Dependencies(Dependency
InjectionTestExecutionL
istener.java:155)
	at org.springframework
.test.context.support.D
ependencyInjectionTestE
xecutionListener.prepar
eTestInstance(Dependenc
yInjectionTestExecution
Listener.java:111)
	at org.springframework
.test.context.TestConte
xtManager.prepareTestIn
stance(TestContextManag
er.java:260)
	at org.springframework
.test.context.junit4.Sp
ringJUnit4ClassRunner.c
reateTest(SpringJUnit4C
lassRunner.java:228)
	at org.springframework
.test.context.junit4.Sp
ringJUnit4ClassRunner$1
.runReflectiveCall(Spri
ngJUnit4ClassRunner.jav
a:289)
	at org.junit.internal.
runners.model.Reflectiv
eCallable.run(Reflectiv
eCallable.java:12)
	at org.springframework
.test.context.junit4.Sp
ringJUnit4ClassRunner.m
ethodBlock(SpringJUnit4
ClassRunner.java:291)
	at org.springframework
.test.context.junit4.Sp
ringJUnit4ClassRunner.r
unChild(SpringJUnit4Cla
ssRunner.java:247)
	at org.springframework
.test.context.junit4.Sp
ringJUnit4ClassRunner.r
unChild(SpringJUnit4Cla
ssRunner.java:97)
	at org.junit.runners.P
arentRunner$4.run(Paren
tRunner.java:331)
	at org.junit.runners.P
arentRunner$1.schedule(
ParentRunner.java:79)
	at org.junit.runners.P
arentRunner.runChildren
(ParentRunner.java:329)
	at org.junit.runners.P
arentRunner.access$100(
ParentRunner.java:66)
	at org.junit.runners.P
arentRunner$2.evaluate(
ParentRunner.java:293)
	at org.springframework
.test.context.junit4.st
atements.RunBeforeTestC
lassCallbacks.evaluate(
RunBeforeTestClassCallb
acks.java:61)
	at org.springframework
.test.context.junit4.st
atements.RunAfterTestCl
assCallbacks.evaluate(R
unAfterTestClassCallbac
ks.java:70)
	at org.junit.runners.P
arentRunner$3.evaluate(
ParentRunner.java:306)
	at org.junit.runners.P
arentRunner.run(ParentR
unner.java:413)
	at org.springframework
.test.context.junit4.Sp
ringJUnit4ClassRunner.r
un(SpringJUnit4ClassRun
ner.java:191)
	at org.junit.runner.JU
nitCore.run(JUnitCore.j
ava:137)
	at org.junit.runner.JU
nitCore.run(JUnitCore.j
ava:115)
	at org.junit.vintage.e
ngine.execution.RunnerE
xecutor.execute(RunnerE
xecutor.java:42)
	at org.junit.vintage.e
ngine.execution.Vintage
Executor.executeClasses
AndMethodsSequentially(
VintageExecutor.java:93
)
	at org.junit.vintage.e
ngine.execution.Vintage
Executor.executeAllChil
dren(VintageExecutor.ja
va:73)
	at org.junit.vintage.e
ngine.VintageTestEngine
.execute(VintageTestEng
ine.java:70)
	at org.junit.platform.
launcher.core.EngineExe
cutionOrchestrator.exec
ute(EngineExecutionOrch
estrator.java:201)
	at org.junit.platform.
launcher.core.EngineExe
cutionOrchestrator.exec
ute(EngineExecutionOrch
estrator.java:170)
	at org.junit.platform.
launcher.core.EngineExe
cutionOrchestrator.exec
ute(EngineExecutionOrch
estrator.java:94)
	at org.junit.platform.
launcher.core.EngineExe
cutionOrchestrator.lamb
da$execute$0(EngineExec
utionOrchestrator.java:
59)
	at org.junit.platform.
launcher.core.EngineExe
cutionOrchestrator.with
InterceptedStreams(Engi
neExecutionOrchestrator
.java:142)
	at org.junit.platform.
launcher.core.EngineExe
cutionOrchestrator.exec
ute(EngineExecutionOrch
estrator.java:58)
	at org.junit.platform.
launcher.core.DefaultLa
uncher.execute(DefaultL
auncher.java:103)
	at org.junit.platform.
launcher.core.DefaultLa
uncher.execute(DefaultL
auncher.java:85)
	at org.junit.platform.
launcher.core.Delegatin
gLauncher.execute(Deleg
atingLauncher.java:47)
	at org.junit.platform.
launcher.core.Intercept
ingLauncher.lambda$exec
ute$1(InterceptingLaunc
her.java:39)
	at org.junit.platform.
launcher.core.Classpath
AlignmentCheckingLaunch
erInterceptor.intercept
(ClasspathAlignmentChec
kingLauncherInterceptor
.java:25)
	at org.junit.platform.
launcher.core.Intercept
ingLauncher.execute(Int
erceptingLauncher.java:
38)
	at org.junit.platform.
launcher.core.Delegatin
gLauncher.execute(Deleg
atingLauncher.java:47)
	at org.apache.maven.su
refire.junitplatform.La
uncherAdapter.executeWi
thoutCancellationToken(
LauncherAdapter.java:60
)
	at org.apache.maven.su
refire.junitplatform.La
uncherAdapter.execute(L
auncherAdapter.java:52)
	at org.apache.maven.su
refire.junitplatform.JU
nitPlatformProvider.exe
cute(JUnitPlatformProvi
der.java:203)
	at org.apache.maven.su
refire.junitplatform.JU
nitPlatformProvider.inv
okeAllTests(JUnitPlatfo
rmProvider.java:168)
	at org.apache.maven.su
refire.junitplatform.JU
nitPlatformProvider.inv
oke(JUnitPlatformProvid
er.java:136)
	at org.apache.maven.su
refire.booter.ForkedBoo
ter.runSuitesInProcess(
ForkedBooter.java:385)
	at org.apache.maven.su
refire.booter.ForkedBoo
ter.execute(ForkedBoote
r.java:162)
	at org.apache.maven.su
refire.booter.ForkedBoo
ter.run(ForkedBooter.ja
va:507)
	at org.apache.maven.su
refire.booter.ForkedBoo
ter.main(ForkedBooter.j
ava:495)
Caused by: 
java.io.IOException: 
Error while 
instrumenting com/revpa
sswordmanager/entity/Us
er$HibernateProxy with 
JaCoCo 0.8.11.202310140
853/f33756c.
	at org.jacoco.agent.rt
.internal_4742761.core.
instr.Instrumenter.inst
rumentError(Instrumente
r.java:161)
	at org.jacoco.agent.rt
.internal_4742761.core.
instr.Instrumenter.inst
rument(Instrumenter.jav
a:111)
	at org.jacoco.agent.rt
.internal_4742761.Cover
ageTransformer.transfor
m(CoverageTransformer.j
ava:92)
	... 116 more
Caused by: java.lang.Il
legalArgumentException:
 Unsupported class 
file major version 68
	at org.jacoco.agent.rt
.internal_4742761.asm.C
lassReader.<init>(Class
Reader.java:200)
	at org.jacoco.agent.rt
.internal_4742761.asm.C
lassReader.<init>(Class
Reader.java:180)
	at org.jacoco.agent.rt
.internal_4742761.asm.C
lassReader.<init>(Class
Reader.java:166)
	at org.jacoco.agent.rt
.internal_4742761.core.
internal.instr.InstrSup
port.classReaderFor(Ins
trSupport.java:280)
	at org.jacoco.agent.rt
.internal_4742761.core.
instr.Instrumenter.inst
rument(Instrumenter.jav
a:77)
	at org.jacoco.agent.rt
.internal_4742761.core.
instr.Instrumenter.inst
rument(Instrumenter.jav
a:109)
	... 117 more
java.lang.instrument.Il
legalClassFormatExcepti
on: Error while 
instrumenting com/revpa
sswordmanager/entity/Us
er$HibernateInstantiato
r with JaCoCo 0.8.11.20
2310140853/f33756c.
	at org.jacoco.agent.rt
.internal_4742761.Cover
ageTransformer.transfor
m(CoverageTransformer.j
ava:94)
	at java.instrument/jav
a.lang.instrument.Class
FileTransformer.transfo
rm(ClassFileTransformer
.java:257)
	at java.instrument/sun
.instrument.Transformer
Manager.transform(Trans
formerManager.java:188)
	at java.instrument/sun
.instrument.Instrumenta
tionImpl.transform(Inst
rumentationImpl.java:59
4)
	at java.base/java.lang
.ClassLoader.defineClas
s0(Native Method)
	at java.base/java.lang
.System$1.defineClass(S
ystem.java:2025)
	at java.base/java.lang
.invoke.MethodHandles$L
ookup$ClassDefiner.defi
neClass(MethodHandles.j
ava:2355)
	at java.base/java.lang
.invoke.MethodHandles$L
ookup$ClassDefiner.defi
neClass(MethodHandles.j
ava:2330)
	at java.base/java.lang
.invoke.MethodHandles$L
ookup.defineClass(Metho
dHandles.java:1754)
	at java.base/jdk.inter
nal.reflect.DirectMetho
dHandleAccessor.invoke(
DirectMethodHandleAcces
sor.java:104)
	at java.base/java.lang
.reflect.Method.invoke(
Method.java:565)
	at net.bytebuddy.utili
ty.Invoker$Dispatcher.i
nvoke(Unknown Source)
	at net.bytebuddy.utili
ty.dispatcher.JavaDispa
tcher$Dispatcher$ForNon
StaticMethod.invoke(Jav
aDispatcher.java:1038)
	at net.bytebuddy.utili
ty.dispatcher.JavaDispa
tcher$ProxiedInvocation
Handler.invoke(JavaDisp
atcher.java:1168)
	at jdk.proxy2/jdk.prox
y2.$Proxy150.defineClas
s(Unknown Source)
	at net.bytebuddy.dynam
ic.loading.ClassInjecto
r$UsingLookup.injectRaw
(ClassInjector.java:170
7)
	at net.bytebuddy.dynam
ic.loading.ClassInjecto
r$AbstractBase.injectRa
w(ClassInjector.java:18
8)
	at net.bytebuddy.dynam
ic.loading.ClassInjecto
r$AbstractBase.inject(C
lassInjector.java:176)
	at net.bytebuddy.dynam
ic.loading.ClassLoading
Strategy$UsingLookup.lo
ad(ClassLoadingStrategy
.java:519)
	at net.bytebuddy.dynam
ic.TypeResolutionStrate
gy$Passive.initialize(T
ypeResolutionStrategy.j
ava:101)
	at net.bytebuddy.dynam
ic.DynamicType$Default$
Unloaded.load(DynamicTy
pe.java:6432)
	at org.hibernate.bytec
ode.internal.bytebuddy.
ByteBuddyState.load(Byt
eBuddyState.java:242)
	at org.hibernate.bytec
ode.internal.bytebuddy.
BytecodeProviderImpl.ge
tReflectionOptimizer(By
tecodeProviderImpl.java
:214)
	at org.hibernate.metam
odel.internal.EntityRep
resentationStrategyPojo
Standard.resolveReflect
ionOptimizer(EntityRepr
esentationStrategyPojoS
tandard.java:325)
	at org.hibernate.metam
odel.internal.EntityRep
resentationStrategyPojo
Standard.<init>(EntityR
epresentationStrategyPo
joStandard.java:154)
	at org.hibernate.metam
odel.internal.ManagedTy
peRepresentationResolve
rStandard.resolveStrate
gy(ManagedTypeRepresent
ationResolverStandard.j
ava:62)
	at org.hibernate.persi
ster.entity.AbstractEnt
ityPersister.<init>(Abs
tractEntityPersister.ja
va:563)
	at org.hibernate.persi
ster.entity.SingleTable
EntityPersister.<init>(
SingleTableEntityPersis
ter.java:134)
	at java.base/jdk.inter
nal.reflect.DirectConst
ructorHandleAccessor.ne
wInstance(DirectConstru
ctorHandleAccessor.java
:62)
	at java.base/java.lang
.reflect.Constructor.ne
wInstanceWithCaller(Con
structor.java:499)
	at java.base/java.lang
.reflect.Constructor.ne
wInstance(Constructor.j
ava:483)
	at org.hibernate.persi
ster.internal.Persister
FactoryImpl.createEntit
yPersister(PersisterFac
toryImpl.java:94)
	at org.hibernate.persi
ster.internal.Persister
FactoryImpl.createEntit
yPersister(PersisterFac
toryImpl.java:77)
	at org.hibernate.metam
odel.model.domain.inter
nal.MappingMetamodelImp
l.processBootEntities(M
appingMetamodelImpl.jav
a:250)
	at org.hibernate.metam
odel.model.domain.inter
nal.MappingMetamodelImp
l.finishInitialization(
MappingMetamodelImpl.ja
va:184)
	at org.hibernate.inter
nal.SessionFactoryImpl.
initializeMappingModel(
SessionFactoryImpl.java
:373)
	at org.hibernate.inter
nal.SessionFactoryImpl.
<init>(SessionFactoryIm
pl.java:302)
	at org.hibernate.boot.
internal.SessionFactory
BuilderImpl.build(Sessi
onFactoryBuilderImpl.ja
va:463)
	at org.hibernate.jpa.b
oot.internal.EntityMana
gerFactoryBuilderImpl.b
uild(EntityManagerFacto
ryBuilderImpl.java:1517
)
	at org.springframework
.orm.jpa.vendor.SpringH
ibernateJpaPersistenceP
rovider.createContainer
EntityManagerFactory(Sp
ringHibernateJpaPersist
enceProvider.java:66)
	at org.springframework
.orm.jpa.LocalContainer
EntityManagerFactoryBea
n.createNativeEntityMan
agerFactory(LocalContai
nerEntityManagerFactory
Bean.java:388)
	at org.springframework
.orm.jpa.AbstractEntity
ManagerFactoryBean.buil
dNativeEntityManagerFac
tory(AbstractEntityMana
gerFactoryBean.java:419
)
	at org.springframework
.orm.jpa.AbstractEntity
ManagerFactoryBean.afte
rPropertiesSet(Abstract
EntityManagerFactoryBea
n.java:400)
	at org.springframework
.orm.jpa.LocalContainer
EntityManagerFactoryBea
n.afterPropertiesSet(Lo
calContainerEntityManag
erFactoryBean.java:364)
	at org.springframework
.beans.factory.support.
AbstractAutowireCapable
BeanFactory.invokeInitM
ethods(AbstractAutowire
CapableBeanFactory.java
:1873)
	at org.springframework
.beans.factory.support.
AbstractAutowireCapable
BeanFactory.initializeB
ean(AbstractAutowireCap
ableBeanFactory.java:18
22)
	at org.springframework
.beans.factory.support.
AbstractAutowireCapable
BeanFactory.doCreateBea
n(AbstractAutowireCapab
leBeanFactory.java:607)
	at org.springframework
.beans.factory.support.
AbstractAutowireCapable
BeanFactory.createBean(
AbstractAutowireCapable
BeanFactory.java:529)
	at org.springframework
.beans.factory.support.
AbstractBeanFactory.lam
bda$doGetBean$0(Abstrac
tBeanFactory.java:339)
	at org.springframework
.beans.factory.support.
DefaultSingletonBeanReg
istry.getSingleton(Defa
ultSingletonBeanRegistr
y.java:373)
	at org.springframework
.beans.factory.support.
AbstractBeanFactory.doG
etBean(AbstractBeanFact
ory.java:337)
	at org.springframework
.beans.factory.support.
AbstractBeanFactory.get
Bean(AbstractBeanFactor
y.java:207)
	at org.springframework
.context.support.Abstra
ctApplicationContext.fi
nishBeanFactoryInitiali
zation(AbstractApplicat
ionContext.java:974)
	at org.springframework
.context.support.Abstra
ctApplicationContext.re
fresh(AbstractApplicati
onContext.java:628)
	at org.springframework
.boot.SpringApplication
.refresh(SpringApplicat
ion.java:752)
	at org.springframework
.boot.SpringApplication
.refreshContext(SpringA
pplication.java:439)
	at org.springframework
.boot.SpringApplication
.run(SpringApplication.
java:318)
	at org.springframework
.boot.test.context.Spri
ngBootContextLoader.lam
bda$loadContext$3(Sprin
gBootContextLoader.java
:152)
	at org.springframework
.util.function.Throwing
Supplier.get(ThrowingSu
pplier.java:58)
	at org.springframework
.util.function.Throwing
Supplier.get(ThrowingSu
pplier.java:46)
	at org.springframework
.boot.SpringApplication
.withHook(SpringApplica
tion.java:1461)
	at org.springframework
.boot.test.context.Spri
ngBootContextLoader$Con
textLoaderHook.run(Spri
ngBootContextLoader.jav
a:595)
	at org.springframework
.boot.test.context.Spri
ngBootContextLoader.loa
dContext(SpringBootCont
extLoader.java:152)
	at org.springframework
.boot.test.context.Spri
ngBootContextLoader.loa
dContext(SpringBootCont
extLoader.java:111)
	at org.springframework
.test.context.cache.Def
aultCacheAwareContextLo
aderDelegate.loadContex
tInternal(DefaultCacheA
wareContextLoaderDelega
te.java:225)
	at org.springframework
.test.context.cache.Def
aultCacheAwareContextLo
aderDelegate.loadContex
t(DefaultCacheAwareCont
extLoaderDelegate.java:
152)
	at org.springframework
.test.context.support.D
efaultTestContext.getAp
plicationContext(Defaul
tTestContext.java:130)
	at org.springframework
.test.context.support.D
ependencyInjectionTestE
xecutionListener.inject
Dependencies(Dependency
InjectionTestExecutionL
istener.java:155)
	at org.springframework
.test.context.support.D
ependencyInjectionTestE
xecutionListener.prepar
eTestInstance(Dependenc
yInjectionTestExecution
Listener.java:111)
	at org.springframework
.test.context.TestConte
xtManager.prepareTestIn
stance(TestContextManag
er.java:260)
	at org.springframework
.test.context.junit4.Sp
ringJUnit4ClassRunner.c
reateTest(SpringJUnit4C
lassRunner.java:228)
	at org.springframework
.test.context.junit4.Sp
ringJUnit4ClassRunner$1
.runReflectiveCall(Spri
ngJUnit4ClassRunner.jav
a:289)
	at org.junit.internal.
runners.model.Reflectiv
eCallable.run(Reflectiv
eCallable.java:12)
	at org.springframework
.test.context.junit4.Sp
ringJUnit4ClassRunner.m
ethodBlock(SpringJUnit4
ClassRunner.java:291)
	at org.springframework
.test.context.junit4.Sp
ringJUnit4ClassRunner.r
unChild(SpringJUnit4Cla
ssRunner.java:247)
	at org.springframework
.test.context.junit4.Sp
ringJUnit4ClassRunner.r
unChild(SpringJUnit4Cla
ssRunner.java:97)
	at org.junit.runners.P
arentRunner$4.run(Paren
tRunner.java:331)
	at org.junit.runners.P
arentRunner$1.schedule(
ParentRunner.java:79)
	at org.junit.runners.P
arentRunner.runChildren
(ParentRunner.java:329)
	at org.junit.runners.P
arentRunner.access$100(
ParentRunner.java:66)
	at org.junit.runners.P
arentRunner$2.evaluate(
ParentRunner.java:293)
	at org.springframework
.test.context.junit4.st
atements.RunBeforeTestC
lassCallbacks.evaluate(
RunBeforeTestClassCallb
acks.java:61)
	at org.springframework
.test.context.junit4.st
atements.RunAfterTestCl
assCallbacks.evaluate(R
unAfterTestClassCallbac
ks.java:70)
	at org.junit.runners.P
arentRunner$3.evaluate(
ParentRunner.java:306)
	at org.junit.runners.P
arentRunner.run(ParentR
unner.java:413)
	at org.springframework
.test.context.junit4.Sp
ringJUnit4ClassRunner.r
un(SpringJUnit4ClassRun
ner.java:191)
	at org.junit.runner.JU
nitCore.run(JUnitCore.j
ava:137)
	at org.junit.runner.JU
nitCore.run(JUnitCore.j
ava:115)
	at org.junit.vintage.e
ngine.execution.RunnerE
xecutor.execute(RunnerE
xecutor.java:42)
	at org.junit.vintage.e
ngine.execution.Vintage
Executor.executeClasses
AndMethodsSequentially(
VintageExecutor.java:93
)
	at org.junit.vintage.e
ngine.execution.Vintage
Executor.executeAllChil
dren(VintageExecutor.ja
va:73)
	at org.junit.vintage.e
ngine.VintageTestEngine
.execute(VintageTestEng
ine.java:70)
	at org.junit.platform.
launcher.core.EngineExe
cutionOrchestrator.exec
ute(EngineExecutionOrch
estrator.java:201)
	at org.junit.platform.
launcher.core.EngineExe
cutionOrchestrator.exec
ute(EngineExecutionOrch
estrator.java:170)
	at org.junit.platform.
launcher.core.EngineExe
cutionOrchestrator.exec
ute(EngineExecutionOrch
estrator.java:94)
	at org.junit.platform.
launcher.core.EngineExe
cutionOrchestrator.lamb
da$execute$0(EngineExec
utionOrchestrator.java:
59)
	at org.junit.platform.
launcher.core.EngineExe
cutionOrchestrator.with
InterceptedStreams(Engi
neExecutionOrchestrator
.java:142)
	at org.junit.platform.
launcher.core.EngineExe
cutionOrchestrator.exec
ute(EngineExecutionOrch
estrator.java:58)
	at org.junit.platform.
launcher.core.DefaultLa
uncher.execute(DefaultL
auncher.java:103)
	at org.junit.platform.
launcher.core.DefaultLa
uncher.execute(DefaultL
auncher.java:85)
	at org.junit.platform.
launcher.core.Delegatin
gLauncher.execute(Deleg
atingLauncher.java:47)
	at org.junit.platform.
launcher.core.Intercept
ingLauncher.lambda$exec
ute$1(InterceptingLaunc
her.java:39)
	at org.junit.platform.
launcher.core.Classpath
AlignmentCheckingLaunch
erInterceptor.intercept
(ClasspathAlignmentChec
kingLauncherInterceptor
.java:25)
	at org.junit.platform.
launcher.core.Intercept
ingLauncher.execute(Int
erceptingLauncher.java:
38)
	at org.junit.platform.
launcher.core.Delegatin
gLauncher.execute(Deleg
atingLauncher.java:47)
	at org.apache.maven.su
refire.junitplatform.La
uncherAdapter.executeWi
thoutCancellationToken(
LauncherAdapter.java:60
)
	at org.apache.maven.su
refire.junitplatform.La
uncherAdapter.execute(L
auncherAdapter.java:52)
	at org.apache.maven.su
refire.junitplatform.JU
nitPlatformProvider.exe
cute(JUnitPlatformProvi
der.java:203)
	at org.apache.maven.su
refire.junitplatform.JU
nitPlatformProvider.inv
okeAllTests(JUnitPlatfo
rmProvider.java:168)
	at org.apache.maven.su
refire.junitplatform.JU
nitPlatformProvider.inv
oke(JUnitPlatformProvid
er.java:136)
	at org.apache.maven.su
refire.booter.ForkedBoo
ter.runSuitesInProcess(
ForkedBooter.java:385)
	at org.apache.maven.su
refire.booter.ForkedBoo
ter.execute(ForkedBoote
r.java:162)
	at org.apache.maven.su
refire.booter.ForkedBoo
ter.run(ForkedBooter.ja
va:507)
	at org.apache.maven.su
refire.booter.ForkedBoo
ter.main(ForkedBooter.j
ava:495)
Caused by: 
java.io.IOException: 
Error while 
instrumenting com/revpa
sswordmanager/entity/Us
er$HibernateInstantiato
r with JaCoCo 0.8.11.20
2310140853/f33756c.
	at org.jacoco.agent.rt
.internal_4742761.core.
instr.Instrumenter.inst
rumentError(Instrumente
r.java:161)
	at org.jacoco.agent.rt
.internal_4742761.core.
instr.Instrumenter.inst
rument(Instrumenter.jav
a:111)
	at org.jacoco.agent.rt
.internal_4742761.Cover
ageTransformer.transfor
m(CoverageTransformer.j
ava:92)
	... 113 more
Caused by: java.lang.Il
legalArgumentException:
 Unsupported class 
file major version 68
	at org.jacoco.agent.rt
.internal_4742761.asm.C
lassReader.<init>(Class
Reader.java:200)
	at org.jacoco.agent.rt
.internal_4742761.asm.C
lassReader.<init>(Class
Reader.java:180)
	at org.jacoco.agent.rt
.internal_4742761.asm.C
lassReader.<init>(Class
Reader.java:166)
	at org.jacoco.agent.rt
.internal_4742761.core.
internal.instr.InstrSup
port.classReaderFor(Ins
trSupport.java:280)
	at org.jacoco.agent.rt
.internal_4742761.core.
instr.Instrumenter.inst
rument(Instrumenter.jav
a:77)
	at org.jacoco.agent.rt
.internal_4742761.core.
instr.Instrumenter.inst
rument(Instrumenter.jav
a:109)
	... 114 more
java.lang.instrument.Il
legalClassFormatExcepti
on: Error while 
instrumenting com/revpa
sswordmanager/entity/Ve
rificationCode$Hibernat
eProxy with JaCoCo 0.8.
11.202310140853/f33756c
.
	at org.jacoco.agent.rt
.internal_4742761.Cover
ageTransformer.transfor
m(CoverageTransformer.j
ava:94)
	at java.instrument/jav
a.lang.instrument.Class
FileTransformer.transfo
rm(ClassFileTransformer
.java:257)
	at java.instrument/sun
.instrument.Transformer
Manager.transform(Trans
formerManager.java:188)
	at java.instrument/sun
.instrument.Instrumenta
tionImpl.transform(Inst
rumentationImpl.java:59
4)
	at java.base/java.lang
.ClassLoader.defineClas
s0(Native Method)
	at java.base/java.lang
.System$1.defineClass(S
ystem.java:2025)
	at java.base/java.lang
.invoke.MethodHandles$L
ookup$ClassDefiner.defi
neClass(MethodHandles.j
ava:2355)
	at java.base/java.lang
.invoke.MethodHandles$L
ookup$ClassDefiner.defi
neClass(MethodHandles.j
ava:2330)
	at java.base/java.lang
.invoke.MethodHandles$L
ookup.defineClass(Metho
dHandles.java:1754)
	at java.base/jdk.inter
nal.reflect.DirectMetho
dHandleAccessor.invoke(
DirectMethodHandleAcces
sor.java:104)
	at java.base/java.lang
.reflect.Method.invoke(
Method.java:565)
	at net.bytebuddy.utili
ty.Invoker$Dispatcher.i
nvoke(Unknown Source)
	at net.bytebuddy.utili
ty.dispatcher.JavaDispa
tcher$Dispatcher$ForNon
StaticMethod.invoke(Jav
aDispatcher.java:1038)
	at net.bytebuddy.utili
ty.dispatcher.JavaDispa
tcher$ProxiedInvocation
Handler.invoke(JavaDisp
atcher.java:1168)
	at jdk.proxy2/jdk.prox
y2.$Proxy150.defineClas
s(Unknown Source)
	at net.bytebuddy.dynam
ic.loading.ClassInjecto
r$UsingLookup.injectRaw
(ClassInjector.java:170
7)
	at net.bytebuddy.dynam
ic.loading.ClassInjecto
r$AbstractBase.injectRa
w(ClassInjector.java:18
8)
	at net.bytebuddy.dynam
ic.loading.ClassInjecto
r$AbstractBase.inject(C
lassInjector.java:176)
	at net.bytebuddy.dynam
ic.loading.ClassLoading
Strategy$UsingLookup.lo
ad(ClassLoadingStrategy
.java:519)
	at net.bytebuddy.dynam
ic.TypeResolutionStrate
gy$Passive.initialize(T
ypeResolutionStrategy.j
ava:101)
	at net.bytebuddy.dynam
ic.DynamicType$Default$
Unloaded.load(DynamicTy
pe.java:6432)
	at org.hibernate.bytec
ode.internal.bytebuddy.
ByteBuddyState.load(Byt
eBuddyState.java:242)
	at org.hibernate.bytec
ode.internal.bytebuddy.
ByteBuddyState.loadProx
y(ByteBuddyState.java:1
48)
	at org.hibernate.proxy
.pojo.bytebuddy.ByteBud
dyProxyHelper.buildProx
y(ByteBuddyProxyHelper.
java:63)
	at org.hibernate.proxy
.pojo.bytebuddy.ByteBud
dyProxyFactory.postInst
antiate(ByteBuddyProxyF
actory.java:65)
	at org.hibernate.metam
odel.internal.EntityRep
resentationStrategyPojo
Standard.createProxyFac
tory(EntityRepresentati
onStrategyPojoStandard.
java:305)
	at org.hibernate.metam
odel.internal.EntityRep
resentationStrategyPojo
Standard.resolveProxyFa
ctory(EntityRepresentat
ionStrategyPojoStandard
.java:179)
	at org.hibernate.metam
odel.internal.EntityRep
resentationStrategyPojo
Standard.<init>(EntityR
epresentationStrategyPo
joStandard.java:145)
	at org.hibernate.metam
odel.internal.ManagedTy
peRepresentationResolve
rStandard.resolveStrate
gy(ManagedTypeRepresent
ationResolverStandard.j
ava:62)
	at org.hibernate.persi
ster.entity.AbstractEnt
ityPersister.<init>(Abs
tractEntityPersister.ja
va:563)
	at org.hibernate.persi
ster.entity.SingleTable
EntityPersister.<init>(
SingleTableEntityPersis
ter.java:134)
	at java.base/jdk.inter
nal.reflect.DirectConst
ructorHandleAccessor.ne
wInstance(DirectConstru
ctorHandleAccessor.java
:62)
	at java.base/java.lang
.reflect.Constructor.ne
wInstanceWithCaller(Con
structor.java:499)
	at java.base/java.lang
.reflect.Constructor.ne
wInstance(Constructor.j
ava:483)
	at org.hibernate.persi
ster.internal.Persister
FactoryImpl.createEntit
yPersister(PersisterFac
toryImpl.java:94)
	at org.hibernate.persi
ster.internal.Persister
FactoryImpl.createEntit
yPersister(PersisterFac
toryImpl.java:77)
	at org.hibernate.metam
odel.model.domain.inter
nal.MappingMetamodelImp
l.processBootEntities(M
appingMetamodelImpl.jav
a:250)
	at org.hibernate.metam
odel.model.domain.inter
nal.MappingMetamodelImp
l.finishInitialization(
MappingMetamodelImpl.ja
va:184)
	at org.hibernate.inter
nal.SessionFactoryImpl.
initializeMappingModel(
SessionFactoryImpl.java
:373)
	at org.hibernate.inter
nal.SessionFactoryImpl.
<init>(SessionFactoryIm
pl.java:302)
	at org.hibernate.boot.
internal.SessionFactory
BuilderImpl.build(Sessi
onFactoryBuilderImpl.ja
va:463)
	at org.hibernate.jpa.b
oot.internal.EntityMana
gerFactoryBuilderImpl.b
uild(EntityManagerFacto
ryBuilderImpl.java:1517
)
	at org.springframework
.orm.jpa.vendor.SpringH
ibernateJpaPersistenceP
rovider.createContainer
EntityManagerFactory(Sp
ringHibernateJpaPersist
enceProvider.java:66)
	at org.springframework
.orm.jpa.LocalContainer
EntityManagerFactoryBea
n.createNativeEntityMan
agerFactory(LocalContai
nerEntityManagerFactory
Bean.java:388)
	at org.springframework
.orm.jpa.AbstractEntity
ManagerFactoryBean.buil
dNativeEntityManagerFac
tory(AbstractEntityMana
gerFactoryBean.java:419
)
	at org.springframework
.orm.jpa.AbstractEntity
ManagerFactoryBean.afte
rPropertiesSet(Abstract
EntityManagerFactoryBea
n.java:400)
	at org.springframework
.orm.jpa.LocalContainer
EntityManagerFactoryBea
n.afterPropertiesSet(Lo
calContainerEntityManag
erFactoryBean.java:364)
	at org.springframework
.beans.factory.support.
AbstractAutowireCapable
BeanFactory.invokeInitM
ethods(AbstractAutowire
CapableBeanFactory.java
:1873)
	at org.springframework
.beans.factory.support.
AbstractAutowireCapable
BeanFactory.initializeB
ean(AbstractAutowireCap
ableBeanFactory.java:18
22)
	at org.springframework
.beans.factory.support.
AbstractAutowireCapable
BeanFactory.doCreateBea
n(AbstractAutowireCapab
leBeanFactory.java:607)
	at org.springframework
.beans.factory.support.
AbstractAutowireCapable
BeanFactory.createBean(
AbstractAutowireCapable
BeanFactory.java:529)
	at org.springframework
.beans.factory.support.
AbstractBeanFactory.lam
bda$doGetBean$0(Abstrac
tBeanFactory.java:339)
	at org.springframework
.beans.factory.support.
DefaultSingletonBeanReg
istry.getSingleton(Defa
ultSingletonBeanRegistr
y.java:373)
	at org.springframework
.beans.factory.support.
AbstractBeanFactory.doG
etBean(AbstractBeanFact
ory.java:337)
	at org.springframework
.beans.factory.support.
AbstractBeanFactory.get
Bean(AbstractBeanFactor
y.java:207)
	at org.springframework
.context.support.Abstra
ctApplicationContext.fi
nishBeanFactoryInitiali
zation(AbstractApplicat
ionContext.java:974)
	at org.springframework
.context.support.Abstra
ctApplicationContext.re
fresh(AbstractApplicati
onContext.java:628)
	at org.springframework
.boot.SpringApplication
.refresh(SpringApplicat
ion.java:752)
	at org.springframework
.boot.SpringApplication
.refreshContext(SpringA
pplication.java:439)
	at org.springframework
.boot.SpringApplication
.run(SpringApplication.
java:318)
	at org.springframework
.boot.test.context.Spri
ngBootContextLoader.lam
bda$loadContext$3(Sprin
gBootContextLoader.java
:152)
	at org.springframework
.util.function.Throwing
Supplier.get(ThrowingSu
pplier.java:58)
	at org.springframework
.util.function.Throwing
Supplier.get(ThrowingSu
pplier.java:46)
	at org.springframework
.boot.SpringApplication
.withHook(SpringApplica
tion.java:1461)
	at org.springframework
.boot.test.context.Spri
ngBootContextLoader$Con
textLoaderHook.run(Spri
ngBootContextLoader.jav
a:595)
	at org.springframework
.boot.test.context.Spri
ngBootContextLoader.loa
dContext(SpringBootCont
extLoader.java:152)
	at org.springframework
.boot.test.context.Spri
ngBootContextLoader.loa
dContext(SpringBootCont
extLoader.java:111)
	at org.springframework
.test.context.cache.Def
aultCacheAwareContextLo
aderDelegate.loadContex
tInternal(DefaultCacheA
wareContextLoaderDelega
te.java:225)
	at org.springframework
.test.context.cache.Def
aultCacheAwareContextLo
aderDelegate.loadContex
t(DefaultCacheAwareCont
extLoaderDelegate.java:
152)
	at org.springframework
.test.context.support.D
efaultTestContext.getAp
plicationContext(Defaul
tTestContext.java:130)
	at org.springframework
.test.context.support.D
ependencyInjectionTestE
xecutionListener.inject
Dependencies(Dependency
InjectionTestExecutionL
istener.java:155)
	at org.springframework
.test.context.support.D
ependencyInjectionTestE
xecutionListener.prepar
eTestInstance(Dependenc
yInjectionTestExecution
Listener.java:111)
	at org.springframework
.test.context.TestConte
xtManager.prepareTestIn
stance(TestContextManag
er.java:260)
	at org.springframework
.test.context.junit4.Sp
ringJUnit4ClassRunner.c
reateTest(SpringJUnit4C
lassRunner.java:228)
	at org.springframework
.test.context.junit4.Sp
ringJUnit4ClassRunner$1
.runReflectiveCall(Spri
ngJUnit4ClassRunner.jav
a:289)
	at org.junit.internal.
runners.model.Reflectiv
eCallable.run(Reflectiv
eCallable.java:12)
	at org.springframework
.test.context.junit4.Sp
ringJUnit4ClassRunner.m
ethodBlock(SpringJUnit4
ClassRunner.java:291)
	at org.springframework
.test.context.junit4.Sp
ringJUnit4ClassRunner.r
unChild(SpringJUnit4Cla
ssRunner.java:247)
	at org.springframework
.test.context.junit4.Sp
ringJUnit4ClassRunner.r
unChild(SpringJUnit4Cla
ssRunner.java:97)
	at org.junit.runners.P
arentRunner$4.run(Paren
tRunner.java:331)
	at org.junit.runners.P
arentRunner$1.schedule(
ParentRunner.java:79)
	at org.junit.runners.P
arentRunner.runChildren
(ParentRunner.java:329)
	at org.junit.runners.P
arentRunner.access$100(
ParentRunner.java:66)
	at org.junit.runners.P
arentRunner$2.evaluate(
ParentRunner.java:293)
	at org.springframework
.test.context.junit4.st
atements.RunBeforeTestC
lassCallbacks.evaluate(
RunBeforeTestClassCallb
acks.java:61)
	at org.springframework
.test.context.junit4.st
atements.RunAfterTestCl
assCallbacks.evaluate(R
unAfterTestClassCallbac
ks.java:70)
	at org.junit.runners.P
arentRunner$3.evaluate(
ParentRunner.java:306)
	at org.junit.runners.P
arentRunner.run(ParentR
unner.java:413)
	at org.springframework
.test.context.junit4.Sp
ringJUnit4ClassRunner.r
un(SpringJUnit4ClassRun
ner.java:191)
	at org.junit.runner.JU
nitCore.run(JUnitCore.j
ava:137)
	at org.junit.runner.JU
nitCore.run(JUnitCore.j
ava:115)
	at org.junit.vintage.e
ngine.execution.RunnerE
xecutor.execute(RunnerE
xecutor.java:42)
	at org.junit.vintage.e
ngine.execution.Vintage
Executor.executeClasses
AndMethodsSequentially(
VintageExecutor.java:93
)
	at org.junit.vintage.e
ngine.execution.Vintage
Executor.executeAllChil
dren(VintageExecutor.ja
va:73)
	at org.junit.vintage.e
ngine.VintageTestEngine
.execute(VintageTestEng
ine.java:70)
	at org.junit.platform.
launcher.core.EngineExe
cutionOrchestrator.exec
ute(EngineExecutionOrch
estrator.java:201)
	at org.junit.platform.
launcher.core.EngineExe
cutionOrchestrator.exec
ute(EngineExecutionOrch
estrator.java:170)
	at org.junit.platform.
launcher.core.EngineExe
cutionOrchestrator.exec
ute(EngineExecutionOrch
estrator.java:94)
	at org.junit.platform.
launcher.core.EngineExe
cutionOrchestrator.lamb
da$execute$0(EngineExec
utionOrchestrator.java:
59)
	at org.junit.platform.
launcher.core.EngineExe
cutionOrchestrator.with
InterceptedStreams(Engi
neExecutionOrchestrator
.java:142)
	at org.junit.platform.
launcher.core.EngineExe
cutionOrchestrator.exec
ute(EngineExecutionOrch
estrator.java:58)
	at org.junit.platform.
launcher.core.DefaultLa
uncher.execute(DefaultL
auncher.java:103)
	at org.junit.platform.
launcher.core.DefaultLa
uncher.execute(DefaultL
auncher.java:85)
	at org.junit.platform.
launcher.core.Delegatin
gLauncher.execute(Deleg
atingLauncher.java:47)
	at org.junit.platform.
launcher.core.Intercept
ingLauncher.lambda$exec
ute$1(InterceptingLaunc
her.java:39)
	at org.junit.platform.
launcher.core.Classpath
AlignmentCheckingLaunch
erInterceptor.intercept
(ClasspathAlignmentChec
kingLauncherInterceptor
.java:25)
	at org.junit.platform.
launcher.core.Intercept
ingLauncher.execute(Int
erceptingLauncher.java:
38)
	at org.junit.platform.
launcher.core.Delegatin
gLauncher.execute(Deleg
atingLauncher.java:47)
	at org.apache.maven.su
refire.junitplatform.La
uncherAdapter.executeWi
thoutCancellationToken(
LauncherAdapter.java:60
)
	at org.apache.maven.su
refire.junitplatform.La
uncherAdapter.execute(L
auncherAdapter.java:52)
	at org.apache.maven.su
refire.junitplatform.JU
nitPlatformProvider.exe
cute(JUnitPlatformProvi
der.java:203)
	at org.apache.maven.su
refire.junitplatform.JU
nitPlatformProvider.inv
okeAllTests(JUnitPlatfo
rmProvider.java:168)
	at org.apache.maven.su
refire.junitplatform.JU
nitPlatformProvider.inv
oke(JUnitPlatformProvid
er.java:136)
	at org.apache.maven.su
refire.booter.ForkedBoo
ter.runSuitesInProcess(
ForkedBooter.java:385)
	at org.apache.maven.su
refire.booter.ForkedBoo
ter.execute(ForkedBoote
r.java:162)
	at org.apache.maven.su
refire.booter.ForkedBoo
ter.run(ForkedBooter.ja
va:507)
	at org.apache.maven.su
refire.booter.ForkedBoo
ter.main(ForkedBooter.j
ava:495)
Caused by: 
java.io.IOException: 
Error while 
instrumenting com/revpa
sswordmanager/entity/Ve
rificationCode$Hibernat
eProxy with JaCoCo 0.8.
11.202310140853/f33756c
.
	at org.jacoco.agent.rt
.internal_4742761.core.
instr.Instrumenter.inst
rumentError(Instrumente
r.java:161)
	at org.jacoco.agent.rt
.internal_4742761.core.
instr.Instrumenter.inst
rument(Instrumenter.jav
a:111)
	at org.jacoco.agent.rt
.internal_4742761.Cover
ageTransformer.transfor
m(CoverageTransformer.j
ava:92)
	... 116 more
Caused by: java.lang.Il
legalArgumentException:
 Unsupported class 
file major version 68
	at org.jacoco.agent.rt
.internal_4742761.asm.C
lassReader.<init>(Class
Reader.java:200)
	at org.jacoco.agent.rt
.internal_4742761.asm.C
lassReader.<init>(Class
Reader.java:180)
	at org.jacoco.agent.rt
.internal_4742761.asm.C
lassReader.<init>(Class
Reader.java:166)
	at org.jacoco.agent.rt
.internal_4742761.core.
internal.instr.InstrSup
port.classReaderFor(Ins
trSupport.java:280)
	at org.jacoco.agent.rt
.internal_4742761.core.
instr.Instrumenter.inst
rument(Instrumenter.jav
a:77)
	at org.jacoco.agent.rt
.internal_4742761.core.
instr.Instrumenter.inst
rument(Instrumenter.jav
a:109)
	... 117 more
java.lang.instrument.Il
legalClassFormatExcepti
on: Error while 
instrumenting com/revpa
sswordmanager/entity/Ve
rificationCode$Hibernat
eInstantiator with 
JaCoCo 0.8.11.202310140
853/f33756c.
	at org.jacoco.agent.rt
.internal_4742761.Cover
ageTransformer.transfor
m(CoverageTransformer.j
ava:94)
	at java.instrument/jav
a.lang.instrument.Class
FileTransformer.transfo
rm(ClassFileTransformer
.java:257)
	at java.instrument/sun
.instrument.Transformer
Manager.transform(Trans
formerManager.java:188)
	at java.instrument/sun
.instrument.Instrumenta
tionImpl.transform(Inst
rumentationImpl.java:59
4)
	at java.base/java.lang
.ClassLoader.defineClas
s0(Native Method)
	at java.base/java.lang
.System$1.defineClass(S
ystem.java:2025)
	at java.base/java.lang
.invoke.MethodHandles$L
ookup$ClassDefiner.defi
neClass(MethodHandles.j
ava:2355)
	at java.base/java.lang
.invoke.MethodHandles$L
ookup$ClassDefiner.defi
neClass(MethodHandles.j
ava:2330)
	at java.base/java.lang
.invoke.MethodHandles$L
ookup.defineClass(Metho
dHandles.java:1754)
	at java.base/jdk.inter
nal.reflect.DirectMetho
dHandleAccessor.invoke(
DirectMethodHandleAcces
sor.java:104)
	at java.base/java.lang
.reflect.Method.invoke(
Method.java:565)
	at net.bytebuddy.utili
ty.Invoker$Dispatcher.i
nvoke(Unknown Source)
	at net.bytebuddy.utili
ty.dispatcher.JavaDispa
tcher$Dispatcher$ForNon
StaticMethod.invoke(Jav
aDispatcher.java:1038)
	at net.bytebuddy.utili
ty.dispatcher.JavaDispa
tcher$ProxiedInvocation
Handler.invoke(JavaDisp
atcher.java:1168)
	at jdk.proxy2/jdk.prox
y2.$Proxy150.defineClas
s(Unknown Source)
	at net.bytebuddy.dynam
ic.loading.ClassInjecto
r$UsingLookup.injectRaw
(ClassInjector.java:170
7)
	at net.bytebuddy.dynam
ic.loading.ClassInjecto
r$AbstractBase.injectRa
w(ClassInjector.java:18
8)
	at net.bytebuddy.dynam
ic.loading.ClassInjecto
r$AbstractBase.inject(C
lassInjector.java:176)
	at net.bytebuddy.dynam
ic.loading.ClassLoading
Strategy$UsingLookup.lo
ad(ClassLoadingStrategy
.java:519)
	at net.bytebuddy.dynam
ic.TypeResolutionStrate
gy$Passive.initialize(T
ypeResolutionStrategy.j
ava:101)
	at net.bytebuddy.dynam
ic.DynamicType$Default$
Unloaded.load(DynamicTy
pe.java:6432)
	at org.hibernate.bytec
ode.internal.bytebuddy.
ByteBuddyState.load(Byt
eBuddyState.java:242)
	at org.hibernate.bytec
ode.internal.bytebuddy.
BytecodeProviderImpl.ge
tReflectionOptimizer(By
tecodeProviderImpl.java
:214)
	at org.hibernate.metam
odel.internal.EntityRep
resentationStrategyPojo
Standard.resolveReflect
ionOptimizer(EntityRepr
esentationStrategyPojoS
tandard.java:325)
	at org.hibernate.metam
odel.internal.EntityRep
resentationStrategyPojo
Standard.<init>(EntityR
epresentationStrategyPo
joStandard.java:154)
	at org.hibernate.metam
odel.internal.ManagedTy
peRepresentationResolve
rStandard.resolveStrate
gy(ManagedTypeRepresent
ationResolverStandard.j
ava:62)
	at org.hibernate.persi
ster.entity.AbstractEnt
ityPersister.<init>(Abs
tractEntityPersister.ja
va:563)
	at org.hibernate.persi
ster.entity.SingleTable
EntityPersister.<init>(
SingleTableEntityPersis
ter.java:134)
	at java.base/jdk.inter
nal.reflect.DirectConst
ructorHandleAccessor.ne
wInstance(DirectConstru
ctorHandleAccessor.java
:62)
	at java.base/java.lang
.reflect.Constructor.ne
wInstanceWithCaller(Con
structor.java:499)
	at java.base/java.lang
.reflect.Constructor.ne
wInstance(Constructor.j
ava:483)
	at org.hibernate.persi
ster.internal.Persister
FactoryImpl.createEntit
yPersister(PersisterFac
toryImpl.java:94)
	at org.hibernate.persi
ster.internal.Persister
FactoryImpl.createEntit
yPersister(PersisterFac
toryImpl.java:77)
	at org.hibernate.metam
odel.model.domain.inter
nal.MappingMetamodelImp
l.processBootEntities(M
appingMetamodelImpl.jav
a:250)
	at org.hibernate.metam
odel.model.domain.inter
nal.MappingMetamodelImp
l.finishInitialization(
MappingMetamodelImpl.ja
va:184)
	at org.hibernate.inter
nal.SessionFactoryImpl.
initializeMappingModel(
SessionFactoryImpl.java
:373)
	at org.hibernate.inter
nal.SessionFactoryImpl.
<init>(SessionFactoryIm
pl.java:302)
	at org.hibernate.boot.
internal.SessionFactory
BuilderImpl.build(Sessi
onFactoryBuilderImpl.ja
va:463)
	at org.hibernate.jpa.b
oot.internal.EntityMana
gerFactoryBuilderImpl.b
uild(EntityManagerFacto
ryBuilderImpl.java:1517
)
	at org.springframework
.orm.jpa.vendor.SpringH
ibernateJpaPersistenceP
rovider.createContainer
EntityManagerFactory(Sp
ringHibernateJpaPersist
enceProvider.java:66)
	at org.springframework
.orm.jpa.LocalContainer
EntityManagerFactoryBea
n.createNativeEntityMan
agerFactory(LocalContai
nerEntityManagerFactory
Bean.java:388)
	at org.springframework
.orm.jpa.AbstractEntity
ManagerFactoryBean.buil
dNativeEntityManagerFac
tory(AbstractEntityMana
gerFactoryBean.java:419
)
	at org.springframework
.orm.jpa.AbstractEntity
ManagerFactoryBean.afte
rPropertiesSet(Abstract
EntityManagerFactoryBea
n.java:400)
	at org.springframework
.orm.jpa.LocalContainer
EntityManagerFactoryBea
n.afterPropertiesSet(Lo
calContainerEntityManag
erFactoryBean.java:364)
	at org.springframework
.beans.factory.support.
AbstractAutowireCapable
BeanFactory.invokeInitM
ethods(AbstractAutowire
CapableBeanFactory.java
:1873)
	at org.springframework
.beans.factory.support.
AbstractAutowireCapable
BeanFactory.initializeB
ean(AbstractAutowireCap
ableBeanFactory.java:18
22)
	at org.springframework
.beans.factory.support.
AbstractAutowireCapable
BeanFactory.doCreateBea
n(AbstractAutowireCapab
leBeanFactory.java:607)
	at org.springframework
.beans.factory.support.
AbstractAutowireCapable
BeanFactory.createBean(
AbstractAutowireCapable
BeanFactory.java:529)
	at org.springframework
.beans.factory.support.
AbstractBeanFactory.lam
bda$doGetBean$0(Abstrac
tBeanFactory.java:339)
	at org.springframework
.beans.factory.support.
DefaultSingletonBeanReg
istry.getSingleton(Defa
ultSingletonBeanRegistr
y.java:373)
	at org.springframework
.beans.factory.support.
AbstractBeanFactory.doG
etBean(AbstractBeanFact
ory.java:337)
	at org.springframework
.beans.factory.support.
AbstractBeanFactory.get
Bean(AbstractBeanFactor
y.java:207)
	at org.springframework
.context.support.Abstra
ctApplicationContext.fi
nishBeanFactoryInitiali
zation(AbstractApplicat
ionContext.java:974)
	at org.springframework
.context.support.Abstra
ctApplicationContext.re
fresh(AbstractApplicati
onContext.java:628)
	at org.springframework
.boot.SpringApplication
.refresh(SpringApplicat
ion.java:752)
	at org.springframework
.boot.SpringApplication
.refreshContext(SpringA
pplication.java:439)
	at org.springframework
.boot.SpringApplication
.run(SpringApplication.
java:318)
	at org.springframework
.boot.test.context.Spri
ngBootContextLoader.lam
bda$loadContext$3(Sprin
gBootContextLoader.java
:152)
	at org.springframework
.util.function.Throwing
Supplier.get(ThrowingSu
pplier.java:58)
	at org.springframework
.util.function.Throwing
Supplier.get(ThrowingSu
pplier.java:46)
	at org.springframework
.boot.SpringApplication
.withHook(SpringApplica
tion.java:1461)
	at org.springframework
.boot.test.context.Spri
ngBootContextLoader$Con
textLoaderHook.run(Spri
ngBootContextLoader.jav
a:595)
	at org.springframework
.boot.test.context.Spri
ngBootContextLoader.loa
dContext(SpringBootCont
extLoader.java:152)
	at org.springframework
.boot.test.context.Spri
ngBootContextLoader.loa
dContext(SpringBootCont
extLoader.java:111)
	at org.springframework
.test.context.cache.Def
aultCacheAwareContextLo
aderDelegate.loadContex
tInternal(DefaultCacheA
wareContextLoaderDelega
te.java:225)
	at org.springframework
.test.context.cache.Def
aultCacheAwareContextLo
aderDelegate.loadContex
t(DefaultCacheAwareCont
extLoaderDelegate.java:
152)
	at org.springframework
.test.context.support.D
efaultTestContext.getAp
plicationContext(Defaul
tTestContext.java:130)
	at org.springframework
.test.context.support.D
ependencyInjectionTestE
xecutionListener.inject
Dependencies(Dependency
InjectionTestExecutionL
istener.java:155)
	at org.springframework
.test.context.support.D
ependencyInjectionTestE
xecutionListener.prepar
eTestInstance(Dependenc
yInjectionTestExecution
Listener.java:111)
	at org.springframework
.test.context.TestConte
xtManager.prepareTestIn
stance(TestContextManag
er.java:260)
	at org.springframework
.test.context.junit4.Sp
ringJUnit4ClassRunner.c
reateTest(SpringJUnit4C
lassRunner.java:228)
	at org.springframework
.test.context.junit4.Sp
ringJUnit4ClassRunner$1
.runReflectiveCall(Spri
ngJUnit4ClassRunner.jav
a:289)
	at org.junit.internal.
runners.model.Reflectiv
eCallable.run(Reflectiv
eCallable.java:12)
	at org.springframework
.test.context.junit4.Sp
ringJUnit4ClassRunner.m
ethodBlock(SpringJUnit4
ClassRunner.java:291)
	at org.springframework
.test.context.junit4.Sp
ringJUnit4ClassRunner.r
unChild(SpringJUnit4Cla
ssRunner.java:247)
	at org.springframework
.test.context.junit4.Sp
ringJUnit4ClassRunner.r
unChild(SpringJUnit4Cla
ssRunner.java:97)
	at org.junit.runners.P
arentRunner$4.run(Paren
tRunner.java:331)
	at org.junit.runners.P
arentRunner$1.schedule(
ParentRunner.java:79)
	at org.junit.runners.P
arentRunner.runChildren
(ParentRunner.java:329)
	at org.junit.runners.P
arentRunner.access$100(
ParentRunner.java:66)
	at org.junit.runners.P
arentRunner$2.evaluate(
ParentRunner.java:293)
	at org.springframework
.test.context.junit4.st
atements.RunBeforeTestC
lassCallbacks.evaluate(
RunBeforeTestClassCallb
acks.java:61)
	at org.springframework
.test.context.junit4.st
atements.RunAfterTestCl
assCallbacks.evaluate(R
unAfterTestClassCallbac
ks.java:70)
	at org.junit.runners.P
arentRunner$3.evaluate(
ParentRunner.java:306)
	at org.junit.runners.P
arentRunner.run(ParentR
unner.java:413)
	at org.springframework
.test.context.junit4.Sp
ringJUnit4ClassRunner.r
un(SpringJUnit4ClassRun
ner.java:191)
	at org.junit.runner.JU
nitCore.run(JUnitCore.j
ava:137)
	at org.junit.runner.JU
nitCore.run(JUnitCore.j
ava:115)
	at org.junit.vintage.e
ngine.execution.RunnerE
xecutor.execute(RunnerE
xecutor.java:42)
	at org.junit.vintage.e
ngine.execution.Vintage
Executor.executeClasses
AndMethodsSequentially(
VintageExecutor.java:93
)
	at org.junit.vintage.e
ngine.execution.Vintage
Executor.executeAllChil
dren(VintageExecutor.ja
va:73)
	at org.junit.vintage.e
ngine.VintageTestEngine
.execute(VintageTestEng
ine.java:70)
	at org.junit.platform.
launcher.core.EngineExe
cutionOrchestrator.exec
ute(EngineExecutionOrch
estrator.java:201)
	at org.junit.platform.
launcher.core.EngineExe
cutionOrchestrator.exec
ute(EngineExecutionOrch
estrator.java:170)
	at org.junit.platform.
launcher.core.EngineExe
cutionOrchestrator.exec
ute(EngineExecutionOrch
estrator.java:94)
	at org.junit.platform.
launcher.core.EngineExe
cutionOrchestrator.lamb
da$execute$0(EngineExec
utionOrchestrator.java:
59)
	at org.junit.platform.
launcher.core.EngineExe
cutionOrchestrator.with
InterceptedStreams(Engi
neExecutionOrchestrator
.java:142)
	at org.junit.platform.
launcher.core.EngineExe
cutionOrchestrator.exec
ute(EngineExecutionOrch
estrator.java:58)
	at org.junit.platform.
launcher.core.DefaultLa
uncher.execute(DefaultL
auncher.java:103)
	at org.junit.platform.
launcher.core.DefaultLa
uncher.execute(DefaultL
auncher.java:85)
	at org.junit.platform.
launcher.core.Delegatin
gLauncher.execute(Deleg
atingLauncher.java:47)
	at org.junit.platform.
launcher.core.Intercept
ingLauncher.lambda$exec
ute$1(InterceptingLaunc
her.java:39)
	at org.junit.platform.
launcher.core.Classpath
AlignmentCheckingLaunch
erInterceptor.intercept
(ClasspathAlignmentChec
kingLauncherInterceptor
.java:25)
	at org.junit.platform.
launcher.core.Intercept
ingLauncher.execute(Int
erceptingLauncher.java:
38)
	at org.junit.platform.
launcher.core.Delegatin
gLauncher.execute(Deleg
atingLauncher.java:47)
	at org.apache.maven.su
refire.junitplatform.La
uncherAdapter.executeWi
thoutCancellationToken(
LauncherAdapter.java:60
)
	at org.apache.maven.su
refire.junitplatform.La
uncherAdapter.execute(L
auncherAdapter.java:52)
	at org.apache.maven.su
refire.junitplatform.JU
nitPlatformProvider.exe
cute(JUnitPlatformProvi
der.java:203)
	at org.apache.maven.su
refire.junitplatform.JU
nitPlatformProvider.inv
okeAllTests(JUnitPlatfo
rmProvider.java:168)
	at org.apache.maven.su
refire.junitplatform.JU
nitPlatformProvider.inv
oke(JUnitPlatformProvid
er.java:136)
	at org.apache.maven.su
refire.booter.ForkedBoo
ter.runSuitesInProcess(
ForkedBooter.java:385)
	at org.apache.maven.su
refire.booter.ForkedBoo
ter.execute(ForkedBoote
r.java:162)
	at org.apache.maven.su
refire.booter.ForkedBoo
ter.run(ForkedBooter.ja
va:507)
	at org.apache.maven.su
refire.booter.ForkedBoo
ter.main(ForkedBooter.j
ava:495)
Caused by: 
java.io.IOException: 
Error while 
instrumenting com/revpa
sswordmanager/entity/Ve
rificationCode$Hibernat
eInstantiator with 
JaCoCo 0.8.11.202310140
853/f33756c.
	at org.jacoco.agent.rt
.internal_4742761.core.
instr.Instrumenter.inst
rumentError(Instrumente
r.java:161)
	at org.jacoco.agent.rt
.internal_4742761.core.
instr.Instrumenter.inst
rument(Instrumenter.jav
a:111)
	at org.jacoco.agent.rt
.internal_4742761.Cover
ageTransformer.transfor
m(CoverageTransformer.j
ava:92)
	... 113 more
Caused by: java.lang.Il
legalArgumentException:
 Unsupported class 
file major version 68
	at org.jacoco.agent.rt
.internal_4742761.asm.C
lassReader.<init>(Class
Reader.java:200)
	at org.jacoco.agent.rt
.internal_4742761.asm.C
lassReader.<init>(Class
Reader.java:180)
	at org.jacoco.agent.rt
.internal_4742761.asm.C
lassReader.<init>(Class
Reader.java:166)
	at org.jacoco.agent.rt
.internal_4742761.core.
internal.instr.InstrSup
port.classReaderFor(Ins
trSupport.java:280)
	at org.jacoco.agent.rt
.internal_4742761.core.
instr.Instrumenter.inst
rument(Instrumenter.jav
a:77)
	at org.jacoco.agent.rt
.internal_4742761.core.
instr.Instrumenter.inst
rument(Instrumenter.jav
a:109)
	... 114 more
java.lang.instrument.Il
legalClassFormatExcepti
on: Error while 
instrumenting com/revpa
sswordmanager/entity/Se
curityQuestion$Hibernat
eProxy with JaCoCo 0.8.
11.202310140853/f33756c
.
	at org.jacoco.agent.rt
.internal_4742761.Cover
ageTransformer.transfor
m(CoverageTransformer.j
ava:94)
	at java.instrument/jav
a.lang.instrument.Class
FileTransformer.transfo
rm(ClassFileTransformer
.java:257)
	at java.instrument/sun
.instrument.Transformer
Manager.transform(Trans
formerManager.java:188)
	at java.instrument/sun
.instrument.Instrumenta
tionImpl.transform(Inst
rumentationImpl.java:59
4)
	at java.base/java.lang
.ClassLoader.defineClas
s0(Native Method)
	at java.base/java.lang
.System$1.defineClass(S
ystem.java:2025)
	at java.base/java.lang
.invoke.MethodHandles$L
ookup$ClassDefiner.defi
neClass(MethodHandles.j
ava:2355)
	at java.base/java.lang
.invoke.MethodHandles$L
ookup$ClassDefiner.defi
neClass(MethodHandles.j
ava:2330)
	at java.base/java.lang
.invoke.MethodHandles$L
ookup.defineClass(Metho
dHandles.java:1754)
	at java.base/jdk.inter
nal.reflect.DirectMetho
dHandleAccessor.invoke(
DirectMethodHandleAcces
sor.java:104)
	at java.base/java.lang
.reflect.Method.invoke(
Method.java:565)
	at net.bytebuddy.utili
ty.Invoker$Dispatcher.i
nvoke(Unknown Source)
	at net.bytebuddy.utili
ty.dispatcher.JavaDispa
tcher$Dispatcher$ForNon
StaticMethod.invoke(Jav
aDispatcher.java:1038)
	at net.bytebuddy.utili
ty.dispatcher.JavaDispa
tcher$ProxiedInvocation
Handler.invoke(JavaDisp
atcher.java:1168)
	at jdk.proxy2/jdk.prox
y2.$Proxy150.defineClas
s(Unknown Source)
	at net.bytebuddy.dynam
ic.loading.ClassInjecto
r$UsingLookup.injectRaw
(ClassInjector.java:170
7)
	at net.bytebuddy.dynam
ic.loading.ClassInjecto
r$AbstractBase.injectRa
w(ClassInjector.java:18
8)
	at net.bytebuddy.dynam
ic.loading.ClassInjecto
r$AbstractBase.inject(C
lassInjector.java:176)
	at net.bytebuddy.dynam
ic.loading.ClassLoading
Strategy$UsingLookup.lo
ad(ClassLoadingStrategy
.java:519)
	at net.bytebuddy.dynam
ic.TypeResolutionStrate
gy$Passive.initialize(T
ypeResolutionStrategy.j
ava:101)
	at net.bytebuddy.dynam
ic.DynamicType$Default$
Unloaded.load(DynamicTy
pe.java:6432)
	at org.hibernate.bytec
ode.internal.bytebuddy.
ByteBuddyState.load(Byt
eBuddyState.java:242)
	at org.hibernate.bytec
ode.internal.bytebuddy.
ByteBuddyState.loadProx
y(ByteBuddyState.java:1
48)
	at org.hibernate.proxy
.pojo.bytebuddy.ByteBud
dyProxyHelper.buildProx
y(ByteBuddyProxyHelper.
java:63)
	at org.hibernate.proxy
.pojo.bytebuddy.ByteBud
dyProxyFactory.postInst
antiate(ByteBuddyProxyF
actory.java:65)
	at org.hibernate.metam
odel.internal.EntityRep
resentationStrategyPojo
Standard.createProxyFac
tory(EntityRepresentati
onStrategyPojoStandard.
java:305)
	at org.hibernate.metam
odel.internal.EntityRep
resentationStrategyPojo
Standard.resolveProxyFa
ctory(EntityRepresentat
ionStrategyPojoStandard
.java:179)
	at org.hibernate.metam
odel.internal.EntityRep
resentationStrategyPojo
Standard.<init>(EntityR
epresentationStrategyPo
joStandard.java:145)
	at org.hibernate.metam
odel.internal.ManagedTy
peRepresentationResolve
rStandard.resolveStrate
gy(ManagedTypeRepresent
ationResolverStandard.j
ava:62)
	at org.hibernate.persi
ster.entity.AbstractEnt
ityPersister.<init>(Abs
tractEntityPersister.ja
va:563)
	at org.hibernate.persi
ster.entity.SingleTable
EntityPersister.<init>(
SingleTableEntityPersis
ter.java:134)
	at java.base/jdk.inter
nal.reflect.DirectConst
ructorHandleAccessor.ne
wInstance(DirectConstru
ctorHandleAccessor.java
:62)
	at java.base/java.lang
.reflect.Constructor.ne
wInstanceWithCaller(Con
structor.java:499)
	at java.base/java.lang
.reflect.Constructor.ne
wInstance(Constructor.j
ava:483)
	at org.hibernate.persi
ster.internal.Persister
FactoryImpl.createEntit
yPersister(PersisterFac
toryImpl.java:94)
	at org.hibernate.persi
ster.internal.Persister
FactoryImpl.createEntit
yPersister(PersisterFac
toryImpl.java:77)
	at org.hibernate.metam
odel.model.domain.inter
nal.MappingMetamodelImp
l.processBootEntities(M
appingMetamodelImpl.jav
a:250)
	at org.hibernate.metam
odel.model.domain.inter
nal.MappingMetamodelImp
l.finishInitialization(
MappingMetamodelImpl.ja
va:184)
	at org.hibernate.inter
nal.SessionFactoryImpl.
initializeMappingModel(
SessionFactoryImpl.java
:373)
	at org.hibernate.inter
nal.SessionFactoryImpl.
<init>(SessionFactoryIm
pl.java:302)
	at org.hibernate.boot.
internal.SessionFactory
BuilderImpl.build(Sessi
onFactoryBuilderImpl.ja
va:463)
	at org.hibernate.jpa.b
oot.internal.EntityMana
gerFactoryBuilderImpl.b
uild(EntityManagerFacto
ryBuilderImpl.java:1517
)
	at org.springframework
.orm.jpa.vendor.SpringH
ibernateJpaPersistenceP
rovider.createContainer
EntityManagerFactory(Sp
ringHibernateJpaPersist
enceProvider.java:66)
	at org.springframework
.orm.jpa.LocalContainer
EntityManagerFactoryBea
n.createNativeEntityMan
agerFactory(LocalContai
nerEntityManagerFactory
Bean.java:388)
	at org.springframework
.orm.jpa.AbstractEntity
ManagerFactoryBean.buil
dNativeEntityManagerFac
tory(AbstractEntityMana
gerFactoryBean.java:419
)
	at org.springframework
.orm.jpa.AbstractEntity
ManagerFactoryBean.afte
rPropertiesSet(Abstract
EntityManagerFactoryBea
n.java:400)
	at org.springframework
.orm.jpa.LocalContainer
EntityManagerFactoryBea
n.afterPropertiesSet(Lo
calContainerEntityManag
erFactoryBean.java:364)
	at org.springframework
.beans.factory.support.
AbstractAutowireCapable
BeanFactory.invokeInitM
ethods(AbstractAutowire
CapableBeanFactory.java
:1873)
	at org.springframework
.beans.factory.support.
AbstractAutowireCapable
BeanFactory.initializeB
ean(AbstractAutowireCap
ableBeanFactory.java:18
22)
	at org.springframework
.beans.factory.support.
AbstractAutowireCapable
BeanFactory.doCreateBea
n(AbstractAutowireCapab
leBeanFactory.java:607)
	at org.springframework
.beans.factory.support.
AbstractAutowireCapable
BeanFactory.createBean(
AbstractAutowireCapable
BeanFactory.java:529)
	at org.springframework
.beans.factory.support.
AbstractBeanFactory.lam
bda$doGetBean$0(Abstrac
tBeanFactory.java:339)
	at org.springframework
.beans.factory.support.
DefaultSingletonBeanReg
istry.getSingleton(Defa
ultSingletonBeanRegistr
y.java:373)
	at org.springframework
.beans.factory.support.
AbstractBeanFactory.doG
etBean(AbstractBeanFact
ory.java:337)
	at org.springframework
.beans.factory.support.
AbstractBeanFactory.get
Bean(AbstractBeanFactor
y.java:207)
	at org.springframework
.context.support.Abstra
ctApplicationContext.fi
nishBeanFactoryInitiali
zation(AbstractApplicat
ionContext.java:974)
	at org.springframework
.context.support.Abstra
ctApplicationContext.re
fresh(AbstractApplicati
onContext.java:628)
	at org.springframework
.boot.SpringApplication
.refresh(SpringApplicat
ion.java:752)
	at org.springframework
.boot.SpringApplication
.refreshContext(SpringA
pplication.java:439)
	at org.springframework
.boot.SpringApplication
.run(SpringApplication.
java:318)
	at org.springframework
.boot.test.context.Spri
ngBootContextLoader.lam
bda$loadContext$3(Sprin
gBootContextLoader.java
:152)
	at org.springframework
.util.function.Throwing
Supplier.get(ThrowingSu
pplier.java:58)
	at org.springframework
.util.function.Throwing
Supplier.get(ThrowingSu
pplier.java:46)
	at org.springframework
.boot.SpringApplication
.withHook(SpringApplica
tion.java:1461)
	at org.springframework
.boot.test.context.Spri
ngBootContextLoader$Con
textLoaderHook.run(Spri
ngBootContextLoader.jav
a:595)
	at org.springframework
.boot.test.context.Spri
ngBootContextLoader.loa
dContext(SpringBootCont
extLoader.java:152)
	at org.springframework
.boot.test.context.Spri
ngBootContextLoader.loa
dContext(SpringBootCont
extLoader.java:111)
	at org.springframework
.test.context.cache.Def
aultCacheAwareContextLo
aderDelegate.loadContex
tInternal(DefaultCacheA
wareContextLoaderDelega
te.java:225)
	at org.springframework
.test.context.cache.Def
aultCacheAwareContextLo
aderDelegate.loadContex
t(DefaultCacheAwareCont
extLoaderDelegate.java:
152)
	at org.springframework
.test.context.support.D
efaultTestContext.getAp
plicationContext(Defaul
tTestContext.java:130)
	at org.springframework
.test.context.support.D
ependencyInjectionTestE
xecutionListener.inject
Dependencies(Dependency
InjectionTestExecutionL
istener.java:155)
	at org.springframework
.test.context.support.D
ependencyInjectionTestE
xecutionListener.prepar
eTestInstance(Dependenc
yInjectionTestExecution
Listener.java:111)
	at org.springframework
.test.context.TestConte
xtManager.prepareTestIn
stance(TestContextManag
er.java:260)
	at org.springframework
.test.context.junit4.Sp
ringJUnit4ClassRunner.c
reateTest(SpringJUnit4C
lassRunner.java:228)
	at org.springframework
.test.context.junit4.Sp
ringJUnit4ClassRunner$1
.runReflectiveCall(Spri
ngJUnit4ClassRunner.jav
a:289)
	at org.junit.internal.
runners.model.Reflectiv
eCallable.run(Reflectiv
eCallable.java:12)
	at org.springframework
.test.context.junit4.Sp
ringJUnit4ClassRunner.m
ethodBlock(SpringJUnit4
ClassRunner.java:291)
	at org.springframework
.test.context.junit4.Sp
ringJUnit4ClassRunner.r
unChild(SpringJUnit4Cla
ssRunner.java:247)
	at org.springframework
.test.context.junit4.Sp
ringJUnit4ClassRunner.r
unChild(SpringJUnit4Cla
ssRunner.java:97)
	at org.junit.runners.P
arentRunner$4.run(Paren
tRunner.java:331)
	at org.junit.runners.P
arentRunner$1.schedule(
ParentRunner.java:79)
	at org.junit.runners.P
arentRunner.runChildren
(ParentRunner.java:329)
	at org.junit.runners.P
arentRunner.access$100(
ParentRunner.java:66)
	at org.junit.runners.P
arentRunner$2.evaluate(
ParentRunner.java:293)
	at org.springframework
.test.context.junit4.st
atements.RunBeforeTestC
lassCallbacks.evaluate(
RunBeforeTestClassCallb
acks.java:61)
	at org.springframework
.test.context.junit4.st
atements.RunAfterTestCl
assCallbacks.evaluate(R
unAfterTestClassCallbac
ks.java:70)
	at org.junit.runners.P
arentRunner$3.evaluate(
ParentRunner.java:306)
	at org.junit.runners.P
arentRunner.run(ParentR
unner.java:413)
	at org.springframework
.test.context.junit4.Sp
ringJUnit4ClassRunner.r
un(SpringJUnit4ClassRun
ner.java:191)
	at org.junit.runner.JU
nitCore.run(JUnitCore.j
ava:137)
	at org.junit.runner.JU
nitCore.run(JUnitCore.j
ava:115)
	at org.junit.vintage.e
ngine.execution.RunnerE
xecutor.execute(RunnerE
xecutor.java:42)
	at org.junit.vintage.e
ngine.execution.Vintage
Executor.executeClasses
AndMethodsSequentially(
VintageExecutor.java:93
)
	at org.junit.vintage.e
ngine.execution.Vintage
Executor.executeAllChil
dren(VintageExecutor.ja
va:73)
	at org.junit.vintage.e
ngine.VintageTestEngine
.execute(VintageTestEng
ine.java:70)
	at org.junit.platform.
launcher.core.EngineExe
cutionOrchestrator.exec
ute(EngineExecutionOrch
estrator.java:201)
	at org.junit.platform.
launcher.core.EngineExe
cutionOrchestrator.exec
ute(EngineExecutionOrch
estrator.java:170)
	at org.junit.platform.
launcher.core.EngineExe
cutionOrchestrator.exec
ute(EngineExecutionOrch
estrator.java:94)
	at org.junit.platform.
launcher.core.EngineExe
cutionOrchestrator.lamb
da$execute$0(EngineExec
utionOrchestrator.java:
59)
	at org.junit.platform.
launcher.core.EngineExe
cutionOrchestrator.with
InterceptedStreams(Engi
neExecutionOrchestrator
.java:142)
	at org.junit.platform.
launcher.core.EngineExe
cutionOrchestrator.exec
ute(EngineExecutionOrch
estrator.java:58)
	at org.junit.platform.
launcher.core.DefaultLa
uncher.execute(DefaultL
auncher.java:103)
	at org.junit.platform.
launcher.core.DefaultLa
uncher.execute(DefaultL
auncher.java:85)
	at org.junit.platform.
launcher.core.Delegatin
gLauncher.execute(Deleg
atingLauncher.java:47)
	at org.junit.platform.
launcher.core.Intercept
ingLauncher.lambda$exec
ute$1(InterceptingLaunc
her.java:39)
	at org.junit.platform.
launcher.core.Classpath
AlignmentCheckingLaunch
erInterceptor.intercept
(ClasspathAlignmentChec
kingLauncherInterceptor
.java:25)
	at org.junit.platform.
launcher.core.Intercept
ingLauncher.execute(Int
erceptingLauncher.java:
38)
	at org.junit.platform.
launcher.core.Delegatin
gLauncher.execute(Deleg
atingLauncher.java:47)
	at org.apache.maven.su
refire.junitplatform.La
uncherAdapter.executeWi
thoutCancellationToken(
LauncherAdapter.java:60
)
	at org.apache.maven.su
refire.junitplatform.La
uncherAdapter.execute(L
auncherAdapter.java:52)
	at org.apache.maven.su
refire.junitplatform.JU
nitPlatformProvider.exe
cute(JUnitPlatformProvi
der.java:203)
	at org.apache.maven.su
refire.junitplatform.JU
nitPlatformProvider.inv
okeAllTests(JUnitPlatfo
rmProvider.java:168)
	at org.apache.maven.su
refire.junitplatform.JU
nitPlatformProvider.inv
oke(JUnitPlatformProvid
er.java:136)
	at org.apache.maven.su
refire.booter.ForkedBoo
ter.runSuitesInProcess(
ForkedBooter.java:385)
	at org.apache.maven.su
refire.booter.ForkedBoo
ter.execute(ForkedBoote
r.java:162)
	at org.apache.maven.su
refire.booter.ForkedBoo
ter.run(ForkedBooter.ja
va:507)
	at org.apache.maven.su
refire.booter.ForkedBoo
ter.main(ForkedBooter.j
ava:495)
Caused by: 
java.io.IOException: 
Error while 
instrumenting com/revpa
sswordmanager/entity/Se
curityQuestion$Hibernat
eProxy with JaCoCo 0.8.
11.202310140853/f33756c
.
	at org.jacoco.agent.rt
.internal_4742761.core.
instr.Instrumenter.inst
rumentError(Instrumente
r.java:161)
	at org.jacoco.agent.rt
.internal_4742761.core.
instr.Instrumenter.inst
rument(Instrumenter.jav
a:111)
	at org.jacoco.agent.rt
.internal_4742761.Cover
ageTransformer.transfor
m(CoverageTransformer.j
ava:92)
	... 116 more
Caused by: java.lang.Il
legalArgumentException:
 Unsupported class 
file major version 68
	at org.jacoco.agent.rt
.internal_4742761.asm.C
lassReader.<init>(Class
Reader.java:200)
	at org.jacoco.agent.rt
.internal_4742761.asm.C
lassReader.<init>(Class
Reader.java:180)
	at org.jacoco.agent.rt
.internal_4742761.asm.C
lassReader.<init>(Class
Reader.java:166)
	at org.jacoco.agent.rt
.internal_4742761.core.
internal.instr.InstrSup
port.classReaderFor(Ins
trSupport.java:280)
	at org.jacoco.agent.rt
.internal_4742761.core.
instr.Instrumenter.inst
rument(Instrumenter.jav
a:77)
	at org.jacoco.agent.rt
.internal_4742761.core.
instr.Instrumenter.inst
rument(Instrumenter.jav
a:109)
	... 117 more
java.lang.instrument.Il
legalClassFormatExcepti
on: Error while 
instrumenting com/revpa
sswordmanager/entity/Se
curityQuestion$Hibernat
eInstantiator with 
JaCoCo 0.8.11.202310140
853/f33756c.
	at org.jacoco.agent.rt
.internal_4742761.Cover
ageTransformer.transfor
m(CoverageTransformer.j
ava:94)
	at java.instrument/jav
a.lang.instrument.Class
FileTransformer.transfo
rm(ClassFileTransformer
.java:257)
	at java.instrument/sun
.instrument.Transformer
Manager.transform(Trans
formerManager.java:188)
	at java.instrument/sun
.instrument.Instrumenta
tionImpl.transform(Inst
rumentationImpl.java:59
4)
	at java.base/java.lang
.ClassLoader.defineClas
s0(Native Method)
	at java.base/java.lang
.System$1.defineClass(S
ystem.java:2025)
	at java.base/java.lang
.invoke.MethodHandles$L
ookup$ClassDefiner.defi
neClass(MethodHandles.j
ava:2355)
	at java.base/java.lang
.invoke.MethodHandles$L
ookup$ClassDefiner.defi
neClass(MethodHandles.j
ava:2330)
	at java.base/java.lang
.invoke.MethodHandles$L
ookup.defineClass(Metho
dHandles.java:1754)
	at java.base/jdk.inter
nal.reflect.DirectMetho
dHandleAccessor.invoke(
DirectMethodHandleAcces
sor.java:104)
	at java.base/java.lang
.reflect.Method.invoke(
Method.java:565)
	at net.bytebuddy.utili
ty.Invoker$Dispatcher.i
nvoke(Unknown Source)
	at net.bytebuddy.utili
ty.dispatcher.JavaDispa
tcher$Dispatcher$ForNon
StaticMethod.invoke(Jav
aDispatcher.java:1038)
	at net.bytebuddy.utili
ty.dispatcher.JavaDispa
tcher$ProxiedInvocation
Handler.invoke(JavaDisp
atcher.java:1168)
	at jdk.proxy2/jdk.prox
y2.$Proxy150.defineClas
s(Unknown Source)
	at net.bytebuddy.dynam
ic.loading.ClassInjecto
r$UsingLookup.injectRaw
(ClassInjector.java:170
7)
	at net.bytebuddy.dynam
ic.loading.ClassInjecto
r$AbstractBase.injectRa
w(ClassInjector.java:18
8)
	at net.bytebuddy.dynam
ic.loading.ClassInjecto
r$AbstractBase.inject(C
lassInjector.java:176)
	at net.bytebuddy.dynam
ic.loading.ClassLoading
Strategy$UsingLookup.lo
ad(ClassLoadingStrategy
.java:519)
	at net.bytebuddy.dynam
ic.TypeResolutionStrate
gy$Passive.initialize(T
ypeResolutionStrategy.j
ava:101)
	at net.bytebuddy.dynam
ic.DynamicType$Default$
Unloaded.load(DynamicTy
pe.java:6432)
	at org.hibernate.bytec
ode.internal.bytebuddy.
ByteBuddyState.load(Byt
eBuddyState.java:242)
	at org.hibernate.bytec
ode.internal.bytebuddy.
BytecodeProviderImpl.ge
tReflectionOptimizer(By
tecodeProviderImpl.java
:214)
	at org.hibernate.metam
odel.internal.EntityRep
resentationStrategyPojo
Standard.resolveReflect
ionOptimizer(EntityRepr
esentationStrategyPojoS
tandard.java:325)
	at org.hibernate.metam
odel.internal.EntityRep
resentationStrategyPojo
Standard.<init>(EntityR
epresentationStrategyPo
joStandard.java:154)
	at org.hibernate.metam
odel.internal.ManagedTy
peRepresentationResolve
rStandard.resolveStrate
gy(ManagedTypeRepresent
ationResolverStandard.j
ava:62)
	at org.hibernate.persi
ster.entity.AbstractEnt
ityPersister.<init>(Abs
tractEntityPersister.ja
va:563)
	at org.hibernate.persi
ster.entity.SingleTable
EntityPersister.<init>(
SingleTableEntityPersis
ter.java:134)
	at java.base/jdk.inter
nal.reflect.DirectConst
ructorHandleAccessor.ne
wInstance(DirectConstru
ctorHandleAccessor.java
:62)
	at java.base/java.lang
.reflect.Constructor.ne
wInstanceWithCaller(Con
structor.java:499)
	at java.base/java.lang
.reflect.Constructor.ne
wInstance(Constructor.j
ava:483)
	at org.hibernate.persi
ster.internal.Persister
FactoryImpl.createEntit
yPersister(PersisterFac
toryImpl.java:94)
	at org.hibernate.persi
ster.internal.Persister
FactoryImpl.createEntit
yPersister(PersisterFac
toryImpl.java:77)
	at org.hibernate.metam
odel.model.domain.inter
nal.MappingMetamodelImp
l.processBootEntities(M
appingMetamodelImpl.jav
a:250)
	at org.hibernate.metam
odel.model.domain.inter
nal.MappingMetamodelImp
l.finishInitialization(
MappingMetamodelImpl.ja
va:184)
	at org.hibernate.inter
nal.SessionFactoryImpl.
initializeMappingModel(
SessionFactoryImpl.java
:373)
	at org.hibernate.inter
nal.SessionFactoryImpl.
<init>(SessionFactoryIm
pl.java:302)
	at org.hibernate.boot.
internal.SessionFactory
BuilderImpl.build(Sessi
onFactoryBuilderImpl.ja
va:463)
	at org.hibernate.jpa.b
oot.internal.EntityMana
gerFactoryBuilderImpl.b
uild(EntityManagerFacto
ryBuilderImpl.java:1517
)
	at org.springframework
.orm.jpa.vendor.SpringH
ibernateJpaPersistenceP
rovider.createContainer
EntityManagerFactory(Sp
ringHibernateJpaPersist
enceProvider.java:66)
	at org.springframework
.orm.jpa.LocalContainer
EntityManagerFactoryBea
n.createNativeEntityMan
agerFactory(LocalContai
nerEntityManagerFactory
Bean.java:388)
	at org.springframework
.orm.jpa.AbstractEntity
ManagerFactoryBean.buil
dNativeEntityManagerFac
tory(AbstractEntityMana
gerFactoryBean.java:419
)
	at org.springframework
.orm.jpa.AbstractEntity
ManagerFactoryBean.afte
rPropertiesSet(Abstract
EntityManagerFactoryBea
n.java:400)
	at org.springframework
.orm.jpa.LocalContainer
EntityManagerFactoryBea
n.afterPropertiesSet(Lo
calContainerEntityManag
erFactoryBean.java:364)
	at org.springframework
.beans.factory.support.
AbstractAutowireCapable
BeanFactory.invokeInitM
ethods(AbstractAutowire
CapableBeanFactory.java
:1873)
	at org.springframework
.beans.factory.support.
AbstractAutowireCapable
BeanFactory.initializeB
ean(AbstractAutowireCap
ableBeanFactory.java:18
22)
	at org.springframework
.beans.factory.support.
AbstractAutowireCapable
BeanFactory.doCreateBea
n(AbstractAutowireCapab
leBeanFactory.java:607)
	at org.springframework
.beans.factory.support.
AbstractAutowireCapable
BeanFactory.createBean(
AbstractAutowireCapable
BeanFactory.java:529)
	at org.springframework
.beans.factory.support.
AbstractBeanFactory.lam
bda$doGetBean$0(Abstrac
tBeanFactory.java:339)
	at org.springframework
.beans.factory.support.
DefaultSingletonBeanReg
istry.getSingleton(Defa
ultSingletonBeanRegistr
y.java:373)
	at org.springframework
.beans.factory.support.
AbstractBeanFactory.doG
etBean(AbstractBeanFact
ory.java:337)
	at org.springframework
.beans.factory.support.
AbstractBeanFactory.get
Bean(AbstractBeanFactor
y.java:207)
	at org.springframework
.context.support.Abstra
ctApplicationContext.fi
nishBeanFactoryInitiali
zation(AbstractApplicat
ionContext.java:974)
	at org.springframework
.context.support.Abstra
ctApplicationContext.re
fresh(AbstractApplicati
onContext.java:628)
	at org.springframework
.boot.SpringApplication
.refresh(SpringApplicat
ion.java:752)
	at org.springframework
.boot.SpringApplication
.refreshContext(SpringA
pplication.java:439)
	at org.springframework
.boot.SpringApplication
.run(SpringApplication.
java:318)
	at org.springframework
.boot.test.context.Spri
ngBootContextLoader.lam
bda$loadContext$3(Sprin
gBootContextLoader.java
:152)
	at org.springframework
.util.function.Throwing
Supplier.get(ThrowingSu
pplier.java:58)
	at org.springframework
.util.function.Throwing
Supplier.get(ThrowingSu
pplier.java:46)
	at org.springframework
.boot.SpringApplication
.withHook(SpringApplica
tion.java:1461)
	at org.springframework
.boot.test.context.Spri
ngBootContextLoader$Con
textLoaderHook.run(Spri
ngBootContextLoader.jav
a:595)
	at org.springframework
.boot.test.context.Spri
ngBootContextLoader.loa
dContext(SpringBootCont
extLoader.java:152)
	at org.springframework
.boot.test.context.Spri
ngBootContextLoader.loa
dContext(SpringBootCont
extLoader.java:111)
	at org.springframework
.test.context.cache.Def
aultCacheAwareContextLo
aderDelegate.loadContex
tInternal(DefaultCacheA
wareContextLoaderDelega
te.java:225)
	at org.springframework
.test.context.cache.Def
aultCacheAwareContextLo
aderDelegate.loadContex
t(DefaultCacheAwareCont
extLoaderDelegate.java:
152)
	at org.springframework
.test.context.support.D
efaultTestContext.getAp
plicationContext(Defaul
tTestContext.java:130)
	at org.springframework
.test.context.support.D
ependencyInjectionTestE
xecutionListener.inject
Dependencies(Dependency
InjectionTestExecutionL
istener.java:155)
	at org.springframework
.test.context.support.D
ependencyInjectionTestE
xecutionListener.prepar
eTestInstance(Dependenc
yInjectionTestExecution
Listener.java:111)
	at org.springframework
.test.context.TestConte
xtManager.prepareTestIn
stance(TestContextManag
er.java:260)
	at org.springframework
.test.context.junit4.Sp
ringJUnit4ClassRunner.c
reateTest(SpringJUnit4C
lassRunner.java:228)
	at org.springframework
.test.context.junit4.Sp
ringJUnit4ClassRunner$1
.runReflectiveCall(Spri
ngJUnit4ClassRunner.jav
a:289)
	at org.junit.internal.
runners.model.Reflectiv
eCallable.run(Reflectiv
eCallable.java:12)
	at org.springframework
.test.context.junit4.Sp
ringJUnit4ClassRunner.m
ethodBlock(SpringJUnit4
ClassRunner.java:291)
	at org.springframework
.test.context.junit4.Sp
ringJUnit4ClassRunner.r
unChild(SpringJUnit4Cla
ssRunner.java:247)
	at org.springframework
.test.context.junit4.Sp
ringJUnit4ClassRunner.r
unChild(SpringJUnit4Cla
ssRunner.java:97)
	at org.junit.runners.P
arentRunner$4.run(Paren
tRunner.java:331)
	at org.junit.runners.P
arentRunner$1.schedule(
ParentRunner.java:79)
	at org.junit.runners.P
arentRunner.runChildren
(ParentRunner.java:329)
	at org.junit.runners.P
arentRunner.access$100(
ParentRunner.java:66)
	at org.junit.runners.P
arentRunner$2.evaluate(
ParentRunner.java:293)
	at org.springframework
.test.context.junit4.st
atements.RunBeforeTestC
lassCallbacks.evaluate(
RunBeforeTestClassCallb
acks.java:61)
	at org.springframework
.test.context.junit4.st
atements.RunAfterTestCl
assCallbacks.evaluate(R
unAfterTestClassCallbac
ks.java:70)
	at org.junit.runners.P
arentRunner$3.evaluate(
ParentRunner.java:306)
	at org.junit.runners.P
arentRunner.run(ParentR
unner.java:413)
	at org.springframework
.test.context.junit4.Sp
ringJUnit4ClassRunner.r
un(SpringJUnit4ClassRun
ner.java:191)
	at org.junit.runner.JU
nitCore.run(JUnitCore.j
ava:137)
	at org.junit.runner.JU
nitCore.run(JUnitCore.j
ava:115)
	at org.junit.vintage.e
ngine.execution.RunnerE
xecutor.execute(RunnerE
xecutor.java:42)
	at org.junit.vintage.e
ngine.execution.Vintage
Executor.executeClasses
AndMethodsSequentially(
VintageExecutor.java:93
)
	at org.junit.vintage.e
ngine.execution.Vintage
Executor.executeAllChil
dren(VintageExecutor.ja
va:73)
	at org.junit.vintage.e
ngine.VintageTestEngine
.execute(VintageTestEng
ine.java:70)
	at org.junit.platform.
launcher.core.EngineExe
cutionOrchestrator.exec
ute(EngineExecutionOrch
estrator.java:201)
	at org.junit.platform.
launcher.core.EngineExe
cutionOrchestrator.exec
ute(EngineExecutionOrch
estrator.java:170)
	at org.junit.platform.
launcher.core.EngineExe
cutionOrchestrator.exec
ute(EngineExecutionOrch
estrator.java:94)
	at org.junit.platform.
launcher.core.EngineExe
cutionOrchestrator.lamb
da$execute$0(EngineExec
utionOrchestrator.java:
59)
	at org.junit.platform.
launcher.core.EngineExe
cutionOrchestrator.with
InterceptedStreams(Engi
neExecutionOrchestrator
.java:142)
	at org.junit.platform.
launcher.core.EngineExe
cutionOrchestrator.exec
ute(EngineExecutionOrch
estrator.java:58)
	at org.junit.platform.
launcher.core.DefaultLa
uncher.execute(DefaultL
auncher.java:103)
	at org.junit.platform.
launcher.core.DefaultLa
uncher.execute(DefaultL
auncher.java:85)
	at org.junit.platform.
launcher.core.Delegatin
gLauncher.execute(Deleg
atingLauncher.java:47)
	at org.junit.platform.
launcher.core.Intercept
ingLauncher.lambda$exec
ute$1(InterceptingLaunc
her.java:39)
	at org.junit.platform.
launcher.core.Classpath
AlignmentCheckingLaunch
erInterceptor.intercept
(ClasspathAlignmentChec
kingLauncherInterceptor
.java:25)
	at org.junit.platform.
launcher.core.Intercept
ingLauncher.execute(Int
erceptingLauncher.java:
38)
	at org.junit.platform.
launcher.core.Delegatin
gLauncher.execute(Deleg
atingLauncher.java:47)
	at org.apache.maven.su
refire.junitplatform.La
uncherAdapter.executeWi
thoutCancellationToken(
LauncherAdapter.java:60
)
	at org.apache.maven.su
refire.junitplatform.La
uncherAdapter.execute(L
auncherAdapter.java:52)
	at org.apache.maven.su
refire.junitplatform.JU
nitPlatformProvider.exe
cute(JUnitPlatformProvi
der.java:203)
	at org.apache.maven.su
refire.junitplatform.JU
nitPlatformProvider.inv
okeAllTests(JUnitPlatfo
rmProvider.java:168)
	at org.apache.maven.su
refire.junitplatform.JU
nitPlatformProvider.inv
oke(JUnitPlatformProvid
er.java:136)
	at org.apache.maven.su
refire.booter.ForkedBoo
ter.runSuitesInProcess(
ForkedBooter.java:385)
	at org.apache.maven.su
refire.booter.ForkedBoo
ter.execute(ForkedBoote
r.java:162)
	at org.apache.maven.su
refire.booter.ForkedBoo
ter.run(ForkedBooter.ja
va:507)
	at org.apache.maven.su
refire.booter.ForkedBoo
ter.main(ForkedBooter.j
ava:495)
Caused by: 
java.io.IOException: 
Error while 
instrumenting com/revpa
sswordmanager/entity/Se
curityQuestion$Hibernat
eInstantiator with 
JaCoCo 0.8.11.202310140
853/f33756c.
	at org.jacoco.agent.rt
.internal_4742761.core.
instr.Instrumenter.inst
rumentError(Instrumente
r.java:161)
	at org.jacoco.agent.rt
.internal_4742761.core.
instr.Instrumenter.inst
rument(Instrumenter.jav
a:111)
	at org.jacoco.agent.rt
.internal_4742761.Cover
ageTransformer.transfor
m(CoverageTransformer.j
ava:92)
	... 113 more
Caused by: java.lang.Il
legalArgumentException:
 Unsupported class 
file major version 68
	at org.jacoco.agent.rt
.internal_4742761.asm.C
lassReader.<init>(Class
Reader.java:200)
	at org.jacoco.agent.rt
.internal_4742761.asm.C
lassReader.<init>(Class
Reader.java:180)
	at org.jacoco.agent.rt
.internal_4742761.asm.C
lassReader.<init>(Class
Reader.java:166)
	at org.jacoco.agent.rt
.internal_4742761.core.
internal.instr.InstrSup
port.classReaderFor(Ins
trSupport.java:280)
	at org.jacoco.agent.rt
.internal_4742761.core.
instr.Instrumenter.inst
rument(Instrumenter.jav
a:77)
	at org.jacoco.agent.rt
.internal_4742761.core.
instr.Instrumenter.inst
rument(Instrumenter.jav
a:109)
	... 114 more
java.lang.instrument.Il
legalClassFormatExcepti
on: Error while 
instrumenting com/revpa
sswordmanager/entity/Cr
edential$HibernateProxy
 with JaCoCo 0.8.11.202
310140853/f33756c.
	at org.jacoco.agent.rt
.internal_4742761.Cover
ageTransformer.transfor
m(CoverageTransformer.j
ava:94)
	at java.instrument/jav
a.lang.instrument.Class
FileTransformer.transfo
rm(ClassFileTransformer
.java:257)
	at java.instrument/sun
.instrument.Transformer
Manager.transform(Trans
formerManager.java:188)
	at java.instrument/sun
.instrument.Instrumenta
tionImpl.transform(Inst
rumentationImpl.java:59
4)
	at java.base/java.lang
.ClassLoader.defineClas
s0(Native Method)
	at java.base/java.lang
.System$1.defineClass(S
ystem.java:2025)
	at java.base/java.lang
.invoke.MethodHandles$L
ookup$ClassDefiner.defi
neClass(MethodHandles.j
ava:2355)
	at java.base/java.lang
.invoke.MethodHandles$L
ookup$ClassDefiner.defi
neClass(MethodHandles.j
ava:2330)
	at java.base/java.lang
.invoke.MethodHandles$L
ookup.defineClass(Metho
dHandles.java:1754)
	at java.base/jdk.inter
nal.reflect.DirectMetho
dHandleAccessor.invoke(
DirectMethodHandleAcces
sor.java:104)
	at java.base/java.lang
.reflect.Method.invoke(
Method.java:565)
	at net.bytebuddy.utili
ty.Invoker$Dispatcher.i
nvoke(Unknown Source)
	at net.bytebuddy.utili
ty.dispatcher.JavaDispa
tcher$Dispatcher$ForNon
StaticMethod.invoke(Jav
aDispatcher.java:1038)
	at net.bytebuddy.utili
ty.dispatcher.JavaDispa
tcher$ProxiedInvocation
Handler.invoke(JavaDisp
atcher.java:1168)
	at jdk.proxy2/jdk.prox
y2.$Proxy150.defineClas
s(Unknown Source)
	at net.bytebuddy.dynam
ic.loading.ClassInjecto
r$UsingLookup.injectRaw
(ClassInjector.java:170
7)
	at net.bytebuddy.dynam
ic.loading.ClassInjecto
r$AbstractBase.injectRa
w(ClassInjector.java:18
8)
	at net.bytebuddy.dynam
ic.loading.ClassInjecto
r$AbstractBase.inject(C
lassInjector.java:176)
	at net.bytebuddy.dynam
ic.loading.ClassLoading
Strategy$UsingLookup.lo
ad(ClassLoadingStrategy
.java:519)
	at net.bytebuddy.dynam
ic.TypeResolutionStrate
gy$Passive.initialize(T
ypeResolutionStrategy.j
ava:101)
	at net.bytebuddy.dynam
ic.DynamicType$Default$
Unloaded.load(DynamicTy
pe.java:6432)
	at org.hibernate.bytec
ode.internal.bytebuddy.
ByteBuddyState.load(Byt
eBuddyState.java:242)
	at org.hibernate.bytec
ode.internal.bytebuddy.
ByteBuddyState.loadProx
y(ByteBuddyState.java:1
48)
	at org.hibernate.proxy
.pojo.bytebuddy.ByteBud
dyProxyHelper.buildProx
y(ByteBuddyProxyHelper.
java:63)
	at org.hibernate.proxy
.pojo.bytebuddy.ByteBud
dyProxyFactory.postInst
antiate(ByteBuddyProxyF
actory.java:65)
	at org.hibernate.metam
odel.internal.EntityRep
resentationStrategyPojo
Standard.createProxyFac
tory(EntityRepresentati
onStrategyPojoStandard.
java:305)
	at org.hibernate.metam
odel.internal.EntityRep
resentationStrategyPojo
Standard.resolveProxyFa
ctory(EntityRepresentat
ionStrategyPojoStandard
.java:179)
	at org.hibernate.metam
odel.internal.EntityRep
resentationStrategyPojo
Standard.<init>(EntityR
epresentationStrategyPo
joStandard.java:145)
	at org.hibernate.metam
odel.internal.ManagedTy
peRepresentationResolve
rStandard.resolveStrate
gy(ManagedTypeRepresent
ationResolverStandard.j
ava:62)
	at org.hibernate.persi
ster.entity.AbstractEnt
ityPersister.<init>(Abs
tractEntityPersister.ja
va:563)
	at org.hibernate.persi
ster.entity.SingleTable
EntityPersister.<init>(
SingleTableEntityPersis
ter.java:134)
	at java.base/jdk.inter
nal.reflect.DirectConst
ructorHandleAccessor.ne
wInstance(DirectConstru
ctorHandleAccessor.java
:62)
	at java.base/java.lang
.reflect.Constructor.ne
wInstanceWithCaller(Con
structor.java:499)
	at java.base/java.lang
.reflect.Constructor.ne
wInstance(Constructor.j
ava:483)
	at org.hibernate.persi
ster.internal.Persister
FactoryImpl.createEntit
yPersister(PersisterFac
toryImpl.java:94)
	at org.hibernate.persi
ster.internal.Persister
FactoryImpl.createEntit
yPersister(PersisterFac
toryImpl.java:77)
	at org.hibernate.metam
odel.model.domain.inter
nal.MappingMetamodelImp
l.processBootEntities(M
appingMetamodelImpl.jav
a:250)
	at org.hibernate.metam
odel.model.domain.inter
nal.MappingMetamodelImp
l.finishInitialization(
MappingMetamodelImpl.ja
va:184)
	at org.hibernate.inter
nal.SessionFactoryImpl.
initializeMappingModel(
SessionFactoryImpl.java
:373)
	at org.hibernate.inter
nal.SessionFactoryImpl.
<init>(SessionFactoryIm
pl.java:302)
	at org.hibernate.boot.
internal.SessionFactory
BuilderImpl.build(Sessi
onFactoryBuilderImpl.ja
va:463)
	at org.hibernate.jpa.b
oot.internal.EntityMana
gerFactoryBuilderImpl.b
uild(EntityManagerFacto
ryBuilderImpl.java:1517
)
	at org.springframework
.orm.jpa.vendor.SpringH
ibernateJpaPersistenceP
rovider.createContainer
EntityManagerFactory(Sp
ringHibernateJpaPersist
enceProvider.java:66)
	at org.springframework
.orm.jpa.LocalContainer
EntityManagerFactoryBea
n.createNativeEntityMan
agerFactory(LocalContai
nerEntityManagerFactory
Bean.java:388)
	at org.springframework
.orm.jpa.AbstractEntity
ManagerFactoryBean.buil
dNativeEntityManagerFac
tory(AbstractEntityMana
gerFactoryBean.java:419
)
	at org.springframework
.orm.jpa.AbstractEntity
ManagerFactoryBean.afte
rPropertiesSet(Abstract
EntityManagerFactoryBea
n.java:400)
	at org.springframework
.orm.jpa.LocalContainer
EntityManagerFactoryBea
n.afterPropertiesSet(Lo
calContainerEntityManag
erFactoryBean.java:364)
	at org.springframework
.beans.factory.support.
AbstractAutowireCapable
BeanFactory.invokeInitM
ethods(AbstractAutowire
CapableBeanFactory.java
:1873)
	at org.springframework
.beans.factory.support.
AbstractAutowireCapable
BeanFactory.initializeB
ean(AbstractAutowireCap
ableBeanFactory.java:18
22)
	at org.springframework
.beans.factory.support.
AbstractAutowireCapable
BeanFactory.doCreateBea
n(AbstractAutowireCapab
leBeanFactory.java:607)
	at org.springframework
.beans.factory.support.
AbstractAutowireCapable
BeanFactory.createBean(
AbstractAutowireCapable
BeanFactory.java:529)
	at org.springframework
.beans.factory.support.
AbstractBeanFactory.lam
bda$doGetBean$0(Abstrac
tBeanFactory.java:339)
	at org.springframework
.beans.factory.support.
DefaultSingletonBeanReg
istry.getSingleton(Defa
ultSingletonBeanRegistr
y.java:373)
	at org.springframework
.beans.factory.support.
AbstractBeanFactory.doG
etBean(AbstractBeanFact
ory.java:337)
	at org.springframework
.beans.factory.support.
AbstractBeanFactory.get
Bean(AbstractBeanFactor
y.java:207)
	at org.springframework
.context.support.Abstra
ctApplicationContext.fi
nishBeanFactoryInitiali
zation(AbstractApplicat
ionContext.java:974)
	at org.springframework
.context.support.Abstra
ctApplicationContext.re
fresh(AbstractApplicati
onContext.java:628)
	at org.springframework
.boot.SpringApplication
.refresh(SpringApplicat
ion.java:752)
	at org.springframework
.boot.SpringApplication
.refreshContext(SpringA
pplication.java:439)
	at org.springframework
.boot.SpringApplication
.run(SpringApplication.
java:318)
	at org.springframework
.boot.test.context.Spri
ngBootContextLoader.lam
bda$loadContext$3(Sprin
gBootContextLoader.java
:152)
	at org.springframework
.util.function.Throwing
Supplier.get(ThrowingSu
pplier.java:58)
	at org.springframework
.util.function.Throwing
Supplier.get(ThrowingSu
pplier.java:46)
	at org.springframework
.boot.SpringApplication
.withHook(SpringApplica
tion.java:1461)
	at org.springframework
.boot.test.context.Spri
ngBootContextLoader$Con
textLoaderHook.run(Spri
ngBootContextLoader.jav
a:595)
	at org.springframework
.boot.test.context.Spri
ngBootContextLoader.loa
dContext(SpringBootCont
extLoader.java:152)
	at org.springframework
.boot.test.context.Spri
ngBootContextLoader.loa
dContext(SpringBootCont
extLoader.java:111)
	at org.springframework
.test.context.cache.Def
aultCacheAwareContextLo
aderDelegate.loadContex
tInternal(DefaultCacheA
wareContextLoaderDelega
te.java:225)
	at org.springframework
.test.context.cache.Def
aultCacheAwareContextLo
aderDelegate.loadContex
t(DefaultCacheAwareCont
extLoaderDelegate.java:
152)
	at org.springframework
.test.context.support.D
efaultTestContext.getAp
plicationContext(Defaul
tTestContext.java:130)
	at org.springframework
.test.context.support.D
ependencyInjectionTestE
xecutionListener.inject
Dependencies(Dependency
InjectionTestExecutionL
istener.java:155)
	at org.springframework
.test.context.support.D
ependencyInjectionTestE
xecutionListener.prepar
eTestInstance(Dependenc
yInjectionTestExecution
Listener.java:111)
	at org.springframework
.test.context.TestConte
xtManager.prepareTestIn
stance(TestContextManag
er.java:260)
	at org.springframework
.test.context.junit4.Sp
ringJUnit4ClassRunner.c
reateTest(SpringJUnit4C
lassRunner.java:228)
	at org.springframework
.test.context.junit4.Sp
ringJUnit4ClassRunner$1
.runReflectiveCall(Spri
ngJUnit4ClassRunner.jav
a:289)
	at org.junit.internal.
runners.model.Reflectiv
eCallable.run(Reflectiv
eCallable.java:12)
	at org.springframework
.test.context.junit4.Sp
ringJUnit4ClassRunner.m
ethodBlock(SpringJUnit4
ClassRunner.java:291)
	at org.springframework
.test.context.junit4.Sp
ringJUnit4ClassRunner.r
unChild(SpringJUnit4Cla
ssRunner.java:247)
	at org.springframework
.test.context.junit4.Sp
ringJUnit4ClassRunner.r
unChild(SpringJUnit4Cla
ssRunner.java:97)
	at org.junit.runners.P
arentRunner$4.run(Paren
tRunner.java:331)
	at org.junit.runners.P
arentRunner$1.schedule(
ParentRunner.java:79)
	at org.junit.runners.P
arentRunner.runChildren
(ParentRunner.java:329)
	at org.junit.runners.P
arentRunner.access$100(
ParentRunner.java:66)
	at org.junit.runners.P
arentRunner$2.evaluate(
ParentRunner.java:293)
	at org.springframework
.test.context.junit4.st
atements.RunBeforeTestC
lassCallbacks.evaluate(
RunBeforeTestClassCallb
acks.java:61)
	at org.springframework
.test.context.junit4.st
atements.RunAfterTestCl
assCallbacks.evaluate(R
unAfterTestClassCallbac
ks.java:70)
	at org.junit.runners.P
arentRunner$3.evaluate(
ParentRunner.java:306)
	at org.junit.runners.P
arentRunner.run(ParentR
unner.java:413)
	at org.springframework
.test.context.junit4.Sp
ringJUnit4ClassRunner.r
un(SpringJUnit4ClassRun
ner.java:191)
	at org.junit.runner.JU
nitCore.run(JUnitCore.j
ava:137)
	at org.junit.runner.JU
nitCore.run(JUnitCore.j
ava:115)
	at org.junit.vintage.e
ngine.execution.RunnerE
xecutor.execute(RunnerE
xecutor.java:42)
	at org.junit.vintage.e
ngine.execution.Vintage
Executor.executeClasses
AndMethodsSequentially(
VintageExecutor.java:93
)
	at org.junit.vintage.e
ngine.execution.Vintage
Executor.executeAllChil
dren(VintageExecutor.ja
va:73)
	at org.junit.vintage.e
ngine.VintageTestEngine
.execute(VintageTestEng
ine.java:70)
	at org.junit.platform.
launcher.core.EngineExe
cutionOrchestrator.exec
ute(EngineExecutionOrch
estrator.java:201)
	at org.junit.platform.
launcher.core.EngineExe
cutionOrchestrator.exec
ute(EngineExecutionOrch
estrator.java:170)
	at org.junit.platform.
launcher.core.EngineExe
cutionOrchestrator.exec
ute(EngineExecutionOrch
estrator.java:94)
	at org.junit.platform.
launcher.core.EngineExe
cutionOrchestrator.lamb
da$execute$0(EngineExec
utionOrchestrator.java:
59)
	at org.junit.platform.
launcher.core.EngineExe
cutionOrchestrator.with
InterceptedStreams(Engi
neExecutionOrchestrator
.java:142)
	at org.junit.platform.
launcher.core.EngineExe
cutionOrchestrator.exec
ute(EngineExecutionOrch
estrator.java:58)
	at org.junit.platform.
launcher.core.DefaultLa
uncher.execute(DefaultL
auncher.java:103)
	at org.junit.platform.
launcher.core.DefaultLa
uncher.execute(DefaultL
auncher.java:85)
	at org.junit.platform.
launcher.core.Delegatin
gLauncher.execute(Deleg
atingLauncher.java:47)
	at org.junit.platform.
launcher.core.Intercept
ingLauncher.lambda$exec
ute$1(InterceptingLaunc
her.java:39)
	at org.junit.platform.
launcher.core.Classpath
AlignmentCheckingLaunch
erInterceptor.intercept
(ClasspathAlignmentChec
kingLauncherInterceptor
.java:25)
	at org.junit.platform.
launcher.core.Intercept
ingLauncher.execute(Int
erceptingLauncher.java:
38)
	at org.junit.platform.
launcher.core.Delegatin
gLauncher.execute(Deleg
atingLauncher.java:47)
	at org.apache.maven.su
refire.junitplatform.La
uncherAdapter.executeWi
thoutCancellationToken(
LauncherAdapter.java:60
)
	at org.apache.maven.su
refire.junitplatform.La
uncherAdapter.execute(L
auncherAdapter.java:52)
	at org.apache.maven.su
refire.junitplatform.JU
nitPlatformProvider.exe
cute(JUnitPlatformProvi
der.java:203)
	at org.apache.maven.su
refire.junitplatform.JU
nitPlatformProvider.inv
okeAllTests(JUnitPlatfo
rmProvider.java:168)
	at org.apache.maven.su
refire.junitplatform.JU
nitPlatformProvider.inv
oke(JUnitPlatformProvid
er.java:136)
	at org.apache.maven.su
refire.booter.ForkedBoo
ter.runSuitesInProcess(
ForkedBooter.java:385)
	at org.apache.maven.su
refire.booter.ForkedBoo
ter.execute(ForkedBoote
r.java:162)
	at org.apache.maven.su
refire.booter.ForkedBoo
ter.run(ForkedBooter.ja
va:507)
	at org.apache.maven.su
refire.booter.ForkedBoo
ter.main(ForkedBooter.j
ava:495)
Caused by: 
java.io.IOException: 
Error while 
instrumenting com/revpa
sswordmanager/entity/Cr
edential$HibernateProxy
 with JaCoCo 0.8.11.202
310140853/f33756c.
	at org.jacoco.agent.rt
.internal_4742761.core.
instr.Instrumenter.inst
rumentError(Instrumente
r.java:161)
	at org.jacoco.agent.rt
.internal_4742761.core.
instr.Instrumenter.inst
rument(Instrumenter.jav
a:111)
	at org.jacoco.agent.rt
.internal_4742761.Cover
ageTransformer.transfor
m(CoverageTransformer.j
ava:92)
	... 116 more
Caused by: java.lang.Il
legalArgumentException:
 Unsupported class 
file major version 68
	at org.jacoco.agent.rt
.internal_4742761.asm.C
lassReader.<init>(Class
Reader.java:200)
	at org.jacoco.agent.rt
.internal_4742761.asm.C
lassReader.<init>(Class
Reader.java:180)
	at org.jacoco.agent.rt
.internal_4742761.asm.C
lassReader.<init>(Class
Reader.java:166)
	at org.jacoco.agent.rt
.internal_4742761.core.
internal.instr.InstrSup
port.classReaderFor(Ins
trSupport.java:280)
	at org.jacoco.agent.rt
.internal_4742761.core.
instr.Instrumenter.inst
rument(Instrumenter.jav
a:77)
	at org.jacoco.agent.rt
.internal_4742761.core.
instr.Instrumenter.inst
rument(Instrumenter.jav
a:109)
	... 117 more
java.lang.instrument.Il
legalClassFormatExcepti
on: Error while 
instrumenting com/revpa
sswordmanager/entity/Cr
edential$HibernateInsta
ntiator with JaCoCo 0.8
.11.202310140853/f33756
c.
	at org.jacoco.agent.rt
.internal_4742761.Cover
ageTransformer.transfor
m(CoverageTransformer.j
ava:94)
	at java.instrument/jav
a.lang.instrument.Class
FileTransformer.transfo
rm(ClassFileTransformer
.java:257)
	at java.instrument/sun
.instrument.Transformer
Manager.transform(Trans
formerManager.java:188)
	at java.instrument/sun
.instrument.Instrumenta
tionImpl.transform(Inst
rumentationImpl.java:59
4)
	at java.base/java.lang
.ClassLoader.defineClas
s0(Native Method)
	at java.base/java.lang
.System$1.defineClass(S
ystem.java:2025)
	at java.base/java.lang
.invoke.MethodHandles$L
ookup$ClassDefiner.defi
neClass(MethodHandles.j
ava:2355)
	at java.base/java.lang
.invoke.MethodHandles$L
ookup$ClassDefiner.defi
neClass(MethodHandles.j
ava:2330)
	at java.base/java.lang
.invoke.MethodHandles$L
ookup.defineClass(Metho
dHandles.java:1754)
	at java.base/jdk.inter
nal.reflect.DirectMetho
dHandleAccessor.invoke(
DirectMethodHandleAcces
sor.java:104)
	at java.base/java.lang
.reflect.Method.invoke(
Method.java:565)
	at net.bytebuddy.utili
ty.Invoker$Dispatcher.i
nvoke(Unknown Source)
	at net.bytebuddy.utili
ty.dispatcher.JavaDispa
tcher$Dispatcher$ForNon
StaticMethod.invoke(Jav
aDispatcher.java:1038)
	at net.bytebuddy.utili
ty.dispatcher.JavaDispa
tcher$ProxiedInvocation
Handler.invoke(JavaDisp
atcher.java:1168)
	at jdk.proxy2/jdk.prox
y2.$Proxy150.defineClas
s(Unknown Source)
	at net.bytebuddy.dynam
ic.loading.ClassInjecto
r$UsingLookup.injectRaw
(ClassInjector.java:170
7)
	at net.bytebuddy.dynam
ic.loading.ClassInjecto
r$AbstractBase.injectRa
w(ClassInjector.java:18
8)
	at net.bytebuddy.dynam
ic.loading.ClassInjecto
r$AbstractBase.inject(C
lassInjector.java:176)
	at net.bytebuddy.dynam
ic.loading.ClassLoading
Strategy$UsingLookup.lo
ad(ClassLoadingStrategy
.java:519)
	at net.bytebuddy.dynam
ic.TypeResolutionStrate
gy$Passive.initialize(T
ypeResolutionStrategy.j
ava:101)
	at net.bytebuddy.dynam
ic.DynamicType$Default$
Unloaded.load(DynamicTy
pe.java:6432)
	at org.hibernate.bytec
ode.internal.bytebuddy.
ByteBuddyState.load(Byt
eBuddyState.java:242)
	at org.hibernate.bytec
ode.internal.bytebuddy.
BytecodeProviderImpl.ge
tReflectionOptimizer(By
tecodeProviderImpl.java
:214)
	at org.hibernate.metam
odel.internal.EntityRep
resentationStrategyPojo
Standard.resolveReflect
ionOptimizer(EntityRepr
esentationStrategyPojoS
tandard.java:325)
	at org.hibernate.metam
odel.internal.EntityRep
resentationStrategyPojo
Standard.<init>(EntityR
epresentationStrategyPo
joStandard.java:154)
	at org.hibernate.metam
odel.internal.ManagedTy
peRepresentationResolve
rStandard.resolveStrate
gy(ManagedTypeRepresent
ationResolverStandard.j
ava:62)
	at org.hibernate.persi
ster.entity.AbstractEnt
ityPersister.<init>(Abs
tractEntityPersister.ja
va:563)
	at org.hibernate.persi
ster.entity.SingleTable
EntityPersister.<init>(
SingleTableEntityPersis
ter.java:134)
	at java.base/jdk.inter
nal.reflect.DirectConst
ructorHandleAccessor.ne
wInstance(DirectConstru
ctorHandleAccessor.java
:62)
	at java.base/java.lang
.reflect.Constructor.ne
wInstanceWithCaller(Con
structor.java:499)
	at java.base/java.lang
.reflect.Constructor.ne
wInstance(Constructor.j
ava:483)
	at org.hibernate.persi
ster.internal.Persister
FactoryImpl.createEntit
yPersister(PersisterFac
toryImpl.java:94)
	at org.hibernate.persi
ster.internal.Persister
FactoryImpl.createEntit
yPersister(PersisterFac
toryImpl.java:77)
	at org.hibernate.metam
odel.model.domain.inter
nal.MappingMetamodelImp
l.processBootEntities(M
appingMetamodelImpl.jav
a:250)
	at org.hibernate.metam
odel.model.domain.inter
nal.MappingMetamodelImp
l.finishInitialization(
MappingMetamodelImpl.ja
va:184)
	at org.hibernate.inter
nal.SessionFactoryImpl.
initializeMappingModel(
SessionFactoryImpl.java
:373)
	at org.hibernate.inter
nal.SessionFactoryImpl.
<init>(SessionFactoryIm
pl.java:302)
	at org.hibernate.boot.
internal.SessionFactory
BuilderImpl.build(Sessi
onFactoryBuilderImpl.ja
va:463)
	at org.hibernate.jpa.b
oot.internal.EntityMana
gerFactoryBuilderImpl.b
uild(EntityManagerFacto
ryBuilderImpl.java:1517
)
	at org.springframework
.orm.jpa.vendor.SpringH
ibernateJpaPersistenceP
rovider.createContainer
EntityManagerFactory(Sp
ringHibernateJpaPersist
enceProvider.java:66)
	at org.springframework
.orm.jpa.LocalContainer
EntityManagerFactoryBea
n.createNativeEntityMan
agerFactory(LocalContai
nerEntityManagerFactory
Bean.java:388)
	at org.springframework
.orm.jpa.AbstractEntity
ManagerFactoryBean.buil
dNativeEntityManagerFac
tory(AbstractEntityMana
gerFactoryBean.java:419
)
	at org.springframework
.orm.jpa.AbstractEntity
ManagerFactoryBean.afte
rPropertiesSet(Abstract
EntityManagerFactoryBea
n.java:400)
	at org.springframework
.orm.jpa.LocalContainer
EntityManagerFactoryBea
n.afterPropertiesSet(Lo
calContainerEntityManag
erFactoryBean.java:364)
	at org.springframework
.beans.factory.support.
AbstractAutowireCapable
BeanFactory.invokeInitM
ethods(AbstractAutowire
CapableBeanFactory.java
:1873)
	at org.springframework
.beans.factory.support.
AbstractAutowireCapable
BeanFactory.initializeB
ean(AbstractAutowireCap
ableBeanFactory.java:18
22)
	at org.springframework
.beans.factory.support.
AbstractAutowireCapable
BeanFactory.doCreateBea
n(AbstractAutowireCapab
leBeanFactory.java:607)
	at org.springframework
.beans.factory.support.
AbstractAutowireCapable
BeanFactory.createBean(
AbstractAutowireCapable
BeanFactory.java:529)
	at org.springframework
.beans.factory.support.
AbstractBeanFactory.lam
bda$doGetBean$0(Abstrac
tBeanFactory.java:339)
	at org.springframework
.beans.factory.support.
DefaultSingletonBeanReg
istry.getSingleton(Defa
ultSingletonBeanRegistr
y.java:373)
	at org.springframework
.beans.factory.support.
AbstractBeanFactory.doG
etBean(AbstractBeanFact
ory.java:337)
	at org.springframework
.beans.factory.support.
AbstractBeanFactory.get
Bean(AbstractBeanFactor
y.java:207)
	at org.springframework
.context.support.Abstra
ctApplicationContext.fi
nishBeanFactoryInitiali
zation(AbstractApplicat
ionContext.java:974)
	at org.springframework
.context.support.Abstra
ctApplicationContext.re
fresh(AbstractApplicati
onContext.java:628)
	at org.springframework
.boot.SpringApplication
.refresh(SpringApplicat
ion.java:752)
	at org.springframework
.boot.SpringApplication
.refreshContext(SpringA
pplication.java:439)
	at org.springframework
.boot.SpringApplication
.run(SpringApplication.
java:318)
	at org.springframework
.boot.test.context.Spri
ngBootContextLoader.lam
bda$loadContext$3(Sprin
gBootContextLoader.java
:152)
	at org.springframework
.util.function.Throwing
Supplier.get(ThrowingSu
pplier.java:58)
	at org.springframework
.util.function.Throwing
Supplier.get(ThrowingSu
pplier.java:46)
	at org.springframework
.boot.SpringApplication
.withHook(SpringApplica
tion.java:1461)
	at org.springframework
.boot.test.context.Spri
ngBootContextLoader$Con
textLoaderHook.run(Spri
ngBootContextLoader.jav
a:595)
	at org.springframework
.boot.test.context.Spri
ngBootContextLoader.loa
dContext(SpringBootCont
extLoader.java:152)
	at org.springframework
.boot.test.context.Spri
ngBootContextLoader.loa
dContext(SpringBootCont
extLoader.java:111)
	at org.springframework
.test.context.cache.Def
aultCacheAwareContextLo
aderDelegate.loadContex
tInternal(DefaultCacheA
wareContextLoaderDelega
te.java:225)
	at org.springframework
.test.context.cache.Def
aultCacheAwareContextLo
aderDelegate.loadContex
t(DefaultCacheAwareCont
extLoaderDelegate.java:
152)
	at org.springframework
.test.context.support.D
efaultTestContext.getAp
plicationContext(Defaul
tTestContext.java:130)
	at org.springframework
.test.context.support.D
ependencyInjectionTestE
xecutionListener.inject
Dependencies(Dependency
InjectionTestExecutionL
istener.java:155)
	at org.springframework
.test.context.support.D
ependencyInjectionTestE
xecutionListener.prepar
eTestInstance(Dependenc
yInjectionTestExecution
Listener.java:111)
	at org.springframework
.test.context.TestConte
xtManager.prepareTestIn
stance(TestContextManag
er.java:260)
	at org.springframework
.test.context.junit4.Sp
ringJUnit4ClassRunner.c
reateTest(SpringJUnit4C
lassRunner.java:228)
	at org.springframework
.test.context.junit4.Sp
ringJUnit4ClassRunner$1
.runReflectiveCall(Spri
ngJUnit4ClassRunner.jav
a:289)
	at org.junit.internal.
runners.model.Reflectiv
eCallable.run(Reflectiv
eCallable.java:12)
	at org.springframework
.test.context.junit4.Sp
ringJUnit4ClassRunner.m
ethodBlock(SpringJUnit4
ClassRunner.java:291)
	at org.springframework
.test.context.junit4.Sp
ringJUnit4ClassRunner.r
unChild(SpringJUnit4Cla
ssRunner.java:247)
	at org.springframework
.test.context.junit4.Sp
ringJUnit4ClassRunner.r
unChild(SpringJUnit4Cla
ssRunner.java:97)
	at org.junit.runners.P
arentRunner$4.run(Paren
tRunner.java:331)
	at org.junit.runners.P
arentRunner$1.schedule(
ParentRunner.java:79)
	at org.junit.runners.P
arentRunner.runChildren
(ParentRunner.java:329)
	at org.junit.runners.P
arentRunner.access$100(
ParentRunner.java:66)
	at org.junit.runners.P
arentRunner$2.evaluate(
ParentRunner.java:293)
	at org.springframework
.test.context.junit4.st
atements.RunBeforeTestC
lassCallbacks.evaluate(
RunBeforeTestClassCallb
acks.java:61)
	at org.springframework
.test.context.junit4.st
atements.RunAfterTestCl
assCallbacks.evaluate(R
unAfterTestClassCallbac
ks.java:70)
	at org.junit.runners.P
arentRunner$3.evaluate(
ParentRunner.java:306)
	at org.junit.runners.P
arentRunner.run(ParentR
unner.java:413)
	at org.springframework
.test.context.junit4.Sp
ringJUnit4ClassRunner.r
un(SpringJUnit4ClassRun
ner.java:191)
	at org.junit.runner.JU
nitCore.run(JUnitCore.j
ava:137)
	at org.junit.runner.JU
nitCore.run(JUnitCore.j
ava:115)
	at org.junit.vintage.e
ngine.execution.RunnerE
xecutor.execute(RunnerE
xecutor.java:42)
	at org.junit.vintage.e
ngine.execution.Vintage
Executor.executeClasses
AndMethodsSequentially(
VintageExecutor.java:93
)
	at org.junit.vintage.e
ngine.execution.Vintage
Executor.executeAllChil
dren(VintageExecutor.ja
va:73)
	at org.junit.vintage.e
ngine.VintageTestEngine
.execute(VintageTestEng
ine.java:70)
	at org.junit.platform.
launcher.core.EngineExe
cutionOrchestrator.exec
ute(EngineExecutionOrch
estrator.java:201)
	at org.junit.platform.
launcher.core.EngineExe
cutionOrchestrator.exec
ute(EngineExecutionOrch
estrator.java:170)
	at org.junit.platform.
launcher.core.EngineExe
cutionOrchestrator.exec
ute(EngineExecutionOrch
estrator.java:94)
	at org.junit.platform.
launcher.core.EngineExe
cutionOrchestrator.lamb
da$execute$0(EngineExec
utionOrchestrator.java:
59)
	at org.junit.platform.
launcher.core.EngineExe
cutionOrchestrator.with
InterceptedStreams(Engi
neExecutionOrchestrator
.java:142)
	at org.junit.platform.
launcher.core.EngineExe
cutionOrchestrator.exec
ute(EngineExecutionOrch
estrator.java:58)
	at org.junit.platform.
launcher.core.DefaultLa
uncher.execute(DefaultL
auncher.java:103)
	at org.junit.platform.
launcher.core.DefaultLa
uncher.execute(DefaultL
auncher.java:85)
	at org.junit.platform.
launcher.core.Delegatin
gLauncher.execute(Deleg
atingLauncher.java:47)
	at org.junit.platform.
launcher.core.Intercept
ingLauncher.lambda$exec
ute$1(InterceptingLaunc
her.java:39)
	at org.junit.platform.
launcher.core.Classpath
AlignmentCheckingLaunch
erInterceptor.intercept
(ClasspathAlignmentChec
kingLauncherInterceptor
.java:25)
	at org.junit.platform.
launcher.core.Intercept
ingLauncher.execute(Int
erceptingLauncher.java:
38)
	at org.junit.platform.
launcher.core.Delegatin
gLauncher.execute(Deleg
atingLauncher.java:47)
	at org.apache.maven.su
refire.junitplatform.La
uncherAdapter.executeWi
thoutCancellationToken(
LauncherAdapter.java:60
)
	at org.apache.maven.su
refire.junitplatform.La
uncherAdapter.execute(L
auncherAdapter.java:52)
	at org.apache.maven.su
refire.junitplatform.JU
nitPlatformProvider.exe
cute(JUnitPlatformProvi
der.java:203)
	at org.apache.maven.su
refire.junitplatform.JU
nitPlatformProvider.inv
okeAllTests(JUnitPlatfo
rmProvider.java:168)
	at org.apache.maven.su
refire.junitplatform.JU
nitPlatformProvider.inv
oke(JUnitPlatformProvid
er.java:136)
	at org.apache.maven.su
refire.booter.ForkedBoo
ter.runSuitesInProcess(
ForkedBooter.java:385)
	at org.apache.maven.su
refire.booter.ForkedBoo
ter.execute(ForkedBoote
r.java:162)
	at org.apache.maven.su
refire.booter.ForkedBoo
ter.run(ForkedBooter.ja
va:507)
	at org.apache.maven.su
refire.booter.ForkedBoo
ter.main(ForkedBooter.j
ava:495)
Caused by: 
java.io.IOException: 
Error while 
instrumenting com/revpa
sswordmanager/entity/Cr
edential$HibernateInsta
ntiator with JaCoCo 0.8
.11.202310140853/f33756
c.
	at org.jacoco.agent.rt
.internal_4742761.core.
instr.Instrumenter.inst
rumentError(Instrumente
r.java:161)
	at org.jacoco.agent.rt
.internal_4742761.core.
instr.Instrumenter.inst
rument(Instrumenter.jav
a:111)
	at org.jacoco.agent.rt
.internal_4742761.Cover
ageTransformer.transfor
m(CoverageTransformer.j
ava:92)
	... 113 more
Caused by: java.lang.Il
legalArgumentException:
 Unsupported class 
file major version 68
	at org.jacoco.agent.rt
.internal_4742761.asm.C
lassReader.<init>(Class
Reader.java:200)
	at org.jacoco.agent.rt
.internal_4742761.asm.C
lassReader.<init>(Class
Reader.java:180)
	at org.jacoco.agent.rt
.internal_4742761.asm.C
lassReader.<init>(Class
Reader.java:166)
	at org.jacoco.agent.rt
.internal_4742761.core.
internal.instr.InstrSup
port.classReaderFor(Ins
trSupport.java:280)
	at org.jacoco.agent.rt
.internal_4742761.core.
instr.Instrumenter.inst
rument(Instrumenter.jav
a:77)
	at org.jacoco.agent.rt
.internal_4742761.core.
instr.Instrumenter.inst
rument(Instrumenter.jav
a:109)
	... 114 more
2026-03-03 09:36:20.155 [main] INFO  org.hibernate.engine.transaction.jta.platform.internal.JtaPlatformInitiator - HHH000489: No JTA platform available (set 'hibernate.transaction.jta.platform' to enable JTA platform integration)
java.lang.instrument.Il
legalClassFormatExcepti
on: Error while 
instrumenting java/sql/
ParameterMetaData with 
JaCoCo 0.8.11.202310140
853/f33756c.
	at org.jacoco.agent.rt
.internal_4742761.Cover
ageTransformer.transfor
m(CoverageTransformer.j
ava:94)
	at java.instrument/jav
a.lang.instrument.Class
FileTransformer.transfo
rm(ClassFileTransformer
.java:257)
	at java.instrument/sun
.instrument.Transformer
Manager.transform(Trans
formerManager.java:188)
	at java.instrument/sun
.instrument.Instrumenta
tionImpl.transform(Inst
rumentationImpl.java:59
4)
	at java.base/java.lang
.ClassLoader.defineClas
s2(Native Method)
	at java.base/java.lang
.ClassLoader.defineClas
s(ClassLoader.java:1052
)
	at java.base/java.secu
rity.SecureClassLoader.
defineClass(SecureClass
Loader.java:164)
	at java.base/jdk.inter
nal.loader.BuiltinClass
Loader.defineClass(Buil
tinClassLoader.java:735
)
	at java.base/jdk.inter
nal.loader.BuiltinClass
Loader.findClassInModul
eOrNull(BuiltinClassLoa
der.java:678)
	at java.base/jdk.inter
nal.loader.BuiltinClass
Loader.loadClassOrNull(
BuiltinClassLoader.java
:604)
	at java.base/jdk.inter
nal.loader.BuiltinClass
Loader.loadClassOrNull(
BuiltinClassLoader.java
:639)
	at java.base/jdk.inter
nal.loader.BuiltinClass
Loader.loadClassOrNull(
BuiltinClassLoader.java
:608)
	at java.base/jdk.inter
nal.loader.BuiltinClass
Loader.loadClass(Builti
nClassLoader.java:578)
	at java.base/java.lang
.ClassLoader.loadClass(
ClassLoader.java:490)
	at oracle.jdbc.driver.
T4CDriverExtension.allo
catePreparedStatement(T
4CDriverExtension.java:
166)
	at oracle.jdbc.driver.
T4CDriverExtension.allo
catePreparedStatement(T
4CDriverExtension.java:
35)
	at oracle.jdbc.driver.
PhysicalConnection.prep
areStatementInternal(Ph
ysicalConnection.java:2
435)
	at oracle.jdbc.driver.
PhysicalConnection.prep
areStatement(PhysicalCo
nnection.java:2403)
	at oracle.jdbc.driver.
PhysicalConnection.prep
areStatement(PhysicalCo
nnection.java:2317)
	at com.zaxxer.hikari.p
ool.ProxyConnection.pre
pareStatement(ProxyConn
ection.java:328)
	at com.zaxxer.hikari.p
ool.HikariProxyConnecti
on.prepareStatement(Hik
ariProxyConnection.java
)
	at org.hibernate.tool.
schema.extract.spi.Extr
actionContext.getQueryR
esults(ExtractionContex
t.java:43)
	at org.hibernate.tool.
schema.extract.internal
.SequenceInformationExt
ractorLegacyImpl.extrac
tMetadata(SequenceInfor
mationExtractorLegacyIm
pl.java:39)
	at org.hibernate.tool.
schema.extract.internal
.DatabaseInformationImp
l.initializeSequences(D
atabaseInformationImpl.
java:66)
	at org.hibernate.tool.
schema.extract.internal
.DatabaseInformationImp
l.<init>(DatabaseInform
ationImpl.java:60)
	at org.hibernate.tool.
schema.internal.Helper.
buildDatabaseInformatio
n(Helper.java:185)
	at org.hibernate.tool.
schema.internal.Abstrac
tSchemaMigrator.doMigra
tion(AbstractSchemaMigr
ator.java:93)
	at org.hibernate.tool.
schema.spi.SchemaManage
mentToolCoordinator.per
formDatabaseAction(Sche
maManagementToolCoordin
ator.java:280)
	at org.hibernate.tool.
schema.spi.SchemaManage
mentToolCoordinator.lam
bda$process$5(SchemaMan
agementToolCoordinator.
java:144)
	at java.base/java.util
.HashMap.forEach(HashMa
p.java:1430)
	at org.hibernate.tool.
schema.spi.SchemaManage
mentToolCoordinator.pro
cess(SchemaManagementTo
olCoordinator.java:141)
	at org.hibernate.boot.
internal.SessionFactory
ObserverForSchemaExport
.sessionFactoryCreated(
SessionFactoryObserverF
orSchemaExport.java:37)
	at org.hibernate.inter
nal.SessionFactoryObser
verChain.sessionFactory
Created(SessionFactoryO
bserverChain.java:35)
	at org.hibernate.inter
nal.SessionFactoryImpl.
<init>(SessionFactoryIm
pl.java:324)
	at org.hibernate.boot.
internal.SessionFactory
BuilderImpl.build(Sessi
onFactoryBuilderImpl.ja
va:463)
	at org.hibernate.jpa.b
oot.internal.EntityMana
gerFactoryBuilderImpl.b
uild(EntityManagerFacto
ryBuilderImpl.java:1517
)
	at org.springframework
.orm.jpa.vendor.SpringH
ibernateJpaPersistenceP
rovider.createContainer
EntityManagerFactory(Sp
ringHibernateJpaPersist
enceProvider.java:66)
	at org.springframework
.orm.jpa.LocalContainer
EntityManagerFactoryBea
n.createNativeEntityMan
agerFactory(LocalContai
nerEntityManagerFactory
Bean.java:388)
	at org.springframework
.orm.jpa.AbstractEntity
ManagerFactoryBean.buil
dNativeEntityManagerFac
tory(AbstractEntityMana
gerFactoryBean.java:419
)
	at org.springframework
.orm.jpa.AbstractEntity
ManagerFactoryBean.afte
rPropertiesSet(Abstract
EntityManagerFactoryBea
n.java:400)
	at org.springframework
.orm.jpa.LocalContainer
EntityManagerFactoryBea
n.afterPropertiesSet(Lo
calContainerEntityManag
erFactoryBean.java:364)
	at org.springframework
.beans.factory.support.
AbstractAutowireCapable
BeanFactory.invokeInitM
ethods(AbstractAutowire
CapableBeanFactory.java
:1873)
	at org.springframework
.beans.factory.support.
AbstractAutowireCapable
BeanFactory.initializeB
ean(AbstractAutowireCap
ableBeanFactory.java:18
22)
	at org.springframework
.beans.factory.support.
AbstractAutowireCapable
BeanFactory.doCreateBea
n(AbstractAutowireCapab
leBeanFactory.java:607)
	at org.springframework
.beans.factory.support.
AbstractAutowireCapable
BeanFactory.createBean(
AbstractAutowireCapable
BeanFactory.java:529)
	at org.springframework
.beans.factory.support.
AbstractBeanFactory.lam
bda$doGetBean$0(Abstrac
tBeanFactory.java:339)
	at org.springframework
.beans.factory.support.
DefaultSingletonBeanReg
istry.getSingleton(Defa
ultSingletonBeanRegistr
y.java:373)
	at org.springframework
.beans.factory.support.
AbstractBeanFactory.doG
etBean(AbstractBeanFact
ory.java:337)
	at org.springframework
.beans.factory.support.
AbstractBeanFactory.get
Bean(AbstractBeanFactor
y.java:207)
	at org.springframework
.context.support.Abstra
ctApplicationContext.fi
nishBeanFactoryInitiali
zation(AbstractApplicat
ionContext.java:974)
	at org.springframework
.context.support.Abstra
ctApplicationContext.re
fresh(AbstractApplicati
onContext.java:628)
	at org.springframework
.boot.SpringApplication
.refresh(SpringApplicat
ion.java:752)
	at org.springframework
.boot.SpringApplication
.refreshContext(SpringA
pplication.java:439)
	at org.springframework
.boot.SpringApplication
.run(SpringApplication.
java:318)
	at org.springframework
.boot.test.context.Spri
ngBootContextLoader.lam
bda$loadContext$3(Sprin
gBootContextLoader.java
:152)
	at org.springframework
.util.function.Throwing
Supplier.get(ThrowingSu
pplier.java:58)
	at org.springframework
.util.function.Throwing
Supplier.get(ThrowingSu
pplier.java:46)
	at org.springframework
.boot.SpringApplication
.withHook(SpringApplica
tion.java:1461)
	at org.springframework
.boot.test.context.Spri
ngBootContextLoader$Con
textLoaderHook.run(Spri
ngBootContextLoader.jav
a:595)
	at org.springframework
.boot.test.context.Spri
ngBootContextLoader.loa
dContext(SpringBootCont
extLoader.java:152)
	at org.springframework
.boot.test.context.Spri
ngBootContextLoader.loa
dContext(SpringBootCont
extLoader.java:111)
	at org.springframework
.test.context.cache.Def
aultCacheAwareContextLo
aderDelegate.loadContex
tInternal(DefaultCacheA
wareContextLoaderDelega
te.java:225)
	at org.springframework
.test.context.cache.Def
aultCacheAwareContextLo
aderDelegate.loadContex
t(DefaultCacheAwareCont
extLoaderDelegate.java:
152)
	at org.springframework
.test.context.support.D
efaultTestContext.getAp
plicationContext(Defaul
tTestContext.java:130)
	at org.springframework
.test.context.support.D
ependencyInjectionTestE
xecutionListener.inject
Dependencies(Dependency
InjectionTestExecutionL
istener.java:155)
	at org.springframework
.test.context.support.D
ependencyInjectionTestE
xecutionListener.prepar
eTestInstance(Dependenc
yInjectionTestExecution
Listener.java:111)
	at org.springframework
.test.context.TestConte
xtManager.prepareTestIn
stance(TestContextManag
er.java:260)
	at org.springframework
.test.context.junit4.Sp
ringJUnit4ClassRunner.c
reateTest(SpringJUnit4C
lassRunner.java:228)
	at org.springframework
.test.context.junit4.Sp
ringJUnit4ClassRunner$1
.runReflectiveCall(Spri
ngJUnit4ClassRunner.jav
a:289)
	at org.junit.internal.
runners.model.Reflectiv
eCallable.run(Reflectiv
eCallable.java:12)
	at org.springframework
.test.context.junit4.Sp
ringJUnit4ClassRunner.m
ethodBlock(SpringJUnit4
ClassRunner.java:291)
	at org.springframework
.test.context.junit4.Sp
ringJUnit4ClassRunner.r
unChild(SpringJUnit4Cla
ssRunner.java:247)
	at org.springframework
.test.context.junit4.Sp
ringJUnit4ClassRunner.r
unChild(SpringJUnit4Cla
ssRunner.java:97)
	at org.junit.runners.P
arentRunner$4.run(Paren
tRunner.java:331)
	at org.junit.runners.P
arentRunner$1.schedule(
ParentRunner.java:79)
	at org.junit.runners.P
arentRunner.runChildren
(ParentRunner.java:329)
	at org.junit.runners.P
arentRunner.access$100(
ParentRunner.java:66)
	at org.junit.runners.P
arentRunner$2.evaluate(
ParentRunner.java:293)
	at org.springframework
.test.context.junit4.st
atements.RunBeforeTestC
lassCallbacks.evaluate(
RunBeforeTestClassCallb
acks.java:61)
	at org.springframework
.test.context.junit4.st
atements.RunAfterTestCl
assCallbacks.evaluate(R
unAfterTestClassCallbac
ks.java:70)
	at org.junit.runners.P
arentRunner$3.evaluate(
ParentRunner.java:306)
	at org.junit.runners.P
arentRunner.run(ParentR
unner.java:413)
	at org.springframework
.test.context.junit4.Sp
ringJUnit4ClassRunner.r
un(SpringJUnit4ClassRun
ner.java:191)
	at org.junit.runner.JU
nitCore.run(JUnitCore.j
ava:137)
	at org.junit.runner.JU
nitCore.run(JUnitCore.j
ava:115)
	at org.junit.vintage.e
ngine.execution.RunnerE
xecutor.execute(RunnerE
xecutor.java:42)
	at org.junit.vintage.e
ngine.execution.Vintage
Executor.executeClasses
AndMethodsSequentially(
VintageExecutor.java:93
)
	at org.junit.vintage.e
ngine.execution.Vintage
Executor.executeAllChil
dren(VintageExecutor.ja
va:73)
	at org.junit.vintage.e
ngine.VintageTestEngine
.execute(VintageTestEng
ine.java:70)
	at org.junit.platform.
launcher.core.EngineExe
cutionOrchestrator.exec
ute(EngineExecutionOrch
estrator.java:201)
	at org.junit.platform.
launcher.core.EngineExe
cutionOrchestrator.exec
ute(EngineExecutionOrch
estrator.java:170)
	at org.junit.platform.
launcher.core.EngineExe
cutionOrchestrator.exec
ute(EngineExecutionOrch
estrator.java:94)
	at org.junit.platform.
launcher.core.EngineExe
cutionOrchestrator.lamb
da$execute$0(EngineExec
utionOrchestrator.java:
59)
	at org.junit.platform.
launcher.core.EngineExe
cutionOrchestrator.with
InterceptedStreams(Engi
neExecutionOrchestrator
.java:142)
	at org.junit.platform.
launcher.core.EngineExe
cutionOrchestrator.exec
ute(EngineExecutionOrch
estrator.java:58)
	at org.junit.platform.
launcher.core.DefaultLa
uncher.execute(DefaultL
auncher.java:103)
	at org.junit.platform.
launcher.core.DefaultLa
uncher.execute(DefaultL
auncher.java:85)
	at org.junit.platform.
launcher.core.Delegatin
gLauncher.execute(Deleg
atingLauncher.java:47)
	at org.junit.platform.
launcher.core.Intercept
ingLauncher.lambda$exec
ute$1(InterceptingLaunc
her.java:39)
	at org.junit.platform.
launcher.core.Classpath
AlignmentCheckingLaunch
erInterceptor.intercept
(ClasspathAlignmentChec
kingLauncherInterceptor
.java:25)
	at org.junit.platform.
launcher.core.Intercept
ingLauncher.execute(Int
erceptingLauncher.java:
38)
	at org.junit.platform.
launcher.core.Delegatin
gLauncher.execute(Deleg
atingLauncher.java:47)
	at org.apache.maven.su
refire.junitplatform.La
uncherAdapter.executeWi
thoutCancellationToken(
LauncherAdapter.java:60
)
	at org.apache.maven.su
refire.junitplatform.La
uncherAdapter.execute(L
auncherAdapter.java:52)
	at org.apache.maven.su
refire.junitplatform.JU
nitPlatformProvider.exe
cute(JUnitPlatformProvi
der.java:203)
	at org.apache.maven.su
refire.junitplatform.JU
nitPlatformProvider.inv
okeAllTests(JUnitPlatfo
rmProvider.java:168)
	at org.apache.maven.su
refire.junitplatform.JU
nitPlatformProvider.inv
oke(JUnitPlatformProvid
er.java:136)
	at org.apache.maven.su
refire.booter.ForkedBoo
ter.runSuitesInProcess(
ForkedBooter.java:385)
	at org.apache.maven.su
refire.booter.ForkedBoo
ter.execute(ForkedBoote
r.java:162)
	at org.apache.maven.su
refire.booter.ForkedBoo
ter.run(ForkedBooter.ja
va:507)
	at org.apache.maven.su
refire.booter.ForkedBoo
ter.main(ForkedBooter.j
ava:495)
Caused by: 
java.io.IOException: 
Error while 
instrumenting java/sql/
ParameterMetaData with 
JaCoCo 0.8.11.202310140
853/f33756c.
	at org.jacoco.agent.rt
.internal_4742761.core.
instr.Instrumenter.inst
rumentError(Instrumente
r.java:161)
	at org.jacoco.agent.rt
.internal_4742761.core.
instr.Instrumenter.inst
rument(Instrumenter.jav
a:111)
	at org.jacoco.agent.rt
.internal_4742761.Cover
ageTransformer.transfor
m(CoverageTransformer.j
ava:92)
	... 110 more
Caused by: java.lang.Il
legalArgumentException:
 Unsupported class 
file major version 68
	at org.jacoco.agent.rt
.internal_4742761.asm.C
lassReader.<init>(Class
Reader.java:200)
	at org.jacoco.agent.rt
.internal_4742761.asm.C
lassReader.<init>(Class
Reader.java:180)
	at org.jacoco.agent.rt
.internal_4742761.asm.C
lassReader.<init>(Class
Reader.java:166)
	at org.jacoco.agent.rt
.internal_4742761.core.
internal.instr.InstrSup
port.classReaderFor(Ins
trSupport.java:280)
	at org.jacoco.agent.rt
.internal_4742761.core.
instr.Instrumenter.inst
rument(Instrumenter.jav
a:77)
	at org.jacoco.agent.rt
.internal_4742761.core.
instr.Instrumenter.inst
rument(Instrumenter.jav
a:109)
	... 111 more
Hibernate: 
    alter table if exists verification_codes 
       modify failed_attempts NUMBER DEFAULT 0
2026-03-03 09:36:20.561 [main] INFO  org.springframework.orm.jpa.LocalContainerEntityManagerFactoryBean - Initialized JPA EntityManagerFactory for persistence unit 'default'
2026-03-03 09:36:21.257 [main] INFO  org.springframework.data.jpa.repository.query.QueryEnhancerFactory - Hibernate is in classpath; If applicable, HQL parser will be used.
2026-03-03 09:36:22.377 [main] INFO  com.revpasswordmanager.repository.VerificationCodeRepositoryTest - Started VerificationCodeRepositoryTest in 8.494 seconds (process running for 22.216)
Hibernate: 
    insert 
    into
        users
        (account_locked, created_at, email, failed_attempts, last_login_at, master_password_hash, name, phone_number, two_factor_enabled, updated_at, username, id) 
    values
        (?, ?, ?, ?, ?, ?, ?, ?, ?, ?, ?, default)
Hibernate: 
    select
        u1_0.id,
        u1_0.account_locked,
        u1_0.created_at,
        u1_0.email,
        u1_0.failed_attempts,
        u1_0.last_login_at,
        u1_0.master_password_hash,
        u1_0.name,
        u1_0.phone_number,
        u1_0.two_factor_enabled,
        u1_0.updated_at,
        u1_0.username 
    from
        users u1_0 
    where
        u1_0.username=?
Hibernate: 
    insert 
    into
        users
        (account_locked, created_at, email, failed_attempts, last_login_at, master_password_hash, name, phone_number, two_factor_enabled, updated_at, username, id) 
    values
        (?, ?, ?, ?, ?, ?, ?, ?, ?, ?, ?, default)
Hibernate: 
    insert 
    into
        verification_codes
        (code, created_at, expiry_time, failed_attempts, is_used, purpose, user_id, id) 
    values
        (?, ?, ?, ?, ?, ?, ?, default)
Hibernate: 
    select
        vc1_0.id,
        vc1_0.code,
        vc1_0.created_at,
        vc1_0.expiry_time,
        vc1_0.failed_attempts,
        vc1_0.is_used,
        vc1_0.purpose,
        vc1_0.user_id 
    from
        verification_codes vc1_0 
    where
        vc1_0.user_id=? 
        and vc1_0.code=? 
        and vc1_0.purpose=? 
        and vc1_0.is_used=0
[INFO] Tests run: 2, Failures: 0, Errors: 0, Skipped: 0, Time elapsed: 9.019 s -- in com.revpasswordmanager.repository.VerificationCodeRepositoryTest
[INFO] Running com.revpasswordmanager.rest.RestCredentialControllerTest
2026-03-03 09:36:22.904 [main] INFO  org.springframework.boot.devtools.restart.RestartApplicationListener - Restart disabled due to context in which it is running

  .   ____          _            __ _ _
 /\\ / ___'_ __ _ _(_)_ __  __ _ \ \ \ \
( ( )\___ | '_ | '_| | '_ \/ _` | \ \ \ \
 \\/  ___)| |_)| | | | | || (_| |  ) ) ) )
  '  |____| .__|_| |_|_| |_\__, | / / / /
 =========|_|==============|___/=/_/_/_/

 :: Spring Boot ::               (v3.5.11)

2026-03-03 09:36:22.934 [main] INFO  com.revpasswordmanager.rest.RestCredentialControllerTest - Starting RestCredentialControllerTest using Java 24.0.1 with PID 6788 (started by RAHUL in C:\Users\RAHUL\Desktop\P2_RevPasswordManager)
2026-03-03 09:36:22.935 [main] DEBUG com.revpasswordmanager.rest.RestCredentialControllerTest - Running with Spring Boot v3.5.11, Spring v6.2.16
2026-03-03 09:36:22.935 [main] INFO  com.revpasswordmanager.rest.RestCredentialControllerTest - No active profile set, falling back to 1 default profile: "default"
java.lang.instrument.Il
legalClassFormatExcepti
on: Error while 
instrumenting com/revpa
sswordmanager/service/I
PasswordGeneratorServic
e$MockitoMock$EUtmoqYq 
with JaCoCo 0.8.11.2023
10140853/f33756c.
	at org.jacoco.agent.rt
.internal_4742761.Cover
ageTransformer.transfor
m(CoverageTransformer.j
ava:94)
	at java.instrument/jav
a.lang.instrument.Class
FileTransformer.transfo
rm(ClassFileTransformer
.java:257)
	at java.instrument/sun
.instrument.Transformer
Manager.transform(Trans
formerManager.java:188)
	at java.instrument/sun
.instrument.Instrumenta
tionImpl.transform(Inst
rumentationImpl.java:59
4)
	at java.base/java.lang
.ClassLoader.defineClas
s0(Native Method)
	at java.base/java.lang
.System$1.defineClass(S
ystem.java:2025)
	at java.base/java.lang
.invoke.MethodHandles$L
ookup$ClassDefiner.defi
neClass(MethodHandles.j
ava:2355)
	at java.base/java.lang
.invoke.MethodHandles$L
ookup$ClassDefiner.defi
neClass(MethodHandles.j
ava:2330)
	at java.base/java.lang
.invoke.MethodHandles$L
ookup.defineClass(Metho
dHandles.java:1754)
	at java.base/jdk.inter
nal.reflect.DirectMetho
dHandleAccessor.invoke(
DirectMethodHandleAcces
sor.java:104)
	at java.base/java.lang
.reflect.Method.invoke(
Method.java:565)
	at net.bytebuddy.utili
ty.Invoker$Dispatcher.i
nvoke(Unknown Source)
	at net.bytebuddy.utili
ty.dispatcher.JavaDispa
tcher$Dispatcher$ForNon
StaticMethod.invoke(Jav
aDispatcher.java:1038)
	at net.bytebuddy.utili
ty.dispatcher.JavaDispa
tcher$ProxiedInvocation
Handler.invoke(JavaDisp
atcher.java:1168)
	at jdk.proxy2/jdk.prox
y2.$Proxy150.defineClas
s(Unknown Source)
	at net.bytebuddy.dynam
ic.loading.ClassInjecto
r$UsingLookup.injectRaw
(ClassInjector.java:170
7)
	at net.bytebuddy.dynam
ic.loading.ClassInjecto
r$AbstractBase.injectRa
w(ClassInjector.java:18
8)
	at net.bytebuddy.dynam
ic.loading.ClassInjecto
r$AbstractBase.inject(C
lassInjector.java:176)
	at net.bytebuddy.dynam
ic.loading.ClassLoading
Strategy$UsingLookup.lo
ad(ClassLoadingStrategy
.java:519)
	at net.bytebuddy.dynam
ic.TypeResolutionStrate
gy$Passive.initialize(T
ypeResolutionStrategy.j
ava:101)
	at net.bytebuddy.dynam
ic.DynamicType$Default$
Unloaded.load(DynamicTy
pe.java:6432)
	at org.mockito.interna
l.creation.bytebuddy.Su
bclassBytecodeGenerator
.mockClass(SubclassByte
codeGenerator.java:282)
	at org.mockito.interna
l.creation.bytebuddy.Ty
peCachingBytecodeGenera
tor.lambda$mockClass$0(
TypeCachingBytecodeGene
rator.java:78)
	at net.bytebuddy.TypeC
ache.findOrInsert(TypeC
ache.java:168)
	at net.bytebuddy.TypeC
ache$WithInlineExpuncti
on.findOrInsert(TypeCac
he.java:399)
	at net.bytebuddy.TypeC
ache.findOrInsert(TypeC
ache.java:190)
	at net.bytebuddy.TypeC
ache$WithInlineExpuncti
on.findOrInsert(TypeCac
he.java:410)
	at org.mockito.interna
l.creation.bytebuddy.Ty
peCachingBytecodeGenera
tor.mockClass(TypeCachi
ngBytecodeGenerator.jav
a:75)
	at org.mockito.interna
l.creation.bytebuddy.In
lineBytecodeGenerator.m
ockClass(InlineBytecode
Generator.java:223)
	at org.mockito.interna
l.creation.bytebuddy.Ty
peCachingBytecodeGenera
tor.lambda$mockClass$0(
TypeCachingBytecodeGene
rator.java:78)
	at net.bytebuddy.TypeC
ache.findOrInsert(TypeC
ache.java:168)
	at net.bytebuddy.TypeC
ache$WithInlineExpuncti
on.findOrInsert(TypeCac
he.java:399)
	at net.bytebuddy.TypeC
ache.findOrInsert(TypeC
ache.java:190)
	at net.bytebuddy.TypeC
ache$WithInlineExpuncti
on.findOrInsert(TypeCac
he.java:410)
	at org.mockito.interna
l.creation.bytebuddy.Ty
peCachingBytecodeGenera
tor.mockClass(TypeCachi
ngBytecodeGenerator.jav
a:75)
	at org.mockito.interna
l.creation.bytebuddy.In
lineDelegateByteBuddyMo
ckMaker.createMockType(
InlineDelegateByteBuddy
MockMaker.java:429)
	at org.mockito.interna
l.creation.bytebuddy.In
lineDelegateByteBuddyMo
ckMaker.doCreateMock(In
lineDelegateByteBuddyMo
ckMaker.java:388)
	at org.mockito.interna
l.creation.bytebuddy.In
lineDelegateByteBuddyMo
ckMaker.createMock(Inli
neDelegateByteBuddyMock
Maker.java:367)
	at org.mockito.interna
l.creation.bytebuddy.In
lineByteBuddyMockMaker.
createMock(InlineByteBu
ddyMockMaker.java:56)
	at org.mockito.interna
l.util.MockUtil.createM
ock(MockUtil.java:99)
	at org.mockito.interna
l.MockitoCore.mock(Mock
itoCore.java:84)
	at org.mockito.Mockito
.mock(Mockito.java:2198
)
	at org.springframework
.boot.test.mock.mockito
.MockDefinition.createM
ock(MockDefinition.java
:161)
	at org.springframework
.boot.test.mock.mockito
.MockitoPostProcessor.r
egisterMock(MockitoPost
Processor.java:190)
	at org.springframework
.boot.test.mock.mockito
.MockitoPostProcessor.r
egister(MockitoPostProc
essor.java:172)
	at org.springframework
.boot.test.mock.mockito
.MockitoPostProcessor.p
ostProcessBeanFactory(M
ockitoPostProcessor.jav
a:146)
	at org.springframework
.boot.test.mock.mockito
.MockitoPostProcessor.p
ostProcessBeanFactory(M
ockitoPostProcessor.jav
a:134)
	at org.springframework
.context.support.PostPr
ocessorRegistrationDele
gate.invokeBeanFactoryP
ostProcessors(PostProce
ssorRegistrationDelegat
e.java:363)
	at org.springframework
.context.support.PostPr
ocessorRegistrationDele
gate.invokeBeanFactoryP
ostProcessors(PostProce
ssorRegistrationDelegat
e.java:197)
	at org.springframework
.context.support.Abstra
ctApplicationContext.in
vokeBeanFactoryPostProc
essors(AbstractApplicat
ionContext.java:792)
	at org.springframework
.context.support.Abstra
ctApplicationContext.re
fresh(AbstractApplicati
onContext.java:610)
	at org.springframework
.boot.SpringApplication
.refresh(SpringApplicat
ion.java:752)
	at org.springframework
.boot.SpringApplication
.refreshContext(SpringA
pplication.java:439)
	at org.springframework
.boot.SpringApplication
.run(SpringApplication.
java:318)
	at org.springframework
.boot.test.context.Spri
ngBootContextLoader.lam
bda$loadContext$3(Sprin
gBootContextLoader.java
:152)
	at org.springframework
.util.function.Throwing
Supplier.get(ThrowingSu
pplier.java:58)
	at org.springframework
.util.function.Throwing
Supplier.get(ThrowingSu
pplier.java:46)
	at org.springframework
.boot.SpringApplication
.withHook(SpringApplica
tion.java:1461)
	at org.springframework
.boot.test.context.Spri
ngBootContextLoader$Con
textLoaderHook.run(Spri
ngBootContextLoader.jav
a:595)
	at org.springframework
.boot.test.context.Spri
ngBootContextLoader.loa
dContext(SpringBootCont
extLoader.java:152)
	at org.springframework
.boot.test.context.Spri
ngBootContextLoader.loa
dContext(SpringBootCont
extLoader.java:111)
	at org.springframework
.test.context.cache.Def
aultCacheAwareContextLo
aderDelegate.loadContex
tInternal(DefaultCacheA
wareContextLoaderDelega
te.java:225)
	at org.springframework
.test.context.cache.Def
aultCacheAwareContextLo
aderDelegate.loadContex
t(DefaultCacheAwareCont
extLoaderDelegate.java:
152)
	at org.springframework
.test.context.support.D
efaultTestContext.getAp
plicationContext(Defaul
tTestContext.java:130)
	at org.springframework
.boot.test.mock.mockito
.MockitoTestExecutionLi
stener.postProcessField
s(MockitoTestExecutionL
istener.java:128)
	at org.springframework
.boot.test.mock.mockito
.MockitoTestExecutionLi
stener.injectFields(Moc
kitoTestExecutionListen
er.java:112)
	at org.springframework
.boot.test.mock.mockito
.MockitoTestExecutionLi
stener.prepareTestInsta
nce(MockitoTestExecutio
nListener.java:69)
	at org.springframework
.test.context.TestConte
xtManager.prepareTestIn
stance(TestContextManag
er.java:260)
	at org.springframework
.test.context.junit4.Sp
ringJUnit4ClassRunner.c
reateTest(SpringJUnit4C
lassRunner.java:228)
	at org.springframework
.test.context.junit4.Sp
ringJUnit4ClassRunner$1
.runReflectiveCall(Spri
ngJUnit4ClassRunner.jav
a:289)
	at org.junit.internal.
runners.model.Reflectiv
eCallable.run(Reflectiv
eCallable.java:12)
	at org.springframework
.test.context.junit4.Sp
ringJUnit4ClassRunner.m
ethodBlock(SpringJUnit4
ClassRunner.java:291)
	at org.springframework
.test.context.junit4.Sp
ringJUnit4ClassRunner.r
unChild(SpringJUnit4Cla
ssRunner.java:247)
	at org.springframework
.test.context.junit4.Sp
ringJUnit4ClassRunner.r
unChild(SpringJUnit4Cla
ssRunner.java:97)
	at org.junit.runners.P
arentRunner$4.run(Paren
tRunner.java:331)
	at org.junit.runners.P
arentRunner$1.schedule(
ParentRunner.java:79)
	at org.junit.runners.P
arentRunner.runChildren
(ParentRunner.java:329)
	at org.junit.runners.P
arentRunner.access$100(
ParentRunner.java:66)
	at org.junit.runners.P
arentRunner$2.evaluate(
ParentRunner.java:293)
	at org.springframework
.test.context.junit4.st
atements.RunBeforeTestC
lassCallbacks.evaluate(
RunBeforeTestClassCallb
acks.java:61)
	at org.springframework
.test.context.junit4.st
atements.RunAfterTestCl
assCallbacks.evaluate(R
unAfterTestClassCallbac
ks.java:70)
	at org.junit.runners.P
arentRunner$3.evaluate(
ParentRunner.java:306)
	at org.junit.runners.P
arentRunner.run(ParentR
unner.java:413)
	at org.springframework
.test.context.junit4.Sp
ringJUnit4ClassRunner.r
un(SpringJUnit4ClassRun
ner.java:191)
	at org.junit.runner.JU
nitCore.run(JUnitCore.j
ava:137)
	at org.junit.runner.JU
nitCore.run(JUnitCore.j
ava:115)
	at org.junit.vintage.e
ngine.execution.RunnerE
xecutor.execute(RunnerE
xecutor.java:42)
	at org.junit.vintage.e
ngine.execution.Vintage
Executor.executeClasses
AndMethodsSequentially(
VintageExecutor.java:93
)
	at org.junit.vintage.e
ngine.execution.Vintage
Executor.executeAllChil
dren(VintageExecutor.ja
va:73)
	at org.junit.vintage.e
ngine.VintageTestEngine
.execute(VintageTestEng
ine.java:70)
	at org.junit.platform.
launcher.core.EngineExe
cutionOrchestrator.exec
ute(EngineExecutionOrch
estrator.java:201)
	at org.junit.platform.
launcher.core.EngineExe
cutionOrchestrator.exec
ute(EngineExecutionOrch
estrator.java:170)
	at org.junit.platform.
launcher.core.EngineExe
cutionOrchestrator.exec
ute(EngineExecutionOrch
estrator.java:94)
	at org.junit.platform.
launcher.core.EngineExe
cutionOrchestrator.lamb
da$execute$0(EngineExec
utionOrchestrator.java:
59)
	at org.junit.platform.
launcher.core.EngineExe
cutionOrchestrator.with
InterceptedStreams(Engi
neExecutionOrchestrator
.java:142)
	at org.junit.platform.
launcher.core.EngineExe
cutionOrchestrator.exec
ute(EngineExecutionOrch
estrator.java:58)
	at org.junit.platform.
launcher.core.DefaultLa
uncher.execute(DefaultL
auncher.java:103)
	at org.junit.platform.
launcher.core.DefaultLa
uncher.execute(DefaultL
auncher.java:85)
	at org.junit.platform.
launcher.core.Delegatin
gLauncher.execute(Deleg
atingLauncher.java:47)
	at org.junit.platform.
launcher.core.Intercept
ingLauncher.lambda$exec
ute$1(InterceptingLaunc
her.java:39)
	at org.junit.platform.
launcher.core.Classpath
AlignmentCheckingLaunch
erInterceptor.intercept
(ClasspathAlignmentChec
kingLauncherInterceptor
.java:25)
	at org.junit.platform.
launcher.core.Intercept
ingLauncher.execute(Int
erceptingLauncher.java:
38)
	at org.junit.platform.
launcher.core.Delegatin
gLauncher.execute(Deleg
atingLauncher.java:47)
	at org.apache.maven.su
refire.junitplatform.La
uncherAdapter.executeWi
thoutCancellationToken(
LauncherAdapter.java:60
)
	at org.apache.maven.su
refire.junitplatform.La
uncherAdapter.execute(L
auncherAdapter.java:52)
	at org.apache.maven.su
refire.junitplatform.JU
nitPlatformProvider.exe
cute(JUnitPlatformProvi
der.java:203)
	at org.apache.maven.su
refire.junitplatform.JU
nitPlatformProvider.inv
okeAllTests(JUnitPlatfo
rmProvider.java:168)
	at org.apache.maven.su
refire.junitplatform.JU
nitPlatformProvider.inv
oke(JUnitPlatformProvid
er.java:136)
	at org.apache.maven.su
refire.booter.ForkedBoo
ter.runSuitesInProcess(
ForkedBooter.java:385)
	at org.apache.maven.su
refire.booter.ForkedBoo
ter.execute(ForkedBoote
r.java:162)
	at org.apache.maven.su
refire.booter.ForkedBoo
ter.run(ForkedBooter.ja
va:507)
	at org.apache.maven.su
refire.booter.ForkedBoo
ter.main(ForkedBooter.j
ava:495)
Caused by: 
java.io.IOException: 
Error while 
instrumenting com/revpa
sswordmanager/service/I
PasswordGeneratorServic
e$MockitoMock$EUtmoqYq 
with JaCoCo 0.8.11.2023
10140853/f33756c.
	at org.jacoco.agent.rt
.internal_4742761.core.
instr.Instrumenter.inst
rumentError(Instrumente
r.java:161)
	at org.jacoco.agent.rt
.internal_4742761.core.
instr.Instrumenter.inst
rument(Instrumenter.jav
a:111)
	at org.jacoco.agent.rt
.internal_4742761.Cover
ageTransformer.transfor
m(CoverageTransformer.j
ava:92)
	... 111 more
Caused by: java.lang.Il
legalArgumentException:
 Unsupported class 
file major version 68
	at org.jacoco.agent.rt
.internal_4742761.asm.C
lassReader.<init>(Class
Reader.java:200)
	at org.jacoco.agent.rt
.internal_4742761.asm.C
lassReader.<init>(Class
Reader.java:180)
	at org.jacoco.agent.rt
.internal_4742761.asm.C
lassReader.<init>(Class
Reader.java:166)
	at org.jacoco.agent.rt
.internal_4742761.core.
internal.instr.InstrSup
port.classReaderFor(Ins
trSupport.java:280)
	at org.jacoco.agent.rt
.internal_4742761.core.
instr.Instrumenter.inst
rument(Instrumenter.jav
a:77)
	at org.jacoco.agent.rt
.internal_4742761.core.
instr.Instrumenter.inst
rument(Instrumenter.jav
a:109)
	... 112 more
java.lang.instrument.Il
legalClassFormatExcepti
on: Error while 
instrumenting com/revpa
sswordmanager/service/I
PasswordGeneratorServic
e$MockitoMock$EUtmoqYq$
auxiliary$oNDUnHWA 
with JaCoCo 0.8.11.2023
10140853/f33756c.
	at org.jacoco.agent.rt
.internal_4742761.Cover
ageTransformer.transfor
m(CoverageTransformer.j
ava:94)
	at java.instrument/jav
a.lang.instrument.Class
FileTransformer.transfo
rm(ClassFileTransformer
.java:257)
	at java.instrument/sun
.instrument.Transformer
Manager.transform(Trans
formerManager.java:188)
	at java.instrument/sun
.instrument.Instrumenta
tionImpl.transform(Inst
rumentationImpl.java:59
4)
	at java.base/java.lang
.ClassLoader.defineClas
s0(Native Method)
	at java.base/java.lang
.System$1.defineClass(S
ystem.java:2025)
	at java.base/java.lang
.invoke.MethodHandles$L
ookup$ClassDefiner.defi
neClass(MethodHandles.j
ava:2355)
	at java.base/java.lang
.invoke.MethodHandles$L
ookup$ClassDefiner.defi
neClass(MethodHandles.j
ava:2330)
	at java.base/java.lang
.invoke.MethodHandles$L
ookup.defineClass(Metho
dHandles.java:1754)
	at java.base/jdk.inter
nal.reflect.DirectMetho
dHandleAccessor.invoke(
DirectMethodHandleAcces
sor.java:104)
	at java.base/java.lang
.reflect.Method.invoke(
Method.java:565)
	at net.bytebuddy.utili
ty.Invoker$Dispatcher.i
nvoke(Unknown Source)
	at net.bytebuddy.utili
ty.dispatcher.JavaDispa
tcher$Dispatcher$ForNon
StaticMethod.invoke(Jav
aDispatcher.java:1038)
	at net.bytebuddy.utili
ty.dispatcher.JavaDispa
tcher$ProxiedInvocation
Handler.invoke(JavaDisp
atcher.java:1168)
	at jdk.proxy2/jdk.prox
y2.$Proxy150.defineClas
s(Unknown Source)
	at net.bytebuddy.dynam
ic.loading.ClassInjecto
r$UsingLookup.injectRaw
(ClassInjector.java:170
7)
	at net.bytebuddy.dynam
ic.loading.ClassInjecto
r$AbstractBase.injectRa
w(ClassInjector.java:18
8)
	at net.bytebuddy.dynam
ic.loading.ClassInjecto
r$AbstractBase.inject(C
lassInjector.java:176)
	at net.bytebuddy.dynam
ic.loading.ClassLoading
Strategy$UsingLookup.lo
ad(ClassLoadingStrategy
.java:519)
	at net.bytebuddy.dynam
ic.TypeResolutionStrate
gy$Passive.initialize(T
ypeResolutionStrategy.j
ava:101)
	at net.bytebuddy.dynam
ic.DynamicType$Default$
Unloaded.load(DynamicTy
pe.java:6432)
	at org.mockito.interna
l.creation.bytebuddy.Su
bclassBytecodeGenerator
.mockClass(SubclassByte
codeGenerator.java:282)
	at org.mockito.interna
l.creation.bytebuddy.Ty
peCachingBytecodeGenera
tor.lambda$mockClass$0(
TypeCachingBytecodeGene
rator.java:78)
	at net.bytebuddy.TypeC
ache.findOrInsert(TypeC
ache.java:168)
	at net.bytebuddy.TypeC
ache$WithInlineExpuncti
on.findOrInsert(TypeCac
he.java:399)
	at net.bytebuddy.TypeC
ache.findOrInsert(TypeC
ache.java:190)
	at net.bytebuddy.TypeC
ache$WithInlineExpuncti
on.findOrInsert(TypeCac
he.java:410)
	at org.mockito.interna
l.creation.bytebuddy.Ty
peCachingBytecodeGenera
tor.mockClass(TypeCachi
ngBytecodeGenerator.jav
a:75)
	at org.mockito.interna
l.creation.bytebuddy.In
lineBytecodeGenerator.m
ockClass(InlineBytecode
Generator.java:223)
	at org.mockito.interna
l.creation.bytebuddy.Ty
peCachingBytecodeGenera
tor.lambda$mockClass$0(
TypeCachingBytecodeGene
rator.java:78)
	at net.bytebuddy.TypeC
ache.findOrInsert(TypeC
ache.java:168)
	at net.bytebuddy.TypeC
ache$WithInlineExpuncti
on.findOrInsert(TypeCac
he.java:399)
	at net.bytebuddy.TypeC
ache.findOrInsert(TypeC
ache.java:190)
	at net.bytebuddy.TypeC
ache$WithInlineExpuncti
on.findOrInsert(TypeCac
he.java:410)
	at org.mockito.interna
l.creation.bytebuddy.Ty
peCachingBytecodeGenera
tor.mockClass(TypeCachi
ngBytecodeGenerator.jav
a:75)
	at org.mockito.interna
l.creation.bytebuddy.In
lineDelegateByteBuddyMo
ckMaker.createMockType(
InlineDelegateByteBuddy
MockMaker.java:429)
	at org.mockito.interna
l.creation.bytebuddy.In
lineDelegateByteBuddyMo
ckMaker.doCreateMock(In
lineDelegateByteBuddyMo
ckMaker.java:388)
	at org.mockito.interna
l.creation.bytebuddy.In
lineDelegateByteBuddyMo
ckMaker.createMock(Inli
neDelegateByteBuddyMock
Maker.java:367)
	at org.mockito.interna
l.creation.bytebuddy.In
lineByteBuddyMockMaker.
createMock(InlineByteBu
ddyMockMaker.java:56)
	at org.mockito.interna
l.util.MockUtil.createM
ock(MockUtil.java:99)
	at org.mockito.interna
l.MockitoCore.mock(Mock
itoCore.java:84)
	at org.mockito.Mockito
.mock(Mockito.java:2198
)
	at org.springframework
.boot.test.mock.mockito
.MockDefinition.createM
ock(MockDefinition.java
:161)
	at org.springframework
.boot.test.mock.mockito
.MockitoPostProcessor.r
egisterMock(MockitoPost
Processor.java:190)
	at org.springframework
.boot.test.mock.mockito
.MockitoPostProcessor.r
egister(MockitoPostProc
essor.java:172)
	at org.springframework
.boot.test.mock.mockito
.MockitoPostProcessor.p
ostProcessBeanFactory(M
ockitoPostProcessor.jav
a:146)
	at org.springframework
.boot.test.mock.mockito
.MockitoPostProcessor.p
ostProcessBeanFactory(M
ockitoPostProcessor.jav
a:134)
	at org.springframework
.context.support.PostPr
ocessorRegistrationDele
gate.invokeBeanFactoryP
ostProcessors(PostProce
ssorRegistrationDelegat
e.java:363)
	at org.springframework
.context.support.PostPr
ocessorRegistrationDele
gate.invokeBeanFactoryP
ostProcessors(PostProce
ssorRegistrationDelegat
e.java:197)
	at org.springframework
.context.support.Abstra
ctApplicationContext.in
vokeBeanFactoryPostProc
essors(AbstractApplicat
ionContext.java:792)
	at org.springframework
.context.support.Abstra
ctApplicationContext.re
fresh(AbstractApplicati
onContext.java:610)
	at org.springframework
.boot.SpringApplication
.refresh(SpringApplicat
ion.java:752)
	at org.springframework
.boot.SpringApplication
.refreshContext(SpringA
pplication.java:439)
	at org.springframework
.boot.SpringApplication
.run(SpringApplication.
java:318)
	at org.springframework
.boot.test.context.Spri
ngBootContextLoader.lam
bda$loadContext$3(Sprin
gBootContextLoader.java
:152)
	at org.springframework
.util.function.Throwing
Supplier.get(ThrowingSu
pplier.java:58)
	at org.springframework
.util.function.Throwing
Supplier.get(ThrowingSu
pplier.java:46)
	at org.springframework
.boot.SpringApplication
.withHook(SpringApplica
tion.java:1461)
	at org.springframework
.boot.test.context.Spri
ngBootContextLoader$Con
textLoaderHook.run(Spri
ngBootContextLoader.jav
a:595)
	at org.springframework
.boot.test.context.Spri
ngBootContextLoader.loa
dContext(SpringBootCont
extLoader.java:152)
	at org.springframework
.boot.test.context.Spri
ngBootContextLoader.loa
dContext(SpringBootCont
extLoader.java:111)
	at org.springframework
.test.context.cache.Def
aultCacheAwareContextLo
aderDelegate.loadContex
tInternal(DefaultCacheA
wareContextLoaderDelega
te.java:225)
	at org.springframework
.test.context.cache.Def
aultCacheAwareContextLo
aderDelegate.loadContex
t(DefaultCacheAwareCont
extLoaderDelegate.java:
152)
	at org.springframework
.test.context.support.D
efaultTestContext.getAp
plicationContext(Defaul
tTestContext.java:130)
	at org.springframework
.boot.test.mock.mockito
.MockitoTestExecutionLi
stener.postProcessField
s(MockitoTestExecutionL
istener.java:128)
	at org.springframework
.boot.test.mock.mockito
.MockitoTestExecutionLi
stener.injectFields(Moc
kitoTestExecutionListen
er.java:112)
	at org.springframework
.boot.test.mock.mockito
.MockitoTestExecutionLi
stener.prepareTestInsta
nce(MockitoTestExecutio
nListener.java:69)
	at org.springframework
.test.context.TestConte
xtManager.prepareTestIn
stance(TestContextManag
er.java:260)
	at org.springframework
.test.context.junit4.Sp
ringJUnit4ClassRunner.c
reateTest(SpringJUnit4C
lassRunner.java:228)
	at org.springframework
.test.context.junit4.Sp
ringJUnit4ClassRunner$1
.runReflectiveCall(Spri
ngJUnit4ClassRunner.jav
a:289)
	at org.junit.internal.
runners.model.Reflectiv
eCallable.run(Reflectiv
eCallable.java:12)
	at org.springframework
.test.context.junit4.Sp
ringJUnit4ClassRunner.m
ethodBlock(SpringJUnit4
ClassRunner.java:291)
	at org.springframework
.test.context.junit4.Sp
ringJUnit4ClassRunner.r
unChild(SpringJUnit4Cla
ssRunner.java:247)
	at org.springframework
.test.context.junit4.Sp
ringJUnit4ClassRunner.r
unChild(SpringJUnit4Cla
ssRunner.java:97)
	at org.junit.runners.P
arentRunner$4.run(Paren
tRunner.java:331)
	at org.junit.runners.P
arentRunner$1.schedule(
ParentRunner.java:79)
	at org.junit.runners.P
arentRunner.runChildren
(ParentRunner.java:329)
	at org.junit.runners.P
arentRunner.access$100(
ParentRunner.java:66)
	at org.junit.runners.P
arentRunner$2.evaluate(
ParentRunner.java:293)
	at org.springframework
.test.context.junit4.st
atements.RunBeforeTestC
lassCallbacks.evaluate(
RunBeforeTestClassCallb
acks.java:61)
	at org.springframework
.test.context.junit4.st
atements.RunAfterTestCl
assCallbacks.evaluate(R
unAfterTestClassCallbac
ks.java:70)
	at org.junit.runners.P
arentRunner$3.evaluate(
ParentRunner.java:306)
	at org.junit.runners.P
arentRunner.run(ParentR
unner.java:413)
	at org.springframework
.test.context.junit4.Sp
ringJUnit4ClassRunner.r
un(SpringJUnit4ClassRun
ner.java:191)
	at org.junit.runner.JU
nitCore.run(JUnitCore.j
ava:137)
	at org.junit.runner.JU
nitCore.run(JUnitCore.j
ava:115)
	at org.junit.vintage.e
ngine.execution.RunnerE
xecutor.execute(RunnerE
xecutor.java:42)
	at org.junit.vintage.e
ngine.execution.Vintage
Executor.executeClasses
AndMethodsSequentially(
VintageExecutor.java:93
)
	at org.junit.vintage.e
ngine.execution.Vintage
Executor.executeAllChil
dren(VintageExecutor.ja
va:73)
	at org.junit.vintage.e
ngine.VintageTestEngine
.execute(VintageTestEng
ine.java:70)
	at org.junit.platform.
launcher.core.EngineExe
cutionOrchestrator.exec
ute(EngineExecutionOrch
estrator.java:201)
	at org.junit.platform.
launcher.core.EngineExe
cutionOrchestrator.exec
ute(EngineExecutionOrch
estrator.java:170)
	at org.junit.platform.
launcher.core.EngineExe
cutionOrchestrator.exec
ute(EngineExecutionOrch
estrator.java:94)
	at org.junit.platform.
launcher.core.EngineExe
cutionOrchestrator.lamb
da$execute$0(EngineExec
utionOrchestrator.java:
59)
	at org.junit.platform.
launcher.core.EngineExe
cutionOrchestrator.with
InterceptedStreams(Engi
neExecutionOrchestrator
.java:142)
	at org.junit.platform.
launcher.core.EngineExe
cutionOrchestrator.exec
ute(EngineExecutionOrch
estrator.java:58)
	at org.junit.platform.
launcher.core.DefaultLa
uncher.execute(DefaultL
auncher.java:103)
	at org.junit.platform.
launcher.core.DefaultLa
uncher.execute(DefaultL
auncher.java:85)
	at org.junit.platform.
launcher.core.Delegatin
gLauncher.execute(Deleg
atingLauncher.java:47)
	at org.junit.platform.
launcher.core.Intercept
ingLauncher.lambda$exec
ute$1(InterceptingLaunc
her.java:39)
	at org.junit.platform.
launcher.core.Classpath
AlignmentCheckingLaunch
erInterceptor.intercept
(ClasspathAlignmentChec
kingLauncherInterceptor
.java:25)
	at org.junit.platform.
launcher.core.Intercept
ingLauncher.execute(Int
erceptingLauncher.java:
38)
	at org.junit.platform.
launcher.core.Delegatin
gLauncher.execute(Deleg
atingLauncher.java:47)
	at org.apache.maven.su
refire.junitplatform.La
uncherAdapter.executeWi
thoutCancellationToken(
LauncherAdapter.java:60
)
	at org.apache.maven.su
refire.junitplatform.La
uncherAdapter.execute(L
auncherAdapter.java:52)
	at org.apache.maven.su
refire.junitplatform.JU
nitPlatformProvider.exe
cute(JUnitPlatformProvi
der.java:203)
	at org.apache.maven.su
refire.junitplatform.JU
nitPlatformProvider.inv
okeAllTests(JUnitPlatfo
rmProvider.java:168)
	at org.apache.maven.su
refire.junitplatform.JU
nitPlatformProvider.inv
oke(JUnitPlatformProvid
er.java:136)
	at org.apache.maven.su
refire.booter.ForkedBoo
ter.runSuitesInProcess(
ForkedBooter.java:385)
	at org.apache.maven.su
refire.booter.ForkedBoo
ter.execute(ForkedBoote
r.java:162)
	at org.apache.maven.su
refire.booter.ForkedBoo
ter.run(ForkedBooter.ja
va:507)
	at org.apache.maven.su
refire.booter.ForkedBoo
ter.main(ForkedBooter.j
ava:495)
Caused by: 
java.io.IOException: 
Error while 
instrumenting com/revpa
sswordmanager/service/I
PasswordGeneratorServic
e$MockitoMock$EUtmoqYq$
auxiliary$oNDUnHWA 
with JaCoCo 0.8.11.2023
10140853/f33756c.
	at org.jacoco.agent.rt
.internal_4742761.core.
instr.Instrumenter.inst
rumentError(Instrumente
r.java:161)
	at org.jacoco.agent.rt
.internal_4742761.core.
instr.Instrumenter.inst
rument(Instrumenter.jav
a:111)
	at org.jacoco.agent.rt
.internal_4742761.Cover
ageTransformer.transfor
m(CoverageTransformer.j
ava:92)
	... 111 more
Caused by: java.lang.Il
legalArgumentException:
 Unsupported class 
file major version 68
	at org.jacoco.agent.rt
.internal_4742761.asm.C
lassReader.<init>(Class
Reader.java:200)
	at org.jacoco.agent.rt
.internal_4742761.asm.C
lassReader.<init>(Class
Reader.java:180)
	at org.jacoco.agent.rt
.internal_4742761.asm.C
lassReader.<init>(Class
Reader.java:166)
	at org.jacoco.agent.rt
.internal_4742761.core.
internal.instr.InstrSup
port.classReaderFor(Ins
trSupport.java:280)
	at org.jacoco.agent.rt
.internal_4742761.core.
instr.Instrumenter.inst
rument(Instrumenter.jav
a:77)
	at org.jacoco.agent.rt
.internal_4742761.core.
instr.Instrumenter.inst
rument(Instrumenter.jav
a:109)
	... 112 more
java.lang.instrument.Il
legalClassFormatExcepti
on: Error while 
instrumenting com/revpa
sswordmanager/service/I
PasswordGeneratorServic
e$MockitoMock$EUtmoqYq$
auxiliary$xdmo35PG 
with JaCoCo 0.8.11.2023
10140853/f33756c.
	at org.jacoco.agent.rt
.internal_4742761.Cover
ageTransformer.transfor
m(CoverageTransformer.j
ava:94)
	at java.instrument/jav
a.lang.instrument.Class
FileTransformer.transfo
rm(ClassFileTransformer
.java:257)
	at java.instrument/sun
.instrument.Transformer
Manager.transform(Trans
formerManager.java:188)
	at java.instrument/sun
.instrument.Instrumenta
tionImpl.transform(Inst
rumentationImpl.java:59
4)
	at java.base/java.lang
.ClassLoader.defineClas
s0(Native Method)
	at java.base/java.lang
.System$1.defineClass(S
ystem.java:2025)
	at java.base/java.lang
.invoke.MethodHandles$L
ookup$ClassDefiner.defi
neClass(MethodHandles.j
ava:2355)
	at java.base/java.lang
.invoke.MethodHandles$L
ookup$ClassDefiner.defi
neClass(MethodHandles.j
ava:2330)
	at java.base/java.lang
.invoke.MethodHandles$L
ookup.defineClass(Metho
dHandles.java:1754)
	at java.base/jdk.inter
nal.reflect.DirectMetho
dHandleAccessor.invoke(
DirectMethodHandleAcces
sor.java:104)
	at java.base/java.lang
.reflect.Method.invoke(
Method.java:565)
	at net.bytebuddy.utili
ty.Invoker$Dispatcher.i
nvoke(Unknown Source)
	at net.bytebuddy.utili
ty.dispatcher.JavaDispa
tcher$Dispatcher$ForNon
StaticMethod.invoke(Jav
aDispatcher.java:1038)
	at net.bytebuddy.utili
ty.dispatcher.JavaDispa
tcher$ProxiedInvocation
Handler.invoke(JavaDisp
atcher.java:1168)
	at jdk.proxy2/jdk.prox
y2.$Proxy150.defineClas
s(Unknown Source)
	at net.bytebuddy.dynam
ic.loading.ClassInjecto
r$UsingLookup.injectRaw
(ClassInjector.java:170
7)
	at net.bytebuddy.dynam
ic.loading.ClassInjecto
r$AbstractBase.injectRa
w(ClassInjector.java:18
8)
	at net.bytebuddy.dynam
ic.loading.ClassInjecto
r$AbstractBase.inject(C
lassInjector.java:176)
	at net.bytebuddy.dynam
ic.loading.ClassLoading
Strategy$UsingLookup.lo
ad(ClassLoadingStrategy
.java:519)
	at net.bytebuddy.dynam
ic.TypeResolutionStrate
gy$Passive.initialize(T
ypeResolutionStrategy.j
ava:101)
	at net.bytebuddy.dynam
ic.DynamicType$Default$
Unloaded.load(DynamicTy
pe.java:6432)
	at org.mockito.interna
l.creation.bytebuddy.Su
bclassBytecodeGenerator
.mockClass(SubclassByte
codeGenerator.java:282)
	at org.mockito.interna
l.creation.bytebuddy.Ty
peCachingBytecodeGenera
tor.lambda$mockClass$0(
TypeCachingBytecodeGene
rator.java:78)
	at net.bytebuddy.TypeC
ache.findOrInsert(TypeC
ache.java:168)
	at net.bytebuddy.TypeC
ache$WithInlineExpuncti
on.findOrInsert(TypeCac
he.java:399)
	at net.bytebuddy.TypeC
ache.findOrInsert(TypeC
ache.java:190)
	at net.bytebuddy.TypeC
ache$WithInlineExpuncti
on.findOrInsert(TypeCac
he.java:410)
	at org.mockito.interna
l.creation.bytebuddy.Ty
peCachingBytecodeGenera
tor.mockClass(TypeCachi
ngBytecodeGenerator.jav
a:75)
	at org.mockito.interna
l.creation.bytebuddy.In
lineBytecodeGenerator.m
ockClass(InlineBytecode
Generator.java:223)
	at org.mockito.interna
l.creation.bytebuddy.Ty
peCachingBytecodeGenera
tor.lambda$mockClass$0(
TypeCachingBytecodeGene
rator.java:78)
	at net.bytebuddy.TypeC
ache.findOrInsert(TypeC
ache.java:168)
	at net.bytebuddy.TypeC
ache$WithInlineExpuncti
on.findOrInsert(TypeCac
he.java:399)
	at net.bytebuddy.TypeC
ache.findOrInsert(TypeC
ache.java:190)
	at net.bytebuddy.TypeC
ache$WithInlineExpuncti
on.findOrInsert(TypeCac
he.java:410)
	at org.mockito.interna
l.creation.bytebuddy.Ty
peCachingBytecodeGenera
tor.mockClass(TypeCachi
ngBytecodeGenerator.jav
a:75)
	at org.mockito.interna
l.creation.bytebuddy.In
lineDelegateByteBuddyMo
ckMaker.createMockType(
InlineDelegateByteBuddy
MockMaker.java:429)
	at org.mockito.interna
l.creation.bytebuddy.In
lineDelegateByteBuddyMo
ckMaker.doCreateMock(In
lineDelegateByteBuddyMo
ckMaker.java:388)
	at org.mockito.interna
l.creation.bytebuddy.In
lineDelegateByteBuddyMo
ckMaker.createMock(Inli
neDelegateByteBuddyMock
Maker.java:367)
	at org.mockito.interna
l.creation.bytebuddy.In
lineByteBuddyMockMaker.
createMock(InlineByteBu
ddyMockMaker.java:56)
	at org.mockito.interna
l.util.MockUtil.createM
ock(MockUtil.java:99)
	at org.mockito.interna
l.MockitoCore.mock(Mock
itoCore.java:84)
	at org.mockito.Mockito
.mock(Mockito.java:2198
)
	at org.springframework
.boot.test.mock.mockito
.MockDefinition.createM
ock(MockDefinition.java
:161)
	at org.springframework
.boot.test.mock.mockito
.MockitoPostProcessor.r
egisterMock(MockitoPost
Processor.java:190)
	at org.springframework
.boot.test.mock.mockito
.MockitoPostProcessor.r
egister(MockitoPostProc
essor.java:172)
	at org.springframework
.boot.test.mock.mockito
.MockitoPostProcessor.p
ostProcessBeanFactory(M
ockitoPostProcessor.jav
a:146)
	at org.springframework
.boot.test.mock.mockito
.MockitoPostProcessor.p
ostProcessBeanFactory(M
ockitoPostProcessor.jav
a:134)
	at org.springframework
.context.support.PostPr
ocessorRegistrationDele
gate.invokeBeanFactoryP
ostProcessors(PostProce
ssorRegistrationDelegat
e.java:363)
	at org.springframework
.context.support.PostPr
ocessorRegistrationDele
gate.invokeBeanFactoryP
ostProcessors(PostProce
ssorRegistrationDelegat
e.java:197)
	at org.springframework
.context.support.Abstra
ctApplicationContext.in
vokeBeanFactoryPostProc
essors(AbstractApplicat
ionContext.java:792)
	at org.springframework
.context.support.Abstra
ctApplicationContext.re
fresh(AbstractApplicati
onContext.java:610)
	at org.springframework
.boot.SpringApplication
.refresh(SpringApplicat
ion.java:752)
	at org.springframework
.boot.SpringApplication
.refreshContext(SpringA
pplication.java:439)
	at org.springframework
.boot.SpringApplication
.run(SpringApplication.
java:318)
	at org.springframework
.boot.test.context.Spri
ngBootContextLoader.lam
bda$loadContext$3(Sprin
gBootContextLoader.java
:152)
	at org.springframework
.util.function.Throwing
Supplier.get(ThrowingSu
pplier.java:58)
	at org.springframework
.util.function.Throwing
Supplier.get(ThrowingSu
pplier.java:46)
	at org.springframework
.boot.SpringApplication
.withHook(SpringApplica
tion.java:1461)
	at org.springframework
.boot.test.context.Spri
ngBootContextLoader$Con
textLoaderHook.run(Spri
ngBootContextLoader.jav
a:595)
	at org.springframework
.boot.test.context.Spri
ngBootContextLoader.loa
dContext(SpringBootCont
extLoader.java:152)
	at org.springframework
.boot.test.context.Spri
ngBootContextLoader.loa
dContext(SpringBootCont
extLoader.java:111)
	at org.springframework
.test.context.cache.Def
aultCacheAwareContextLo
aderDelegate.loadContex
tInternal(DefaultCacheA
wareContextLoaderDelega
te.java:225)
	at org.springframework
.test.context.cache.Def
aultCacheAwareContextLo
aderDelegate.loadContex
t(DefaultCacheAwareCont
extLoaderDelegate.java:
152)
	at org.springframework
.test.context.support.D
efaultTestContext.getAp
plicationContext(Defaul
tTestContext.java:130)
	at org.springframework
.boot.test.mock.mockito
.MockitoTestExecutionLi
stener.postProcessField
s(MockitoTestExecutionL
istener.java:128)
	at org.springframework
.boot.test.mock.mockito
.MockitoTestExecutionLi
stener.injectFields(Moc
kitoTestExecutionListen
er.java:112)
	at org.springframework
.boot.test.mock.mockito
.MockitoTestExecutionLi
stener.prepareTestInsta
nce(MockitoTestExecutio
nListener.java:69)
	at org.springframework
.test.context.TestConte
xtManager.prepareTestIn
stance(TestContextManag
er.java:260)
	at org.springframework
.test.context.junit4.Sp
ringJUnit4ClassRunner.c
reateTest(SpringJUnit4C
lassRunner.java:228)
	at org.springframework
.test.context.junit4.Sp
ringJUnit4ClassRunner$1
.runReflectiveCall(Spri
ngJUnit4ClassRunner.jav
a:289)
	at org.junit.internal.
runners.model.Reflectiv
eCallable.run(Reflectiv
eCallable.java:12)
	at org.springframework
.test.context.junit4.Sp
ringJUnit4ClassRunner.m
ethodBlock(SpringJUnit4
ClassRunner.java:291)
	at org.springframework
.test.context.junit4.Sp
ringJUnit4ClassRunner.r
unChild(SpringJUnit4Cla
ssRunner.java:247)
	at org.springframework
.test.context.junit4.Sp
ringJUnit4ClassRunner.r
unChild(SpringJUnit4Cla
ssRunner.java:97)
	at org.junit.runners.P
arentRunner$4.run(Paren
tRunner.java:331)
	at org.junit.runners.P
arentRunner$1.schedule(
ParentRunner.java:79)
	at org.junit.runners.P
arentRunner.runChildren
(ParentRunner.java:329)
	at org.junit.runners.P
arentRunner.access$100(
ParentRunner.java:66)
	at org.junit.runners.P
arentRunner$2.evaluate(
ParentRunner.java:293)
	at org.springframework
.test.context.junit4.st
atements.RunBeforeTestC
lassCallbacks.evaluate(
RunBeforeTestClassCallb
acks.java:61)
	at org.springframework
.test.context.junit4.st
atements.RunAfterTestCl
assCallbacks.evaluate(R
unAfterTestClassCallbac
ks.java:70)
	at org.junit.runners.P
arentRunner$3.evaluate(
ParentRunner.java:306)
	at org.junit.runners.P
arentRunner.run(ParentR
unner.java:413)
	at org.springframework
.test.context.junit4.Sp
ringJUnit4ClassRunner.r
un(SpringJUnit4ClassRun
ner.java:191)
	at org.junit.runner.JU
nitCore.run(JUnitCore.j
ava:137)
	at org.junit.runner.JU
nitCore.run(JUnitCore.j
ava:115)
	at org.junit.vintage.e
ngine.execution.RunnerE
xecutor.execute(RunnerE
xecutor.java:42)
	at org.junit.vintage.e
ngine.execution.Vintage
Executor.executeClasses
AndMethodsSequentially(
VintageExecutor.java:93
)
	at org.junit.vintage.e
ngine.execution.Vintage
Executor.executeAllChil
dren(VintageExecutor.ja
va:73)
	at org.junit.vintage.e
ngine.VintageTestEngine
.execute(VintageTestEng
ine.java:70)
	at org.junit.platform.
launcher.core.EngineExe
cutionOrchestrator.exec
ute(EngineExecutionOrch
estrator.java:201)
	at org.junit.platform.
launcher.core.EngineExe
cutionOrchestrator.exec
ute(EngineExecutionOrch
estrator.java:170)
	at org.junit.platform.
launcher.core.EngineExe
cutionOrchestrator.exec
ute(EngineExecutionOrch
estrator.java:94)
	at org.junit.platform.
launcher.core.EngineExe
cutionOrchestrator.lamb
da$execute$0(EngineExec
utionOrchestrator.java:
59)
	at org.junit.platform.
launcher.core.EngineExe
cutionOrchestrator.with
InterceptedStreams(Engi
neExecutionOrchestrator
.java:142)
	at org.junit.platform.
launcher.core.EngineExe
cutionOrchestrator.exec
ute(EngineExecutionOrch
estrator.java:58)
	at org.junit.platform.
launcher.core.DefaultLa
uncher.execute(DefaultL
auncher.java:103)
	at org.junit.platform.
launcher.core.DefaultLa
uncher.execute(DefaultL
auncher.java:85)
	at org.junit.platform.
launcher.core.Delegatin
gLauncher.execute(Deleg
atingLauncher.java:47)
	at org.junit.platform.
launcher.core.Intercept
ingLauncher.lambda$exec
ute$1(InterceptingLaunc
her.java:39)
	at org.junit.platform.
launcher.core.Classpath
AlignmentCheckingLaunch
erInterceptor.intercept
(ClasspathAlignmentChec
kingLauncherInterceptor
.java:25)
	at org.junit.platform.
launcher.core.Intercept
ingLauncher.execute(Int
erceptingLauncher.java:
38)
	at org.junit.platform.
launcher.core.Delegatin
gLauncher.execute(Deleg
atingLauncher.java:47)
	at org.apache.maven.su
refire.junitplatform.La
uncherAdapter.executeWi
thoutCancellationToken(
LauncherAdapter.java:60
)
	at org.apache.maven.su
refire.junitplatform.La
uncherAdapter.execute(L
auncherAdapter.java:52)
	at org.apache.maven.su
refire.junitplatform.JU
nitPlatformProvider.exe
cute(JUnitPlatformProvi
der.java:203)
	at org.apache.maven.su
refire.junitplatform.JU
nitPlatformProvider.inv
okeAllTests(JUnitPlatfo
rmProvider.java:168)
	at org.apache.maven.su
refire.junitplatform.JU
nitPlatformProvider.inv
oke(JUnitPlatformProvid
er.java:136)
	at org.apache.maven.su
refire.booter.ForkedBoo
ter.runSuitesInProcess(
ForkedBooter.java:385)
	at org.apache.maven.su
refire.booter.ForkedBoo
ter.execute(ForkedBoote
r.java:162)
	at org.apache.maven.su
refire.booter.ForkedBoo
ter.run(ForkedBooter.ja
va:507)
	at org.apache.maven.su
refire.booter.ForkedBoo
ter.main(ForkedBooter.j
ava:495)
Caused by: 
java.io.IOException: 
Error while 
instrumenting com/revpa
sswordmanager/service/I
PasswordGeneratorServic
e$MockitoMock$EUtmoqYq$
auxiliary$xdmo35PG 
with JaCoCo 0.8.11.2023
10140853/f33756c.
	at org.jacoco.agent.rt
.internal_4742761.core.
instr.Instrumenter.inst
rumentError(Instrumente
r.java:161)
	at org.jacoco.agent.rt
.internal_4742761.core.
instr.Instrumenter.inst
rument(Instrumenter.jav
a:111)
	at org.jacoco.agent.rt
.internal_4742761.Cover
ageTransformer.transfor
m(CoverageTransformer.j
ava:92)
	... 111 more
Caused by: java.lang.Il
legalArgumentException:
 Unsupported class 
file major version 68
	at org.jacoco.agent.rt
.internal_4742761.asm.C
lassReader.<init>(Class
Reader.java:200)
	at org.jacoco.agent.rt
.internal_4742761.asm.C
lassReader.<init>(Class
Reader.java:180)
	at org.jacoco.agent.rt
.internal_4742761.asm.C
lassReader.<init>(Class
Reader.java:166)
	at org.jacoco.agent.rt
.internal_4742761.core.
internal.instr.InstrSup
port.classReaderFor(Ins
trSupport.java:280)
	at org.jacoco.agent.rt
.internal_4742761.core.
instr.Instrumenter.inst
rument(Instrumenter.jav
a:77)
	at org.jacoco.agent.rt
.internal_4742761.core.
instr.Instrumenter.inst
rument(Instrumenter.jav
a:109)
	... 112 more
2026-03-03 09:36:23.218 [main] INFO  org.springframework.boot.autoconfigure.web.servlet.WelcomePageHandlerMapping - Adding welcome page template: index
2026-03-03 09:36:23.287 [main] WARN  org.springframework.boot.autoconfigure.security.servlet.UserDetailsServiceAutoConfiguration - 

Using generated security password: dc763bfe-22e8-40fe-b99e-2685f4d5a498

This generated password is for development use only. Your security configuration must be updated before running your application in production.

2026-03-03 09:36:23.288 [main] INFO  org.springframework.security.config.annotation.authentication.configuration.InitializeUserDetailsBeanManagerConfigurer$InitializeUserDetailsManagerConfigurer - Global AuthenticationManager configured with UserDetailsService bean with name inMemoryUserDetailsManager
2026-03-03 09:36:23.301 [main] INFO  org.springframework.boot.test.mock.web.SpringBootMockServletContext - Initializing Spring TestDispatcherServlet ''
2026-03-03 09:36:23.301 [main] INFO  org.springframework.test.web.servlet.TestDispatcherServlet - Initializing Servlet ''
2026-03-03 09:36:23.301 [main] INFO  org.springframework.test.web.servlet.TestDispatcherServlet - Completed initialization in 0 ms
2026-03-03 09:36:23.306 [main] INFO  com.revpasswordmanager.rest.RestCredentialControllerTest - Started RestCredentialControllerTest in 0.402 seconds (process running for 23.147)
[INFO] Tests run: 1, Failures: 0, Errors: 0, Skipped: 0, Time elapsed: 0.460 s -- in com.revpasswordmanager.rest.RestCredentialControllerTest
[INFO] Running com.revpasswordmanager.service.EmailServiceTest
java.lang.instrument.Il
legalClassFormatExcepti
on: Error while 
instrumenting org/sprin
gframework/mail/javamai
l/JavaMailSender$Mockit
oMock$LK5HYe8G with 
JaCoCo 0.8.11.202310140
853/f33756c.
	at org.jacoco.agent.rt
.internal_4742761.Cover
ageTransformer.transfor
m(CoverageTransformer.j
ava:94)
	at java.instrument/jav
a.lang.instrument.Class
FileTransformer.transfo
rm(ClassFileTransformer
.java:257)
	at java.instrument/sun
.instrument.Transformer
Manager.transform(Trans
formerManager.java:188)
	at java.instrument/sun
.instrument.Instrumenta
tionImpl.transform(Inst
rumentationImpl.java:59
4)
	at java.base/java.lang
.ClassLoader.defineClas
s0(Native Method)
	at java.base/java.lang
.System$1.defineClass(S
ystem.java:2025)
	at java.base/java.lang
.invoke.MethodHandles$L
ookup$ClassDefiner.defi
neClass(MethodHandles.j
ava:2355)
	at java.base/java.lang
.invoke.MethodHandles$L
ookup$ClassDefiner.defi
neClass(MethodHandles.j
ava:2330)
	at java.base/java.lang
.invoke.MethodHandles$L
ookup.defineClass(Metho
dHandles.java:1754)
	at java.base/jdk.inter
nal.reflect.DirectMetho
dHandleAccessor.invoke(
DirectMethodHandleAcces
sor.java:104)
	at java.base/java.lang
.reflect.Method.invoke(
Method.java:565)
	at net.bytebuddy.utili
ty.Invoker$Dispatcher.i
nvoke(Unknown Source)
	at net.bytebuddy.utili
ty.dispatcher.JavaDispa
tcher$Dispatcher$ForNon
StaticMethod.invoke(Jav
aDispatcher.java:1038)
	at net.bytebuddy.utili
ty.dispatcher.JavaDispa
tcher$ProxiedInvocation
Handler.invoke(JavaDisp
atcher.java:1168)
	at jdk.proxy2/jdk.prox
y2.$Proxy150.defineClas
s(Unknown Source)
	at net.bytebuddy.dynam
ic.loading.ClassInjecto
r$UsingLookup.injectRaw
(ClassInjector.java:170
7)
	at net.bytebuddy.dynam
ic.loading.ClassInjecto
r$AbstractBase.injectRa
w(ClassInjector.java:18
8)
	at net.bytebuddy.dynam
ic.loading.ClassInjecto
r$AbstractBase.inject(C
lassInjector.java:176)
	at net.bytebuddy.dynam
ic.loading.ClassLoading
Strategy$UsingLookup.lo
ad(ClassLoadingStrategy
.java:519)
	at net.bytebuddy.dynam
ic.TypeResolutionStrate
gy$Passive.initialize(T
ypeResolutionStrategy.j
ava:101)
	at net.bytebuddy.dynam
ic.DynamicType$Default$
Unloaded.load(DynamicTy
pe.java:6432)
	at org.mockito.interna
l.creation.bytebuddy.Su
bclassBytecodeGenerator
.mockClass(SubclassByte
codeGenerator.java:282)
	at org.mockito.interna
l.creation.bytebuddy.Ty
peCachingBytecodeGenera
tor.lambda$mockClass$0(
TypeCachingBytecodeGene
rator.java:78)
	at net.bytebuddy.TypeC
ache.findOrInsert(TypeC
ache.java:168)
	at net.bytebuddy.TypeC
ache$WithInlineExpuncti
on.findOrInsert(TypeCac
he.java:399)
	at net.bytebuddy.TypeC
ache.findOrInsert(TypeC
ache.java:190)
	at net.bytebuddy.TypeC
ache$WithInlineExpuncti
on.findOrInsert(TypeCac
he.java:410)
	at org.mockito.interna
l.creation.bytebuddy.Ty
peCachingBytecodeGenera
tor.mockClass(TypeCachi
ngBytecodeGenerator.jav
a:75)
	at org.mockito.interna
l.creation.bytebuddy.In
lineBytecodeGenerator.m
ockClass(InlineBytecode
Generator.java:223)
	at org.mockito.interna
l.creation.bytebuddy.Ty
peCachingBytecodeGenera
tor.lambda$mockClass$0(
TypeCachingBytecodeGene
rator.java:78)
	at net.bytebuddy.TypeC
ache.findOrInsert(TypeC
ache.java:168)
	at net.bytebuddy.TypeC
ache$WithInlineExpuncti
on.findOrInsert(TypeCac
he.java:399)
	at net.bytebuddy.TypeC
ache.findOrInsert(TypeC
ache.java:190)
	at net.bytebuddy.TypeC
ache$WithInlineExpuncti
on.findOrInsert(TypeCac
he.java:410)
	at org.mockito.interna
l.creation.bytebuddy.Ty
peCachingBytecodeGenera
tor.mockClass(TypeCachi
ngBytecodeGenerator.jav
a:75)
	at org.mockito.interna
l.creation.bytebuddy.In
lineDelegateByteBuddyMo
ckMaker.createMockType(
InlineDelegateByteBuddy
MockMaker.java:429)
	at org.mockito.interna
l.creation.bytebuddy.In
lineDelegateByteBuddyMo
ckMaker.doCreateMock(In
lineDelegateByteBuddyMo
ckMaker.java:388)
	at org.mockito.interna
l.creation.bytebuddy.In
lineDelegateByteBuddyMo
ckMaker.createMock(Inli
neDelegateByteBuddyMock
Maker.java:367)
	at org.mockito.interna
l.creation.bytebuddy.In
lineByteBuddyMockMaker.
createMock(InlineByteBu
ddyMockMaker.java:56)
	at org.mockito.interna
l.util.MockUtil.createM
ock(MockUtil.java:99)
	at org.mockito.interna
l.MockitoCore.mock(Mock
itoCore.java:84)
	at org.mockito.Mockito
.mock(Mockito.java:2198
)
	at org.mockito.interna
l.configuration.MockAnn
otationProcessor.proces
sAnnotationForMock(Mock
AnnotationProcessor.jav
a:79)
	at org.mockito.interna
l.configuration.MockAnn
otationProcessor.proces
s(MockAnnotationProcess
or.java:28)
	at org.mockito.interna
l.configuration.MockAnn
otationProcessor.proces
s(MockAnnotationProcess
or.java:25)
	at org.mockito.interna
l.configuration.Indepen
dentAnnotationEngine.cr
eateMockFor(Independent
AnnotationEngine.java:4
4)
	at org.mockito.interna
l.configuration.Indepen
dentAnnotationEngine.pr
ocess(IndependentAnnota
tionEngine.java:72)
	at org.mockito.interna
l.configuration.Injecti
ngAnnotationEngine.proc
essIndependentAnnotatio
ns(InjectingAnnotationE
ngine.java:62)
	at org.mockito.interna
l.configuration.Injecti
ngAnnotationEngine.proc
ess(InjectingAnnotation
Engine.java:47)
	at org.mockito.Mockito
Annotations.openMocks(M
ockitoAnnotations.java:
81)
	at org.mockito.interna
l.runners.DefaultIntern
alRunner$1$1.evaluate(D
efaultInternalRunner.ja
va:50)
	at org.junit.runners.P
arentRunner$3.evaluate(
ParentRunner.java:306)
	at org.junit.runners.B
lockJUnit4ClassRunner$1
.evaluate(BlockJUnit4Cl
assRunner.java:100)
	at org.junit.runners.P
arentRunner.runLeaf(Par
entRunner.java:366)
	at org.junit.runners.B
lockJUnit4ClassRunner.r
unChild(BlockJUnit4Clas
sRunner.java:103)
	at org.junit.runners.B
lockJUnit4ClassRunner.r
unChild(BlockJUnit4Clas
sRunner.java:63)
	at org.junit.runners.P
arentRunner$4.run(Paren
tRunner.java:331)
	at org.junit.runners.P
arentRunner$1.schedule(
ParentRunner.java:79)
	at org.junit.runners.P
arentRunner.runChildren
(ParentRunner.java:329)
	at org.junit.runners.P
arentRunner.access$100(
ParentRunner.java:66)
	at org.junit.runners.P
arentRunner$2.evaluate(
ParentRunner.java:293)
	at org.junit.runners.P
arentRunner$3.evaluate(
ParentRunner.java:306)
	at org.junit.runners.P
arentRunner.run(ParentR
unner.java:413)
	at org.mockito.interna
l.runners.DefaultIntern
alRunner$1.run(DefaultI
nternalRunner.java:100)
	at org.mockito.interna
l.runners.DefaultIntern
alRunner.run(DefaultInt
ernalRunner.java:107)
	at org.mockito.interna
l.runners.StrictRunner.
run(StrictRunner.java:4
2)
	at org.mockito.junit.M
ockitoJUnitRunner.run(M
ockitoJUnitRunner.java:
163)
	at org.junit.runner.JU
nitCore.run(JUnitCore.j
ava:137)
	at org.junit.runner.JU
nitCore.run(JUnitCore.j
ava:115)
	at org.junit.vintage.e
ngine.execution.RunnerE
xecutor.execute(RunnerE
xecutor.java:42)
	at org.junit.vintage.e
ngine.execution.Vintage
Executor.executeClasses
AndMethodsSequentially(
VintageExecutor.java:93
)
	at org.junit.vintage.e
ngine.execution.Vintage
Executor.executeAllChil
dren(VintageExecutor.ja
va:73)
	at org.junit.vintage.e
ngine.VintageTestEngine
.execute(VintageTestEng
ine.java:70)
	at org.junit.platform.
launcher.core.EngineExe
cutionOrchestrator.exec
ute(EngineExecutionOrch
estrator.java:201)
	at org.junit.platform.
launcher.core.EngineExe
cutionOrchestrator.exec
ute(EngineExecutionOrch
estrator.java:170)
	at org.junit.platform.
launcher.core.EngineExe
cutionOrchestrator.exec
ute(EngineExecutionOrch
estrator.java:94)
	at org.junit.platform.
launcher.core.EngineExe
cutionOrchestrator.lamb
da$execute$0(EngineExec
utionOrchestrator.java:
59)
	at org.junit.platform.
launcher.core.EngineExe
cutionOrchestrator.with
InterceptedStreams(Engi
neExecutionOrchestrator
.java:142)
	at org.junit.platform.
launcher.core.EngineExe
cutionOrchestrator.exec
ute(EngineExecutionOrch
estrator.java:58)
	at org.junit.platform.
launcher.core.DefaultLa
uncher.execute(DefaultL
auncher.java:103)
	at org.junit.platform.
launcher.core.DefaultLa
uncher.execute(DefaultL
auncher.java:85)
	at org.junit.platform.
launcher.core.Delegatin
gLauncher.execute(Deleg
atingLauncher.java:47)
	at org.junit.platform.
launcher.core.Intercept
ingLauncher.lambda$exec
ute$1(InterceptingLaunc
her.java:39)
	at org.junit.platform.
launcher.core.Classpath
AlignmentCheckingLaunch
erInterceptor.intercept
(ClasspathAlignmentChec
kingLauncherInterceptor
.java:25)
	at org.junit.platform.
launcher.core.Intercept
ingLauncher.execute(Int
erceptingLauncher.java:
38)
	at org.junit.platform.
launcher.core.Delegatin
gLauncher.execute(Deleg
atingLauncher.java:47)
	at org.apache.maven.su
refire.junitplatform.La
uncherAdapter.executeWi
thoutCancellationToken(
LauncherAdapter.java:60
)
	at org.apache.maven.su
refire.junitplatform.La
uncherAdapter.execute(L
auncherAdapter.java:52)
	at org.apache.maven.su
refire.junitplatform.JU
nitPlatformProvider.exe
cute(JUnitPlatformProvi
der.java:203)
	at org.apache.maven.su
refire.junitplatform.JU
nitPlatformProvider.inv
okeAllTests(JUnitPlatfo
rmProvider.java:168)
	at org.apache.maven.su
refire.junitplatform.JU
nitPlatformProvider.inv
oke(JUnitPlatformProvid
er.java:136)
	at org.apache.maven.su
refire.booter.ForkedBoo
ter.runSuitesInProcess(
ForkedBooter.java:385)
	at org.apache.maven.su
refire.booter.ForkedBoo
ter.execute(ForkedBoote
r.java:162)
	at org.apache.maven.su
refire.booter.ForkedBoo
ter.run(ForkedBooter.ja
va:507)
	at org.apache.maven.su
refire.booter.ForkedBoo
ter.main(ForkedBooter.j
ava:495)
Caused by: 
java.io.IOException: 
Error while 
instrumenting org/sprin
gframework/mail/javamai
l/JavaMailSender$Mockit
oMock$LK5HYe8G with 
JaCoCo 0.8.11.202310140
853/f33756c.
	at org.jacoco.agent.rt
.internal_4742761.core.
instr.Instrumenter.inst
rumentError(Instrumente
r.java:161)
	at org.jacoco.agent.rt
.internal_4742761.core.
instr.Instrumenter.inst
rument(Instrumenter.jav
a:111)
	at org.jacoco.agent.rt
.internal_4742761.Cover
ageTransformer.transfor
m(CoverageTransformer.j
ava:92)
	... 94 more
Caused by: java.lang.Il
legalArgumentException:
 Unsupported class 
file major version 68
	at org.jacoco.agent.rt
.internal_4742761.asm.C
lassReader.<init>(Class
Reader.java:200)
	at org.jacoco.agent.rt
.internal_4742761.asm.C
lassReader.<init>(Class
Reader.java:180)
	at org.jacoco.agent.rt
.internal_4742761.asm.C
lassReader.<init>(Class
Reader.java:166)
	at org.jacoco.agent.rt
.internal_4742761.core.
internal.instr.InstrSup
port.classReaderFor(Ins
trSupport.java:280)
	at org.jacoco.agent.rt
.internal_4742761.core.
instr.Instrumenter.inst
rument(Instrumenter.jav
a:77)
	at org.jacoco.agent.rt
.internal_4742761.core.
instr.Instrumenter.inst
rument(Instrumenter.jav
a:109)
	... 95 more
java.lang.instrument.Il
legalClassFormatExcepti
on: Error while 
instrumenting org/sprin
gframework/mail/javamai
l/JavaMailSender$Mockit
oMock$LK5HYe8G$auxiliar
y$tikcoich with JaCoCo 
0.8.11.202310140853/f33
756c.
	at org.jacoco.agent.rt
.internal_4742761.Cover
ageTransformer.transfor
m(CoverageTransformer.j
ava:94)
	at java.instrument/jav
a.lang.instrument.Class
FileTransformer.transfo
rm(ClassFileTransformer
.java:257)
	at java.instrument/sun
.instrument.Transformer
Manager.transform(Trans
formerManager.java:188)
	at java.instrument/sun
.instrument.Instrumenta
tionImpl.transform(Inst
rumentationImpl.java:59
4)
	at java.base/java.lang
.ClassLoader.defineClas
s0(Native Method)
	at java.base/java.lang
.System$1.defineClass(S
ystem.java:2025)
	at java.base/java.lang
.invoke.MethodHandles$L
ookup$ClassDefiner.defi
neClass(MethodHandles.j
ava:2355)
	at java.base/java.lang
.invoke.MethodHandles$L
ookup$ClassDefiner.defi
neClass(MethodHandles.j
ava:2330)
	at java.base/java.lang
.invoke.MethodHandles$L
ookup.defineClass(Metho
dHandles.java:1754)
	at java.base/jdk.inter
nal.reflect.DirectMetho
dHandleAccessor.invoke(
DirectMethodHandleAcces
sor.java:104)
	at java.base/java.lang
.reflect.Method.invoke(
Method.java:565)
	at net.bytebuddy.utili
ty.Invoker$Dispatcher.i
nvoke(Unknown Source)
	at net.bytebuddy.utili
ty.dispatcher.JavaDispa
tcher$Dispatcher$ForNon
StaticMethod.invoke(Jav
aDispatcher.java:1038)
	at net.bytebuddy.utili
ty.dispatcher.JavaDispa
tcher$ProxiedInvocation
Handler.invoke(JavaDisp
atcher.java:1168)
	at jdk.proxy2/jdk.prox
y2.$Proxy150.defineClas
s(Unknown Source)
	at net.bytebuddy.dynam
ic.loading.ClassInjecto
r$UsingLookup.injectRaw
(ClassInjector.java:170
7)
	at net.bytebuddy.dynam
ic.loading.ClassInjecto
r$AbstractBase.injectRa
w(ClassInjector.java:18
8)
	at net.bytebuddy.dynam
ic.loading.ClassInjecto
r$AbstractBase.inject(C
lassInjector.java:176)
	at net.bytebuddy.dynam
ic.loading.ClassLoading
Strategy$UsingLookup.lo
ad(ClassLoadingStrategy
.java:519)
	at net.bytebuddy.dynam
ic.TypeResolutionStrate
gy$Passive.initialize(T
ypeResolutionStrategy.j
ava:101)
	at net.bytebuddy.dynam
ic.DynamicType$Default$
Unloaded.load(DynamicTy
pe.java:6432)
	at org.mockito.interna
l.creation.bytebuddy.Su
bclassBytecodeGenerator
.mockClass(SubclassByte
codeGenerator.java:282)
	at org.mockito.interna
l.creation.bytebuddy.Ty
peCachingBytecodeGenera
tor.lambda$mockClass$0(
TypeCachingBytecodeGene
rator.java:78)
	at net.bytebuddy.TypeC
ache.findOrInsert(TypeC
ache.java:168)
	at net.bytebuddy.TypeC
ache$WithInlineExpuncti
on.findOrInsert(TypeCac
he.java:399)
	at net.bytebuddy.TypeC
ache.findOrInsert(TypeC
ache.java:190)
	at net.bytebuddy.TypeC
ache$WithInlineExpuncti
on.findOrInsert(TypeCac
he.java:410)
	at org.mockito.interna
l.creation.bytebuddy.Ty
peCachingBytecodeGenera
tor.mockClass(TypeCachi
ngBytecodeGenerator.jav
a:75)
	at org.mockito.interna
l.creation.bytebuddy.In
lineBytecodeGenerator.m
ockClass(InlineBytecode
Generator.java:223)
	at org.mockito.interna
l.creation.bytebuddy.Ty
peCachingBytecodeGenera
tor.lambda$mockClass$0(
TypeCachingBytecodeGene
rator.java:78)
	at net.bytebuddy.TypeC
ache.findOrInsert(TypeC
ache.java:168)
	at net.bytebuddy.TypeC
ache$WithInlineExpuncti
on.findOrInsert(TypeCac
he.java:399)
	at net.bytebuddy.TypeC
ache.findOrInsert(TypeC
ache.java:190)
	at net.bytebuddy.TypeC
ache$WithInlineExpuncti
on.findOrInsert(TypeCac
he.java:410)
	at org.mockito.interna
l.creation.bytebuddy.Ty
peCachingBytecodeGenera
tor.mockClass(TypeCachi
ngBytecodeGenerator.jav
a:75)
	at org.mockito.interna
l.creation.bytebuddy.In
lineDelegateByteBuddyMo
ckMaker.createMockType(
InlineDelegateByteBuddy
MockMaker.java:429)
	at org.mockito.interna
l.creation.bytebuddy.In
lineDelegateByteBuddyMo
ckMaker.doCreateMock(In
lineDelegateByteBuddyMo
ckMaker.java:388)
	at org.mockito.interna
l.creation.bytebuddy.In
lineDelegateByteBuddyMo
ckMaker.createMock(Inli
neDelegateByteBuddyMock
Maker.java:367)
	at org.mockito.interna
l.creation.bytebuddy.In
lineByteBuddyMockMaker.
createMock(InlineByteBu
ddyMockMaker.java:56)
	at org.mockito.interna
l.util.MockUtil.createM
ock(MockUtil.java:99)
	at org.mockito.interna
l.MockitoCore.mock(Mock
itoCore.java:84)
	at org.mockito.Mockito
.mock(Mockito.java:2198
)
	at org.mockito.interna
l.configuration.MockAnn
otationProcessor.proces
sAnnotationForMock(Mock
AnnotationProcessor.jav
a:79)
	at org.mockito.interna
l.configuration.MockAnn
otationProcessor.proces
s(MockAnnotationProcess
or.java:28)
	at org.mockito.interna
l.configuration.MockAnn
otationProcessor.proces
s(MockAnnotationProcess
or.java:25)
	at org.mockito.interna
l.configuration.Indepen
dentAnnotationEngine.cr
eateMockFor(Independent
AnnotationEngine.java:4
4)
	at org.mockito.interna
l.configuration.Indepen
dentAnnotationEngine.pr
ocess(IndependentAnnota
tionEngine.java:72)
	at org.mockito.interna
l.configuration.Injecti
ngAnnotationEngine.proc
essIndependentAnnotatio
ns(InjectingAnnotationE
ngine.java:62)
	at org.mockito.interna
l.configuration.Injecti
ngAnnotationEngine.proc
ess(InjectingAnnotation
Engine.java:47)
	at org.mockito.Mockito
Annotations.openMocks(M
ockitoAnnotations.java:
81)
	at org.mockito.interna
l.runners.DefaultIntern
alRunner$1$1.evaluate(D
efaultInternalRunner.ja
va:50)
	at org.junit.runners.P
arentRunner$3.evaluate(
ParentRunner.java:306)
	at org.junit.runners.B
lockJUnit4ClassRunner$1
.evaluate(BlockJUnit4Cl
assRunner.java:100)
	at org.junit.runners.P
arentRunner.runLeaf(Par
entRunner.java:366)
	at org.junit.runners.B
lockJUnit4ClassRunner.r
unChild(BlockJUnit4Clas
sRunner.java:103)
	at org.junit.runners.B
lockJUnit4ClassRunner.r
unChild(BlockJUnit4Clas
sRunner.java:63)
	at org.junit.runners.P
arentRunner$4.run(Paren
tRunner.java:331)
	at org.junit.runners.P
arentRunner$1.schedule(
ParentRunner.java:79)
	at org.junit.runners.P
arentRunner.runChildren
(ParentRunner.java:329)
	at org.junit.runners.P
arentRunner.access$100(
ParentRunner.java:66)
	at org.junit.runners.P
arentRunner$2.evaluate(
ParentRunner.java:293)
	at org.junit.runners.P
arentRunner$3.evaluate(
ParentRunner.java:306)
	at org.junit.runners.P
arentRunner.run(ParentR
unner.java:413)
	at org.mockito.interna
l.runners.DefaultIntern
alRunner$1.run(DefaultI
nternalRunner.java:100)
	at org.mockito.interna
l.runners.DefaultIntern
alRunner.run(DefaultInt
ernalRunner.java:107)
	at org.mockito.interna
l.runners.StrictRunner.
run(StrictRunner.java:4
2)
	at org.mockito.junit.M
ockitoJUnitRunner.run(M
ockitoJUnitRunner.java:
163)
	at org.junit.runner.JU
nitCore.run(JUnitCore.j
ava:137)
	at org.junit.runner.JU
nitCore.run(JUnitCore.j
ava:115)
	at org.junit.vintage.e
ngine.execution.RunnerE
xecutor.execute(RunnerE
xecutor.java:42)
	at org.junit.vintage.e
ngine.execution.Vintage
Executor.executeClasses
AndMethodsSequentially(
VintageExecutor.java:93
)
	at org.junit.vintage.e
ngine.execution.Vintage
Executor.executeAllChil
dren(VintageExecutor.ja
va:73)
	at org.junit.vintage.e
ngine.VintageTestEngine
.execute(VintageTestEng
ine.java:70)
	at org.junit.platform.
launcher.core.EngineExe
cutionOrchestrator.exec
ute(EngineExecutionOrch
estrator.java:201)
	at org.junit.platform.
launcher.core.EngineExe
cutionOrchestrator.exec
ute(EngineExecutionOrch
estrator.java:170)
	at org.junit.platform.
launcher.core.EngineExe
cutionOrchestrator.exec
ute(EngineExecutionOrch
estrator.java:94)
	at org.junit.platform.
launcher.core.EngineExe
cutionOrchestrator.lamb
da$execute$0(EngineExec
utionOrchestrator.java:
59)
	at org.junit.platform.
launcher.core.EngineExe
cutionOrchestrator.with
InterceptedStreams(Engi
neExecutionOrchestrator
.java:142)
	at org.junit.platform.
launcher.core.EngineExe
cutionOrchestrator.exec
ute(EngineExecutionOrch
estrator.java:58)
	at org.junit.platform.
launcher.core.DefaultLa
uncher.execute(DefaultL
auncher.java:103)
	at org.junit.platform.
launcher.core.DefaultLa
uncher.execute(DefaultL
auncher.java:85)
	at org.junit.platform.
launcher.core.Delegatin
gLauncher.execute(Deleg
atingLauncher.java:47)
	at org.junit.platform.
launcher.core.Intercept
ingLauncher.lambda$exec
ute$1(InterceptingLaunc
her.java:39)
	at org.junit.platform.
launcher.core.Classpath
AlignmentCheckingLaunch
erInterceptor.intercept
(ClasspathAlignmentChec
kingLauncherInterceptor
.java:25)
	at org.junit.platform.
launcher.core.Intercept
ingLauncher.execute(Int
erceptingLauncher.java:
38)
	at org.junit.platform.
launcher.core.Delegatin
gLauncher.execute(Deleg
atingLauncher.java:47)
	at org.apache.maven.su
refire.junitplatform.La
uncherAdapter.executeWi
thoutCancellationToken(
LauncherAdapter.java:60
)
	at org.apache.maven.su
refire.junitplatform.La
uncherAdapter.execute(L
auncherAdapter.java:52)
	at org.apache.maven.su
refire.junitplatform.JU
nitPlatformProvider.exe
cute(JUnitPlatformProvi
der.java:203)
	at org.apache.maven.su
refire.junitplatform.JU
nitPlatformProvider.inv
okeAllTests(JUnitPlatfo
rmProvider.java:168)
	at org.apache.maven.su
refire.junitplatform.JU
nitPlatformProvider.inv
oke(JUnitPlatformProvid
er.java:136)
	at org.apache.maven.su
refire.booter.ForkedBoo
ter.runSuitesInProcess(
ForkedBooter.java:385)
	at org.apache.maven.su
refire.booter.ForkedBoo
ter.execute(ForkedBoote
r.java:162)
	at org.apache.maven.su
refire.booter.ForkedBoo
ter.run(ForkedBooter.ja
va:507)
	at org.apache.maven.su
refire.booter.ForkedBoo
ter.main(ForkedBooter.j
ava:495)
Caused by: 
java.io.IOException: 
Error while 
instrumenting org/sprin
gframework/mail/javamai
l/JavaMailSender$Mockit
oMock$LK5HYe8G$auxiliar
y$tikcoich with JaCoCo 
0.8.11.202310140853/f33
756c.
	at org.jacoco.agent.rt
.internal_4742761.core.
instr.Instrumenter.inst
rumentError(Instrumente
r.java:161)
	at org.jacoco.agent.rt
.internal_4742761.core.
instr.Instrumenter.inst
rument(Instrumenter.jav
a:111)
	at org.jacoco.agent.rt
.internal_4742761.Cover
ageTransformer.transfor
m(CoverageTransformer.j
ava:92)
	... 94 more
Caused by: java.lang.Il
legalArgumentException:
 Unsupported class 
file major version 68
	at org.jacoco.agent.rt
.internal_4742761.asm.C
lassReader.<init>(Class
Reader.java:200)
	at org.jacoco.agent.rt
.internal_4742761.asm.C
lassReader.<init>(Class
Reader.java:180)
	at org.jacoco.agent.rt
.internal_4742761.asm.C
lassReader.<init>(Class
Reader.java:166)
	at org.jacoco.agent.rt
.internal_4742761.core.
internal.instr.InstrSup
port.classReaderFor(Ins
trSupport.java:280)
	at org.jacoco.agent.rt
.internal_4742761.core.
instr.Instrumenter.inst
rument(Instrumenter.jav
a:77)
	at org.jacoco.agent.rt
.internal_4742761.core.
instr.Instrumenter.inst
rument(Instrumenter.jav
a:109)
	... 95 more
java.lang.instrument.Il
legalClassFormatExcepti
on: Error while 
instrumenting org/sprin
gframework/mail/javamai
l/JavaMailSender$Mockit
oMock$LK5HYe8G$auxiliar
y$1NsoMn8j with JaCoCo 
0.8.11.202310140853/f33
756c.
	at org.jacoco.agent.rt
.internal_4742761.Cover
ageTransformer.transfor
m(CoverageTransformer.j
ava:94)
	at java.instrument/jav
a.lang.instrument.Class
FileTransformer.transfo
rm(ClassFileTransformer
.java:257)
	at java.instrument/sun
.instrument.Transformer
Manager.transform(Trans
formerManager.java:188)
	at java.instrument/sun
.instrument.Instrumenta
tionImpl.transform(Inst
rumentationImpl.java:59
4)
	at java.base/java.lang
.ClassLoader.defineClas
s0(Native Method)
	at java.base/java.lang
.System$1.defineClass(S
ystem.java:2025)
	at java.base/java.lang
.invoke.MethodHandles$L
ookup$ClassDefiner.defi
neClass(MethodHandles.j
ava:2355)
	at java.base/java.lang
.invoke.MethodHandles$L
ookup$ClassDefiner.defi
neClass(MethodHandles.j
ava:2330)
	at java.base/java.lang
.invoke.MethodHandles$L
ookup.defineClass(Metho
dHandles.java:1754)
	at java.base/jdk.inter
nal.reflect.DirectMetho
dHandleAccessor.invoke(
DirectMethodHandleAcces
sor.java:104)
	at java.base/java.lang
.reflect.Method.invoke(
Method.java:565)
	at net.bytebuddy.utili
ty.Invoker$Dispatcher.i
nvoke(Unknown Source)
	at net.bytebuddy.utili
ty.dispatcher.JavaDispa
tcher$Dispatcher$ForNon
StaticMethod.invoke(Jav
aDispatcher.java:1038)
	at net.bytebuddy.utili
ty.dispatcher.JavaDispa
tcher$ProxiedInvocation
Handler.invoke(JavaDisp
atcher.java:1168)
	at jdk.proxy2/jdk.prox
y2.$Proxy150.defineClas
s(Unknown Source)
	at net.bytebuddy.dynam
ic.loading.ClassInjecto
r$UsingLookup.injectRaw
(ClassInjector.java:170
7)
	at net.bytebuddy.dynam
ic.loading.ClassInjecto
r$AbstractBase.injectRa
w(ClassInjector.java:18
8)
	at net.bytebuddy.dynam
ic.loading.ClassInjecto
r$AbstractBase.inject(C
lassInjector.java:176)
	at net.bytebuddy.dynam
ic.loading.ClassLoading
Strategy$UsingLookup.lo
ad(ClassLoadingStrategy
.java:519)
	at net.bytebuddy.dynam
ic.TypeResolutionStrate
gy$Passive.initialize(T
ypeResolutionStrategy.j
ava:101)
	at net.bytebuddy.dynam
ic.DynamicType$Default$
Unloaded.load(DynamicTy
pe.java:6432)
	at org.mockito.interna
l.creation.bytebuddy.Su
bclassBytecodeGenerator
.mockClass(SubclassByte
codeGenerator.java:282)
	at org.mockito.interna
l.creation.bytebuddy.Ty
peCachingBytecodeGenera
tor.lambda$mockClass$0(
TypeCachingBytecodeGene
rator.java:78)
	at net.bytebuddy.TypeC
ache.findOrInsert(TypeC
ache.java:168)
	at net.bytebuddy.TypeC
ache$WithInlineExpuncti
on.findOrInsert(TypeCac
he.java:399)
	at net.bytebuddy.TypeC
ache.findOrInsert(TypeC
ache.java:190)
	at net.bytebuddy.TypeC
ache$WithInlineExpuncti
on.findOrInsert(TypeCac
he.java:410)
	at org.mockito.interna
l.creation.bytebuddy.Ty
peCachingBytecodeGenera
tor.mockClass(TypeCachi
ngBytecodeGenerator.jav
a:75)
	at org.mockito.interna
l.creation.bytebuddy.In
lineBytecodeGenerator.m
ockClass(InlineBytecode
Generator.java:223)
	at org.mockito.interna
l.creation.bytebuddy.Ty
peCachingBytecodeGenera
tor.lambda$mockClass$0(
TypeCachingBytecodeGene
rator.java:78)
	at net.bytebuddy.TypeC
ache.findOrInsert(TypeC
ache.java:168)
	at net.bytebuddy.TypeC
ache$WithInlineExpuncti
on.findOrInsert(TypeCac
he.java:399)
	at net.bytebuddy.TypeC
ache.findOrInsert(TypeC
ache.java:190)
	at net.bytebuddy.TypeC
ache$WithInlineExpuncti
on.findOrInsert(TypeCac
he.java:410)
	at org.mockito.interna
l.creation.bytebuddy.Ty
peCachingBytecodeGenera
tor.mockClass(TypeCachi
ngBytecodeGenerator.jav
a:75)
	at org.mockito.interna
l.creation.bytebuddy.In
lineDelegateByteBuddyMo
ckMaker.createMockType(
InlineDelegateByteBuddy
MockMaker.java:429)
	at org.mockito.interna
l.creation.bytebuddy.In
lineDelegateByteBuddyMo
ckMaker.doCreateMock(In
lineDelegateByteBuddyMo
ckMaker.java:388)
	at org.mockito.interna
l.creation.bytebuddy.In
lineDelegateByteBuddyMo
ckMaker.createMock(Inli
neDelegateByteBuddyMock
Maker.java:367)
	at org.mockito.interna
l.creation.bytebuddy.In
lineByteBuddyMockMaker.
createMock(InlineByteBu
ddyMockMaker.java:56)
	at org.mockito.interna
l.util.MockUtil.createM
ock(MockUtil.java:99)
	at org.mockito.interna
l.MockitoCore.mock(Mock
itoCore.java:84)
	at org.mockito.Mockito
.mock(Mockito.java:2198
)
	at org.mockito.interna
l.configuration.MockAnn
otationProcessor.proces
sAnnotationForMock(Mock
AnnotationProcessor.jav
a:79)
	at org.mockito.interna
l.configuration.MockAnn
otationProcessor.proces
s(MockAnnotationProcess
or.java:28)
	at org.mockito.interna
l.configuration.MockAnn
otationProcessor.proces
s(MockAnnotationProcess
or.java:25)
	at org.mockito.interna
l.configuration.Indepen
dentAnnotationEngine.cr
eateMockFor(Independent
AnnotationEngine.java:4
4)
	at org.mockito.interna
l.configuration.Indepen
dentAnnotationEngine.pr
ocess(IndependentAnnota
tionEngine.java:72)
	at org.mockito.interna
l.configuration.Injecti
ngAnnotationEngine.proc
essIndependentAnnotatio
ns(InjectingAnnotationE
ngine.java:62)
	at org.mockito.interna
l.configuration.Injecti
ngAnnotationEngine.proc
ess(InjectingAnnotation
Engine.java:47)
	at org.mockito.Mockito
Annotations.openMocks(M
ockitoAnnotations.java:
81)
	at org.mockito.interna
l.runners.DefaultIntern
alRunner$1$1.evaluate(D
efaultInternalRunner.ja
va:50)
	at org.junit.runners.P
arentRunner$3.evaluate(
ParentRunner.java:306)
	at org.junit.runners.B
lockJUnit4ClassRunner$1
.evaluate(BlockJUnit4Cl
assRunner.java:100)
	at org.junit.runners.P
arentRunner.runLeaf(Par
entRunner.java:366)
	at org.junit.runners.B
lockJUnit4ClassRunner.r
unChild(BlockJUnit4Clas
sRunner.java:103)
	at org.junit.runners.B
lockJUnit4ClassRunner.r
unChild(BlockJUnit4Clas
sRunner.java:63)
	at org.junit.runners.P
arentRunner$4.run(Paren
tRunner.java:331)
	at org.junit.runners.P
arentRunner$1.schedule(
ParentRunner.java:79)
	at org.junit.runners.P
arentRunner.runChildren
(ParentRunner.java:329)
	at org.junit.runners.P
arentRunner.access$100(
ParentRunner.java:66)
	at org.junit.runners.P
arentRunner$2.evaluate(
ParentRunner.java:293)
	at org.junit.runners.P
arentRunner$3.evaluate(
ParentRunner.java:306)
	at org.junit.runners.P
arentRunner.run(ParentR
unner.java:413)
	at org.mockito.interna
l.runners.DefaultIntern
alRunner$1.run(DefaultI
nternalRunner.java:100)
	at org.mockito.interna
l.runners.DefaultIntern
alRunner.run(DefaultInt
ernalRunner.java:107)
	at org.mockito.interna
l.runners.StrictRunner.
run(StrictRunner.java:4
2)
	at org.mockito.junit.M
ockitoJUnitRunner.run(M
ockitoJUnitRunner.java:
163)
	at org.junit.runner.JU
nitCore.run(JUnitCore.j
ava:137)
	at org.junit.runner.JU
nitCore.run(JUnitCore.j
ava:115)
	at org.junit.vintage.e
ngine.execution.RunnerE
xecutor.execute(RunnerE
xecutor.java:42)
	at org.junit.vintage.e
ngine.execution.Vintage
Executor.executeClasses
AndMethodsSequentially(
VintageExecutor.java:93
)
	at org.junit.vintage.e
ngine.execution.Vintage
Executor.executeAllChil
dren(VintageExecutor.ja
va:73)
	at org.junit.vintage.e
ngine.VintageTestEngine
.execute(VintageTestEng
ine.java:70)
	at org.junit.platform.
launcher.core.EngineExe
cutionOrchestrator.exec
ute(EngineExecutionOrch
estrator.java:201)
	at org.junit.platform.
launcher.core.EngineExe
cutionOrchestrator.exec
ute(EngineExecutionOrch
estrator.java:170)
	at org.junit.platform.
launcher.core.EngineExe
cutionOrchestrator.exec
ute(EngineExecutionOrch
estrator.java:94)
	at org.junit.platform.
launcher.core.EngineExe
cutionOrchestrator.lamb
da$execute$0(EngineExec
utionOrchestrator.java:
59)
	at org.junit.platform.
launcher.core.EngineExe
cutionOrchestrator.with
InterceptedStreams(Engi
neExecutionOrchestrator
.java:142)
	at org.junit.platform.
launcher.core.EngineExe
cutionOrchestrator.exec
ute(EngineExecutionOrch
estrator.java:58)
	at org.junit.platform.
launcher.core.DefaultLa
uncher.execute(DefaultL
auncher.java:103)
	at org.junit.platform.
launcher.core.DefaultLa
uncher.execute(DefaultL
auncher.java:85)
	at org.junit.platform.
launcher.core.Delegatin
gLauncher.execute(Deleg
atingLauncher.java:47)
	at org.junit.platform.
launcher.core.Intercept
ingLauncher.lambda$exec
ute$1(InterceptingLaunc
her.java:39)
	at org.junit.platform.
launcher.core.Classpath
AlignmentCheckingLaunch
erInterceptor.intercept
(ClasspathAlignmentChec
kingLauncherInterceptor
.java:25)
	at org.junit.platform.
launcher.core.Intercept
ingLauncher.execute(Int
erceptingLauncher.java:
38)
	at org.junit.platform.
launcher.core.Delegatin
gLauncher.execute(Deleg
atingLauncher.java:47)
	at org.apache.maven.su
refire.junitplatform.La
uncherAdapter.executeWi
thoutCancellationToken(
LauncherAdapter.java:60
)
	at org.apache.maven.su
refire.junitplatform.La
uncherAdapter.execute(L
auncherAdapter.java:52)
	at org.apache.maven.su
refire.junitplatform.JU
nitPlatformProvider.exe
cute(JUnitPlatformProvi
der.java:203)
	at org.apache.maven.su
refire.junitplatform.JU
nitPlatformProvider.inv
okeAllTests(JUnitPlatfo
rmProvider.java:168)
	at org.apache.maven.su
refire.junitplatform.JU
nitPlatformProvider.inv
oke(JUnitPlatformProvid
er.java:136)
	at org.apache.maven.su
refire.booter.ForkedBoo
ter.runSuitesInProcess(
ForkedBooter.java:385)
	at org.apache.maven.su
refire.booter.ForkedBoo
ter.execute(ForkedBoote
r.java:162)
	at org.apache.maven.su
refire.booter.ForkedBoo
ter.run(ForkedBooter.ja
va:507)
	at org.apache.maven.su
refire.booter.ForkedBoo
ter.main(ForkedBooter.j
ava:495)
Caused by: 
java.io.IOException: 
Error while 
instrumenting org/sprin
gframework/mail/javamai
l/JavaMailSender$Mockit
oMock$LK5HYe8G$auxiliar
y$1NsoMn8j with JaCoCo 
0.8.11.202310140853/f33
756c.
	at org.jacoco.agent.rt
.internal_4742761.core.
instr.Instrumenter.inst
rumentError(Instrumente
r.java:161)
	at org.jacoco.agent.rt
.internal_4742761.core.
instr.Instrumenter.inst
rument(Instrumenter.jav
a:111)
	at org.jacoco.agent.rt
.internal_4742761.Cover
ageTransformer.transfor
m(CoverageTransformer.j
ava:92)
	... 94 more
Caused by: java.lang.Il
legalArgumentException:
 Unsupported class 
file major version 68
	at org.jacoco.agent.rt
.internal_4742761.asm.C
lassReader.<init>(Class
Reader.java:200)
	at org.jacoco.agent.rt
.internal_4742761.asm.C
lassReader.<init>(Class
Reader.java:180)
	at org.jacoco.agent.rt
.internal_4742761.asm.C
lassReader.<init>(Class
Reader.java:166)
	at org.jacoco.agent.rt
.internal_4742761.core.
internal.instr.InstrSup
port.classReaderFor(Ins
trSupport.java:280)
	at org.jacoco.agent.rt
.internal_4742761.core.
instr.Instrumenter.inst
rument(Instrumenter.jav
a:77)
	at org.jacoco.agent.rt
.internal_4742761.core.
instr.Instrumenter.inst
rument(Instrumenter.jav
a:109)
	... 95 more
2026-03-03 09:36:23.540 [main] DEBUG com.revpasswordmanager.service.EmailServiceImpl - Attempting to send email to test@example.com with subject: 2FA Verification Code
2026-03-03 09:36:23.544 [main] INFO  com.revpasswordmanager.service.EmailServiceImpl - Successfully sent email to test@example.com
2026-03-03 09:36:23.544 [main] INFO  com.revpasswordmanager.service.EmailServiceImpl - 2FA OTP sent to: test@example.com
2026-03-03 09:36:23.570 [main] DEBUG com.revpasswordmanager.service.EmailServiceImpl - Attempting to send email to test@example.com with subject: 2FA Verification Code
2026-03-03 09:36:23.570 [main] ERROR com.revpasswordmanager.service.EmailServiceImpl - CRITICAL: Failed to send email to test@example.com. Error: Mail server down
2026-03-03 09:36:23.576 [main] DEBUG com.revpasswordmanager.service.EmailServiceImpl - Attempting to send email to test@example.com with subject: Master Password Change Verification
2026-03-03 09:36:23.576 [main] INFO  com.revpasswordmanager.service.EmailServiceImpl - Successfully sent email to test@example.com
2026-03-03 09:36:23.576 [main] INFO  com.revpasswordmanager.service.EmailServiceImpl - Password change verification OTP sent to: test@example.com
[ERROR] Tests run: 3, Failures: 0, Errors: 1, Skipped: 0, Time elapsed: 0.219 s <<< FAILURE! -- in com.revpasswordmanager.service.EmailServiceTest
[ERROR] com.revpasswordmanager.service.EmailServiceTest.testSendEmail_Failure -- Time elapsed: 0.008 s <<< ERROR!
com.revpasswordmanager.exception.EmailDeliveryException: Failed to send verification email. Please check your SMTP configuration.
	at com.revpasswordmanager.service.EmailServiceImpl.sendEmail(EmailServiceImpl.java:43)
	at com.revpasswordmanager.service.EmailServiceImpl.sendOtp(EmailServiceImpl.java:20)
	at com.revpasswordmanager.service.EmailServiceTest.testSendEmail_Failure(EmailServiceTest.java:41)
	at java.base/java.lang.reflect.Method.invoke(Method.java:565)
	at org.mockito.internal.runners.DefaultInternalRunner$1$1.evaluate(DefaultInternalRunner.java:55)
	at org.mockito.internal.runners.DefaultInternalRunner$1.run(DefaultInternalRunner.java:100)
	at org.mockito.internal.runners.DefaultInternalRunner.run(DefaultInternalRunner.java:107)
	at org.mockito.internal.runners.StrictRunner.run(StrictRunner.java:42)
	at org.mockito.junit.MockitoJUnitRunner.run(MockitoJUnitRunner.java:163)
Caused by: java.lang.RuntimeException: Mail server down
	at org.springframework.mail.MailSender.send(MailSender.java:42)
	at com.revpasswordmanager.service.EmailServiceImpl.sendEmail(EmailServiceImpl.java:39)
	... 8 more

[INFO] Running com.revpasswordmanager.service.UserServiceOtpTest
java.lang.instrument.Il
legalClassFormatExcepti
on: Error while 
instrumenting com/revpa
sswordmanager/repositor
y/IVerificationCodeRepo
sitory$MockitoMock$ERZZ
plMt with JaCoCo 0.8.11
.202310140853/f33756c.
	at org.jacoco.agent.rt
.internal_4742761.Cover
ageTransformer.transfor
m(CoverageTransformer.j
ava:94)
	at java.instrument/jav
a.lang.instrument.Class
FileTransformer.transfo
rm(ClassFileTransformer
.java:257)
	at java.instrument/sun
.instrument.Transformer
Manager.transform(Trans
formerManager.java:188)
	at java.instrument/sun
.instrument.Instrumenta
tionImpl.transform(Inst
rumentationImpl.java:59
4)
	at java.base/java.lang
.ClassLoader.defineClas
s0(Native Method)
	at java.base/java.lang
.System$1.defineClass(S
ystem.java:2025)
	at java.base/java.lang
.invoke.MethodHandles$L
ookup$ClassDefiner.defi
neClass(MethodHandles.j
ava:2355)
	at java.base/java.lang
.invoke.MethodHandles$L
ookup$ClassDefiner.defi
neClass(MethodHandles.j
ava:2330)
	at java.base/java.lang
.invoke.MethodHandles$L
ookup.defineClass(Metho
dHandles.java:1754)
	at java.base/jdk.inter
nal.reflect.DirectMetho
dHandleAccessor.invoke(
DirectMethodHandleAcces
sor.java:104)
	at java.base/java.lang
.reflect.Method.invoke(
Method.java:565)
	at net.bytebuddy.utili
ty.Invoker$Dispatcher.i
nvoke(Unknown Source)
	at net.bytebuddy.utili
ty.dispatcher.JavaDispa
tcher$Dispatcher$ForNon
StaticMethod.invoke(Jav
aDispatcher.java:1038)
	at net.bytebuddy.utili
ty.dispatcher.JavaDispa
tcher$ProxiedInvocation
Handler.invoke(JavaDisp
atcher.java:1168)
	at jdk.proxy2/jdk.prox
y2.$Proxy150.defineClas
s(Unknown Source)
	at net.bytebuddy.dynam
ic.loading.ClassInjecto
r$UsingLookup.injectRaw
(ClassInjector.java:170
7)
	at net.bytebuddy.dynam
ic.loading.ClassInjecto
r$AbstractBase.injectRa
w(ClassInjector.java:18
8)
	at net.bytebuddy.dynam
ic.loading.ClassInjecto
r$AbstractBase.inject(C
lassInjector.java:176)
	at net.bytebuddy.dynam
ic.loading.ClassLoading
Strategy$UsingLookup.lo
ad(ClassLoadingStrategy
.java:519)
	at net.bytebuddy.dynam
ic.TypeResolutionStrate
gy$Passive.initialize(T
ypeResolutionStrategy.j
ava:101)
	at net.bytebuddy.dynam
ic.DynamicType$Default$
Unloaded.load(DynamicTy
pe.java:6432)
	at org.mockito.interna
l.creation.bytebuddy.Su
bclassBytecodeGenerator
.mockClass(SubclassByte
codeGenerator.java:282)
	at org.mockito.interna
l.creation.bytebuddy.Ty
peCachingBytecodeGenera
tor.lambda$mockClass$0(
TypeCachingBytecodeGene
rator.java:78)
	at net.bytebuddy.TypeC
ache.findOrInsert(TypeC
ache.java:168)
	at net.bytebuddy.TypeC
ache$WithInlineExpuncti
on.findOrInsert(TypeCac
he.java:399)
	at net.bytebuddy.TypeC
ache.findOrInsert(TypeC
ache.java:190)
	at net.bytebuddy.TypeC
ache$WithInlineExpuncti
on.findOrInsert(TypeCac
he.java:410)
	at org.mockito.interna
l.creation.bytebuddy.Ty
peCachingBytecodeGenera
tor.mockClass(TypeCachi
ngBytecodeGenerator.jav
a:75)
	at org.mockito.interna
l.creation.bytebuddy.In
lineBytecodeGenerator.m
ockClass(InlineBytecode
Generator.java:223)
	at org.mockito.interna
l.creation.bytebuddy.Ty
peCachingBytecodeGenera
tor.lambda$mockClass$0(
TypeCachingBytecodeGene
rator.java:78)
	at net.bytebuddy.TypeC
ache.findOrInsert(TypeC
ache.java:168)
	at net.bytebuddy.TypeC
ache$WithInlineExpuncti
on.findOrInsert(TypeCac
he.java:399)
	at net.bytebuddy.TypeC
ache.findOrInsert(TypeC
ache.java:190)
	at net.bytebuddy.TypeC
ache$WithInlineExpuncti
on.findOrInsert(TypeCac
he.java:410)
	at org.mockito.interna
l.creation.bytebuddy.Ty
peCachingBytecodeGenera
tor.mockClass(TypeCachi
ngBytecodeGenerator.jav
a:75)
	at org.mockito.interna
l.creation.bytebuddy.In
lineDelegateByteBuddyMo
ckMaker.createMockType(
InlineDelegateByteBuddy
MockMaker.java:429)
	at org.mockito.interna
l.creation.bytebuddy.In
lineDelegateByteBuddyMo
ckMaker.doCreateMock(In
lineDelegateByteBuddyMo
ckMaker.java:388)
	at org.mockito.interna
l.creation.bytebuddy.In
lineDelegateByteBuddyMo
ckMaker.createMock(Inli
neDelegateByteBuddyMock
Maker.java:367)
	at org.mockito.interna
l.creation.bytebuddy.In
lineByteBuddyMockMaker.
createMock(InlineByteBu
ddyMockMaker.java:56)
	at org.mockito.interna
l.util.MockUtil.createM
ock(MockUtil.java:99)
	at org.mockito.interna
l.MockitoCore.mock(Mock
itoCore.java:84)
	at org.mockito.Mockito
.mock(Mockito.java:2198
)
	at org.mockito.interna
l.configuration.MockAnn
otationProcessor.proces
sAnnotationForMock(Mock
AnnotationProcessor.jav
a:79)
	at org.mockito.interna
l.configuration.MockAnn
otationProcessor.proces
s(MockAnnotationProcess
or.java:28)
	at org.mockito.interna
l.configuration.MockAnn
otationProcessor.proces
s(MockAnnotationProcess
or.java:25)
	at org.mockito.interna
l.configuration.Indepen
dentAnnotationEngine.cr
eateMockFor(Independent
AnnotationEngine.java:4
4)
	at org.mockito.interna
l.configuration.Indepen
dentAnnotationEngine.pr
ocess(IndependentAnnota
tionEngine.java:72)
	at org.mockito.interna
l.configuration.Injecti
ngAnnotationEngine.proc
essIndependentAnnotatio
ns(InjectingAnnotationE
ngine.java:62)
	at org.mockito.interna
l.configuration.Injecti
ngAnnotationEngine.proc
ess(InjectingAnnotation
Engine.java:47)
	at org.mockito.Mockito
Annotations.openMocks(M
ockitoAnnotations.java:
81)
	at org.mockito.interna
l.runners.DefaultIntern
alRunner$1$1.evaluate(D
efaultInternalRunner.ja
va:50)
	at org.junit.runners.P
arentRunner$3.evaluate(
ParentRunner.java:306)
	at org.junit.runners.B
lockJUnit4ClassRunner$1
.evaluate(BlockJUnit4Cl
assRunner.java:100)
	at org.junit.runners.P
arentRunner.runLeaf(Par
entRunner.java:366)
	at org.junit.runners.B
lockJUnit4ClassRunner.r
unChild(BlockJUnit4Clas
sRunner.java:103)
	at org.junit.runners.B
lockJUnit4ClassRunner.r
unChild(BlockJUnit4Clas
sRunner.java:63)
	at org.junit.runners.P
arentRunner$4.run(Paren
tRunner.java:331)
	at org.junit.runners.P
arentRunner$1.schedule(
ParentRunner.java:79)
	at org.junit.runners.P
arentRunner.runChildren
(ParentRunner.java:329)
	at org.junit.runners.P
arentRunner.access$100(
ParentRunner.java:66)
	at org.junit.runners.P
arentRunner$2.evaluate(
ParentRunner.java:293)
	at org.junit.runners.P
arentRunner$3.evaluate(
ParentRunner.java:306)
	at org.junit.runners.P
arentRunner.run(ParentR
unner.java:413)
	at org.mockito.interna
l.runners.DefaultIntern
alRunner$1.run(DefaultI
nternalRunner.java:100)
	at org.mockito.interna
l.runners.DefaultIntern
alRunner.run(DefaultInt
ernalRunner.java:107)
	at org.mockito.interna
l.runners.StrictRunner.
run(StrictRunner.java:4
2)
	at org.mockito.junit.M
ockitoJUnitRunner.run(M
ockitoJUnitRunner.java:
163)
	at org.junit.runner.JU
nitCore.run(JUnitCore.j
ava:137)
	at org.junit.runner.JU
nitCore.run(JUnitCore.j
ava:115)
	at org.junit.vintage.e
ngine.execution.RunnerE
xecutor.execute(RunnerE
xecutor.java:42)
	at org.junit.vintage.e
ngine.execution.Vintage
Executor.executeClasses
AndMethodsSequentially(
VintageExecutor.java:93
)
	at org.junit.vintage.e
ngine.execution.Vintage
Executor.executeAllChil
dren(VintageExecutor.ja
va:73)
	at org.junit.vintage.e
ngine.VintageTestEngine
.execute(VintageTestEng
ine.java:70)
	at org.junit.platform.
launcher.core.EngineExe
cutionOrchestrator.exec
ute(EngineExecutionOrch
estrator.java:201)
	at org.junit.platform.
launcher.core.EngineExe
cutionOrchestrator.exec
ute(EngineExecutionOrch
estrator.java:170)
	at org.junit.platform.
launcher.core.EngineExe
cutionOrchestrator.exec
ute(EngineExecutionOrch
estrator.java:94)
	at org.junit.platform.
launcher.core.EngineExe
cutionOrchestrator.lamb
da$execute$0(EngineExec
utionOrchestrator.java:
59)
	at org.junit.platform.
launcher.core.EngineExe
cutionOrchestrator.with
InterceptedStreams(Engi
neExecutionOrchestrator
.java:142)
	at org.junit.platform.
launcher.core.EngineExe
cutionOrchestrator.exec
ute(EngineExecutionOrch
estrator.java:58)
	at org.junit.platform.
launcher.core.DefaultLa
uncher.execute(DefaultL
auncher.java:103)
	at org.junit.platform.
launcher.core.DefaultLa
uncher.execute(DefaultL
auncher.java:85)
	at org.junit.platform.
launcher.core.Delegatin
gLauncher.execute(Deleg
atingLauncher.java:47)
	at org.junit.platform.
launcher.core.Intercept
ingLauncher.lambda$exec
ute$1(InterceptingLaunc
her.java:39)
	at org.junit.platform.
launcher.core.Classpath
AlignmentCheckingLaunch
erInterceptor.intercept
(ClasspathAlignmentChec
kingLauncherInterceptor
.java:25)
	at org.junit.platform.
launcher.core.Intercept
ingLauncher.execute(Int
erceptingLauncher.java:
38)
	at org.junit.platform.
launcher.core.Delegatin
gLauncher.execute(Deleg
atingLauncher.java:47)
	at org.apache.maven.su
refire.junitplatform.La
uncherAdapter.executeWi
thoutCancellationToken(
LauncherAdapter.java:60
)
	at org.apache.maven.su
refire.junitplatform.La
uncherAdapter.execute(L
auncherAdapter.java:52)
	at org.apache.maven.su
refire.junitplatform.JU
nitPlatformProvider.exe
cute(JUnitPlatformProvi
der.java:203)
	at org.apache.maven.su
refire.junitplatform.JU
nitPlatformProvider.inv
okeAllTests(JUnitPlatfo
rmProvider.java:168)
	at org.apache.maven.su
refire.junitplatform.JU
nitPlatformProvider.inv
oke(JUnitPlatformProvid
er.java:136)
	at org.apache.maven.su
refire.booter.ForkedBoo
ter.runSuitesInProcess(
ForkedBooter.java:385)
	at org.apache.maven.su
refire.booter.ForkedBoo
ter.execute(ForkedBoote
r.java:162)
	at org.apache.maven.su
refire.booter.ForkedBoo
ter.run(ForkedBooter.ja
va:507)
	at org.apache.maven.su
refire.booter.ForkedBoo
ter.main(ForkedBooter.j
ava:495)
Caused by: 
java.io.IOException: 
Error while 
instrumenting com/revpa
sswordmanager/repositor
y/IVerificationCodeRepo
sitory$MockitoMock$ERZZ
plMt with JaCoCo 0.8.11
.202310140853/f33756c.
	at org.jacoco.agent.rt
.internal_4742761.core.
instr.Instrumenter.inst
rumentError(Instrumente
r.java:161)
	at org.jacoco.agent.rt
.internal_4742761.core.
instr.Instrumenter.inst
rument(Instrumenter.jav
a:111)
	at org.jacoco.agent.rt
.internal_4742761.Cover
ageTransformer.transfor
m(CoverageTransformer.j
ava:92)
	... 94 more
Caused by: java.lang.Il
legalArgumentException:
 Unsupported class 
file major version 68
	at org.jacoco.agent.rt
.internal_4742761.asm.C
lassReader.<init>(Class
Reader.java:200)
	at org.jacoco.agent.rt
.internal_4742761.asm.C
lassReader.<init>(Class
Reader.java:180)
	at org.jacoco.agent.rt
.internal_4742761.asm.C
lassReader.<init>(Class
Reader.java:166)
	at org.jacoco.agent.rt
.internal_4742761.core.
internal.instr.InstrSup
port.classReaderFor(Ins
trSupport.java:280)
	at org.jacoco.agent.rt
.internal_4742761.core.
instr.Instrumenter.inst
rument(Instrumenter.jav
a:77)
	at org.jacoco.agent.rt
.internal_4742761.core.
instr.Instrumenter.inst
rument(Instrumenter.jav
a:109)
	... 95 more
java.lang.instrument.Il
legalClassFormatExcepti
on: Error while 
instrumenting com/revpa
sswordmanager/repositor
y/IVerificationCodeRepo
sitory$MockitoMock$ERZZ
plMt$auxiliary$ZnVxRVyd
 with JaCoCo 0.8.11.202
310140853/f33756c.
	at org.jacoco.agent.rt
.internal_4742761.Cover
ageTransformer.transfor
m(CoverageTransformer.j
ava:94)
	at java.instrument/jav
a.lang.instrument.Class
FileTransformer.transfo
rm(ClassFileTransformer
.java:257)
	at java.instrument/sun
.instrument.Transformer
Manager.transform(Trans
formerManager.java:188)
	at java.instrument/sun
.instrument.Instrumenta
tionImpl.transform(Inst
rumentationImpl.java:59
4)
	at java.base/java.lang
.ClassLoader.defineClas
s0(Native Method)
	at java.base/java.lang
.System$1.defineClass(S
ystem.java:2025)
	at java.base/java.lang
.invoke.MethodHandles$L
ookup$ClassDefiner.defi
neClass(MethodHandles.j
ava:2355)
	at java.base/java.lang
.invoke.MethodHandles$L
ookup$ClassDefiner.defi
neClass(MethodHandles.j
ava:2330)
	at java.base/java.lang
.invoke.MethodHandles$L
ookup.defineClass(Metho
dHandles.java:1754)
	at java.base/jdk.inter
nal.reflect.DirectMetho
dHandleAccessor.invoke(
DirectMethodHandleAcces
sor.java:104)
	at java.base/java.lang
.reflect.Method.invoke(
Method.java:565)
	at net.bytebuddy.utili
ty.Invoker$Dispatcher.i
nvoke(Unknown Source)
	at net.bytebuddy.utili
ty.dispatcher.JavaDispa
tcher$Dispatcher$ForNon
StaticMethod.invoke(Jav
aDispatcher.java:1038)
	at net.bytebuddy.utili
ty.dispatcher.JavaDispa
tcher$ProxiedInvocation
Handler.invoke(JavaDisp
atcher.java:1168)
	at jdk.proxy2/jdk.prox
y2.$Proxy150.defineClas
s(Unknown Source)
	at net.bytebuddy.dynam
ic.loading.ClassInjecto
r$UsingLookup.injectRaw
(ClassInjector.java:170
7)
	at net.bytebuddy.dynam
ic.loading.ClassInjecto
r$AbstractBase.injectRa
w(ClassInjector.java:18
8)
	at net.bytebuddy.dynam
ic.loading.ClassInjecto
r$AbstractBase.inject(C
lassInjector.java:176)
	at net.bytebuddy.dynam
ic.loading.ClassLoading
Strategy$UsingLookup.lo
ad(ClassLoadingStrategy
.java:519)
	at net.bytebuddy.dynam
ic.TypeResolutionStrate
gy$Passive.initialize(T
ypeResolutionStrategy.j
ava:101)
	at net.bytebuddy.dynam
ic.DynamicType$Default$
Unloaded.load(DynamicTy
pe.java:6432)
	at org.mockito.interna
l.creation.bytebuddy.Su
bclassBytecodeGenerator
.mockClass(SubclassByte
codeGenerator.java:282)
	at org.mockito.interna
l.creation.bytebuddy.Ty
peCachingBytecodeGenera
tor.lambda$mockClass$0(
TypeCachingBytecodeGene
rator.java:78)
	at net.bytebuddy.TypeC
ache.findOrInsert(TypeC
ache.java:168)
	at net.bytebuddy.TypeC
ache$WithInlineExpuncti
on.findOrInsert(TypeCac
he.java:399)
	at net.bytebuddy.TypeC
ache.findOrInsert(TypeC
ache.java:190)
	at net.bytebuddy.TypeC
ache$WithInlineExpuncti
on.findOrInsert(TypeCac
he.java:410)
	at org.mockito.interna
l.creation.bytebuddy.Ty
peCachingBytecodeGenera
tor.mockClass(TypeCachi
ngBytecodeGenerator.jav
a:75)
	at org.mockito.interna
l.creation.bytebuddy.In
lineBytecodeGenerator.m
ockClass(InlineBytecode
Generator.java:223)
	at org.mockito.interna
l.creation.bytebuddy.Ty
peCachingBytecodeGenera
tor.lambda$mockClass$0(
TypeCachingBytecodeGene
rator.java:78)
	at net.bytebuddy.TypeC
ache.findOrInsert(TypeC
ache.java:168)
	at net.bytebuddy.TypeC
ache$WithInlineExpuncti
on.findOrInsert(TypeCac
he.java:399)
	at net.bytebuddy.TypeC
ache.findOrInsert(TypeC
ache.java:190)
	at net.bytebuddy.TypeC
ache$WithInlineExpuncti
on.findOrInsert(TypeCac
he.java:410)
	at org.mockito.interna
l.creation.bytebuddy.Ty
peCachingBytecodeGenera
tor.mockClass(TypeCachi
ngBytecodeGenerator.jav
a:75)
	at org.mockito.interna
l.creation.bytebuddy.In
lineDelegateByteBuddyMo
ckMaker.createMockType(
InlineDelegateByteBuddy
MockMaker.java:429)
	at org.mockito.interna
l.creation.bytebuddy.In
lineDelegateByteBuddyMo
ckMaker.doCreateMock(In
lineDelegateByteBuddyMo
ckMaker.java:388)
	at org.mockito.interna
l.creation.bytebuddy.In
lineDelegateByteBuddyMo
ckMaker.createMock(Inli
neDelegateByteBuddyMock
Maker.java:367)
	at org.mockito.interna
l.creation.bytebuddy.In
lineByteBuddyMockMaker.
createMock(InlineByteBu
ddyMockMaker.java:56)
	at org.mockito.interna
l.util.MockUtil.createM
ock(MockUtil.java:99)
	at org.mockito.interna
l.MockitoCore.mock(Mock
itoCore.java:84)
	at org.mockito.Mockito
.mock(Mockito.java:2198
)
	at org.mockito.interna
l.configuration.MockAnn
otationProcessor.proces
sAnnotationForMock(Mock
AnnotationProcessor.jav
a:79)
	at org.mockito.interna
l.configuration.MockAnn
otationProcessor.proces
s(MockAnnotationProcess
or.java:28)
	at org.mockito.interna
l.configuration.MockAnn
otationProcessor.proces
s(MockAnnotationProcess
or.java:25)
	at org.mockito.interna
l.configuration.Indepen
dentAnnotationEngine.cr
eateMockFor(Independent
AnnotationEngine.java:4
4)
	at org.mockito.interna
l.configuration.Indepen
dentAnnotationEngine.pr
ocess(IndependentAnnota
tionEngine.java:72)
	at org.mockito.interna
l.configuration.Injecti
ngAnnotationEngine.proc
essIndependentAnnotatio
ns(InjectingAnnotationE
ngine.java:62)
	at org.mockito.interna
l.configuration.Injecti
ngAnnotationEngine.proc
ess(InjectingAnnotation
Engine.java:47)
	at org.mockito.Mockito
Annotations.openMocks(M
ockitoAnnotations.java:
81)
	at org.mockito.interna
l.runners.DefaultIntern
alRunner$1$1.evaluate(D
efaultInternalRunner.ja
va:50)
	at org.junit.runners.P
arentRunner$3.evaluate(
ParentRunner.java:306)
	at org.junit.runners.B
lockJUnit4ClassRunner$1
.evaluate(BlockJUnit4Cl
assRunner.java:100)
	at org.junit.runners.P
arentRunner.runLeaf(Par
entRunner.java:366)
	at org.junit.runners.B
lockJUnit4ClassRunner.r
unChild(BlockJUnit4Clas
sRunner.java:103)
	at org.junit.runners.B
lockJUnit4ClassRunner.r
unChild(BlockJUnit4Clas
sRunner.java:63)
	at org.junit.runners.P
arentRunner$4.run(Paren
tRunner.java:331)
	at org.junit.runners.P
arentRunner$1.schedule(
ParentRunner.java:79)
	at org.junit.runners.P
arentRunner.runChildren
(ParentRunner.java:329)
	at org.junit.runners.P
arentRunner.access$100(
ParentRunner.java:66)
	at org.junit.runners.P
arentRunner$2.evaluate(
ParentRunner.java:293)
	at org.junit.runners.P
arentRunner$3.evaluate(
ParentRunner.java:306)
	at org.junit.runners.P
arentRunner.run(ParentR
unner.java:413)
	at org.mockito.interna
l.runners.DefaultIntern
alRunner$1.run(DefaultI
nternalRunner.java:100)
	at org.mockito.interna
l.runners.DefaultIntern
alRunner.run(DefaultInt
ernalRunner.java:107)
	at org.mockito.interna
l.runners.StrictRunner.
run(StrictRunner.java:4
2)
	at org.mockito.junit.M
ockitoJUnitRunner.run(M
ockitoJUnitRunner.java:
163)
	at org.junit.runner.JU
nitCore.run(JUnitCore.j
ava:137)
	at org.junit.runner.JU
nitCore.run(JUnitCore.j
ava:115)
	at org.junit.vintage.e
ngine.execution.RunnerE
xecutor.execute(RunnerE
xecutor.java:42)
	at org.junit.vintage.e
ngine.execution.Vintage
Executor.executeClasses
AndMethodsSequentially(
VintageExecutor.java:93
)
	at org.junit.vintage.e
ngine.execution.Vintage
Executor.executeAllChil
dren(VintageExecutor.ja
va:73)
	at org.junit.vintage.e
ngine.VintageTestEngine
.execute(VintageTestEng
ine.java:70)
	at org.junit.platform.
launcher.core.EngineExe
cutionOrchestrator.exec
ute(EngineExecutionOrch
estrator.java:201)
	at org.junit.platform.
launcher.core.EngineExe
cutionOrchestrator.exec
ute(EngineExecutionOrch
estrator.java:170)
	at org.junit.platform.
launcher.core.EngineExe
cutionOrchestrator.exec
ute(EngineExecutionOrch
estrator.java:94)
	at org.junit.platform.
launcher.core.EngineExe
cutionOrchestrator.lamb
da$execute$0(EngineExec
utionOrchestrator.java:
59)
	at org.junit.platform.
launcher.core.EngineExe
cutionOrchestrator.with
InterceptedStreams(Engi
neExecutionOrchestrator
.java:142)
	at org.junit.platform.
launcher.core.EngineExe
cutionOrchestrator.exec
ute(EngineExecutionOrch
estrator.java:58)
	at org.junit.platform.
launcher.core.DefaultLa
uncher.execute(DefaultL
auncher.java:103)
	at org.junit.platform.
launcher.core.DefaultLa
uncher.execute(DefaultL
auncher.java:85)
	at org.junit.platform.
launcher.core.Delegatin
gLauncher.execute(Deleg
atingLauncher.java:47)
	at org.junit.platform.
launcher.core.Intercept
ingLauncher.lambda$exec
ute$1(InterceptingLaunc
her.java:39)
	at org.junit.platform.
launcher.core.Classpath
AlignmentCheckingLaunch
erInterceptor.intercept
(ClasspathAlignmentChec
kingLauncherInterceptor
.java:25)
	at org.junit.platform.
launcher.core.Intercept
ingLauncher.execute(Int
erceptingLauncher.java:
38)
	at org.junit.platform.
launcher.core.Delegatin
gLauncher.execute(Deleg
atingLauncher.java:47)
	at org.apache.maven.su
refire.junitplatform.La
uncherAdapter.executeWi
thoutCancellationToken(
LauncherAdapter.java:60
)
	at org.apache.maven.su
refire.junitplatform.La
uncherAdapter.execute(L
auncherAdapter.java:52)
	at org.apache.maven.su
refire.junitplatform.JU
nitPlatformProvider.exe
cute(JUnitPlatformProvi
der.java:203)
	at org.apache.maven.su
refire.junitplatform.JU
nitPlatformProvider.inv
okeAllTests(JUnitPlatfo
rmProvider.java:168)
	at org.apache.maven.su
refire.junitplatform.JU
nitPlatformProvider.inv
oke(JUnitPlatformProvid
er.java:136)
	at org.apache.maven.su
refire.booter.ForkedBoo
ter.runSuitesInProcess(
ForkedBooter.java:385)
	at org.apache.maven.su
refire.booter.ForkedBoo
ter.execute(ForkedBoote
r.java:162)
	at org.apache.maven.su
refire.booter.ForkedBoo
ter.run(ForkedBooter.ja
va:507)
	at org.apache.maven.su
refire.booter.ForkedBoo
ter.main(ForkedBooter.j
ava:495)
Caused by: 
java.io.IOException: 
Error while 
instrumenting com/revpa
sswordmanager/repositor
y/IVerificationCodeRepo
sitory$MockitoMock$ERZZ
plMt$auxiliary$ZnVxRVyd
 with JaCoCo 0.8.11.202
310140853/f33756c.
	at org.jacoco.agent.rt
.internal_4742761.core.
instr.Instrumenter.inst
rumentError(Instrumente
r.java:161)
	at org.jacoco.agent.rt
.internal_4742761.core.
instr.Instrumenter.inst
rument(Instrumenter.jav
a:111)
	at org.jacoco.agent.rt
.internal_4742761.Cover
ageTransformer.transfor
m(CoverageTransformer.j
ava:92)
	... 94 more
Caused by: java.lang.Il
legalArgumentException:
 Unsupported class 
file major version 68
	at org.jacoco.agent.rt
.internal_4742761.asm.C
lassReader.<init>(Class
Reader.java:200)
	at org.jacoco.agent.rt
.internal_4742761.asm.C
lassReader.<init>(Class
Reader.java:180)
	at org.jacoco.agent.rt
.internal_4742761.asm.C
lassReader.<init>(Class
Reader.java:166)
	at org.jacoco.agent.rt
.internal_4742761.core.
internal.instr.InstrSup
port.classReaderFor(Ins
trSupport.java:280)
	at org.jacoco.agent.rt
.internal_4742761.core.
instr.Instrumenter.inst
rument(Instrumenter.jav
a:77)
	at org.jacoco.agent.rt
.internal_4742761.core.
instr.Instrumenter.inst
rument(Instrumenter.jav
a:109)
	... 95 more
java.lang.instrument.Il
legalClassFormatExcepti
on: Error while 
instrumenting com/revpa
sswordmanager/repositor
y/IVerificationCodeRepo
sitory$MockitoMock$ERZZ
plMt$auxiliary$JY2vDC4y
 with JaCoCo 0.8.11.202
310140853/f33756c.
	at org.jacoco.agent.rt
.internal_4742761.Cover
ageTransformer.transfor
m(CoverageTransformer.j
ava:94)
	at java.instrument/jav
a.lang.instrument.Class
FileTransformer.transfo
rm(ClassFileTransformer
.java:257)
	at java.instrument/sun
.instrument.Transformer
Manager.transform(Trans
formerManager.java:188)
	at java.instrument/sun
.instrument.Instrumenta
tionImpl.transform(Inst
rumentationImpl.java:59
4)
	at java.base/java.lang
.ClassLoader.defineClas
s0(Native Method)
	at java.base/java.lang
.System$1.defineClass(S
ystem.java:2025)
	at java.base/java.lang
.invoke.MethodHandles$L
ookup$ClassDefiner.defi
neClass(MethodHandles.j
ava:2355)
	at java.base/java.lang
.invoke.MethodHandles$L
ookup$ClassDefiner.defi
neClass(MethodHandles.j
ava:2330)
	at java.base/java.lang
.invoke.MethodHandles$L
ookup.defineClass(Metho
dHandles.java:1754)
	at java.base/jdk.inter
nal.reflect.DirectMetho
dHandleAccessor.invoke(
DirectMethodHandleAcces
sor.java:104)
	at java.base/java.lang
.reflect.Method.invoke(
Method.java:565)
	at net.bytebuddy.utili
ty.Invoker$Dispatcher.i
nvoke(Unknown Source)
	at net.bytebuddy.utili
ty.dispatcher.JavaDispa
tcher$Dispatcher$ForNon
StaticMethod.invoke(Jav
aDispatcher.java:1038)
	at net.bytebuddy.utili
ty.dispatcher.JavaDispa
tcher$ProxiedInvocation
Handler.invoke(JavaDisp
atcher.java:1168)
	at jdk.proxy2/jdk.prox
y2.$Proxy150.defineClas
s(Unknown Source)
	at net.bytebuddy.dynam
ic.loading.ClassInjecto
r$UsingLookup.injectRaw
(ClassInjector.java:170
7)
	at net.bytebuddy.dynam
ic.loading.ClassInjecto
r$AbstractBase.injectRa
w(ClassInjector.java:18
8)
	at net.bytebuddy.dynam
ic.loading.ClassInjecto
r$AbstractBase.inject(C
lassInjector.java:176)
	at net.bytebuddy.dynam
ic.loading.ClassLoading
Strategy$UsingLookup.lo
ad(ClassLoadingStrategy
.java:519)
	at net.bytebuddy.dynam
ic.TypeResolutionStrate
gy$Passive.initialize(T
ypeResolutionStrategy.j
ava:101)
	at net.bytebuddy.dynam
ic.DynamicType$Default$
Unloaded.load(DynamicTy
pe.java:6432)
	at org.mockito.interna
l.creation.bytebuddy.Su
bclassBytecodeGenerator
.mockClass(SubclassByte
codeGenerator.java:282)
	at org.mockito.interna
l.creation.bytebuddy.Ty
peCachingBytecodeGenera
tor.lambda$mockClass$0(
TypeCachingBytecodeGene
rator.java:78)
	at net.bytebuddy.TypeC
ache.findOrInsert(TypeC
ache.java:168)
	at net.bytebuddy.TypeC
ache$WithInlineExpuncti
on.findOrInsert(TypeCac
he.java:399)
	at net.bytebuddy.TypeC
ache.findOrInsert(TypeC
ache.java:190)
	at net.bytebuddy.TypeC
ache$WithInlineExpuncti
on.findOrInsert(TypeCac
he.java:410)
	at org.mockito.interna
l.creation.bytebuddy.Ty
peCachingBytecodeGenera
tor.mockClass(TypeCachi
ngBytecodeGenerator.jav
a:75)
	at org.mockito.interna
l.creation.bytebuddy.In
lineBytecodeGenerator.m
ockClass(InlineBytecode
Generator.java:223)
	at org.mockito.interna
l.creation.bytebuddy.Ty
peCachingBytecodeGenera
tor.lambda$mockClass$0(
TypeCachingBytecodeGene
rator.java:78)
	at net.bytebuddy.TypeC
ache.findOrInsert(TypeC
ache.java:168)
	at net.bytebuddy.TypeC
ache$WithInlineExpuncti
on.findOrInsert(TypeCac
he.java:399)
	at net.bytebuddy.TypeC
ache.findOrInsert(TypeC
ache.java:190)
	at net.bytebuddy.TypeC
ache$WithInlineExpuncti
on.findOrInsert(TypeCac
he.java:410)
	at org.mockito.interna
l.creation.bytebuddy.Ty
peCachingBytecodeGenera
tor.mockClass(TypeCachi
ngBytecodeGenerator.jav
a:75)
	at org.mockito.interna
l.creation.bytebuddy.In
lineDelegateByteBuddyMo
ckMaker.createMockType(
InlineDelegateByteBuddy
MockMaker.java:429)
	at org.mockito.interna
l.creation.bytebuddy.In
lineDelegateByteBuddyMo
ckMaker.doCreateMock(In
lineDelegateByteBuddyMo
ckMaker.java:388)
	at org.mockito.interna
l.creation.bytebuddy.In
lineDelegateByteBuddyMo
ckMaker.createMock(Inli
neDelegateByteBuddyMock
Maker.java:367)
	at org.mockito.interna
l.creation.bytebuddy.In
lineByteBuddyMockMaker.
createMock(InlineByteBu
ddyMockMaker.java:56)
	at org.mockito.interna
l.util.MockUtil.createM
ock(MockUtil.java:99)
	at org.mockito.interna
l.MockitoCore.mock(Mock
itoCore.java:84)
	at org.mockito.Mockito
.mock(Mockito.java:2198
)
	at org.mockito.interna
l.configuration.MockAnn
otationProcessor.proces
sAnnotationForMock(Mock
AnnotationProcessor.jav
a:79)
	at org.mockito.interna
l.configuration.MockAnn
otationProcessor.proces
s(MockAnnotationProcess
or.java:28)
	at org.mockito.interna
l.configuration.MockAnn
otationProcessor.proces
s(MockAnnotationProcess
or.java:25)
	at org.mockito.interna
l.configuration.Indepen
dentAnnotationEngine.cr
eateMockFor(Independent
AnnotationEngine.java:4
4)
	at org.mockito.interna
l.configuration.Indepen
dentAnnotationEngine.pr
ocess(IndependentAnnota
tionEngine.java:72)
	at org.mockito.interna
l.configuration.Injecti
ngAnnotationEngine.proc
essIndependentAnnotatio
ns(InjectingAnnotationE
ngine.java:62)
	at org.mockito.interna
l.configuration.Injecti
ngAnnotationEngine.proc
ess(InjectingAnnotation
Engine.java:47)
	at org.mockito.Mockito
Annotations.openMocks(M
ockitoAnnotations.java:
81)
	at org.mockito.interna
l.runners.DefaultIntern
alRunner$1$1.evaluate(D
efaultInternalRunner.ja
va:50)
	at org.junit.runners.P
arentRunner$3.evaluate(
ParentRunner.java:306)
	at org.junit.runners.B
lockJUnit4ClassRunner$1
.evaluate(BlockJUnit4Cl
assRunner.java:100)
	at org.junit.runners.P
arentRunner.runLeaf(Par
entRunner.java:366)
	at org.junit.runners.B
lockJUnit4ClassRunner.r
unChild(BlockJUnit4Clas
sRunner.java:103)
	at org.junit.runners.B
lockJUnit4ClassRunner.r
unChild(BlockJUnit4Clas
sRunner.java:63)
	at org.junit.runners.P
arentRunner$4.run(Paren
tRunner.java:331)
	at org.junit.runners.P
arentRunner$1.schedule(
ParentRunner.java:79)
	at org.junit.runners.P
arentRunner.runChildren
(ParentRunner.java:329)
	at org.junit.runners.P
arentRunner.access$100(
ParentRunner.java:66)
	at org.junit.runners.P
arentRunner$2.evaluate(
ParentRunner.java:293)
	at org.junit.runners.P
arentRunner$3.evaluate(
ParentRunner.java:306)
	at org.junit.runners.P
arentRunner.run(ParentR
unner.java:413)
	at org.mockito.interna
l.runners.DefaultIntern
alRunner$1.run(DefaultI
nternalRunner.java:100)
	at org.mockito.interna
l.runners.DefaultIntern
alRunner.run(DefaultInt
ernalRunner.java:107)
	at org.mockito.interna
l.runners.StrictRunner.
run(StrictRunner.java:4
2)
	at org.mockito.junit.M
ockitoJUnitRunner.run(M
ockitoJUnitRunner.java:
163)
	at org.junit.runner.JU
nitCore.run(JUnitCore.j
ava:137)
	at org.junit.runner.JU
nitCore.run(JUnitCore.j
ava:115)
	at org.junit.vintage.e
ngine.execution.RunnerE
xecutor.execute(RunnerE
xecutor.java:42)
	at org.junit.vintage.e
ngine.execution.Vintage
Executor.executeClasses
AndMethodsSequentially(
VintageExecutor.java:93
)
	at org.junit.vintage.e
ngine.execution.Vintage
Executor.executeAllChil
dren(VintageExecutor.ja
va:73)
	at org.junit.vintage.e
ngine.VintageTestEngine
.execute(VintageTestEng
ine.java:70)
	at org.junit.platform.
launcher.core.EngineExe
cutionOrchestrator.exec
ute(EngineExecutionOrch
estrator.java:201)
	at org.junit.platform.
launcher.core.EngineExe
cutionOrchestrator.exec
ute(EngineExecutionOrch
estrator.java:170)
	at org.junit.platform.
launcher.core.EngineExe
cutionOrchestrator.exec
ute(EngineExecutionOrch
estrator.java:94)
	at org.junit.platform.
launcher.core.EngineExe
cutionOrchestrator.lamb
da$execute$0(EngineExec
utionOrchestrator.java:
59)
	at org.junit.platform.
launcher.core.EngineExe
cutionOrchestrator.with
InterceptedStreams(Engi
neExecutionOrchestrator
.java:142)
	at org.junit.platform.
launcher.core.EngineExe
cutionOrchestrator.exec
ute(EngineExecutionOrch
estrator.java:58)
	at org.junit.platform.
launcher.core.DefaultLa
uncher.execute(DefaultL
auncher.java:103)
	at org.junit.platform.
launcher.core.DefaultLa
uncher.execute(DefaultL
auncher.java:85)
	at org.junit.platform.
launcher.core.Delegatin
gLauncher.execute(Deleg
atingLauncher.java:47)
	at org.junit.platform.
launcher.core.Intercept
ingLauncher.lambda$exec
ute$1(InterceptingLaunc
her.java:39)
	at org.junit.platform.
launcher.core.Classpath
AlignmentCheckingLaunch
erInterceptor.intercept
(ClasspathAlignmentChec
kingLauncherInterceptor
.java:25)
	at org.junit.platform.
launcher.core.Intercept
ingLauncher.execute(Int
erceptingLauncher.java:
38)
	at org.junit.platform.
launcher.core.Delegatin
gLauncher.execute(Deleg
atingLauncher.java:47)
	at org.apache.maven.su
refire.junitplatform.La
uncherAdapter.executeWi
thoutCancellationToken(
LauncherAdapter.java:60
)
	at org.apache.maven.su
refire.junitplatform.La
uncherAdapter.execute(L
auncherAdapter.java:52)
	at org.apache.maven.su
refire.junitplatform.JU
nitPlatformProvider.exe
cute(JUnitPlatformProvi
der.java:203)
	at org.apache.maven.su
refire.junitplatform.JU
nitPlatformProvider.inv
okeAllTests(JUnitPlatfo
rmProvider.java:168)
	at org.apache.maven.su
refire.junitplatform.JU
nitPlatformProvider.inv
oke(JUnitPlatformProvid
er.java:136)
	at org.apache.maven.su
refire.booter.ForkedBoo
ter.runSuitesInProcess(
ForkedBooter.java:385)
	at org.apache.maven.su
refire.booter.ForkedBoo
ter.execute(ForkedBoote
r.java:162)
	at org.apache.maven.su
refire.booter.ForkedBoo
ter.run(ForkedBooter.ja
va:507)
	at org.apache.maven.su
refire.booter.ForkedBoo
ter.main(ForkedBooter.j
ava:495)
Caused by: 
java.io.IOException: 
Error while 
instrumenting com/revpa
sswordmanager/repositor
y/IVerificationCodeRepo
sitory$MockitoMock$ERZZ
plMt$auxiliary$JY2vDC4y
 with JaCoCo 0.8.11.202
310140853/f33756c.
	at org.jacoco.agent.rt
.internal_4742761.core.
instr.Instrumenter.inst
rumentError(Instrumente
r.java:161)
	at org.jacoco.agent.rt
.internal_4742761.core.
instr.Instrumenter.inst
rument(Instrumenter.jav
a:111)
	at org.jacoco.agent.rt
.internal_4742761.Cover
ageTransformer.transfor
m(CoverageTransformer.j
ava:92)
	... 94 more
Caused by: java.lang.Il
legalArgumentException:
 Unsupported class 
file major version 68
	at org.jacoco.agent.rt
.internal_4742761.asm.C
lassReader.<init>(Class
Reader.java:200)
	at org.jacoco.agent.rt
.internal_4742761.asm.C
lassReader.<init>(Class
Reader.java:180)
	at org.jacoco.agent.rt
.internal_4742761.asm.C
lassReader.<init>(Class
Reader.java:166)
	at org.jacoco.agent.rt
.internal_4742761.core.
internal.instr.InstrSup
port.classReaderFor(Ins
trSupport.java:280)
	at org.jacoco.agent.rt
.internal_4742761.core.
instr.Instrumenter.inst
rument(Instrumenter.jav
a:77)
	at org.jacoco.agent.rt
.internal_4742761.core.
instr.Instrumenter.inst
rument(Instrumenter.jav
a:109)
	... 95 more
java.lang.instrument.Il
legalClassFormatExcepti
on: Error while 
instrumenting com/revpa
sswordmanager/service/I
EmailService$MockitoMoc
k$YDiHEcxJ with JaCoCo 
0.8.11.202310140853/f33
756c.
	at org.jacoco.agent.rt
.internal_4742761.Cover
ageTransformer.transfor
m(CoverageTransformer.j
ava:94)
	at java.instrument/jav
a.lang.instrument.Class
FileTransformer.transfo
rm(ClassFileTransformer
.java:257)
	at java.instrument/sun
.instrument.Transformer
Manager.transform(Trans
formerManager.java:188)
	at java.instrument/sun
.instrument.Instrumenta
tionImpl.transform(Inst
rumentationImpl.java:59
4)
	at java.base/java.lang
.ClassLoader.defineClas
s0(Native Method)
	at java.base/java.lang
.System$1.defineClass(S
ystem.java:2025)
	at java.base/java.lang
.invoke.MethodHandles$L
ookup$ClassDefiner.defi
neClass(MethodHandles.j
ava:2355)
	at java.base/java.lang
.invoke.MethodHandles$L
ookup$ClassDefiner.defi
neClass(MethodHandles.j
ava:2330)
	at java.base/java.lang
.invoke.MethodHandles$L
ookup.defineClass(Metho
dHandles.java:1754)
	at java.base/jdk.inter
nal.reflect.DirectMetho
dHandleAccessor.invoke(
DirectMethodHandleAcces
sor.java:104)
	at java.base/java.lang
.reflect.Method.invoke(
Method.java:565)
	at net.bytebuddy.utili
ty.Invoker$Dispatcher.i
nvoke(Unknown Source)
	at net.bytebuddy.utili
ty.dispatcher.JavaDispa
tcher$Dispatcher$ForNon
StaticMethod.invoke(Jav
aDispatcher.java:1038)
	at net.bytebuddy.utili
ty.dispatcher.JavaDispa
tcher$ProxiedInvocation
Handler.invoke(JavaDisp
atcher.java:1168)
	at jdk.proxy2/jdk.prox
y2.$Proxy150.defineClas
s(Unknown Source)
	at net.bytebuddy.dynam
ic.loading.ClassInjecto
r$UsingLookup.injectRaw
(ClassInjector.java:170
7)
	at net.bytebuddy.dynam
ic.loading.ClassInjecto
r$AbstractBase.injectRa
w(ClassInjector.java:18
8)
	at net.bytebuddy.dynam
ic.loading.ClassInjecto
r$AbstractBase.inject(C
lassInjector.java:176)
	at net.bytebuddy.dynam
ic.loading.ClassLoading
Strategy$UsingLookup.lo
ad(ClassLoadingStrategy
.java:519)
	at net.bytebuddy.dynam
ic.TypeResolutionStrate
gy$Passive.initialize(T
ypeResolutionStrategy.j
ava:101)
	at net.bytebuddy.dynam
ic.DynamicType$Default$
Unloaded.load(DynamicTy
pe.java:6432)
	at org.mockito.interna
l.creation.bytebuddy.Su
bclassBytecodeGenerator
.mockClass(SubclassByte
codeGenerator.java:282)
	at org.mockito.interna
l.creation.bytebuddy.Ty
peCachingBytecodeGenera
tor.lambda$mockClass$0(
TypeCachingBytecodeGene
rator.java:78)
	at net.bytebuddy.TypeC
ache.findOrInsert(TypeC
ache.java:168)
	at net.bytebuddy.TypeC
ache$WithInlineExpuncti
on.findOrInsert(TypeCac
he.java:399)
	at net.bytebuddy.TypeC
ache.findOrInsert(TypeC
ache.java:190)
	at net.bytebuddy.TypeC
ache$WithInlineExpuncti
on.findOrInsert(TypeCac
he.java:410)
	at org.mockito.interna
l.creation.bytebuddy.Ty
peCachingBytecodeGenera
tor.mockClass(TypeCachi
ngBytecodeGenerator.jav
a:75)
	at org.mockito.interna
l.creation.bytebuddy.In
lineBytecodeGenerator.m
ockClass(InlineBytecode
Generator.java:223)
	at org.mockito.interna
l.creation.bytebuddy.Ty
peCachingBytecodeGenera
tor.lambda$mockClass$0(
TypeCachingBytecodeGene
rator.java:78)
	at net.bytebuddy.TypeC
ache.findOrInsert(TypeC
ache.java:168)
	at net.bytebuddy.TypeC
ache$WithInlineExpuncti
on.findOrInsert(TypeCac
he.java:399)
	at net.bytebuddy.TypeC
ache.findOrInsert(TypeC
ache.java:190)
	at net.bytebuddy.TypeC
ache$WithInlineExpuncti
on.findOrInsert(TypeCac
he.java:410)
	at org.mockito.interna
l.creation.bytebuddy.Ty
peCachingBytecodeGenera
tor.mockClass(TypeCachi
ngBytecodeGenerator.jav
a:75)
	at org.mockito.interna
l.creation.bytebuddy.In
lineDelegateByteBuddyMo
ckMaker.createMockType(
InlineDelegateByteBuddy
MockMaker.java:429)
	at org.mockito.interna
l.creation.bytebuddy.In
lineDelegateByteBuddyMo
ckMaker.doCreateMock(In
lineDelegateByteBuddyMo
ckMaker.java:388)
	at org.mockito.interna
l.creation.bytebuddy.In
lineDelegateByteBuddyMo
ckMaker.createMock(Inli
neDelegateByteBuddyMock
Maker.java:367)
	at org.mockito.interna
l.creation.bytebuddy.In
lineByteBuddyMockMaker.
createMock(InlineByteBu
ddyMockMaker.java:56)
	at org.mockito.interna
l.util.MockUtil.createM
ock(MockUtil.java:99)
	at org.mockito.interna
l.MockitoCore.mock(Mock
itoCore.java:84)
	at org.mockito.Mockito
.mock(Mockito.java:2198
)
	at org.mockito.interna
l.configuration.MockAnn
otationProcessor.proces
sAnnotationForMock(Mock
AnnotationProcessor.jav
a:79)
	at org.mockito.interna
l.configuration.MockAnn
otationProcessor.proces
s(MockAnnotationProcess
or.java:28)
	at org.mockito.interna
l.configuration.MockAnn
otationProcessor.proces
s(MockAnnotationProcess
or.java:25)
	at org.mockito.interna
l.configuration.Indepen
dentAnnotationEngine.cr
eateMockFor(Independent
AnnotationEngine.java:4
4)
	at org.mockito.interna
l.configuration.Indepen
dentAnnotationEngine.pr
ocess(IndependentAnnota
tionEngine.java:72)
	at org.mockito.interna
l.configuration.Injecti
ngAnnotationEngine.proc
essIndependentAnnotatio
ns(InjectingAnnotationE
ngine.java:62)
	at org.mockito.interna
l.configuration.Injecti
ngAnnotationEngine.proc
ess(InjectingAnnotation
Engine.java:47)
	at org.mockito.Mockito
Annotations.openMocks(M
ockitoAnnotations.java:
81)
	at org.mockito.interna
l.runners.DefaultIntern
alRunner$1$1.evaluate(D
efaultInternalRunner.ja
va:50)
	at org.junit.runners.P
arentRunner$3.evaluate(
ParentRunner.java:306)
	at org.junit.runners.B
lockJUnit4ClassRunner$1
.evaluate(BlockJUnit4Cl
assRunner.java:100)
	at org.junit.runners.P
arentRunner.runLeaf(Par
entRunner.java:366)
	at org.junit.runners.B
lockJUnit4ClassRunner.r
unChild(BlockJUnit4Clas
sRunner.java:103)
	at org.junit.runners.B
lockJUnit4ClassRunner.r
unChild(BlockJUnit4Clas
sRunner.java:63)
	at org.junit.runners.P
arentRunner$4.run(Paren
tRunner.java:331)
	at org.junit.runners.P
arentRunner$1.schedule(
ParentRunner.java:79)
	at org.junit.runners.P
arentRunner.runChildren
(ParentRunner.java:329)
	at org.junit.runners.P
arentRunner.access$100(
ParentRunner.java:66)
	at org.junit.runners.P
arentRunner$2.evaluate(
ParentRunner.java:293)
	at org.junit.runners.P
arentRunner$3.evaluate(
ParentRunner.java:306)
	at org.junit.runners.P
arentRunner.run(ParentR
unner.java:413)
	at org.mockito.interna
l.runners.DefaultIntern
alRunner$1.run(DefaultI
nternalRunner.java:100)
	at org.mockito.interna
l.runners.DefaultIntern
alRunner.run(DefaultInt
ernalRunner.java:107)
	at org.mockito.interna
l.runners.StrictRunner.
run(StrictRunner.java:4
2)
	at org.mockito.junit.M
ockitoJUnitRunner.run(M
ockitoJUnitRunner.java:
163)
	at org.junit.runner.JU
nitCore.run(JUnitCore.j
ava:137)
	at org.junit.runner.JU
nitCore.run(JUnitCore.j
ava:115)
	at org.junit.vintage.e
ngine.execution.RunnerE
xecutor.execute(RunnerE
xecutor.java:42)
	at org.junit.vintage.e
ngine.execution.Vintage
Executor.executeClasses
AndMethodsSequentially(
VintageExecutor.java:93
)
	at org.junit.vintage.e
ngine.execution.Vintage
Executor.executeAllChil
dren(VintageExecutor.ja
va:73)
	at org.junit.vintage.e
ngine.VintageTestEngine
.execute(VintageTestEng
ine.java:70)
	at org.junit.platform.
launcher.core.EngineExe
cutionOrchestrator.exec
ute(EngineExecutionOrch
estrator.java:201)
	at org.junit.platform.
launcher.core.EngineExe
cutionOrchestrator.exec
ute(EngineExecutionOrch
estrator.java:170)
	at org.junit.platform.
launcher.core.EngineExe
cutionOrchestrator.exec
ute(EngineExecutionOrch
estrator.java:94)
	at org.junit.platform.
launcher.core.EngineExe
cutionOrchestrator.lamb
da$execute$0(EngineExec
utionOrchestrator.java:
59)
	at org.junit.platform.
launcher.core.EngineExe
cutionOrchestrator.with
InterceptedStreams(Engi
neExecutionOrchestrator
.java:142)
	at org.junit.platform.
launcher.core.EngineExe
cutionOrchestrator.exec
ute(EngineExecutionOrch
estrator.java:58)
	at org.junit.platform.
launcher.core.DefaultLa
uncher.execute(DefaultL
auncher.java:103)
	at org.junit.platform.
launcher.core.DefaultLa
uncher.execute(DefaultL
auncher.java:85)
	at org.junit.platform.
launcher.core.Delegatin
gLauncher.execute(Deleg
atingLauncher.java:47)
	at org.junit.platform.
launcher.core.Intercept
ingLauncher.lambda$exec
ute$1(InterceptingLaunc
her.java:39)
	at org.junit.platform.
launcher.core.Classpath
AlignmentCheckingLaunch
erInterceptor.intercept
(ClasspathAlignmentChec
kingLauncherInterceptor
.java:25)
	at org.junit.platform.
launcher.core.Intercept
ingLauncher.execute(Int
erceptingLauncher.java:
38)
	at org.junit.platform.
launcher.core.Delegatin
gLauncher.execute(Deleg
atingLauncher.java:47)
	at org.apache.maven.su
refire.junitplatform.La
uncherAdapter.executeWi
thoutCancellationToken(
LauncherAdapter.java:60
)
	at org.apache.maven.su
refire.junitplatform.La
uncherAdapter.execute(L
auncherAdapter.java:52)
	at org.apache.maven.su
refire.junitplatform.JU
nitPlatformProvider.exe
cute(JUnitPlatformProvi
der.java:203)
	at org.apache.maven.su
refire.junitplatform.JU
nitPlatformProvider.inv
okeAllTests(JUnitPlatfo
rmProvider.java:168)
	at org.apache.maven.su
refire.junitplatform.JU
nitPlatformProvider.inv
oke(JUnitPlatformProvid
er.java:136)
	at org.apache.maven.su
refire.booter.ForkedBoo
ter.runSuitesInProcess(
ForkedBooter.java:385)
	at org.apache.maven.su
refire.booter.ForkedBoo
ter.execute(ForkedBoote
r.java:162)
	at org.apache.maven.su
refire.booter.ForkedBoo
ter.run(ForkedBooter.ja
va:507)
	at org.apache.maven.su
refire.booter.ForkedBoo
ter.main(ForkedBooter.j
ava:495)
Caused by: 
java.io.IOException: 
Error while 
instrumenting com/revpa
sswordmanager/service/I
EmailService$MockitoMoc
k$YDiHEcxJ with JaCoCo 
0.8.11.202310140853/f33
756c.
	at org.jacoco.agent.rt
.internal_4742761.core.
instr.Instrumenter.inst
rumentError(Instrumente
r.java:161)
	at org.jacoco.agent.rt
.internal_4742761.core.
instr.Instrumenter.inst
rument(Instrumenter.jav
a:111)
	at org.jacoco.agent.rt
.internal_4742761.Cover
ageTransformer.transfor
m(CoverageTransformer.j
ava:92)
	... 94 more
Caused by: java.lang.Il
legalArgumentException:
 Unsupported class 
file major version 68
	at org.jacoco.agent.rt
.internal_4742761.asm.C
lassReader.<init>(Class
Reader.java:200)
	at org.jacoco.agent.rt
.internal_4742761.asm.C
lassReader.<init>(Class
Reader.java:180)
	at org.jacoco.agent.rt
.internal_4742761.asm.C
lassReader.<init>(Class
Reader.java:166)
	at org.jacoco.agent.rt
.internal_4742761.core.
internal.instr.InstrSup
port.classReaderFor(Ins
trSupport.java:280)
	at org.jacoco.agent.rt
.internal_4742761.core.
instr.Instrumenter.inst
rument(Instrumenter.jav
a:77)
	at org.jacoco.agent.rt
.internal_4742761.core.
instr.Instrumenter.inst
rument(Instrumenter.jav
a:109)
	... 95 more
java.lang.instrument.Il
legalClassFormatExcepti
on: Error while 
instrumenting com/revpa
sswordmanager/service/I
EmailService$MockitoMoc
k$YDiHEcxJ$auxiliary$wE
X5ssix with JaCoCo 0.8.
11.202310140853/f33756c
.
	at org.jacoco.agent.rt
.internal_4742761.Cover
ageTransformer.transfor
m(CoverageTransformer.j
ava:94)
	at java.instrument/jav
a.lang.instrument.Class
FileTransformer.transfo
rm(ClassFileTransformer
.java:257)
	at java.instrument/sun
.instrument.Transformer
Manager.transform(Trans
formerManager.java:188)
	at java.instrument/sun
.instrument.Instrumenta
tionImpl.transform(Inst
rumentationImpl.java:59
4)
	at java.base/java.lang
.ClassLoader.defineClas
s0(Native Method)
	at java.base/java.lang
.System$1.defineClass(S
ystem.java:2025)
	at java.base/java.lang
.invoke.MethodHandles$L
ookup$ClassDefiner.defi
neClass(MethodHandles.j
ava:2355)
	at java.base/java.lang
.invoke.MethodHandles$L
ookup$ClassDefiner.defi
neClass(MethodHandles.j
ava:2330)
	at java.base/java.lang
.invoke.MethodHandles$L
ookup.defineClass(Metho
dHandles.java:1754)
	at java.base/jdk.inter
nal.reflect.DirectMetho
dHandleAccessor.invoke(
DirectMethodHandleAcces
sor.java:104)
	at java.base/java.lang
.reflect.Method.invoke(
Method.java:565)
	at net.bytebuddy.utili
ty.Invoker$Dispatcher.i
nvoke(Unknown Source)
	at net.bytebuddy.utili
ty.dispatcher.JavaDispa
tcher$Dispatcher$ForNon
StaticMethod.invoke(Jav
aDispatcher.java:1038)
	at net.bytebuddy.utili
ty.dispatcher.JavaDispa
tcher$ProxiedInvocation
Handler.invoke(JavaDisp
atcher.java:1168)
	at jdk.proxy2/jdk.prox
y2.$Proxy150.defineClas
s(Unknown Source)
	at net.bytebuddy.dynam
ic.loading.ClassInjecto
r$UsingLookup.injectRaw
(ClassInjector.java:170
7)
	at net.bytebuddy.dynam
ic.loading.ClassInjecto
r$AbstractBase.injectRa
w(ClassInjector.java:18
8)
	at net.bytebuddy.dynam
ic.loading.ClassInjecto
r$AbstractBase.inject(C
lassInjector.java:176)
	at net.bytebuddy.dynam
ic.loading.ClassLoading
Strategy$UsingLookup.lo
ad(ClassLoadingStrategy
.java:519)
	at net.bytebuddy.dynam
ic.TypeResolutionStrate
gy$Passive.initialize(T
ypeResolutionStrategy.j
ava:101)
	at net.bytebuddy.dynam
ic.DynamicType$Default$
Unloaded.load(DynamicTy
pe.java:6432)
	at org.mockito.interna
l.creation.bytebuddy.Su
bclassBytecodeGenerator
.mockClass(SubclassByte
codeGenerator.java:282)
	at org.mockito.interna
l.creation.bytebuddy.Ty
peCachingBytecodeGenera
tor.lambda$mockClass$0(
TypeCachingBytecodeGene
rator.java:78)
	at net.bytebuddy.TypeC
ache.findOrInsert(TypeC
ache.java:168)
	at net.bytebuddy.TypeC
ache$WithInlineExpuncti
on.findOrInsert(TypeCac
he.java:399)
	at net.bytebuddy.TypeC
ache.findOrInsert(TypeC
ache.java:190)
	at net.bytebuddy.TypeC
ache$WithInlineExpuncti
on.findOrInsert(TypeCac
he.java:410)
	at org.mockito.interna
l.creation.bytebuddy.Ty
peCachingBytecodeGenera
tor.mockClass(TypeCachi
ngBytecodeGenerator.jav
a:75)
	at org.mockito.interna
l.creation.bytebuddy.In
lineBytecodeGenerator.m
ockClass(InlineBytecode
Generator.java:223)
	at org.mockito.interna
l.creation.bytebuddy.Ty
peCachingBytecodeGenera
tor.lambda$mockClass$0(
TypeCachingBytecodeGene
rator.java:78)
	at net.bytebuddy.TypeC
ache.findOrInsert(TypeC
ache.java:168)
	at net.bytebuddy.TypeC
ache$WithInlineExpuncti
on.findOrInsert(TypeCac
he.java:399)
	at net.bytebuddy.TypeC
ache.findOrInsert(TypeC
ache.java:190)
	at net.bytebuddy.TypeC
ache$WithInlineExpuncti
on.findOrInsert(TypeCac
he.java:410)
	at org.mockito.interna
l.creation.bytebuddy.Ty
peCachingBytecodeGenera
tor.mockClass(TypeCachi
ngBytecodeGenerator.jav
a:75)
	at org.mockito.interna
l.creation.bytebuddy.In
lineDelegateByteBuddyMo
ckMaker.createMockType(
InlineDelegateByteBuddy
MockMaker.java:429)
	at org.mockito.interna
l.creation.bytebuddy.In
lineDelegateByteBuddyMo
ckMaker.doCreateMock(In
lineDelegateByteBuddyMo
ckMaker.java:388)
	at org.mockito.interna
l.creation.bytebuddy.In
lineDelegateByteBuddyMo
ckMaker.createMock(Inli
neDelegateByteBuddyMock
Maker.java:367)
	at org.mockito.interna
l.creation.bytebuddy.In
lineByteBuddyMockMaker.
createMock(InlineByteBu
ddyMockMaker.java:56)
	at org.mockito.interna
l.util.MockUtil.createM
ock(MockUtil.java:99)
	at org.mockito.interna
l.MockitoCore.mock(Mock
itoCore.java:84)
	at org.mockito.Mockito
.mock(Mockito.java:2198
)
	at org.mockito.interna
l.configuration.MockAnn
otationProcessor.proces
sAnnotationForMock(Mock
AnnotationProcessor.jav
a:79)
	at org.mockito.interna
l.configuration.MockAnn
otationProcessor.proces
s(MockAnnotationProcess
or.java:28)
	at org.mockito.interna
l.configuration.MockAnn
otationProcessor.proces
s(MockAnnotationProcess
or.java:25)
	at org.mockito.interna
l.configuration.Indepen
dentAnnotationEngine.cr
eateMockFor(Independent
AnnotationEngine.java:4
4)
	at org.mockito.interna
l.configuration.Indepen
dentAnnotationEngine.pr
ocess(IndependentAnnota
tionEngine.java:72)
	at org.mockito.interna
l.configuration.Injecti
ngAnnotationEngine.proc
essIndependentAnnotatio
ns(InjectingAnnotationE
ngine.java:62)
	at org.mockito.interna
l.configuration.Injecti
ngAnnotationEngine.proc
ess(InjectingAnnotation
Engine.java:47)
	at org.mockito.Mockito
Annotations.openMocks(M
ockitoAnnotations.java:
81)
	at org.mockito.interna
l.runners.DefaultIntern
alRunner$1$1.evaluate(D
efaultInternalRunner.ja
va:50)
	at org.junit.runners.P
arentRunner$3.evaluate(
ParentRunner.java:306)
	at org.junit.runners.B
lockJUnit4ClassRunner$1
.evaluate(BlockJUnit4Cl
assRunner.java:100)
	at org.junit.runners.P
arentRunner.runLeaf(Par
entRunner.java:366)
	at org.junit.runners.B
lockJUnit4ClassRunner.r
unChild(BlockJUnit4Clas
sRunner.java:103)
	at org.junit.runners.B
lockJUnit4ClassRunner.r
unChild(BlockJUnit4Clas
sRunner.java:63)
	at org.junit.runners.P
arentRunner$4.run(Paren
tRunner.java:331)
	at org.junit.runners.P
arentRunner$1.schedule(
ParentRunner.java:79)
	at org.junit.runners.P
arentRunner.runChildren
(ParentRunner.java:329)
	at org.junit.runners.P
arentRunner.access$100(
ParentRunner.java:66)
	at org.junit.runners.P
arentRunner$2.evaluate(
ParentRunner.java:293)
	at org.junit.runners.P
arentRunner$3.evaluate(
ParentRunner.java:306)
	at org.junit.runners.P
arentRunner.run(ParentR
unner.java:413)
	at org.mockito.interna
l.runners.DefaultIntern
alRunner$1.run(DefaultI
nternalRunner.java:100)
	at org.mockito.interna
l.runners.DefaultIntern
alRunner.run(DefaultInt
ernalRunner.java:107)
	at org.mockito.interna
l.runners.StrictRunner.
run(StrictRunner.java:4
2)
	at org.mockito.junit.M
ockitoJUnitRunner.run(M
ockitoJUnitRunner.java:
163)
	at org.junit.runner.JU
nitCore.run(JUnitCore.j
ava:137)
	at org.junit.runner.JU
nitCore.run(JUnitCore.j
ava:115)
	at org.junit.vintage.e
ngine.execution.RunnerE
xecutor.execute(RunnerE
xecutor.java:42)
	at org.junit.vintage.e
ngine.execution.Vintage
Executor.executeClasses
AndMethodsSequentially(
VintageExecutor.java:93
)
	at org.junit.vintage.e
ngine.execution.Vintage
Executor.executeAllChil
dren(VintageExecutor.ja
va:73)
	at org.junit.vintage.e
ngine.VintageTestEngine
.execute(VintageTestEng
ine.java:70)
	at org.junit.platform.
launcher.core.EngineExe
cutionOrchestrator.exec
ute(EngineExecutionOrch
estrator.java:201)
	at org.junit.platform.
launcher.core.EngineExe
cutionOrchestrator.exec
ute(EngineExecutionOrch
estrator.java:170)
	at org.junit.platform.
launcher.core.EngineExe
cutionOrchestrator.exec
ute(EngineExecutionOrch
estrator.java:94)
	at org.junit.platform.
launcher.core.EngineExe
cutionOrchestrator.lamb
da$execute$0(EngineExec
utionOrchestrator.java:
59)
	at org.junit.platform.
launcher.core.EngineExe
cutionOrchestrator.with
InterceptedStreams(Engi
neExecutionOrchestrator
.java:142)
	at org.junit.platform.
launcher.core.EngineExe
cutionOrchestrator.exec
ute(EngineExecutionOrch
estrator.java:58)
	at org.junit.platform.
launcher.core.DefaultLa
uncher.execute(DefaultL
auncher.java:103)
	at org.junit.platform.
launcher.core.DefaultLa
uncher.execute(DefaultL
auncher.java:85)
	at org.junit.platform.
launcher.core.Delegatin
gLauncher.execute(Deleg
atingLauncher.java:47)
	at org.junit.platform.
launcher.core.Intercept
ingLauncher.lambda$exec
ute$1(InterceptingLaunc
her.java:39)
	at org.junit.platform.
launcher.core.Classpath
AlignmentCheckingLaunch
erInterceptor.intercept
(ClasspathAlignmentChec
kingLauncherInterceptor
.java:25)
	at org.junit.platform.
launcher.core.Intercept
ingLauncher.execute(Int
erceptingLauncher.java:
38)
	at org.junit.platform.
launcher.core.Delegatin
gLauncher.execute(Deleg
atingLauncher.java:47)
	at org.apache.maven.su
refire.junitplatform.La
uncherAdapter.executeWi
thoutCancellationToken(
LauncherAdapter.java:60
)
	at org.apache.maven.su
refire.junitplatform.La
uncherAdapter.execute(L
auncherAdapter.java:52)
	at org.apache.maven.su
refire.junitplatform.JU
nitPlatformProvider.exe
cute(JUnitPlatformProvi
der.java:203)
	at org.apache.maven.su
refire.junitplatform.JU
nitPlatformProvider.inv
okeAllTests(JUnitPlatfo
rmProvider.java:168)
	at org.apache.maven.su
refire.junitplatform.JU
nitPlatformProvider.inv
oke(JUnitPlatformProvid
er.java:136)
	at org.apache.maven.su
refire.booter.ForkedBoo
ter.runSuitesInProcess(
ForkedBooter.java:385)
	at org.apache.maven.su
refire.booter.ForkedBoo
ter.execute(ForkedBoote
r.java:162)
	at org.apache.maven.su
refire.booter.ForkedBoo
ter.run(ForkedBooter.ja
va:507)
	at org.apache.maven.su
refire.booter.ForkedBoo
ter.main(ForkedBooter.j
ava:495)
Caused by: 
java.io.IOException: 
Error while 
instrumenting com/revpa
sswordmanager/service/I
EmailService$MockitoMoc
k$YDiHEcxJ$auxiliary$wE
X5ssix with JaCoCo 0.8.
11.202310140853/f33756c
.
	at org.jacoco.agent.rt
.internal_4742761.core.
instr.Instrumenter.inst
rumentError(Instrumente
r.java:161)
	at org.jacoco.agent.rt
.internal_4742761.core.
instr.Instrumenter.inst
rument(Instrumenter.jav
a:111)
	at org.jacoco.agent.rt
.internal_4742761.Cover
ageTransformer.transfor
m(CoverageTransformer.j
ava:92)
	... 94 more
Caused by: java.lang.Il
legalArgumentException:
 Unsupported class 
file major version 68
	at org.jacoco.agent.rt
.internal_4742761.asm.C
lassReader.<init>(Class
Reader.java:200)
	at org.jacoco.agent.rt
.internal_4742761.asm.C
lassReader.<init>(Class
Reader.java:180)
	at org.jacoco.agent.rt
.internal_4742761.asm.C
lassReader.<init>(Class
Reader.java:166)
	at org.jacoco.agent.rt
.internal_4742761.core.
internal.instr.InstrSup
port.classReaderFor(Ins
trSupport.java:280)
	at org.jacoco.agent.rt
.internal_4742761.core.
instr.Instrumenter.inst
rument(Instrumenter.jav
a:77)
	at org.jacoco.agent.rt
.internal_4742761.core.
instr.Instrumenter.inst
rument(Instrumenter.jav
a:109)
	... 95 more
java.lang.instrument.Il
legalClassFormatExcepti
on: Error while 
instrumenting com/revpa
sswordmanager/service/I
EmailService$MockitoMoc
k$YDiHEcxJ$auxiliary$mA
bMxVPc with JaCoCo 0.8.
11.202310140853/f33756c
.
	at org.jacoco.agent.rt
.internal_4742761.Cover
ageTransformer.transfor
m(CoverageTransformer.j
ava:94)
	at java.instrument/jav
a.lang.instrument.Class
FileTransformer.transfo
rm(ClassFileTransformer
.java:257)
	at java.instrument/sun
.instrument.Transformer
Manager.transform(Trans
formerManager.java:188)
	at java.instrument/sun
.instrument.Instrumenta
tionImpl.transform(Inst
rumentationImpl.java:59
4)
	at java.base/java.lang
.ClassLoader.defineClas
s0(Native Method)
	at java.base/java.lang
.System$1.defineClass(S
ystem.java:2025)
	at java.base/java.lang
.invoke.MethodHandles$L
ookup$ClassDefiner.defi
neClass(MethodHandles.j
ava:2355)
	at java.base/java.lang
.invoke.MethodHandles$L
ookup$ClassDefiner.defi
neClass(MethodHandles.j
ava:2330)
	at java.base/java.lang
.invoke.MethodHandles$L
ookup.defineClass(Metho
dHandles.java:1754)
	at java.base/jdk.inter
nal.reflect.DirectMetho
dHandleAccessor.invoke(
DirectMethodHandleAcces
sor.java:104)
	at java.base/java.lang
.reflect.Method.invoke(
Method.java:565)
	at net.bytebuddy.utili
ty.Invoker$Dispatcher.i
nvoke(Unknown Source)
	at net.bytebuddy.utili
ty.dispatcher.JavaDispa
tcher$Dispatcher$ForNon
StaticMethod.invoke(Jav
aDispatcher.java:1038)
	at net.bytebuddy.utili
ty.dispatcher.JavaDispa
tcher$ProxiedInvocation
Handler.invoke(JavaDisp
atcher.java:1168)
	at jdk.proxy2/jdk.prox
y2.$Proxy150.defineClas
s(Unknown Source)
	at net.bytebuddy.dynam
ic.loading.ClassInjecto
r$UsingLookup.injectRaw
(ClassInjector.java:170
7)
	at net.bytebuddy.dynam
ic.loading.ClassInjecto
r$AbstractBase.injectRa
w(ClassInjector.java:18
8)
	at net.bytebuddy.dynam
ic.loading.ClassInjecto
r$AbstractBase.inject(C
lassInjector.java:176)
	at net.bytebuddy.dynam
ic.loading.ClassLoading
Strategy$UsingLookup.lo
ad(ClassLoadingStrategy
.java:519)
	at net.bytebuddy.dynam
ic.TypeResolutionStrate
gy$Passive.initialize(T
ypeResolutionStrategy.j
ava:101)
	at net.bytebuddy.dynam
ic.DynamicType$Default$
Unloaded.load(DynamicTy
pe.java:6432)
	at org.mockito.interna
l.creation.bytebuddy.Su
bclassBytecodeGenerator
.mockClass(SubclassByte
codeGenerator.java:282)
	at org.mockito.interna
l.creation.bytebuddy.Ty
peCachingBytecodeGenera
tor.lambda$mockClass$0(
TypeCachingBytecodeGene
rator.java:78)
	at net.bytebuddy.TypeC
ache.findOrInsert(TypeC
ache.java:168)
	at net.bytebuddy.TypeC
ache$WithInlineExpuncti
on.findOrInsert(TypeCac
he.java:399)
	at net.bytebuddy.TypeC
ache.findOrInsert(TypeC
ache.java:190)
	at net.bytebuddy.TypeC
ache$WithInlineExpuncti
on.findOrInsert(TypeCac
he.java:410)
	at org.mockito.interna
l.creation.bytebuddy.Ty
peCachingBytecodeGenera
tor.mockClass(TypeCachi
ngBytecodeGenerator.jav
a:75)
	at org.mockito.interna
l.creation.bytebuddy.In
lineBytecodeGenerator.m
ockClass(InlineBytecode
Generator.java:223)
	at org.mockito.interna
l.creation.bytebuddy.Ty
peCachingBytecodeGenera
tor.lambda$mockClass$0(
TypeCachingBytecodeGene
rator.java:78)
	at net.bytebuddy.TypeC
ache.findOrInsert(TypeC
ache.java:168)
	at net.bytebuddy.TypeC
ache$WithInlineExpuncti
on.findOrInsert(TypeCac
he.java:399)
	at net.bytebuddy.TypeC
ache.findOrInsert(TypeC
ache.java:190)
	at net.bytebuddy.TypeC
ache$WithInlineExpuncti
on.findOrInsert(TypeCac
he.java:410)
	at org.mockito.interna
l.creation.bytebuddy.Ty
peCachingBytecodeGenera
tor.mockClass(TypeCachi
ngBytecodeGenerator.jav
a:75)
	at org.mockito.interna
l.creation.bytebuddy.In
lineDelegateByteBuddyMo
ckMaker.createMockType(
InlineDelegateByteBuddy
MockMaker.java:429)
	at org.mockito.interna
l.creation.bytebuddy.In
lineDelegateByteBuddyMo
ckMaker.doCreateMock(In
lineDelegateByteBuddyMo
ckMaker.java:388)
	at org.mockito.interna
l.creation.bytebuddy.In
lineDelegateByteBuddyMo
ckMaker.createMock(Inli
neDelegateByteBuddyMock
Maker.java:367)
	at org.mockito.interna
l.creation.bytebuddy.In
lineByteBuddyMockMaker.
createMock(InlineByteBu
ddyMockMaker.java:56)
	at org.mockito.interna
l.util.MockUtil.createM
ock(MockUtil.java:99)
	at org.mockito.interna
l.MockitoCore.mock(Mock
itoCore.java:84)
	at org.mockito.Mockito
.mock(Mockito.java:2198
)
	at org.mockito.interna
l.configuration.MockAnn
otationProcessor.proces
sAnnotationForMock(Mock
AnnotationProcessor.jav
a:79)
	at org.mockito.interna
l.configuration.MockAnn
otationProcessor.proces
s(MockAnnotationProcess
or.java:28)
	at org.mockito.interna
l.configuration.MockAnn
otationProcessor.proces
s(MockAnnotationProcess
or.java:25)
	at org.mockito.interna
l.configuration.Indepen
dentAnnotationEngine.cr
eateMockFor(Independent
AnnotationEngine.java:4
4)
	at org.mockito.interna
l.configuration.Indepen
dentAnnotationEngine.pr
ocess(IndependentAnnota
tionEngine.java:72)
	at org.mockito.interna
l.configuration.Injecti
ngAnnotationEngine.proc
essIndependentAnnotatio
ns(InjectingAnnotationE
ngine.java:62)
	at org.mockito.interna
l.configuration.Injecti
ngAnnotationEngine.proc
ess(InjectingAnnotation
Engine.java:47)
	at org.mockito.Mockito
Annotations.openMocks(M
ockitoAnnotations.java:
81)
	at org.mockito.interna
l.runners.DefaultIntern
alRunner$1$1.evaluate(D
efaultInternalRunner.ja
va:50)
	at org.junit.runners.P
arentRunner$3.evaluate(
ParentRunner.java:306)
	at org.junit.runners.B
lockJUnit4ClassRunner$1
.evaluate(BlockJUnit4Cl
assRunner.java:100)
	at org.junit.runners.P
arentRunner.runLeaf(Par
entRunner.java:366)
	at org.junit.runners.B
lockJUnit4ClassRunner.r
unChild(BlockJUnit4Clas
sRunner.java:103)
	at org.junit.runners.B
lockJUnit4ClassRunner.r
unChild(BlockJUnit4Clas
sRunner.java:63)
	at org.junit.runners.P
arentRunner$4.run(Paren
tRunner.java:331)
	at org.junit.runners.P
arentRunner$1.schedule(
ParentRunner.java:79)
	at org.junit.runners.P
arentRunner.runChildren
(ParentRunner.java:329)
	at org.junit.runners.P
arentRunner.access$100(
ParentRunner.java:66)
	at org.junit.runners.P
arentRunner$2.evaluate(
ParentRunner.java:293)
	at org.junit.runners.P
arentRunner$3.evaluate(
ParentRunner.java:306)
	at org.junit.runners.P
arentRunner.run(ParentR
unner.java:413)
	at org.mockito.interna
l.runners.DefaultIntern
alRunner$1.run(DefaultI
nternalRunner.java:100)
	at org.mockito.interna
l.runners.DefaultIntern
alRunner.run(DefaultInt
ernalRunner.java:107)
	at org.mockito.interna
l.runners.StrictRunner.
run(StrictRunner.java:4
2)
	at org.mockito.junit.M
ockitoJUnitRunner.run(M
ockitoJUnitRunner.java:
163)
	at org.junit.runner.JU
nitCore.run(JUnitCore.j
ava:137)
	at org.junit.runner.JU
nitCore.run(JUnitCore.j
ava:115)
	at org.junit.vintage.e
ngine.execution.RunnerE
xecutor.execute(RunnerE
xecutor.java:42)
	at org.junit.vintage.e
ngine.execution.Vintage
Executor.executeClasses
AndMethodsSequentially(
VintageExecutor.java:93
)
	at org.junit.vintage.e
ngine.execution.Vintage
Executor.executeAllChil
dren(VintageExecutor.ja
va:73)
	at org.junit.vintage.e
ngine.VintageTestEngine
.execute(VintageTestEng
ine.java:70)
	at org.junit.platform.
launcher.core.EngineExe
cutionOrchestrator.exec
ute(EngineExecutionOrch
estrator.java:201)
	at org.junit.platform.
launcher.core.EngineExe
cutionOrchestrator.exec
ute(EngineExecutionOrch
estrator.java:170)
	at org.junit.platform.
launcher.core.EngineExe
cutionOrchestrator.exec
ute(EngineExecutionOrch
estrator.java:94)
	at org.junit.platform.
launcher.core.EngineExe
cutionOrchestrator.lamb
da$execute$0(EngineExec
utionOrchestrator.java:
59)
	at org.junit.platform.
launcher.core.EngineExe
cutionOrchestrator.with
InterceptedStreams(Engi
neExecutionOrchestrator
.java:142)
	at org.junit.platform.
launcher.core.EngineExe
cutionOrchestrator.exec
ute(EngineExecutionOrch
estrator.java:58)
	at org.junit.platform.
launcher.core.DefaultLa
uncher.execute(DefaultL
auncher.java:103)
	at org.junit.platform.
launcher.core.DefaultLa
uncher.execute(DefaultL
auncher.java:85)
	at org.junit.platform.
launcher.core.Delegatin
gLauncher.execute(Deleg
atingLauncher.java:47)
	at org.junit.platform.
launcher.core.Intercept
ingLauncher.lambda$exec
ute$1(InterceptingLaunc
her.java:39)
	at org.junit.platform.
launcher.core.Classpath
AlignmentCheckingLaunch
erInterceptor.intercept
(ClasspathAlignmentChec
kingLauncherInterceptor
.java:25)
	at org.junit.platform.
launcher.core.Intercept
ingLauncher.execute(Int
erceptingLauncher.java:
38)
	at org.junit.platform.
launcher.core.Delegatin
gLauncher.execute(Deleg
atingLauncher.java:47)
	at org.apache.maven.su
refire.junitplatform.La
uncherAdapter.executeWi
thoutCancellationToken(
LauncherAdapter.java:60
)
	at org.apache.maven.su
refire.junitplatform.La
uncherAdapter.execute(L
auncherAdapter.java:52)
	at org.apache.maven.su
refire.junitplatform.JU
nitPlatformProvider.exe
cute(JUnitPlatformProvi
der.java:203)
	at org.apache.maven.su
refire.junitplatform.JU
nitPlatformProvider.inv
okeAllTests(JUnitPlatfo
rmProvider.java:168)
	at org.apache.maven.su
refire.junitplatform.JU
nitPlatformProvider.inv
oke(JUnitPlatformProvid
er.java:136)
	at org.apache.maven.su
refire.booter.ForkedBoo
ter.runSuitesInProcess(
ForkedBooter.java:385)
	at org.apache.maven.su
refire.booter.ForkedBoo
ter.execute(ForkedBoote
r.java:162)
	at org.apache.maven.su
refire.booter.ForkedBoo
ter.run(ForkedBooter.ja
va:507)
	at org.apache.maven.su
refire.booter.ForkedBoo
ter.main(ForkedBooter.j
ava:495)
Caused by: 
java.io.IOException: 
Error while 
instrumenting com/revpa
sswordmanager/service/I
EmailService$MockitoMoc
k$YDiHEcxJ$auxiliary$mA
bMxVPc with JaCoCo 0.8.
11.202310140853/f33756c
.
	at org.jacoco.agent.rt
.internal_4742761.core.
instr.Instrumenter.inst
rumentError(Instrumente
r.java:161)
	at org.jacoco.agent.rt
.internal_4742761.core.
instr.Instrumenter.inst
rument(Instrumenter.jav
a:111)
	at org.jacoco.agent.rt
.internal_4742761.Cover
ageTransformer.transfor
m(CoverageTransformer.j
ava:92)
	... 94 more
Caused by: java.lang.Il
legalArgumentException:
 Unsupported class 
file major version 68
	at org.jacoco.agent.rt
.internal_4742761.asm.C
lassReader.<init>(Class
Reader.java:200)
	at org.jacoco.agent.rt
.internal_4742761.asm.C
lassReader.<init>(Class
Reader.java:180)
	at org.jacoco.agent.rt
.internal_4742761.asm.C
lassReader.<init>(Class
Reader.java:166)
	at org.jacoco.agent.rt
.internal_4742761.core.
internal.instr.InstrSup
port.classReaderFor(Ins
trSupport.java:280)
	at org.jacoco.agent.rt
.internal_4742761.core.
instr.Instrumenter.inst
rument(Instrumenter.jav
a:77)
	at org.jacoco.agent.rt
.internal_4742761.core.
instr.Instrumenter.inst
rument(Instrumenter.jav
a:109)
	... 95 more
java.lang.instrument.Il
legalClassFormatExcepti
on: Error while 
instrumenting com/revpa
sswordmanager/repositor
y/IUserRepository$Mocki
toMock$zK5yc21g with 
JaCoCo 0.8.11.202310140
853/f33756c.
	at org.jacoco.agent.rt
.internal_4742761.Cover
ageTransformer.transfor
m(CoverageTransformer.j
ava:94)
	at java.instrument/jav
a.lang.instrument.Class
FileTransformer.transfo
rm(ClassFileTransformer
.java:257)
	at java.instrument/sun
.instrument.Transformer
Manager.transform(Trans
formerManager.java:188)
	at java.instrument/sun
.instrument.Instrumenta
tionImpl.transform(Inst
rumentationImpl.java:59
4)
	at java.base/java.lang
.ClassLoader.defineClas
s0(Native Method)
	at java.base/java.lang
.System$1.defineClass(S
ystem.java:2025)
	at java.base/java.lang
.invoke.MethodHandles$L
ookup$ClassDefiner.defi
neClass(MethodHandles.j
ava:2355)
	at java.base/java.lang
.invoke.MethodHandles$L
ookup$ClassDefiner.defi
neClass(MethodHandles.j
ava:2330)
	at java.base/java.lang
.invoke.MethodHandles$L
ookup.defineClass(Metho
dHandles.java:1754)
	at java.base/jdk.inter
nal.reflect.DirectMetho
dHandleAccessor.invoke(
DirectMethodHandleAcces
sor.java:104)
	at java.base/java.lang
.reflect.Method.invoke(
Method.java:565)
	at net.bytebuddy.utili
ty.Invoker$Dispatcher.i
nvoke(Unknown Source)
	at net.bytebuddy.utili
ty.dispatcher.JavaDispa
tcher$Dispatcher$ForNon
StaticMethod.invoke(Jav
aDispatcher.java:1038)
	at net.bytebuddy.utili
ty.dispatcher.JavaDispa
tcher$ProxiedInvocation
Handler.invoke(JavaDisp
atcher.java:1168)
	at jdk.proxy2/jdk.prox
y2.$Proxy150.defineClas
s(Unknown Source)
	at net.bytebuddy.dynam
ic.loading.ClassInjecto
r$UsingLookup.injectRaw
(ClassInjector.java:170
7)
	at net.bytebuddy.dynam
ic.loading.ClassInjecto
r$AbstractBase.injectRa
w(ClassInjector.java:18
8)
	at net.bytebuddy.dynam
ic.loading.ClassInjecto
r$AbstractBase.inject(C
lassInjector.java:176)
	at net.bytebuddy.dynam
ic.loading.ClassLoading
Strategy$UsingLookup.lo
ad(ClassLoadingStrategy
.java:519)
	at net.bytebuddy.dynam
ic.TypeResolutionStrate
gy$Passive.initialize(T
ypeResolutionStrategy.j
ava:101)
	at net.bytebuddy.dynam
ic.DynamicType$Default$
Unloaded.load(DynamicTy
pe.java:6432)
	at org.mockito.interna
l.creation.bytebuddy.Su
bclassBytecodeGenerator
.mockClass(SubclassByte
codeGenerator.java:282)
	at org.mockito.interna
l.creation.bytebuddy.Ty
peCachingBytecodeGenera
tor.lambda$mockClass$0(
TypeCachingBytecodeGene
rator.java:78)
	at net.bytebuddy.TypeC
ache.findOrInsert(TypeC
ache.java:168)
	at net.bytebuddy.TypeC
ache$WithInlineExpuncti
on.findOrInsert(TypeCac
he.java:399)
	at net.bytebuddy.TypeC
ache.findOrInsert(TypeC
ache.java:190)
	at net.bytebuddy.TypeC
ache$WithInlineExpuncti
on.findOrInsert(TypeCac
he.java:410)
	at org.mockito.interna
l.creation.bytebuddy.Ty
peCachingBytecodeGenera
tor.mockClass(TypeCachi
ngBytecodeGenerator.jav
a:75)
	at org.mockito.interna
l.creation.bytebuddy.In
lineBytecodeGenerator.m
ockClass(InlineBytecode
Generator.java:223)
	at org.mockito.interna
l.creation.bytebuddy.Ty
peCachingBytecodeGenera
tor.lambda$mockClass$0(
TypeCachingBytecodeGene
rator.java:78)
	at net.bytebuddy.TypeC
ache.findOrInsert(TypeC
ache.java:168)
	at net.bytebuddy.TypeC
ache$WithInlineExpuncti
on.findOrInsert(TypeCac
he.java:399)
	at net.bytebuddy.TypeC
ache.findOrInsert(TypeC
ache.java:190)
	at net.bytebuddy.TypeC
ache$WithInlineExpuncti
on.findOrInsert(TypeCac
he.java:410)
	at org.mockito.interna
l.creation.bytebuddy.Ty
peCachingBytecodeGenera
tor.mockClass(TypeCachi
ngBytecodeGenerator.jav
a:75)
	at org.mockito.interna
l.creation.bytebuddy.In
lineDelegateByteBuddyMo
ckMaker.createMockType(
InlineDelegateByteBuddy
MockMaker.java:429)
	at org.mockito.interna
l.creation.bytebuddy.In
lineDelegateByteBuddyMo
ckMaker.doCreateMock(In
lineDelegateByteBuddyMo
ckMaker.java:388)
	at org.mockito.interna
l.creation.bytebuddy.In
lineDelegateByteBuddyMo
ckMaker.createMock(Inli
neDelegateByteBuddyMock
Maker.java:367)
	at org.mockito.interna
l.creation.bytebuddy.In
lineByteBuddyMockMaker.
createMock(InlineByteBu
ddyMockMaker.java:56)
	at org.mockito.interna
l.util.MockUtil.createM
ock(MockUtil.java:99)
	at org.mockito.interna
l.MockitoCore.mock(Mock
itoCore.java:84)
	at org.mockito.Mockito
.mock(Mockito.java:2198
)
	at org.mockito.interna
l.configuration.MockAnn
otationProcessor.proces
sAnnotationForMock(Mock
AnnotationProcessor.jav
a:79)
	at org.mockito.interna
l.configuration.MockAnn
otationProcessor.proces
s(MockAnnotationProcess
or.java:28)
	at org.mockito.interna
l.configuration.MockAnn
otationProcessor.proces
s(MockAnnotationProcess
or.java:25)
	at org.mockito.interna
l.configuration.Indepen
dentAnnotationEngine.cr
eateMockFor(Independent
AnnotationEngine.java:4
4)
	at org.mockito.interna
l.configuration.Indepen
dentAnnotationEngine.pr
ocess(IndependentAnnota
tionEngine.java:72)
	at org.mockito.interna
l.configuration.Injecti
ngAnnotationEngine.proc
essIndependentAnnotatio
ns(InjectingAnnotationE
ngine.java:62)
	at org.mockito.interna
l.configuration.Injecti
ngAnnotationEngine.proc
ess(InjectingAnnotation
Engine.java:47)
	at org.mockito.Mockito
Annotations.openMocks(M
ockitoAnnotations.java:
81)
	at org.mockito.interna
l.runners.DefaultIntern
alRunner$1$1.evaluate(D
efaultInternalRunner.ja
va:50)
	at org.junit.runners.P
arentRunner$3.evaluate(
ParentRunner.java:306)
	at org.junit.runners.B
lockJUnit4ClassRunner$1
.evaluate(BlockJUnit4Cl
assRunner.java:100)
	at org.junit.runners.P
arentRunner.runLeaf(Par
entRunner.java:366)
	at org.junit.runners.B
lockJUnit4ClassRunner.r
unChild(BlockJUnit4Clas
sRunner.java:103)
	at org.junit.runners.B
lockJUnit4ClassRunner.r
unChild(BlockJUnit4Clas
sRunner.java:63)
	at org.junit.runners.P
arentRunner$4.run(Paren
tRunner.java:331)
	at org.junit.runners.P
arentRunner$1.schedule(
ParentRunner.java:79)
	at org.junit.runners.P
arentRunner.runChildren
(ParentRunner.java:329)
	at org.junit.runners.P
arentRunner.access$100(
ParentRunner.java:66)
	at org.junit.runners.P
arentRunner$2.evaluate(
ParentRunner.java:293)
	at org.junit.runners.P
arentRunner$3.evaluate(
ParentRunner.java:306)
	at org.junit.runners.P
arentRunner.run(ParentR
unner.java:413)
	at org.mockito.interna
l.runners.DefaultIntern
alRunner$1.run(DefaultI
nternalRunner.java:100)
	at org.mockito.interna
l.runners.DefaultIntern
alRunner.run(DefaultInt
ernalRunner.java:107)
	at org.mockito.interna
l.runners.StrictRunner.
run(StrictRunner.java:4
2)
	at org.mockito.junit.M
ockitoJUnitRunner.run(M
ockitoJUnitRunner.java:
163)
	at org.junit.runner.JU
nitCore.run(JUnitCore.j
ava:137)
	at org.junit.runner.JU
nitCore.run(JUnitCore.j
ava:115)
	at org.junit.vintage.e
ngine.execution.RunnerE
xecutor.execute(RunnerE
xecutor.java:42)
	at org.junit.vintage.e
ngine.execution.Vintage
Executor.executeClasses
AndMethodsSequentially(
VintageExecutor.java:93
)
	at org.junit.vintage.e
ngine.execution.Vintage
Executor.executeAllChil
dren(VintageExecutor.ja
va:73)
	at org.junit.vintage.e
ngine.VintageTestEngine
.execute(VintageTestEng
ine.java:70)
	at org.junit.platform.
launcher.core.EngineExe
cutionOrchestrator.exec
ute(EngineExecutionOrch
estrator.java:201)
	at org.junit.platform.
launcher.core.EngineExe
cutionOrchestrator.exec
ute(EngineExecutionOrch
estrator.java:170)
	at org.junit.platform.
launcher.core.EngineExe
cutionOrchestrator.exec
ute(EngineExecutionOrch
estrator.java:94)
	at org.junit.platform.
launcher.core.EngineExe
cutionOrchestrator.lamb
da$execute$0(EngineExec
utionOrchestrator.java:
59)
	at org.junit.platform.
launcher.core.EngineExe
cutionOrchestrator.with
InterceptedStreams(Engi
neExecutionOrchestrator
.java:142)
	at org.junit.platform.
launcher.core.EngineExe
cutionOrchestrator.exec
ute(EngineExecutionOrch
estrator.java:58)
	at org.junit.platform.
launcher.core.DefaultLa
uncher.execute(DefaultL
auncher.java:103)
	at org.junit.platform.
launcher.core.DefaultLa
uncher.execute(DefaultL
auncher.java:85)
	at org.junit.platform.
launcher.core.Delegatin
gLauncher.execute(Deleg
atingLauncher.java:47)
	at org.junit.platform.
launcher.core.Intercept
ingLauncher.lambda$exec
ute$1(InterceptingLaunc
her.java:39)
	at org.junit.platform.
launcher.core.Classpath
AlignmentCheckingLaunch
erInterceptor.intercept
(ClasspathAlignmentChec
kingLauncherInterceptor
.java:25)
	at org.junit.platform.
launcher.core.Intercept
ingLauncher.execute(Int
erceptingLauncher.java:
38)
	at org.junit.platform.
launcher.core.Delegatin
gLauncher.execute(Deleg
atingLauncher.java:47)
	at org.apache.maven.su
refire.junitplatform.La
uncherAdapter.executeWi
thoutCancellationToken(
LauncherAdapter.java:60
)
	at org.apache.maven.su
refire.junitplatform.La
uncherAdapter.execute(L
auncherAdapter.java:52)
	at org.apache.maven.su
refire.junitplatform.JU
nitPlatformProvider.exe
cute(JUnitPlatformProvi
der.java:203)
	at org.apache.maven.su
refire.junitplatform.JU
nitPlatformProvider.inv
okeAllTests(JUnitPlatfo
rmProvider.java:168)
	at org.apache.maven.su
refire.junitplatform.JU
nitPlatformProvider.inv
oke(JUnitPlatformProvid
er.java:136)
	at org.apache.maven.su
refire.booter.ForkedBoo
ter.runSuitesInProcess(
ForkedBooter.java:385)
	at org.apache.maven.su
refire.booter.ForkedBoo
ter.execute(ForkedBoote
r.java:162)
	at org.apache.maven.su
refire.booter.ForkedBoo
ter.run(ForkedBooter.ja
va:507)
	at org.apache.maven.su
refire.booter.ForkedBoo
ter.main(ForkedBooter.j
ava:495)
Caused by: 
java.io.IOException: 
Error while 
instrumenting com/revpa
sswordmanager/repositor
y/IUserRepository$Mocki
toMock$zK5yc21g with 
JaCoCo 0.8.11.202310140
853/f33756c.
	at org.jacoco.agent.rt
.internal_4742761.core.
instr.Instrumenter.inst
rumentError(Instrumente
r.java:161)
	at org.jacoco.agent.rt
.internal_4742761.core.
instr.Instrumenter.inst
rument(Instrumenter.jav
a:111)
	at org.jacoco.agent.rt
.internal_4742761.Cover
ageTransformer.transfor
m(CoverageTransformer.j
ava:92)
	... 94 more
Caused by: java.lang.Il
legalArgumentException:
 Unsupported class 
file major version 68
	at org.jacoco.agent.rt
.internal_4742761.asm.C
lassReader.<init>(Class
Reader.java:200)
	at org.jacoco.agent.rt
.internal_4742761.asm.C
lassReader.<init>(Class
Reader.java:180)
	at org.jacoco.agent.rt
.internal_4742761.asm.C
lassReader.<init>(Class
Reader.java:166)
	at org.jacoco.agent.rt
.internal_4742761.core.
internal.instr.InstrSup
port.classReaderFor(Ins
trSupport.java:280)
	at org.jacoco.agent.rt
.internal_4742761.core.
instr.Instrumenter.inst
rument(Instrumenter.jav
a:77)
	at org.jacoco.agent.rt
.internal_4742761.core.
instr.Instrumenter.inst
rument(Instrumenter.jav
a:109)
	... 95 more
java.lang.instrument.Il
legalClassFormatExcepti
on: Error while 
instrumenting com/revpa
sswordmanager/repositor
y/IUserRepository$Mocki
toMock$zK5yc21g$auxilia
ry$55gefEc2 with 
JaCoCo 0.8.11.202310140
853/f33756c.
	at org.jacoco.agent.rt
.internal_4742761.Cover
ageTransformer.transfor
m(CoverageTransformer.j
ava:94)
	at java.instrument/jav
a.lang.instrument.Class
FileTransformer.transfo
rm(ClassFileTransformer
.java:257)
	at java.instrument/sun
.instrument.Transformer
Manager.transform(Trans
formerManager.java:188)
	at java.instrument/sun
.instrument.Instrumenta
tionImpl.transform(Inst
rumentationImpl.java:59
4)
	at java.base/java.lang
.ClassLoader.defineClas
s0(Native Method)
	at java.base/java.lang
.System$1.defineClass(S
ystem.java:2025)
	at java.base/java.lang
.invoke.MethodHandles$L
ookup$ClassDefiner.defi
neClass(MethodHandles.j
ava:2355)
	at java.base/java.lang
.invoke.MethodHandles$L
ookup$ClassDefiner.defi
neClass(MethodHandles.j
ava:2330)
	at java.base/java.lang
.invoke.MethodHandles$L
ookup.defineClass(Metho
dHandles.java:1754)
	at java.base/jdk.inter
nal.reflect.DirectMetho
dHandleAccessor.invoke(
DirectMethodHandleAcces
sor.java:104)
	at java.base/java.lang
.reflect.Method.invoke(
Method.java:565)
	at net.bytebuddy.utili
ty.Invoker$Dispatcher.i
nvoke(Unknown Source)
	at net.bytebuddy.utili
ty.dispatcher.JavaDispa
tcher$Dispatcher$ForNon
StaticMethod.invoke(Jav
aDispatcher.java:1038)
	at net.bytebuddy.utili
ty.dispatcher.JavaDispa
tcher$ProxiedInvocation
Handler.invoke(JavaDisp
atcher.java:1168)
	at jdk.proxy2/jdk.prox
y2.$Proxy150.defineClas
s(Unknown Source)
	at net.bytebuddy.dynam
ic.loading.ClassInjecto
r$UsingLookup.injectRaw
(ClassInjector.java:170
7)
	at net.bytebuddy.dynam
ic.loading.ClassInjecto
r$AbstractBase.injectRa
w(ClassInjector.java:18
8)
	at net.bytebuddy.dynam
ic.loading.ClassInjecto
r$AbstractBase.inject(C
lassInjector.java:176)
	at net.bytebuddy.dynam
ic.loading.ClassLoading
Strategy$UsingLookup.lo
ad(ClassLoadingStrategy
.java:519)
	at net.bytebuddy.dynam
ic.TypeResolutionStrate
gy$Passive.initialize(T
ypeResolutionStrategy.j
ava:101)
	at net.bytebuddy.dynam
ic.DynamicType$Default$
Unloaded.load(DynamicTy
pe.java:6432)
	at org.mockito.interna
l.creation.bytebuddy.Su
bclassBytecodeGenerator
.mockClass(SubclassByte
codeGenerator.java:282)
	at org.mockito.interna
l.creation.bytebuddy.Ty
peCachingBytecodeGenera
tor.lambda$mockClass$0(
TypeCachingBytecodeGene
rator.java:78)
	at net.bytebuddy.TypeC
ache.findOrInsert(TypeC
ache.java:168)
	at net.bytebuddy.TypeC
ache$WithInlineExpuncti
on.findOrInsert(TypeCac
he.java:399)
	at net.bytebuddy.TypeC
ache.findOrInsert(TypeC
ache.java:190)
	at net.bytebuddy.TypeC
ache$WithInlineExpuncti
on.findOrInsert(TypeCac
he.java:410)
	at org.mockito.interna
l.creation.bytebuddy.Ty
peCachingBytecodeGenera
tor.mockClass(TypeCachi
ngBytecodeGenerator.jav
a:75)
	at org.mockito.interna
l.creation.bytebuddy.In
lineBytecodeGenerator.m
ockClass(InlineBytecode
Generator.java:223)
	at org.mockito.interna
l.creation.bytebuddy.Ty
peCachingBytecodeGenera
tor.lambda$mockClass$0(
TypeCachingBytecodeGene
rator.java:78)
	at net.bytebuddy.TypeC
ache.findOrInsert(TypeC
ache.java:168)
	at net.bytebuddy.TypeC
ache$WithInlineExpuncti
on.findOrInsert(TypeCac
he.java:399)
	at net.bytebuddy.TypeC
ache.findOrInsert(TypeC
ache.java:190)
	at net.bytebuddy.TypeC
ache$WithInlineExpuncti
on.findOrInsert(TypeCac
he.java:410)
	at org.mockito.interna
l.creation.bytebuddy.Ty
peCachingBytecodeGenera
tor.mockClass(TypeCachi
ngBytecodeGenerator.jav
a:75)
	at org.mockito.interna
l.creation.bytebuddy.In
lineDelegateByteBuddyMo
ckMaker.createMockType(
InlineDelegateByteBuddy
MockMaker.java:429)
	at org.mockito.interna
l.creation.bytebuddy.In
lineDelegateByteBuddyMo
ckMaker.doCreateMock(In
lineDelegateByteBuddyMo
ckMaker.java:388)
	at org.mockito.interna
l.creation.bytebuddy.In
lineDelegateByteBuddyMo
ckMaker.createMock(Inli
neDelegateByteBuddyMock
Maker.java:367)
	at org.mockito.interna
l.creation.bytebuddy.In
lineByteBuddyMockMaker.
createMock(InlineByteBu
ddyMockMaker.java:56)
	at org.mockito.interna
l.util.MockUtil.createM
ock(MockUtil.java:99)
	at org.mockito.interna
l.MockitoCore.mock(Mock
itoCore.java:84)
	at org.mockito.Mockito
.mock(Mockito.java:2198
)
	at org.mockito.interna
l.configuration.MockAnn
otationProcessor.proces
sAnnotationForMock(Mock
AnnotationProcessor.jav
a:79)
	at org.mockito.interna
l.configuration.MockAnn
otationProcessor.proces
s(MockAnnotationProcess
or.java:28)
	at org.mockito.interna
l.configuration.MockAnn
otationProcessor.proces
s(MockAnnotationProcess
or.java:25)
	at org.mockito.interna
l.configuration.Indepen
dentAnnotationEngine.cr
eateMockFor(Independent
AnnotationEngine.java:4
4)
	at org.mockito.interna
l.configuration.Indepen
dentAnnotationEngine.pr
ocess(IndependentAnnota
tionEngine.java:72)
	at org.mockito.interna
l.configuration.Injecti
ngAnnotationEngine.proc
essIndependentAnnotatio
ns(InjectingAnnotationE
ngine.java:62)
	at org.mockito.interna
l.configuration.Injecti
ngAnnotationEngine.proc
ess(InjectingAnnotation
Engine.java:47)
	at org.mockito.Mockito
Annotations.openMocks(M
ockitoAnnotations.java:
81)
	at org.mockito.interna
l.runners.DefaultIntern
alRunner$1$1.evaluate(D
efaultInternalRunner.ja
va:50)
	at org.junit.runners.P
arentRunner$3.evaluate(
ParentRunner.java:306)
	at org.junit.runners.B
lockJUnit4ClassRunner$1
.evaluate(BlockJUnit4Cl
assRunner.java:100)
	at org.junit.runners.P
arentRunner.runLeaf(Par
entRunner.java:366)
	at org.junit.runners.B
lockJUnit4ClassRunner.r
unChild(BlockJUnit4Clas
sRunner.java:103)
	at org.junit.runners.B
lockJUnit4ClassRunner.r
unChild(BlockJUnit4Clas
sRunner.java:63)
	at org.junit.runners.P
arentRunner$4.run(Paren
tRunner.java:331)
	at org.junit.runners.P
arentRunner$1.schedule(
ParentRunner.java:79)
	at org.junit.runners.P
arentRunner.runChildren
(ParentRunner.java:329)
	at org.junit.runners.P
arentRunner.access$100(
ParentRunner.java:66)
	at org.junit.runners.P
arentRunner$2.evaluate(
ParentRunner.java:293)
	at org.junit.runners.P
arentRunner$3.evaluate(
ParentRunner.java:306)
	at org.junit.runners.P
arentRunner.run(ParentR
unner.java:413)
	at org.mockito.interna
l.runners.DefaultIntern
alRunner$1.run(DefaultI
nternalRunner.java:100)
	at org.mockito.interna
l.runners.DefaultIntern
alRunner.run(DefaultInt
ernalRunner.java:107)
	at org.mockito.interna
l.runners.StrictRunner.
run(StrictRunner.java:4
2)
	at org.mockito.junit.M
ockitoJUnitRunner.run(M
ockitoJUnitRunner.java:
163)
	at org.junit.runner.JU
nitCore.run(JUnitCore.j
ava:137)
	at org.junit.runner.JU
nitCore.run(JUnitCore.j
ava:115)
	at org.junit.vintage.e
ngine.execution.RunnerE
xecutor.execute(RunnerE
xecutor.java:42)
	at org.junit.vintage.e
ngine.execution.Vintage
Executor.executeClasses
AndMethodsSequentially(
VintageExecutor.java:93
)
	at org.junit.vintage.e
ngine.execution.Vintage
Executor.executeAllChil
dren(VintageExecutor.ja
va:73)
	at org.junit.vintage.e
ngine.VintageTestEngine
.execute(VintageTestEng
ine.java:70)
	at org.junit.platform.
launcher.core.EngineExe
cutionOrchestrator.exec
ute(EngineExecutionOrch
estrator.java:201)
	at org.junit.platform.
launcher.core.EngineExe
cutionOrchestrator.exec
ute(EngineExecutionOrch
estrator.java:170)
	at org.junit.platform.
launcher.core.EngineExe
cutionOrchestrator.exec
ute(EngineExecutionOrch
estrator.java:94)
	at org.junit.platform.
launcher.core.EngineExe
cutionOrchestrator.lamb
da$execute$0(EngineExec
utionOrchestrator.java:
59)
	at org.junit.platform.
launcher.core.EngineExe
cutionOrchestrator.with
InterceptedStreams(Engi
neExecutionOrchestrator
.java:142)
	at org.junit.platform.
launcher.core.EngineExe
cutionOrchestrator.exec
ute(EngineExecutionOrch
estrator.java:58)
	at org.junit.platform.
launcher.core.DefaultLa
uncher.execute(DefaultL
auncher.java:103)
	at org.junit.platform.
launcher.core.DefaultLa
uncher.execute(DefaultL
auncher.java:85)
	at org.junit.platform.
launcher.core.Delegatin
gLauncher.execute(Deleg
atingLauncher.java:47)
	at org.junit.platform.
launcher.core.Intercept
ingLauncher.lambda$exec
ute$1(InterceptingLaunc
her.java:39)
	at org.junit.platform.
launcher.core.Classpath
AlignmentCheckingLaunch
erInterceptor.intercept
(ClasspathAlignmentChec
kingLauncherInterceptor
.java:25)
	at org.junit.platform.
launcher.core.Intercept
ingLauncher.execute(Int
erceptingLauncher.java:
38)
	at org.junit.platform.
launcher.core.Delegatin
gLauncher.execute(Deleg
atingLauncher.java:47)
	at org.apache.maven.su
refire.junitplatform.La
uncherAdapter.executeWi
thoutCancellationToken(
LauncherAdapter.java:60
)
	at org.apache.maven.su
refire.junitplatform.La
uncherAdapter.execute(L
auncherAdapter.java:52)
	at org.apache.maven.su
refire.junitplatform.JU
nitPlatformProvider.exe
cute(JUnitPlatformProvi
der.java:203)
	at org.apache.maven.su
refire.junitplatform.JU
nitPlatformProvider.inv
okeAllTests(JUnitPlatfo
rmProvider.java:168)
	at org.apache.maven.su
refire.junitplatform.JU
nitPlatformProvider.inv
oke(JUnitPlatformProvid
er.java:136)
	at org.apache.maven.su
refire.booter.ForkedBoo
ter.runSuitesInProcess(
ForkedBooter.java:385)
	at org.apache.maven.su
refire.booter.ForkedBoo
ter.execute(ForkedBoote
r.java:162)
	at org.apache.maven.su
refire.booter.ForkedBoo
ter.run(ForkedBooter.ja
va:507)
	at org.apache.maven.su
refire.booter.ForkedBoo
ter.main(ForkedBooter.j
ava:495)
Caused by: 
java.io.IOException: 
Error while 
instrumenting com/revpa
sswordmanager/repositor
y/IUserRepository$Mocki
toMock$zK5yc21g$auxilia
ry$55gefEc2 with 
JaCoCo 0.8.11.202310140
853/f33756c.
	at org.jacoco.agent.rt
.internal_4742761.core.
instr.Instrumenter.inst
rumentError(Instrumente
r.java:161)
	at org.jacoco.agent.rt
.internal_4742761.core.
instr.Instrumenter.inst
rument(Instrumenter.jav
a:111)
	at org.jacoco.agent.rt
.internal_4742761.Cover
ageTransformer.transfor
m(CoverageTransformer.j
ava:92)
	... 94 more
Caused by: java.lang.Il
legalArgumentException:
 Unsupported class 
file major version 68
	at org.jacoco.agent.rt
.internal_4742761.asm.C
lassReader.<init>(Class
Reader.java:200)
	at org.jacoco.agent.rt
.internal_4742761.asm.C
lassReader.<init>(Class
Reader.java:180)
	at org.jacoco.agent.rt
.internal_4742761.asm.C
lassReader.<init>(Class
Reader.java:166)
	at org.jacoco.agent.rt
.internal_4742761.core.
internal.instr.InstrSup
port.classReaderFor(Ins
trSupport.java:280)
	at org.jacoco.agent.rt
.internal_4742761.core.
instr.Instrumenter.inst
rument(Instrumenter.jav
a:77)
	at org.jacoco.agent.rt
.internal_4742761.core.
instr.Instrumenter.inst
rument(Instrumenter.jav
a:109)
	... 95 more
java.lang.instrument.Il
legalClassFormatExcepti
on: Error while 
instrumenting com/revpa
sswordmanager/repositor
y/IUserRepository$Mocki
toMock$zK5yc21g$auxilia
ry$tBQGBHfX with 
JaCoCo 0.8.11.202310140
853/f33756c.
	at org.jacoco.agent.rt
.internal_4742761.Cover
ageTransformer.transfor
m(CoverageTransformer.j
ava:94)
	at java.instrument/jav
a.lang.instrument.Class
FileTransformer.transfo
rm(ClassFileTransformer
.java:257)
	at java.instrument/sun
.instrument.Transformer
Manager.transform(Trans
formerManager.java:188)
	at java.instrument/sun
.instrument.Instrumenta
tionImpl.transform(Inst
rumentationImpl.java:59
4)
	at java.base/java.lang
.ClassLoader.defineClas
s0(Native Method)
	at java.base/java.lang
.System$1.defineClass(S
ystem.java:2025)
	at java.base/java.lang
.invoke.MethodHandles$L
ookup$ClassDefiner.defi
neClass(MethodHandles.j
ava:2355)
	at java.base/java.lang
.invoke.MethodHandles$L
ookup$ClassDefiner.defi
neClass(MethodHandles.j
ava:2330)
	at java.base/java.lang
.invoke.MethodHandles$L
ookup.defineClass(Metho
dHandles.java:1754)
	at java.base/jdk.inter
nal.reflect.DirectMetho
dHandleAccessor.invoke(
DirectMethodHandleAcces
sor.java:104)
	at java.base/java.lang
.reflect.Method.invoke(
Method.java:565)
	at net.bytebuddy.utili
ty.Invoker$Dispatcher.i
nvoke(Unknown Source)
	at net.bytebuddy.utili
ty.dispatcher.JavaDispa
tcher$Dispatcher$ForNon
StaticMethod.invoke(Jav
aDispatcher.java:1038)
	at net.bytebuddy.utili
ty.dispatcher.JavaDispa
tcher$ProxiedInvocation
Handler.invoke(JavaDisp
atcher.java:1168)
	at jdk.proxy2/jdk.prox
y2.$Proxy150.defineClas
s(Unknown Source)
	at net.bytebuddy.dynam
ic.loading.ClassInjecto
r$UsingLookup.injectRaw
(ClassInjector.java:170
7)
	at net.bytebuddy.dynam
ic.loading.ClassInjecto
r$AbstractBase.injectRa
w(ClassInjector.java:18
8)
	at net.bytebuddy.dynam
ic.loading.ClassInjecto
r$AbstractBase.inject(C
lassInjector.java:176)
	at net.bytebuddy.dynam
ic.loading.ClassLoading
Strategy$UsingLookup.lo
ad(ClassLoadingStrategy
.java:519)
	at net.bytebuddy.dynam
ic.TypeResolutionStrate
gy$Passive.initialize(T
ypeResolutionStrategy.j
ava:101)
	at net.bytebuddy.dynam
ic.DynamicType$Default$
Unloaded.load(DynamicTy
pe.java:6432)
	at org.mockito.interna
l.creation.bytebuddy.Su
bclassBytecodeGenerator
.mockClass(SubclassByte
codeGenerator.java:282)
	at org.mockito.interna
l.creation.bytebuddy.Ty
peCachingBytecodeGenera
tor.lambda$mockClass$0(
TypeCachingBytecodeGene
rator.java:78)
	at net.bytebuddy.TypeC
ache.findOrInsert(TypeC
ache.java:168)
	at net.bytebuddy.TypeC
ache$WithInlineExpuncti
on.findOrInsert(TypeCac
he.java:399)
	at net.bytebuddy.TypeC
ache.findOrInsert(TypeC
ache.java:190)
	at net.bytebuddy.TypeC
ache$WithInlineExpuncti
on.findOrInsert(TypeCac
he.java:410)
	at org.mockito.interna
l.creation.bytebuddy.Ty
peCachingBytecodeGenera
tor.mockClass(TypeCachi
ngBytecodeGenerator.jav
a:75)
	at org.mockito.interna
l.creation.bytebuddy.In
lineBytecodeGenerator.m
ockClass(InlineBytecode
Generator.java:223)
	at org.mockito.interna
l.creation.bytebuddy.Ty
peCachingBytecodeGenera
tor.lambda$mockClass$0(
TypeCachingBytecodeGene
rator.java:78)
	at net.bytebuddy.TypeC
ache.findOrInsert(TypeC
ache.java:168)
	at net.bytebuddy.TypeC
ache$WithInlineExpuncti
on.findOrInsert(TypeCac
he.java:399)
	at net.bytebuddy.TypeC
ache.findOrInsert(TypeC
ache.java:190)
	at net.bytebuddy.TypeC
ache$WithInlineExpuncti
on.findOrInsert(TypeCac
he.java:410)
	at org.mockito.interna
l.creation.bytebuddy.Ty
peCachingBytecodeGenera
tor.mockClass(TypeCachi
ngBytecodeGenerator.jav
a:75)
	at org.mockito.interna
l.creation.bytebuddy.In
lineDelegateByteBuddyMo
ckMaker.createMockType(
InlineDelegateByteBuddy
MockMaker.java:429)
	at org.mockito.interna
l.creation.bytebuddy.In
lineDelegateByteBuddyMo
ckMaker.doCreateMock(In
lineDelegateByteBuddyMo
ckMaker.java:388)
	at org.mockito.interna
l.creation.bytebuddy.In
lineDelegateByteBuddyMo
ckMaker.createMock(Inli
neDelegateByteBuddyMock
Maker.java:367)
	at org.mockito.interna
l.creation.bytebuddy.In
lineByteBuddyMockMaker.
createMock(InlineByteBu
ddyMockMaker.java:56)
	at org.mockito.interna
l.util.MockUtil.createM
ock(MockUtil.java:99)
	at org.mockito.interna
l.MockitoCore.mock(Mock
itoCore.java:84)
	at org.mockito.Mockito
.mock(Mockito.java:2198
)
	at org.mockito.interna
l.configuration.MockAnn
otationProcessor.proces
sAnnotationForMock(Mock
AnnotationProcessor.jav
a:79)
	at org.mockito.interna
l.configuration.MockAnn
otationProcessor.proces
s(MockAnnotationProcess
or.java:28)
	at org.mockito.interna
l.configuration.MockAnn
otationProcessor.proces
s(MockAnnotationProcess
or.java:25)
	at org.mockito.interna
l.configuration.Indepen
dentAnnotationEngine.cr
eateMockFor(Independent
AnnotationEngine.java:4
4)
	at org.mockito.interna
l.configuration.Indepen
dentAnnotationEngine.pr
ocess(IndependentAnnota
tionEngine.java:72)
	at org.mockito.interna
l.configuration.Injecti
ngAnnotationEngine.proc
essIndependentAnnotatio
ns(InjectingAnnotationE
ngine.java:62)
	at org.mockito.interna
l.configuration.Injecti
ngAnnotationEngine.proc
ess(InjectingAnnotation
Engine.java:47)
	at org.mockito.Mockito
Annotations.openMocks(M
ockitoAnnotations.java:
81)
	at org.mockito.interna
l.runners.DefaultIntern
alRunner$1$1.evaluate(D
efaultInternalRunner.ja
va:50)
	at org.junit.runners.P
arentRunner$3.evaluate(
ParentRunner.java:306)
	at org.junit.runners.B
lockJUnit4ClassRunner$1
.evaluate(BlockJUnit4Cl
assRunner.java:100)
	at org.junit.runners.P
arentRunner.runLeaf(Par
entRunner.java:366)
	at org.junit.runners.B
lockJUnit4ClassRunner.r
unChild(BlockJUnit4Clas
sRunner.java:103)
	at org.junit.runners.B
lockJUnit4ClassRunner.r
unChild(BlockJUnit4Clas
sRunner.java:63)
	at org.junit.runners.P
arentRunner$4.run(Paren
tRunner.java:331)
	at org.junit.runners.P
arentRunner$1.schedule(
ParentRunner.java:79)
	at org.junit.runners.P
arentRunner.runChildren
(ParentRunner.java:329)
	at org.junit.runners.P
arentRunner.access$100(
ParentRunner.java:66)
	at org.junit.runners.P
arentRunner$2.evaluate(
ParentRunner.java:293)
	at org.junit.runners.P
arentRunner$3.evaluate(
ParentRunner.java:306)
	at org.junit.runners.P
arentRunner.run(ParentR
unner.java:413)
	at org.mockito.interna
l.runners.DefaultIntern
alRunner$1.run(DefaultI
nternalRunner.java:100)
	at org.mockito.interna
l.runners.DefaultIntern
alRunner.run(DefaultInt
ernalRunner.java:107)
	at org.mockito.interna
l.runners.StrictRunner.
run(StrictRunner.java:4
2)
	at org.mockito.junit.M
ockitoJUnitRunner.run(M
ockitoJUnitRunner.java:
163)
	at org.junit.runner.JU
nitCore.run(JUnitCore.j
ava:137)
	at org.junit.runner.JU
nitCore.run(JUnitCore.j
ava:115)
	at org.junit.vintage.e
ngine.execution.RunnerE
xecutor.execute(RunnerE
xecutor.java:42)
	at org.junit.vintage.e
ngine.execution.Vintage
Executor.executeClasses
AndMethodsSequentially(
VintageExecutor.java:93
)
	at org.junit.vintage.e
ngine.execution.Vintage
Executor.executeAllChil
dren(VintageExecutor.ja
va:73)
	at org.junit.vintage.e
ngine.VintageTestEngine
.execute(VintageTestEng
ine.java:70)
	at org.junit.platform.
launcher.core.EngineExe
cutionOrchestrator.exec
ute(EngineExecutionOrch
estrator.java:201)
	at org.junit.platform.
launcher.core.EngineExe
cutionOrchestrator.exec
ute(EngineExecutionOrch
estrator.java:170)
	at org.junit.platform.
launcher.core.EngineExe
cutionOrchestrator.exec
ute(EngineExecutionOrch
estrator.java:94)
	at org.junit.platform.
launcher.core.EngineExe
cutionOrchestrator.lamb
da$execute$0(EngineExec
utionOrchestrator.java:
59)
	at org.junit.platform.
launcher.core.EngineExe
cutionOrchestrator.with
InterceptedStreams(Engi
neExecutionOrchestrator
.java:142)
	at org.junit.platform.
launcher.core.EngineExe
cutionOrchestrator.exec
ute(EngineExecutionOrch
estrator.java:58)
	at org.junit.platform.
launcher.core.DefaultLa
uncher.execute(DefaultL
auncher.java:103)
	at org.junit.platform.
launcher.core.DefaultLa
uncher.execute(DefaultL
auncher.java:85)
	at org.junit.platform.
launcher.core.Delegatin
gLauncher.execute(Deleg
atingLauncher.java:47)
	at org.junit.platform.
launcher.core.Intercept
ingLauncher.lambda$exec
ute$1(InterceptingLaunc
her.java:39)
	at org.junit.platform.
launcher.core.Classpath
AlignmentCheckingLaunch
erInterceptor.intercept
(ClasspathAlignmentChec
kingLauncherInterceptor
.java:25)
	at org.junit.platform.
launcher.core.Intercept
ingLauncher.execute(Int
erceptingLauncher.java:
38)
	at org.junit.platform.
launcher.core.Delegatin
gLauncher.execute(Deleg
atingLauncher.java:47)
	at org.apache.maven.su
refire.junitplatform.La
uncherAdapter.executeWi
thoutCancellationToken(
LauncherAdapter.java:60
)
	at org.apache.maven.su
refire.junitplatform.La
uncherAdapter.execute(L
auncherAdapter.java:52)
	at org.apache.maven.su
refire.junitplatform.JU
nitPlatformProvider.exe
cute(JUnitPlatformProvi
der.java:203)
	at org.apache.maven.su
refire.junitplatform.JU
nitPlatformProvider.inv
okeAllTests(JUnitPlatfo
rmProvider.java:168)
	at org.apache.maven.su
refire.junitplatform.JU
nitPlatformProvider.inv
oke(JUnitPlatformProvid
er.java:136)
	at org.apache.maven.su
refire.booter.ForkedBoo
ter.runSuitesInProcess(
ForkedBooter.java:385)
	at org.apache.maven.su
refire.booter.ForkedBoo
ter.execute(ForkedBoote
r.java:162)
	at org.apache.maven.su
refire.booter.ForkedBoo
ter.run(ForkedBooter.ja
va:507)
	at org.apache.maven.su
refire.booter.ForkedBoo
ter.main(ForkedBooter.j
ava:495)
Caused by: 
java.io.IOException: 
Error while 
instrumenting com/revpa
sswordmanager/repositor
y/IUserRepository$Mocki
toMock$zK5yc21g$auxilia
ry$tBQGBHfX with 
JaCoCo 0.8.11.202310140
853/f33756c.
	at org.jacoco.agent.rt
.internal_4742761.core.
instr.Instrumenter.inst
rumentError(Instrumente
r.java:161)
	at org.jacoco.agent.rt
.internal_4742761.core.
instr.Instrumenter.inst
rument(Instrumenter.jav
a:111)
	at org.jacoco.agent.rt
.internal_4742761.Cover
ageTransformer.transfor
m(CoverageTransformer.j
ava:92)
	... 94 more
Caused by: java.lang.Il
legalArgumentException:
 Unsupported class 
file major version 68
	at org.jacoco.agent.rt
.internal_4742761.asm.C
lassReader.<init>(Class
Reader.java:200)
	at org.jacoco.agent.rt
.internal_4742761.asm.C
lassReader.<init>(Class
Reader.java:180)
	at org.jacoco.agent.rt
.internal_4742761.asm.C
lassReader.<init>(Class
Reader.java:166)
	at org.jacoco.agent.rt
.internal_4742761.core.
internal.instr.InstrSup
port.classReaderFor(Ins
trSupport.java:280)
	at org.jacoco.agent.rt
.internal_4742761.core.
instr.Instrumenter.inst
rument(Instrumenter.jav
a:77)
	at org.jacoco.agent.rt
.internal_4742761.core.
instr.Instrumenter.inst
rument(Instrumenter.jav
a:109)
	... 95 more
java.lang.instrument.Il
legalClassFormatExcepti
on: Error while 
instrumenting org/sprin
gframework/security/cry
pto/password/PasswordEn
coder$MockitoMock$X9Ybh
WtY with JaCoCo 0.8.11.
202310140853/f33756c.
	at org.jacoco.agent.rt
.internal_4742761.Cover
ageTransformer.transfor
m(CoverageTransformer.j
ava:94)
	at java.instrument/jav
a.lang.instrument.Class
FileTransformer.transfo
rm(ClassFileTransformer
.java:257)
	at java.instrument/sun
.instrument.Transformer
Manager.transform(Trans
formerManager.java:188)
	at java.instrument/sun
.instrument.Instrumenta
tionImpl.transform(Inst
rumentationImpl.java:59
4)
	at java.base/java.lang
.ClassLoader.defineClas
s0(Native Method)
	at java.base/java.lang
.System$1.defineClass(S
ystem.java:2025)
	at java.base/java.lang
.invoke.MethodHandles$L
ookup$ClassDefiner.defi
neClass(MethodHandles.j
ava:2355)
	at java.base/java.lang
.invoke.MethodHandles$L
ookup$ClassDefiner.defi
neClass(MethodHandles.j
ava:2330)
	at java.base/java.lang
.invoke.MethodHandles$L
ookup.defineClass(Metho
dHandles.java:1754)
	at java.base/jdk.inter
nal.reflect.DirectMetho
dHandleAccessor.invoke(
DirectMethodHandleAcces
sor.java:104)
	at java.base/java.lang
.reflect.Method.invoke(
Method.java:565)
	at net.bytebuddy.utili
ty.Invoker$Dispatcher.i
nvoke(Unknown Source)
	at net.bytebuddy.utili
ty.dispatcher.JavaDispa
tcher$Dispatcher$ForNon
StaticMethod.invoke(Jav
aDispatcher.java:1038)
	at net.bytebuddy.utili
ty.dispatcher.JavaDispa
tcher$ProxiedInvocation
Handler.invoke(JavaDisp
atcher.java:1168)
	at jdk.proxy2/jdk.prox
y2.$Proxy150.defineClas
s(Unknown Source)
	at net.bytebuddy.dynam
ic.loading.ClassInjecto
r$UsingLookup.injectRaw
(ClassInjector.java:170
7)
	at net.bytebuddy.dynam
ic.loading.ClassInjecto
r$AbstractBase.injectRa
w(ClassInjector.java:18
8)
	at net.bytebuddy.dynam
ic.loading.ClassInjecto
r$AbstractBase.inject(C
lassInjector.java:176)
	at net.bytebuddy.dynam
ic.loading.ClassLoading
Strategy$UsingLookup.lo
ad(ClassLoadingStrategy
.java:519)
	at net.bytebuddy.dynam
ic.TypeResolutionStrate
gy$Passive.initialize(T
ypeResolutionStrategy.j
ava:101)
	at net.bytebuddy.dynam
ic.DynamicType$Default$
Unloaded.load(DynamicTy
pe.java:6432)
	at org.mockito.interna
l.creation.bytebuddy.Su
bclassBytecodeGenerator
.mockClass(SubclassByte
codeGenerator.java:282)
	at org.mockito.interna
l.creation.bytebuddy.Ty
peCachingBytecodeGenera
tor.lambda$mockClass$0(
TypeCachingBytecodeGene
rator.java:78)
	at net.bytebuddy.TypeC
ache.findOrInsert(TypeC
ache.java:168)
	at net.bytebuddy.TypeC
ache$WithInlineExpuncti
on.findOrInsert(TypeCac
he.java:399)
	at net.bytebuddy.TypeC
ache.findOrInsert(TypeC
ache.java:190)
	at net.bytebuddy.TypeC
ache$WithInlineExpuncti
on.findOrInsert(TypeCac
he.java:410)
	at org.mockito.interna
l.creation.bytebuddy.Ty
peCachingBytecodeGenera
tor.mockClass(TypeCachi
ngBytecodeGenerator.jav
a:75)
	at org.mockito.interna
l.creation.bytebuddy.In
lineBytecodeGenerator.m
ockClass(InlineBytecode
Generator.java:223)
	at org.mockito.interna
l.creation.bytebuddy.Ty
peCachingBytecodeGenera
tor.lambda$mockClass$0(
TypeCachingBytecodeGene
rator.java:78)
	at net.bytebuddy.TypeC
ache.findOrInsert(TypeC
ache.java:168)
	at net.bytebuddy.TypeC
ache$WithInlineExpuncti
on.findOrInsert(TypeCac
he.java:399)
	at net.bytebuddy.TypeC
ache.findOrInsert(TypeC
ache.java:190)
	at net.bytebuddy.TypeC
ache$WithInlineExpuncti
on.findOrInsert(TypeCac
he.java:410)
	at org.mockito.interna
l.creation.bytebuddy.Ty
peCachingBytecodeGenera
tor.mockClass(TypeCachi
ngBytecodeGenerator.jav
a:75)
	at org.mockito.interna
l.creation.bytebuddy.In
lineDelegateByteBuddyMo
ckMaker.createMockType(
InlineDelegateByteBuddy
MockMaker.java:429)
	at org.mockito.interna
l.creation.bytebuddy.In
lineDelegateByteBuddyMo
ckMaker.doCreateMock(In
lineDelegateByteBuddyMo
ckMaker.java:388)
	at org.mockito.interna
l.creation.bytebuddy.In
lineDelegateByteBuddyMo
ckMaker.createMock(Inli
neDelegateByteBuddyMock
Maker.java:367)
	at org.mockito.interna
l.creation.bytebuddy.In
lineByteBuddyMockMaker.
createMock(InlineByteBu
ddyMockMaker.java:56)
	at org.mockito.interna
l.util.MockUtil.createM
ock(MockUtil.java:99)
	at org.mockito.interna
l.MockitoCore.mock(Mock
itoCore.java:84)
	at org.mockito.Mockito
.mock(Mockito.java:2198
)
	at org.mockito.interna
l.configuration.MockAnn
otationProcessor.proces
sAnnotationForMock(Mock
AnnotationProcessor.jav
a:79)
	at org.mockito.interna
l.configuration.MockAnn
otationProcessor.proces
s(MockAnnotationProcess
or.java:28)
	at org.mockito.interna
l.configuration.MockAnn
otationProcessor.proces
s(MockAnnotationProcess
or.java:25)
	at org.mockito.interna
l.configuration.Indepen
dentAnnotationEngine.cr
eateMockFor(Independent
AnnotationEngine.java:4
4)
	at org.mockito.interna
l.configuration.Indepen
dentAnnotationEngine.pr
ocess(IndependentAnnota
tionEngine.java:72)
	at org.mockito.interna
l.configuration.Injecti
ngAnnotationEngine.proc
essIndependentAnnotatio
ns(InjectingAnnotationE
ngine.java:62)
	at org.mockito.interna
l.configuration.Injecti
ngAnnotationEngine.proc
ess(InjectingAnnotation
Engine.java:47)
	at org.mockito.Mockito
Annotations.openMocks(M
ockitoAnnotations.java:
81)
	at org.mockito.interna
l.runners.DefaultIntern
alRunner$1$1.evaluate(D
efaultInternalRunner.ja
va:50)
	at org.junit.runners.P
arentRunner$3.evaluate(
ParentRunner.java:306)
	at org.junit.runners.B
lockJUnit4ClassRunner$1
.evaluate(BlockJUnit4Cl
assRunner.java:100)
	at org.junit.runners.P
arentRunner.runLeaf(Par
entRunner.java:366)
	at org.junit.runners.B
lockJUnit4ClassRunner.r
unChild(BlockJUnit4Clas
sRunner.java:103)
	at org.junit.runners.B
lockJUnit4ClassRunner.r
unChild(BlockJUnit4Clas
sRunner.java:63)
	at org.junit.runners.P
arentRunner$4.run(Paren
tRunner.java:331)
	at org.junit.runners.P
arentRunner$1.schedule(
ParentRunner.java:79)
	at org.junit.runners.P
arentRunner.runChildren
(ParentRunner.java:329)
	at org.junit.runners.P
arentRunner.access$100(
ParentRunner.java:66)
	at org.junit.runners.P
arentRunner$2.evaluate(
ParentRunner.java:293)
	at org.junit.runners.P
arentRunner$3.evaluate(
ParentRunner.java:306)
	at org.junit.runners.P
arentRunner.run(ParentR
unner.java:413)
	at org.mockito.interna
l.runners.DefaultIntern
alRunner$1.run(DefaultI
nternalRunner.java:100)
	at org.mockito.interna
l.runners.DefaultIntern
alRunner.run(DefaultInt
ernalRunner.java:107)
	at org.mockito.interna
l.runners.StrictRunner.
run(StrictRunner.java:4
2)
	at org.mockito.junit.M
ockitoJUnitRunner.run(M
ockitoJUnitRunner.java:
163)
	at org.junit.runner.JU
nitCore.run(JUnitCore.j
ava:137)
	at org.junit.runner.JU
nitCore.run(JUnitCore.j
ava:115)
	at org.junit.vintage.e
ngine.execution.RunnerE
xecutor.execute(RunnerE
xecutor.java:42)
	at org.junit.vintage.e
ngine.execution.Vintage
Executor.executeClasses
AndMethodsSequentially(
VintageExecutor.java:93
)
	at org.junit.vintage.e
ngine.execution.Vintage
Executor.executeAllChil
dren(VintageExecutor.ja
va:73)
	at org.junit.vintage.e
ngine.VintageTestEngine
.execute(VintageTestEng
ine.java:70)
	at org.junit.platform.
launcher.core.EngineExe
cutionOrchestrator.exec
ute(EngineExecutionOrch
estrator.java:201)
	at org.junit.platform.
launcher.core.EngineExe
cutionOrchestrator.exec
ute(EngineExecutionOrch
estrator.java:170)
	at org.junit.platform.
launcher.core.EngineExe
cutionOrchestrator.exec
ute(EngineExecutionOrch
estrator.java:94)
	at org.junit.platform.
launcher.core.EngineExe
cutionOrchestrator.lamb
da$execute$0(EngineExec
utionOrchestrator.java:
59)
	at org.junit.platform.
launcher.core.EngineExe
cutionOrchestrator.with
InterceptedStreams(Engi
neExecutionOrchestrator
.java:142)
	at org.junit.platform.
launcher.core.EngineExe
cutionOrchestrator.exec
ute(EngineExecutionOrch
estrator.java:58)
	at org.junit.platform.
launcher.core.DefaultLa
uncher.execute(DefaultL
auncher.java:103)
	at org.junit.platform.
launcher.core.DefaultLa
uncher.execute(DefaultL
auncher.java:85)
	at org.junit.platform.
launcher.core.Delegatin
gLauncher.execute(Deleg
atingLauncher.java:47)
	at org.junit.platform.
launcher.core.Intercept
ingLauncher.lambda$exec
ute$1(InterceptingLaunc
her.java:39)
	at org.junit.platform.
launcher.core.Classpath
AlignmentCheckingLaunch
erInterceptor.intercept
(ClasspathAlignmentChec
kingLauncherInterceptor
.java:25)
	at org.junit.platform.
launcher.core.Intercept
ingLauncher.execute(Int
erceptingLauncher.java:
38)
	at org.junit.platform.
launcher.core.Delegatin
gLauncher.execute(Deleg
atingLauncher.java:47)
	at org.apache.maven.su
refire.junitplatform.La
uncherAdapter.executeWi
thoutCancellationToken(
LauncherAdapter.java:60
)
	at org.apache.maven.su
refire.junitplatform.La
uncherAdapter.execute(L
auncherAdapter.java:52)
	at org.apache.maven.su
refire.junitplatform.JU
nitPlatformProvider.exe
cute(JUnitPlatformProvi
der.java:203)
	at org.apache.maven.su
refire.junitplatform.JU
nitPlatformProvider.inv
okeAllTests(JUnitPlatfo
rmProvider.java:168)
	at org.apache.maven.su
refire.junitplatform.JU
nitPlatformProvider.inv
oke(JUnitPlatformProvid
er.java:136)
	at org.apache.maven.su
refire.booter.ForkedBoo
ter.runSuitesInProcess(
ForkedBooter.java:385)
	at org.apache.maven.su
refire.booter.ForkedBoo
ter.execute(ForkedBoote
r.java:162)
	at org.apache.maven.su
refire.booter.ForkedBoo
ter.run(ForkedBooter.ja
va:507)
	at org.apache.maven.su
refire.booter.ForkedBoo
ter.main(ForkedBooter.j
ava:495)
Caused by: 
java.io.IOException: 
Error while 
instrumenting org/sprin
gframework/security/cry
pto/password/PasswordEn
coder$MockitoMock$X9Ybh
WtY with JaCoCo 0.8.11.
202310140853/f33756c.
	at org.jacoco.agent.rt
.internal_4742761.core.
instr.Instrumenter.inst
rumentError(Instrumente
r.java:161)
	at org.jacoco.agent.rt
.internal_4742761.core.
instr.Instrumenter.inst
rument(Instrumenter.jav
a:111)
	at org.jacoco.agent.rt
.internal_4742761.Cover
ageTransformer.transfor
m(CoverageTransformer.j
ava:92)
	... 94 more
Caused by: java.lang.Il
legalArgumentException:
 Unsupported class 
file major version 68
	at org.jacoco.agent.rt
.internal_4742761.asm.C
lassReader.<init>(Class
Reader.java:200)
	at org.jacoco.agent.rt
.internal_4742761.asm.C
lassReader.<init>(Class
Reader.java:180)
	at org.jacoco.agent.rt
.internal_4742761.asm.C
lassReader.<init>(Class
Reader.java:166)
	at org.jacoco.agent.rt
.internal_4742761.core.
internal.instr.InstrSup
port.classReaderFor(Ins
trSupport.java:280)
	at org.jacoco.agent.rt
.internal_4742761.core.
instr.Instrumenter.inst
rument(Instrumenter.jav
a:77)
	at org.jacoco.agent.rt
.internal_4742761.core.
instr.Instrumenter.inst
rument(Instrumenter.jav
a:109)
	... 95 more
java.lang.instrument.Il
legalClassFormatExcepti
on: Error while 
instrumenting org/sprin
gframework/security/cry
pto/password/PasswordEn
coder$MockitoMock$X9Ybh
WtY$auxiliary$MgG8LeTZ 
with JaCoCo 0.8.11.2023
10140853/f33756c.
	at org.jacoco.agent.rt
.internal_4742761.Cover
ageTransformer.transfor
m(CoverageTransformer.j
ava:94)
	at java.instrument/jav
a.lang.instrument.Class
FileTransformer.transfo
rm(ClassFileTransformer
.java:257)
	at java.instrument/sun
.instrument.Transformer
Manager.transform(Trans
formerManager.java:188)
	at java.instrument/sun
.instrument.Instrumenta
tionImpl.transform(Inst
rumentationImpl.java:59
4)
	at java.base/java.lang
.ClassLoader.defineClas
s0(Native Method)
	at java.base/java.lang
.System$1.defineClass(S
ystem.java:2025)
	at java.base/java.lang
.invoke.MethodHandles$L
ookup$ClassDefiner.defi
neClass(MethodHandles.j
ava:2355)
	at java.base/java.lang
.invoke.MethodHandles$L
ookup$ClassDefiner.defi
neClass(MethodHandles.j
ava:2330)
	at java.base/java.lang
.invoke.MethodHandles$L
ookup.defineClass(Metho
dHandles.java:1754)
	at java.base/jdk.inter
nal.reflect.DirectMetho
dHandleAccessor.invoke(
DirectMethodHandleAcces
sor.java:104)
	at java.base/java.lang
.reflect.Method.invoke(
Method.java:565)
	at net.bytebuddy.utili
ty.Invoker$Dispatcher.i
nvoke(Unknown Source)
	at net.bytebuddy.utili
ty.dispatcher.JavaDispa
tcher$Dispatcher$ForNon
StaticMethod.invoke(Jav
aDispatcher.java:1038)
	at net.bytebuddy.utili
ty.dispatcher.JavaDispa
tcher$ProxiedInvocation
Handler.invoke(JavaDisp
atcher.java:1168)
	at jdk.proxy2/jdk.prox
y2.$Proxy150.defineClas
s(Unknown Source)
	at net.bytebuddy.dynam
ic.loading.ClassInjecto
r$UsingLookup.injectRaw
(ClassInjector.java:170
7)
	at net.bytebuddy.dynam
ic.loading.ClassInjecto
r$AbstractBase.injectRa
w(ClassInjector.java:18
8)
	at net.bytebuddy.dynam
ic.loading.ClassInjecto
r$AbstractBase.inject(C
lassInjector.java:176)
	at net.bytebuddy.dynam
ic.loading.ClassLoading
Strategy$UsingLookup.lo
ad(ClassLoadingStrategy
.java:519)
	at net.bytebuddy.dynam
ic.TypeResolutionStrate
gy$Passive.initialize(T
ypeResolutionStrategy.j
ava:101)
	at net.bytebuddy.dynam
ic.DynamicType$Default$
Unloaded.load(DynamicTy
pe.java:6432)
	at org.mockito.interna
l.creation.bytebuddy.Su
bclassBytecodeGenerator
.mockClass(SubclassByte
codeGenerator.java:282)
	at org.mockito.interna
l.creation.bytebuddy.Ty
peCachingBytecodeGenera
tor.lambda$mockClass$0(
TypeCachingBytecodeGene
rator.java:78)
	at net.bytebuddy.TypeC
ache.findOrInsert(TypeC
ache.java:168)
	at net.bytebuddy.TypeC
ache$WithInlineExpuncti
on.findOrInsert(TypeCac
he.java:399)
	at net.bytebuddy.TypeC
ache.findOrInsert(TypeC
ache.java:190)
	at net.bytebuddy.TypeC
ache$WithInlineExpuncti
on.findOrInsert(TypeCac
he.java:410)
	at org.mockito.interna
l.creation.bytebuddy.Ty
peCachingBytecodeGenera
tor.mockClass(TypeCachi
ngBytecodeGenerator.jav
a:75)
	at org.mockito.interna
l.creation.bytebuddy.In
lineBytecodeGenerator.m
ockClass(InlineBytecode
Generator.java:223)
	at org.mockito.interna
l.creation.bytebuddy.Ty
peCachingBytecodeGenera
tor.lambda$mockClass$0(
TypeCachingBytecodeGene
rator.java:78)
	at net.bytebuddy.TypeC
ache.findOrInsert(TypeC
ache.java:168)
	at net.bytebuddy.TypeC
ache$WithInlineExpuncti
on.findOrInsert(TypeCac
he.java:399)
	at net.bytebuddy.TypeC
ache.findOrInsert(TypeC
ache.java:190)
	at net.bytebuddy.TypeC
ache$WithInlineExpuncti
on.findOrInsert(TypeCac
he.java:410)
	at org.mockito.interna
l.creation.bytebuddy.Ty
peCachingBytecodeGenera
tor.mockClass(TypeCachi
ngBytecodeGenerator.jav
a:75)
	at org.mockito.interna
l.creation.bytebuddy.In
lineDelegateByteBuddyMo
ckMaker.createMockType(
InlineDelegateByteBuddy
MockMaker.java:429)
	at org.mockito.interna
l.creation.bytebuddy.In
lineDelegateByteBuddyMo
ckMaker.doCreateMock(In
lineDelegateByteBuddyMo
ckMaker.java:388)
	at org.mockito.interna
l.creation.bytebuddy.In
lineDelegateByteBuddyMo
ckMaker.createMock(Inli
neDelegateByteBuddyMock
Maker.java:367)
	at org.mockito.interna
l.creation.bytebuddy.In
lineByteBuddyMockMaker.
createMock(InlineByteBu
ddyMockMaker.java:56)
	at org.mockito.interna
l.util.MockUtil.createM
ock(MockUtil.java:99)
	at org.mockito.interna
l.MockitoCore.mock(Mock
itoCore.java:84)
	at org.mockito.Mockito
.mock(Mockito.java:2198
)
	at org.mockito.interna
l.configuration.MockAnn
otationProcessor.proces
sAnnotationForMock(Mock
AnnotationProcessor.jav
a:79)
	at org.mockito.interna
l.configuration.MockAnn
otationProcessor.proces
s(MockAnnotationProcess
or.java:28)
	at org.mockito.interna
l.configuration.MockAnn
otationProcessor.proces
s(MockAnnotationProcess
or.java:25)
	at org.mockito.interna
l.configuration.Indepen
dentAnnotationEngine.cr
eateMockFor(Independent
AnnotationEngine.java:4
4)
	at org.mockito.interna
l.configuration.Indepen
dentAnnotationEngine.pr
ocess(IndependentAnnota
tionEngine.java:72)
	at org.mockito.interna
l.configuration.Injecti
ngAnnotationEngine.proc
essIndependentAnnotatio
ns(InjectingAnnotationE
ngine.java:62)
	at org.mockito.interna
l.configuration.Injecti
ngAnnotationEngine.proc
ess(InjectingAnnotation
Engine.java:47)
	at org.mockito.Mockito
Annotations.openMocks(M
ockitoAnnotations.java:
81)
	at org.mockito.interna
l.runners.DefaultIntern
alRunner$1$1.evaluate(D
efaultInternalRunner.ja
va:50)
	at org.junit.runners.P
arentRunner$3.evaluate(
ParentRunner.java:306)
	at org.junit.runners.B
lockJUnit4ClassRunner$1
.evaluate(BlockJUnit4Cl
assRunner.java:100)
	at org.junit.runners.P
arentRunner.runLeaf(Par
entRunner.java:366)
	at org.junit.runners.B
lockJUnit4ClassRunner.r
unChild(BlockJUnit4Clas
sRunner.java:103)
	at org.junit.runners.B
lockJUnit4ClassRunner.r
unChild(BlockJUnit4Clas
sRunner.java:63)
	at org.junit.runners.P
arentRunner$4.run(Paren
tRunner.java:331)
	at org.junit.runners.P
arentRunner$1.schedule(
ParentRunner.java:79)
	at org.junit.runners.P
arentRunner.runChildren
(ParentRunner.java:329)
	at org.junit.runners.P
arentRunner.access$100(
ParentRunner.java:66)
	at org.junit.runners.P
arentRunner$2.evaluate(
ParentRunner.java:293)
	at org.junit.runners.P
arentRunner$3.evaluate(
ParentRunner.java:306)
	at org.junit.runners.P
arentRunner.run(ParentR
unner.java:413)
	at org.mockito.interna
l.runners.DefaultIntern
alRunner$1.run(DefaultI
nternalRunner.java:100)
	at org.mockito.interna
l.runners.DefaultIntern
alRunner.run(DefaultInt
ernalRunner.java:107)
	at org.mockito.interna
l.runners.StrictRunner.
run(StrictRunner.java:4
2)
	at org.mockito.junit.M
ockitoJUnitRunner.run(M
ockitoJUnitRunner.java:
163)
	at org.junit.runner.JU
nitCore.run(JUnitCore.j
ava:137)
	at org.junit.runner.JU
nitCore.run(JUnitCore.j
ava:115)
	at org.junit.vintage.e
ngine.execution.RunnerE
xecutor.execute(RunnerE
xecutor.java:42)
	at org.junit.vintage.e
ngine.execution.Vintage
Executor.executeClasses
AndMethodsSequentially(
VintageExecutor.java:93
)
	at org.junit.vintage.e
ngine.execution.Vintage
Executor.executeAllChil
dren(VintageExecutor.ja
va:73)
	at org.junit.vintage.e
ngine.VintageTestEngine
.execute(VintageTestEng
ine.java:70)
	at org.junit.platform.
launcher.core.EngineExe
cutionOrchestrator.exec
ute(EngineExecutionOrch
estrator.java:201)
	at org.junit.platform.
launcher.core.EngineExe
cutionOrchestrator.exec
ute(EngineExecutionOrch
estrator.java:170)
	at org.junit.platform.
launcher.core.EngineExe
cutionOrchestrator.exec
ute(EngineExecutionOrch
estrator.java:94)
	at org.junit.platform.
launcher.core.EngineExe
cutionOrchestrator.lamb
da$execute$0(EngineExec
utionOrchestrator.java:
59)
	at org.junit.platform.
launcher.core.EngineExe
cutionOrchestrator.with
InterceptedStreams(Engi
neExecutionOrchestrator
.java:142)
	at org.junit.platform.
launcher.core.EngineExe
cutionOrchestrator.exec
ute(EngineExecutionOrch
estrator.java:58)
	at org.junit.platform.
launcher.core.DefaultLa
uncher.execute(DefaultL
auncher.java:103)
	at org.junit.platform.
launcher.core.DefaultLa
uncher.execute(DefaultL
auncher.java:85)
	at org.junit.platform.
launcher.core.Delegatin
gLauncher.execute(Deleg
atingLauncher.java:47)
	at org.junit.platform.
launcher.core.Intercept
ingLauncher.lambda$exec
ute$1(InterceptingLaunc
her.java:39)
	at org.junit.platform.
launcher.core.Classpath
AlignmentCheckingLaunch
erInterceptor.intercept
(ClasspathAlignmentChec
kingLauncherInterceptor
.java:25)
	at org.junit.platform.
launcher.core.Intercept
ingLauncher.execute(Int
erceptingLauncher.java:
38)
	at org.junit.platform.
launcher.core.Delegatin
gLauncher.execute(Deleg
atingLauncher.java:47)
	at org.apache.maven.su
refire.junitplatform.La
uncherAdapter.executeWi
thoutCancellationToken(
LauncherAdapter.java:60
)
	at org.apache.maven.su
refire.junitplatform.La
uncherAdapter.execute(L
auncherAdapter.java:52)
	at org.apache.maven.su
refire.junitplatform.JU
nitPlatformProvider.exe
cute(JUnitPlatformProvi
der.java:203)
	at org.apache.maven.su
refire.junitplatform.JU
nitPlatformProvider.inv
okeAllTests(JUnitPlatfo
rmProvider.java:168)
	at org.apache.maven.su
refire.junitplatform.JU
nitPlatformProvider.inv
oke(JUnitPlatformProvid
er.java:136)
	at org.apache.maven.su
refire.booter.ForkedBoo
ter.runSuitesInProcess(
ForkedBooter.java:385)
	at org.apache.maven.su
refire.booter.ForkedBoo
ter.execute(ForkedBoote
r.java:162)
	at org.apache.maven.su
refire.booter.ForkedBoo
ter.run(ForkedBooter.ja
va:507)
	at org.apache.maven.su
refire.booter.ForkedBoo
ter.main(ForkedBooter.j
ava:495)
Caused by: 
java.io.IOException: 
Error while 
instrumenting org/sprin
gframework/security/cry
pto/password/PasswordEn
coder$MockitoMock$X9Ybh
WtY$auxiliary$MgG8LeTZ 
with JaCoCo 0.8.11.2023
10140853/f33756c.
	at org.jacoco.agent.rt
.internal_4742761.core.
instr.Instrumenter.inst
rumentError(Instrumente
r.java:161)
	at org.jacoco.agent.rt
.internal_4742761.core.
instr.Instrumenter.inst
rument(Instrumenter.jav
a:111)
	at org.jacoco.agent.rt
.internal_4742761.Cover
ageTransformer.transfor
m(CoverageTransformer.j
ava:92)
	... 94 more
Caused by: java.lang.Il
legalArgumentException:
 Unsupported class 
file major version 68
	at org.jacoco.agent.rt
.internal_4742761.asm.C
lassReader.<init>(Class
Reader.java:200)
	at org.jacoco.agent.rt
.internal_4742761.asm.C
lassReader.<init>(Class
Reader.java:180)
	at org.jacoco.agent.rt
.internal_4742761.asm.C
lassReader.<init>(Class
Reader.java:166)
	at org.jacoco.agent.rt
.internal_4742761.core.
internal.instr.InstrSup
port.classReaderFor(Ins
trSupport.java:280)
	at org.jacoco.agent.rt
.internal_4742761.core.
instr.Instrumenter.inst
rument(Instrumenter.jav
a:77)
	at org.jacoco.agent.rt
.internal_4742761.core.
instr.Instrumenter.inst
rument(Instrumenter.jav
a:109)
	... 95 more
java.lang.instrument.Il
legalClassFormatExcepti
on: Error while 
instrumenting org/sprin
gframework/security/cry
pto/password/PasswordEn
coder$MockitoMock$X9Ybh
WtY$auxiliary$kZGAB2oR 
with JaCoCo 0.8.11.2023
10140853/f33756c.
	at org.jacoco.agent.rt
.internal_4742761.Cover
ageTransformer.transfor
m(CoverageTransformer.j
ava:94)
	at java.instrument/jav
a.lang.instrument.Class
FileTransformer.transfo
rm(ClassFileTransformer
.java:257)
	at java.instrument/sun
.instrument.Transformer
Manager.transform(Trans
formerManager.java:188)
	at java.instrument/sun
.instrument.Instrumenta
tionImpl.transform(Inst
rumentationImpl.java:59
4)
	at java.base/java.lang
.ClassLoader.defineClas
s0(Native Method)
	at java.base/java.lang
.System$1.defineClass(S
ystem.java:2025)
	at java.base/java.lang
.invoke.MethodHandles$L
ookup$ClassDefiner.defi
neClass(MethodHandles.j
ava:2355)
	at java.base/java.lang
.invoke.MethodHandles$L
ookup$ClassDefiner.defi
neClass(MethodHandles.j
ava:2330)
	at java.base/java.lang
.invoke.MethodHandles$L
ookup.defineClass(Metho
dHandles.java:1754)
	at java.base/jdk.inter
nal.reflect.DirectMetho
dHandleAccessor.invoke(
DirectMethodHandleAcces
sor.java:104)
	at java.base/java.lang
.reflect.Method.invoke(
Method.java:565)
	at net.bytebuddy.utili
ty.Invoker$Dispatcher.i
nvoke(Unknown Source)
	at net.bytebuddy.utili
ty.dispatcher.JavaDispa
tcher$Dispatcher$ForNon
StaticMethod.invoke(Jav
aDispatcher.java:1038)
	at net.bytebuddy.utili
ty.dispatcher.JavaDispa
tcher$ProxiedInvocation
Handler.invoke(JavaDisp
atcher.java:1168)
	at jdk.proxy2/jdk.prox
y2.$Proxy150.defineClas
s(Unknown Source)
	at net.bytebuddy.dynam
ic.loading.ClassInjecto
r$UsingLookup.injectRaw
(ClassInjector.java:170
7)
	at net.bytebuddy.dynam
ic.loading.ClassInjecto
r$AbstractBase.injectRa
w(ClassInjector.java:18
8)
	at net.bytebuddy.dynam
ic.loading.ClassInjecto
r$AbstractBase.inject(C
lassInjector.java:176)
	at net.bytebuddy.dynam
ic.loading.ClassLoading
Strategy$UsingLookup.lo
ad(ClassLoadingStrategy
.java:519)
	at net.bytebuddy.dynam
ic.TypeResolutionStrate
gy$Passive.initialize(T
ypeResolutionStrategy.j
ava:101)
	at net.bytebuddy.dynam
ic.DynamicType$Default$
Unloaded.load(DynamicTy
pe.java:6432)
	at org.mockito.interna
l.creation.bytebuddy.Su
bclassBytecodeGenerator
.mockClass(SubclassByte
codeGenerator.java:282)
	at org.mockito.interna
l.creation.bytebuddy.Ty
peCachingBytecodeGenera
tor.lambda$mockClass$0(
TypeCachingBytecodeGene
rator.java:78)
	at net.bytebuddy.TypeC
ache.findOrInsert(TypeC
ache.java:168)
	at net.bytebuddy.TypeC
ache$WithInlineExpuncti
on.findOrInsert(TypeCac
he.java:399)
	at net.bytebuddy.TypeC
ache.findOrInsert(TypeC
ache.java:190)
	at net.bytebuddy.TypeC
ache$WithInlineExpuncti
on.findOrInsert(TypeCac
he.java:410)
	at org.mockito.interna
l.creation.bytebuddy.Ty
peCachingBytecodeGenera
tor.mockClass(TypeCachi
ngBytecodeGenerator.jav
a:75)
	at org.mockito.interna
l.creation.bytebuddy.In
lineBytecodeGenerator.m
ockClass(InlineBytecode
Generator.java:223)
	at org.mockito.interna
l.creation.bytebuddy.Ty
peCachingBytecodeGenera
tor.lambda$mockClass$0(
TypeCachingBytecodeGene
rator.java:78)
	at net.bytebuddy.TypeC
ache.findOrInsert(TypeC
ache.java:168)
	at net.bytebuddy.TypeC
ache$WithInlineExpuncti
on.findOrInsert(TypeCac
he.java:399)
	at net.bytebuddy.TypeC
ache.findOrInsert(TypeC
ache.java:190)
	at net.bytebuddy.TypeC
ache$WithInlineExpuncti
on.findOrInsert(TypeCac
he.java:410)
	at org.mockito.interna
l.creation.bytebuddy.Ty
peCachingBytecodeGenera
tor.mockClass(TypeCachi
ngBytecodeGenerator.jav
a:75)
	at org.mockito.interna
l.creation.bytebuddy.In
lineDelegateByteBuddyMo
ckMaker.createMockType(
InlineDelegateByteBuddy
MockMaker.java:429)
	at org.mockito.interna
l.creation.bytebuddy.In
lineDelegateByteBuddyMo
ckMaker.doCreateMock(In
lineDelegateByteBuddyMo
ckMaker.java:388)
	at org.mockito.interna
l.creation.bytebuddy.In
lineDelegateByteBuddyMo
ckMaker.createMock(Inli
neDelegateByteBuddyMock
Maker.java:367)
	at org.mockito.interna
l.creation.bytebuddy.In
lineByteBuddyMockMaker.
createMock(InlineByteBu
ddyMockMaker.java:56)
	at org.mockito.interna
l.util.MockUtil.createM
ock(MockUtil.java:99)
	at org.mockito.interna
l.MockitoCore.mock(Mock
itoCore.java:84)
	at org.mockito.Mockito
.mock(Mockito.java:2198
)
	at org.mockito.interna
l.configuration.MockAnn
otationProcessor.proces
sAnnotationForMock(Mock
AnnotationProcessor.jav
a:79)
	at org.mockito.interna
l.configuration.MockAnn
otationProcessor.proces
s(MockAnnotationProcess
or.java:28)
	at org.mockito.interna
l.configuration.MockAnn
otationProcessor.proces
s(MockAnnotationProcess
or.java:25)
	at org.mockito.interna
l.configuration.Indepen
dentAnnotationEngine.cr
eateMockFor(Independent
AnnotationEngine.java:4
4)
	at org.mockito.interna
l.configuration.Indepen
dentAnnotationEngine.pr
ocess(IndependentAnnota
tionEngine.java:72)
	at org.mockito.interna
l.configuration.Injecti
ngAnnotationEngine.proc
essIndependentAnnotatio
ns(InjectingAnnotationE
ngine.java:62)
	at org.mockito.interna
l.configuration.Injecti
ngAnnotationEngine.proc
ess(InjectingAnnotation
Engine.java:47)
	at org.mockito.Mockito
Annotations.openMocks(M
ockitoAnnotations.java:
81)
	at org.mockito.interna
l.runners.DefaultIntern
alRunner$1$1.evaluate(D
efaultInternalRunner.ja
va:50)
	at org.junit.runners.P
arentRunner$3.evaluate(
ParentRunner.java:306)
	at org.junit.runners.B
lockJUnit4ClassRunner$1
.evaluate(BlockJUnit4Cl
assRunner.java:100)
	at org.junit.runners.P
arentRunner.runLeaf(Par
entRunner.java:366)
	at org.junit.runners.B
lockJUnit4ClassRunner.r
unChild(BlockJUnit4Clas
sRunner.java:103)
	at org.junit.runners.B
lockJUnit4ClassRunner.r
unChild(BlockJUnit4Clas
sRunner.java:63)
	at org.junit.runners.P
arentRunner$4.run(Paren
tRunner.java:331)
	at org.junit.runners.P
arentRunner$1.schedule(
ParentRunner.java:79)
	at org.junit.runners.P
arentRunner.runChildren
(ParentRunner.java:329)
	at org.junit.runners.P
arentRunner.access$100(
ParentRunner.java:66)
	at org.junit.runners.P
arentRunner$2.evaluate(
ParentRunner.java:293)
	at org.junit.runners.P
arentRunner$3.evaluate(
ParentRunner.java:306)
	at org.junit.runners.P
arentRunner.run(ParentR
unner.java:413)
	at org.mockito.interna
l.runners.DefaultIntern
alRunner$1.run(DefaultI
nternalRunner.java:100)
	at org.mockito.interna
l.runners.DefaultIntern
alRunner.run(DefaultInt
ernalRunner.java:107)
	at org.mockito.interna
l.runners.StrictRunner.
run(StrictRunner.java:4
2)
	at org.mockito.junit.M
ockitoJUnitRunner.run(M
ockitoJUnitRunner.java:
163)
	at org.junit.runner.JU
nitCore.run(JUnitCore.j
ava:137)
	at org.junit.runner.JU
nitCore.run(JUnitCore.j
ava:115)
	at org.junit.vintage.e
ngine.execution.RunnerE
xecutor.execute(RunnerE
xecutor.java:42)
	at org.junit.vintage.e
ngine.execution.Vintage
Executor.executeClasses
AndMethodsSequentially(
VintageExecutor.java:93
)
	at org.junit.vintage.e
ngine.execution.Vintage
Executor.executeAllChil
dren(VintageExecutor.ja
va:73)
	at org.junit.vintage.e
ngine.VintageTestEngine
.execute(VintageTestEng
ine.java:70)
	at org.junit.platform.
launcher.core.EngineExe
cutionOrchestrator.exec
ute(EngineExecutionOrch
estrator.java:201)
	at org.junit.platform.
launcher.core.EngineExe
cutionOrchestrator.exec
ute(EngineExecutionOrch
estrator.java:170)
	at org.junit.platform.
launcher.core.EngineExe
cutionOrchestrator.exec
ute(EngineExecutionOrch
estrator.java:94)
	at org.junit.platform.
launcher.core.EngineExe
cutionOrchestrator.lamb
da$execute$0(EngineExec
utionOrchestrator.java:
59)
	at org.junit.platform.
launcher.core.EngineExe
cutionOrchestrator.with
InterceptedStreams(Engi
neExecutionOrchestrator
.java:142)
	at org.junit.platform.
launcher.core.EngineExe
cutionOrchestrator.exec
ute(EngineExecutionOrch
estrator.java:58)
	at org.junit.platform.
launcher.core.DefaultLa
uncher.execute(DefaultL
auncher.java:103)
	at org.junit.platform.
launcher.core.DefaultLa
uncher.execute(DefaultL
auncher.java:85)
	at org.junit.platform.
launcher.core.Delegatin
gLauncher.execute(Deleg
atingLauncher.java:47)
	at org.junit.platform.
launcher.core.Intercept
ingLauncher.lambda$exec
ute$1(InterceptingLaunc
her.java:39)
	at org.junit.platform.
launcher.core.Classpath
AlignmentCheckingLaunch
erInterceptor.intercept
(ClasspathAlignmentChec
kingLauncherInterceptor
.java:25)
	at org.junit.platform.
launcher.core.Intercept
ingLauncher.execute(Int
erceptingLauncher.java:
38)
	at org.junit.platform.
launcher.core.Delegatin
gLauncher.execute(Deleg
atingLauncher.java:47)
	at org.apache.maven.su
refire.junitplatform.La
uncherAdapter.executeWi
thoutCancellationToken(
LauncherAdapter.java:60
)
	at org.apache.maven.su
refire.junitplatform.La
uncherAdapter.execute(L
auncherAdapter.java:52)
	at org.apache.maven.su
refire.junitplatform.JU
nitPlatformProvider.exe
cute(JUnitPlatformProvi
der.java:203)
	at org.apache.maven.su
refire.junitplatform.JU
nitPlatformProvider.inv
okeAllTests(JUnitPlatfo
rmProvider.java:168)
	at org.apache.maven.su
refire.junitplatform.JU
nitPlatformProvider.inv
oke(JUnitPlatformProvid
er.java:136)
	at org.apache.maven.su
refire.booter.ForkedBoo
ter.runSuitesInProcess(
ForkedBooter.java:385)
	at org.apache.maven.su
refire.booter.ForkedBoo
ter.execute(ForkedBoote
r.java:162)
	at org.apache.maven.su
refire.booter.ForkedBoo
ter.run(ForkedBooter.ja
va:507)
	at org.apache.maven.su
refire.booter.ForkedBoo
ter.main(ForkedBooter.j
ava:495)
Caused by: 
java.io.IOException: 
Error while 
instrumenting org/sprin
gframework/security/cry
pto/password/PasswordEn
coder$MockitoMock$X9Ybh
WtY$auxiliary$kZGAB2oR 
with JaCoCo 0.8.11.2023
10140853/f33756c.
	at org.jacoco.agent.rt
.internal_4742761.core.
instr.Instrumenter.inst
rumentError(Instrumente
r.java:161)
	at org.jacoco.agent.rt
.internal_4742761.core.
instr.Instrumenter.inst
rument(Instrumenter.jav
a:111)
	at org.jacoco.agent.rt
.internal_4742761.Cover
ageTransformer.transfor
m(CoverageTransformer.j
ava:92)
	... 94 more
Caused by: java.lang.Il
legalArgumentException:
 Unsupported class 
file major version 68
	at org.jacoco.agent.rt
.internal_4742761.asm.C
lassReader.<init>(Class
Reader.java:200)
	at org.jacoco.agent.rt
.internal_4742761.asm.C
lassReader.<init>(Class
Reader.java:180)
	at org.jacoco.agent.rt
.internal_4742761.asm.C
lassReader.<init>(Class
Reader.java:166)
	at org.jacoco.agent.rt
.internal_4742761.core.
internal.instr.InstrSup
port.classReaderFor(Ins
trSupport.java:280)
	at org.jacoco.agent.rt
.internal_4742761.core.
instr.Instrumenter.inst
rument(Instrumenter.jav
a:77)
	at org.jacoco.agent.rt
.internal_4742761.core.
instr.Instrumenter.inst
rument(Instrumenter.jav
a:109)
	... 95 more
[INFO] Tests run: 6, Failures: 0, Errors: 0, Skipped: 0, Time elapsed: 0.481 s -- in com.revpasswordmanager.service.UserServiceOtpTest
[INFO] Running com.revpasswordmanager.service.UserServiceTest
2026-03-03 09:36:24.176 [main] INFO  com.revpasswordmanager.service.UserServiceImpl - New user registered successfully: testuser
2026-03-03 09:36:24.181 [main] WARN  com.revpasswordmanager.service.UserServiceImpl - Registration failed: Username already exists - testuser
2026-03-03 09:36:24.187 [main] WARN  com.revpasswordmanager.service.UserServiceImpl - Password update failed for user: testuser. Old password mismatch.
2026-03-03 09:36:24.196 [main] ERROR com.revpasswordmanager.service.UserServiceImpl - Account LOCKED for user: testuser due to 5 failed attempts
[INFO] Tests run: 5, Failures: 0, Errors: 0, Skipped: 0, Time elapsed: 0.135 s -- in com.revpasswordmanager.service.UserServiceTest
[INFO] Running com.revpasswordmanager.service.VaultServiceTest
java.lang.instrument.Il
legalClassFormatExcepti
on: Error while 
instrumenting com/revpa
sswordmanager/repositor
y/ICredentialRepository
$MockitoMock$ncH4ntaK 
with JaCoCo 0.8.11.2023
10140853/f33756c.
	at org.jacoco.agent.rt
.internal_4742761.Cover
ageTransformer.transfor
m(CoverageTransformer.j
ava:94)
	at java.instrument/jav
a.lang.instrument.Class
FileTransformer.transfo
rm(ClassFileTransformer
.java:257)
	at java.instrument/sun
.instrument.Transformer
Manager.transform(Trans
formerManager.java:188)
	at java.instrument/sun
.instrument.Instrumenta
tionImpl.transform(Inst
rumentationImpl.java:59
4)
	at java.base/java.lang
.ClassLoader.defineClas
s0(Native Method)
	at java.base/java.lang
.System$1.defineClass(S
ystem.java:2025)
	at java.base/java.lang
.invoke.MethodHandles$L
ookup$ClassDefiner.defi
neClass(MethodHandles.j
ava:2355)
	at java.base/java.lang
.invoke.MethodHandles$L
ookup$ClassDefiner.defi
neClass(MethodHandles.j
ava:2330)
	at java.base/java.lang
.invoke.MethodHandles$L
ookup.defineClass(Metho
dHandles.java:1754)
	at java.base/jdk.inter
nal.reflect.DirectMetho
dHandleAccessor.invoke(
DirectMethodHandleAcces
sor.java:104)
	at java.base/java.lang
.reflect.Method.invoke(
Method.java:565)
	at net.bytebuddy.utili
ty.Invoker$Dispatcher.i
nvoke(Unknown Source)
	at net.bytebuddy.utili
ty.dispatcher.JavaDispa
tcher$Dispatcher$ForNon
StaticMethod.invoke(Jav
aDispatcher.java:1038)
	at net.bytebuddy.utili
ty.dispatcher.JavaDispa
tcher$ProxiedInvocation
Handler.invoke(JavaDisp
atcher.java:1168)
	at jdk.proxy2/jdk.prox
y2.$Proxy150.defineClas
s(Unknown Source)
	at net.bytebuddy.dynam
ic.loading.ClassInjecto
r$UsingLookup.injectRaw
(ClassInjector.java:170
7)
	at net.bytebuddy.dynam
ic.loading.ClassInjecto
r$AbstractBase.injectRa
w(ClassInjector.java:18
8)
	at net.bytebuddy.dynam
ic.loading.ClassInjecto
r$AbstractBase.inject(C
lassInjector.java:176)
	at net.bytebuddy.dynam
ic.loading.ClassLoading
Strategy$UsingLookup.lo
ad(ClassLoadingStrategy
.java:519)
	at net.bytebuddy.dynam
ic.TypeResolutionStrate
gy$Passive.initialize(T
ypeResolutionStrategy.j
ava:101)
	at net.bytebuddy.dynam
ic.DynamicType$Default$
Unloaded.load(DynamicTy
pe.java:6432)
	at org.mockito.interna
l.creation.bytebuddy.Su
bclassBytecodeGenerator
.mockClass(SubclassByte
codeGenerator.java:282)
	at org.mockito.interna
l.creation.bytebuddy.Ty
peCachingBytecodeGenera
tor.lambda$mockClass$0(
TypeCachingBytecodeGene
rator.java:78)
	at net.bytebuddy.TypeC
ache.findOrInsert(TypeC
ache.java:168)
	at net.bytebuddy.TypeC
ache$WithInlineExpuncti
on.findOrInsert(TypeCac
he.java:399)
	at net.bytebuddy.TypeC
ache.findOrInsert(TypeC
ache.java:190)
	at net.bytebuddy.TypeC
ache$WithInlineExpuncti
on.findOrInsert(TypeCac
he.java:410)
	at org.mockito.interna
l.creation.bytebuddy.Ty
peCachingBytecodeGenera
tor.mockClass(TypeCachi
ngBytecodeGenerator.jav
a:75)
	at org.mockito.interna
l.creation.bytebuddy.In
lineBytecodeGenerator.m
ockClass(InlineBytecode
Generator.java:223)
	at org.mockito.interna
l.creation.bytebuddy.Ty
peCachingBytecodeGenera
tor.lambda$mockClass$0(
TypeCachingBytecodeGene
rator.java:78)
	at net.bytebuddy.TypeC
ache.findOrInsert(TypeC
ache.java:168)
	at net.bytebuddy.TypeC
ache$WithInlineExpuncti
on.findOrInsert(TypeCac
he.java:399)
	at net.bytebuddy.TypeC
ache.findOrInsert(TypeC
ache.java:190)
	at net.bytebuddy.TypeC
ache$WithInlineExpuncti
on.findOrInsert(TypeCac
he.java:410)
	at org.mockito.interna
l.creation.bytebuddy.Ty
peCachingBytecodeGenera
tor.mockClass(TypeCachi
ngBytecodeGenerator.jav
a:75)
	at org.mockito.interna
l.creation.bytebuddy.In
lineDelegateByteBuddyMo
ckMaker.createMockType(
InlineDelegateByteBuddy
MockMaker.java:429)
	at org.mockito.interna
l.creation.bytebuddy.In
lineDelegateByteBuddyMo
ckMaker.doCreateMock(In
lineDelegateByteBuddyMo
ckMaker.java:388)
	at org.mockito.interna
l.creation.bytebuddy.In
lineDelegateByteBuddyMo
ckMaker.createMock(Inli
neDelegateByteBuddyMock
Maker.java:367)
	at org.mockito.interna
l.creation.bytebuddy.In
lineByteBuddyMockMaker.
createMock(InlineByteBu
ddyMockMaker.java:56)
	at org.mockito.interna
l.util.MockUtil.createM
ock(MockUtil.java:99)
	at org.mockito.interna
l.MockitoCore.mock(Mock
itoCore.java:84)
	at org.mockito.Mockito
.mock(Mockito.java:2198
)
	at org.mockito.interna
l.configuration.MockAnn
otationProcessor.proces
sAnnotationForMock(Mock
AnnotationProcessor.jav
a:79)
	at org.mockito.interna
l.configuration.MockAnn
otationProcessor.proces
s(MockAnnotationProcess
or.java:28)
	at org.mockito.interna
l.configuration.MockAnn
otationProcessor.proces
s(MockAnnotationProcess
or.java:25)
	at org.mockito.interna
l.configuration.Indepen
dentAnnotationEngine.cr
eateMockFor(Independent
AnnotationEngine.java:4
4)
	at org.mockito.interna
l.configuration.Indepen
dentAnnotationEngine.pr
ocess(IndependentAnnota
tionEngine.java:72)
	at org.mockito.interna
l.configuration.Injecti
ngAnnotationEngine.proc
essIndependentAnnotatio
ns(InjectingAnnotationE
ngine.java:62)
	at org.mockito.interna
l.configuration.Injecti
ngAnnotationEngine.proc
ess(InjectingAnnotation
Engine.java:47)
	at org.mockito.Mockito
Annotations.openMocks(M
ockitoAnnotations.java:
81)
	at org.mockito.interna
l.runners.DefaultIntern
alRunner$1$1.evaluate(D
efaultInternalRunner.ja
va:50)
	at org.junit.runners.P
arentRunner$3.evaluate(
ParentRunner.java:306)
	at org.junit.runners.B
lockJUnit4ClassRunner$1
.evaluate(BlockJUnit4Cl
assRunner.java:100)
	at org.junit.runners.P
arentRunner.runLeaf(Par
entRunner.java:366)
	at org.junit.runners.B
lockJUnit4ClassRunner.r
unChild(BlockJUnit4Clas
sRunner.java:103)
	at org.junit.runners.B
lockJUnit4ClassRunner.r
unChild(BlockJUnit4Clas
sRunner.java:63)
	at org.junit.runners.P
arentRunner$4.run(Paren
tRunner.java:331)
	at org.junit.runners.P
arentRunner$1.schedule(
ParentRunner.java:79)
	at org.junit.runners.P
arentRunner.runChildren
(ParentRunner.java:329)
	at org.junit.runners.P
arentRunner.access$100(
ParentRunner.java:66)
	at org.junit.runners.P
arentRunner$2.evaluate(
ParentRunner.java:293)
	at org.junit.runners.P
arentRunner$3.evaluate(
ParentRunner.java:306)
	at org.junit.runners.P
arentRunner.run(ParentR
unner.java:413)
	at org.mockito.interna
l.runners.DefaultIntern
alRunner$1.run(DefaultI
nternalRunner.java:100)
	at org.mockito.interna
l.runners.DefaultIntern
alRunner.run(DefaultInt
ernalRunner.java:107)
	at org.mockito.interna
l.runners.StrictRunner.
run(StrictRunner.java:4
2)
	at org.mockito.junit.M
ockitoJUnitRunner.run(M
ockitoJUnitRunner.java:
163)
	at org.junit.runner.JU
nitCore.run(JUnitCore.j
ava:137)
	at org.junit.runner.JU
nitCore.run(JUnitCore.j
ava:115)
	at org.junit.vintage.e
ngine.execution.RunnerE
xecutor.execute(RunnerE
xecutor.java:42)
	at org.junit.vintage.e
ngine.execution.Vintage
Executor.executeClasses
AndMethodsSequentially(
VintageExecutor.java:93
)
	at org.junit.vintage.e
ngine.execution.Vintage
Executor.executeAllChil
dren(VintageExecutor.ja
va:73)
	at org.junit.vintage.e
ngine.VintageTestEngine
.execute(VintageTestEng
ine.java:70)
	at org.junit.platform.
launcher.core.EngineExe
cutionOrchestrator.exec
ute(EngineExecutionOrch
estrator.java:201)
	at org.junit.platform.
launcher.core.EngineExe
cutionOrchestrator.exec
ute(EngineExecutionOrch
estrator.java:170)
	at org.junit.platform.
launcher.core.EngineExe
cutionOrchestrator.exec
ute(EngineExecutionOrch
estrator.java:94)
	at org.junit.platform.
launcher.core.EngineExe
cutionOrchestrator.lamb
da$execute$0(EngineExec
utionOrchestrator.java:
59)
	at org.junit.platform.
launcher.core.EngineExe
cutionOrchestrator.with
InterceptedStreams(Engi
neExecutionOrchestrator
.java:142)
	at org.junit.platform.
launcher.core.EngineExe
cutionOrchestrator.exec
ute(EngineExecutionOrch
estrator.java:58)
	at org.junit.platform.
launcher.core.DefaultLa
uncher.execute(DefaultL
auncher.java:103)
	at org.junit.platform.
launcher.core.DefaultLa
uncher.execute(DefaultL
auncher.java:85)
	at org.junit.platform.
launcher.core.Delegatin
gLauncher.execute(Deleg
atingLauncher.java:47)
	at org.junit.platform.
launcher.core.Intercept
ingLauncher.lambda$exec
ute$1(InterceptingLaunc
her.java:39)
	at org.junit.platform.
launcher.core.Classpath
AlignmentCheckingLaunch
erInterceptor.intercept
(ClasspathAlignmentChec
kingLauncherInterceptor
.java:25)
	at org.junit.platform.
launcher.core.Intercept
ingLauncher.execute(Int
erceptingLauncher.java:
38)
	at org.junit.platform.
launcher.core.Delegatin
gLauncher.execute(Deleg
atingLauncher.java:47)
	at org.apache.maven.su
refire.junitplatform.La
uncherAdapter.executeWi
thoutCancellationToken(
LauncherAdapter.java:60
)
	at org.apache.maven.su
refire.junitplatform.La
uncherAdapter.execute(L
auncherAdapter.java:52)
	at org.apache.maven.su
refire.junitplatform.JU
nitPlatformProvider.exe
cute(JUnitPlatformProvi
der.java:203)
	at org.apache.maven.su
refire.junitplatform.JU
nitPlatformProvider.inv
okeAllTests(JUnitPlatfo
rmProvider.java:168)
	at org.apache.maven.su
refire.junitplatform.JU
nitPlatformProvider.inv
oke(JUnitPlatformProvid
er.java:136)
	at org.apache.maven.su
refire.booter.ForkedBoo
ter.runSuitesInProcess(
ForkedBooter.java:385)
	at org.apache.maven.su
refire.booter.ForkedBoo
ter.execute(ForkedBoote
r.java:162)
	at org.apache.maven.su
refire.booter.ForkedBoo
ter.run(ForkedBooter.ja
va:507)
	at org.apache.maven.su
refire.booter.ForkedBoo
ter.main(ForkedBooter.j
ava:495)
Caused by: 
java.io.IOException: 
Error while 
instrumenting com/revpa
sswordmanager/repositor
y/ICredentialRepository
$MockitoMock$ncH4ntaK 
with JaCoCo 0.8.11.2023
10140853/f33756c.
	at org.jacoco.agent.rt
.internal_4742761.core.
instr.Instrumenter.inst
rumentError(Instrumente
r.java:161)
	at org.jacoco.agent.rt
.internal_4742761.core.
instr.Instrumenter.inst
rument(Instrumenter.jav
a:111)
	at org.jacoco.agent.rt
.internal_4742761.Cover
ageTransformer.transfor
m(CoverageTransformer.j
ava:92)
	... 94 more
Caused by: java.lang.Il
legalArgumentException:
 Unsupported class 
file major version 68
	at org.jacoco.agent.rt
.internal_4742761.asm.C
lassReader.<init>(Class
Reader.java:200)
	at org.jacoco.agent.rt
.internal_4742761.asm.C
lassReader.<init>(Class
Reader.java:180)
	at org.jacoco.agent.rt
.internal_4742761.asm.C
lassReader.<init>(Class
Reader.java:166)
	at org.jacoco.agent.rt
.internal_4742761.core.
internal.instr.InstrSup
port.classReaderFor(Ins
trSupport.java:280)
	at org.jacoco.agent.rt
.internal_4742761.core.
instr.Instrumenter.inst
rument(Instrumenter.jav
a:77)
	at org.jacoco.agent.rt
.internal_4742761.core.
instr.Instrumenter.inst
rument(Instrumenter.jav
a:109)
	... 95 more
java.lang.instrument.Il
legalClassFormatExcepti
on: Error while 
instrumenting com/revpa
sswordmanager/repositor
y/ICredentialRepository
$MockitoMock$ncH4ntaK$a
uxiliary$WRunqYdk with 
JaCoCo 0.8.11.202310140
853/f33756c.
	at org.jacoco.agent.rt
.internal_4742761.Cover
ageTransformer.transfor
m(CoverageTransformer.j
ava:94)
	at java.instrument/jav
a.lang.instrument.Class
FileTransformer.transfo
rm(ClassFileTransformer
.java:257)
	at java.instrument/sun
.instrument.Transformer
Manager.transform(Trans
formerManager.java:188)
	at java.instrument/sun
.instrument.Instrumenta
tionImpl.transform(Inst
rumentationImpl.java:59
4)
	at java.base/java.lang
.ClassLoader.defineClas
s0(Native Method)
	at java.base/java.lang
.System$1.defineClass(S
ystem.java:2025)
	at java.base/java.lang
.invoke.MethodHandles$L
ookup$ClassDefiner.defi
neClass(MethodHandles.j
ava:2355)
	at java.base/java.lang
.invoke.MethodHandles$L
ookup$ClassDefiner.defi
neClass(MethodHandles.j
ava:2330)
	at java.base/java.lang
.invoke.MethodHandles$L
ookup.defineClass(Metho
dHandles.java:1754)
	at java.base/jdk.inter
nal.reflect.DirectMetho
dHandleAccessor.invoke(
DirectMethodHandleAcces
sor.java:104)
	at java.base/java.lang
.reflect.Method.invoke(
Method.java:565)
	at net.bytebuddy.utili
ty.Invoker$Dispatcher.i
nvoke(Unknown Source)
	at net.bytebuddy.utili
ty.dispatcher.JavaDispa
tcher$Dispatcher$ForNon
StaticMethod.invoke(Jav
aDispatcher.java:1038)
	at net.bytebuddy.utili
ty.dispatcher.JavaDispa
tcher$ProxiedInvocation
Handler.invoke(JavaDisp
atcher.java:1168)
	at jdk.proxy2/jdk.prox
y2.$Proxy150.defineClas
s(Unknown Source)
	at net.bytebuddy.dynam
ic.loading.ClassInjecto
r$UsingLookup.injectRaw
(ClassInjector.java:170
7)
	at net.bytebuddy.dynam
ic.loading.ClassInjecto
r$AbstractBase.injectRa
w(ClassInjector.java:18
8)
	at net.bytebuddy.dynam
ic.loading.ClassInjecto
r$AbstractBase.inject(C
lassInjector.java:176)
	at net.bytebuddy.dynam
ic.loading.ClassLoading
Strategy$UsingLookup.lo
ad(ClassLoadingStrategy
.java:519)
	at net.bytebuddy.dynam
ic.TypeResolutionStrate
gy$Passive.initialize(T
ypeResolutionStrategy.j
ava:101)
	at net.bytebuddy.dynam
ic.DynamicType$Default$
Unloaded.load(DynamicTy
pe.java:6432)
	at org.mockito.interna
l.creation.bytebuddy.Su
bclassBytecodeGenerator
.mockClass(SubclassByte
codeGenerator.java:282)
	at org.mockito.interna
l.creation.bytebuddy.Ty
peCachingBytecodeGenera
tor.lambda$mockClass$0(
TypeCachingBytecodeGene
rator.java:78)
	at net.bytebuddy.TypeC
ache.findOrInsert(TypeC
ache.java:168)
	at net.bytebuddy.TypeC
ache$WithInlineExpuncti
on.findOrInsert(TypeCac
he.java:399)
	at net.bytebuddy.TypeC
ache.findOrInsert(TypeC
ache.java:190)
	at net.bytebuddy.TypeC
ache$WithInlineExpuncti
on.findOrInsert(TypeCac
he.java:410)
	at org.mockito.interna
l.creation.bytebuddy.Ty
peCachingBytecodeGenera
tor.mockClass(TypeCachi
ngBytecodeGenerator.jav
a:75)
	at org.mockito.interna
l.creation.bytebuddy.In
lineBytecodeGenerator.m
ockClass(InlineBytecode
Generator.java:223)
	at org.mockito.interna
l.creation.bytebuddy.Ty
peCachingBytecodeGenera
tor.lambda$mockClass$0(
TypeCachingBytecodeGene
rator.java:78)
	at net.bytebuddy.TypeC
ache.findOrInsert(TypeC
ache.java:168)
	at net.bytebuddy.TypeC
ache$WithInlineExpuncti
on.findOrInsert(TypeCac
he.java:399)
	at net.bytebuddy.TypeC
ache.findOrInsert(TypeC
ache.java:190)
	at net.bytebuddy.TypeC
ache$WithInlineExpuncti
on.findOrInsert(TypeCac
he.java:410)
	at org.mockito.interna
l.creation.bytebuddy.Ty
peCachingBytecodeGenera
tor.mockClass(TypeCachi
ngBytecodeGenerator.jav
a:75)
	at org.mockito.interna
l.creation.bytebuddy.In
lineDelegateByteBuddyMo
ckMaker.createMockType(
InlineDelegateByteBuddy
MockMaker.java:429)
	at org.mockito.interna
l.creation.bytebuddy.In
lineDelegateByteBuddyMo
ckMaker.doCreateMock(In
lineDelegateByteBuddyMo
ckMaker.java:388)
	at org.mockito.interna
l.creation.bytebuddy.In
lineDelegateByteBuddyMo
ckMaker.createMock(Inli
neDelegateByteBuddyMock
Maker.java:367)
	at org.mockito.interna
l.creation.bytebuddy.In
lineByteBuddyMockMaker.
createMock(InlineByteBu
ddyMockMaker.java:56)
	at org.mockito.interna
l.util.MockUtil.createM
ock(MockUtil.java:99)
	at org.mockito.interna
l.MockitoCore.mock(Mock
itoCore.java:84)
	at org.mockito.Mockito
.mock(Mockito.java:2198
)
	at org.mockito.interna
l.configuration.MockAnn
otationProcessor.proces
sAnnotationForMock(Mock
AnnotationProcessor.jav
a:79)
	at org.mockito.interna
l.configuration.MockAnn
otationProcessor.proces
s(MockAnnotationProcess
or.java:28)
	at org.mockito.interna
l.configuration.MockAnn
otationProcessor.proces
s(MockAnnotationProcess
or.java:25)
	at org.mockito.interna
l.configuration.Indepen
dentAnnotationEngine.cr
eateMockFor(Independent
AnnotationEngine.java:4
4)
	at org.mockito.interna
l.configuration.Indepen
dentAnnotationEngine.pr
ocess(IndependentAnnota
tionEngine.java:72)
	at org.mockito.interna
l.configuration.Injecti
ngAnnotationEngine.proc
essIndependentAnnotatio
ns(InjectingAnnotationE
ngine.java:62)
	at org.mockito.interna
l.configuration.Injecti
ngAnnotationEngine.proc
ess(InjectingAnnotation
Engine.java:47)
	at org.mockito.Mockito
Annotations.openMocks(M
ockitoAnnotations.java:
81)
	at org.mockito.interna
l.runners.DefaultIntern
alRunner$1$1.evaluate(D
efaultInternalRunner.ja
va:50)
	at org.junit.runners.P
arentRunner$3.evaluate(
ParentRunner.java:306)
	at org.junit.runners.B
lockJUnit4ClassRunner$1
.evaluate(BlockJUnit4Cl
assRunner.java:100)
	at org.junit.runners.P
arentRunner.runLeaf(Par
entRunner.java:366)
	at org.junit.runners.B
lockJUnit4ClassRunner.r
unChild(BlockJUnit4Clas
sRunner.java:103)
	at org.junit.runners.B
lockJUnit4ClassRunner.r
unChild(BlockJUnit4Clas
sRunner.java:63)
	at org.junit.runners.P
arentRunner$4.run(Paren
tRunner.java:331)
	at org.junit.runners.P
arentRunner$1.schedule(
ParentRunner.java:79)
	at org.junit.runners.P
arentRunner.runChildren
(ParentRunner.java:329)
	at org.junit.runners.P
arentRunner.access$100(
ParentRunner.java:66)
	at org.junit.runners.P
arentRunner$2.evaluate(
ParentRunner.java:293)
	at org.junit.runners.P
arentRunner$3.evaluate(
ParentRunner.java:306)
	at org.junit.runners.P
arentRunner.run(ParentR
unner.java:413)
	at org.mockito.interna
l.runners.DefaultIntern
alRunner$1.run(DefaultI
nternalRunner.java:100)
	at org.mockito.interna
l.runners.DefaultIntern
alRunner.run(DefaultInt
ernalRunner.java:107)
	at org.mockito.interna
l.runners.StrictRunner.
run(StrictRunner.java:4
2)
	at org.mockito.junit.M
ockitoJUnitRunner.run(M
ockitoJUnitRunner.java:
163)
	at org.junit.runner.JU
nitCore.run(JUnitCore.j
ava:137)
	at org.junit.runner.JU
nitCore.run(JUnitCore.j
ava:115)
	at org.junit.vintage.e
ngine.execution.RunnerE
xecutor.execute(RunnerE
xecutor.java:42)
	at org.junit.vintage.e
ngine.execution.Vintage
Executor.executeClasses
AndMethodsSequentially(
VintageExecutor.java:93
)
	at org.junit.vintage.e
ngine.execution.Vintage
Executor.executeAllChil
dren(VintageExecutor.ja
va:73)
	at org.junit.vintage.e
ngine.VintageTestEngine
.execute(VintageTestEng
ine.java:70)
	at org.junit.platform.
launcher.core.EngineExe
cutionOrchestrator.exec
ute(EngineExecutionOrch
estrator.java:201)
	at org.junit.platform.
launcher.core.EngineExe
cutionOrchestrator.exec
ute(EngineExecutionOrch
estrator.java:170)
	at org.junit.platform.
launcher.core.EngineExe
cutionOrchestrator.exec
ute(EngineExecutionOrch
estrator.java:94)
	at org.junit.platform.
launcher.core.EngineExe
cutionOrchestrator.lamb
da$execute$0(EngineExec
utionOrchestrator.java:
59)
	at org.junit.platform.
launcher.core.EngineExe
cutionOrchestrator.with
InterceptedStreams(Engi
neExecutionOrchestrator
.java:142)
	at org.junit.platform.
launcher.core.EngineExe
cutionOrchestrator.exec
ute(EngineExecutionOrch
estrator.java:58)
	at org.junit.platform.
launcher.core.DefaultLa
uncher.execute(DefaultL
auncher.java:103)
	at org.junit.platform.
launcher.core.DefaultLa
uncher.execute(DefaultL
auncher.java:85)
	at org.junit.platform.
launcher.core.Delegatin
gLauncher.execute(Deleg
atingLauncher.java:47)
	at org.junit.platform.
launcher.core.Intercept
ingLauncher.lambda$exec
ute$1(InterceptingLaunc
her.java:39)
	at org.junit.platform.
launcher.core.Classpath
AlignmentCheckingLaunch
erInterceptor.intercept
(ClasspathAlignmentChec
kingLauncherInterceptor
.java:25)
	at org.junit.platform.
launcher.core.Intercept
ingLauncher.execute(Int
erceptingLauncher.java:
38)
	at org.junit.platform.
launcher.core.Delegatin
gLauncher.execute(Deleg
atingLauncher.java:47)
	at org.apache.maven.su
refire.junitplatform.La
uncherAdapter.executeWi
thoutCancellationToken(
LauncherAdapter.java:60
)
	at org.apache.maven.su
refire.junitplatform.La
uncherAdapter.execute(L
auncherAdapter.java:52)
	at org.apache.maven.su
refire.junitplatform.JU
nitPlatformProvider.exe
cute(JUnitPlatformProvi
der.java:203)
	at org.apache.maven.su
refire.junitplatform.JU
nitPlatformProvider.inv
okeAllTests(JUnitPlatfo
rmProvider.java:168)
	at org.apache.maven.su
refire.junitplatform.JU
nitPlatformProvider.inv
oke(JUnitPlatformProvid
er.java:136)
	at org.apache.maven.su
refire.booter.ForkedBoo
ter.runSuitesInProcess(
ForkedBooter.java:385)
	at org.apache.maven.su
refire.booter.ForkedBoo
ter.execute(ForkedBoote
r.java:162)
	at org.apache.maven.su
refire.booter.ForkedBoo
ter.run(ForkedBooter.ja
va:507)
	at org.apache.maven.su
refire.booter.ForkedBoo
ter.main(ForkedBooter.j
ava:495)
Caused by: 
java.io.IOException: 
Error while 
instrumenting com/revpa
sswordmanager/repositor
y/ICredentialRepository
$MockitoMock$ncH4ntaK$a
uxiliary$WRunqYdk with 
JaCoCo 0.8.11.202310140
853/f33756c.
	at org.jacoco.agent.rt
.internal_4742761.core.
instr.Instrumenter.inst
rumentError(Instrumente
r.java:161)
	at org.jacoco.agent.rt
.internal_4742761.core.
instr.Instrumenter.inst
rument(Instrumenter.jav
a:111)
	at org.jacoco.agent.rt
.internal_4742761.Cover
ageTransformer.transfor
m(CoverageTransformer.j
ava:92)
	... 94 more
Caused by: java.lang.Il
legalArgumentException:
 Unsupported class 
file major version 68
	at org.jacoco.agent.rt
.internal_4742761.asm.C
lassReader.<init>(Class
Reader.java:200)
	at org.jacoco.agent.rt
.internal_4742761.asm.C
lassReader.<init>(Class
Reader.java:180)
	at org.jacoco.agent.rt
.internal_4742761.asm.C
lassReader.<init>(Class
Reader.java:166)
	at org.jacoco.agent.rt
.internal_4742761.core.
internal.instr.InstrSup
port.classReaderFor(Ins
trSupport.java:280)
	at org.jacoco.agent.rt
.internal_4742761.core.
instr.Instrumenter.inst
rument(Instrumenter.jav
a:77)
	at org.jacoco.agent.rt
.internal_4742761.core.
instr.Instrumenter.inst
rument(Instrumenter.jav
a:109)
	... 95 more
java.lang.instrument.Il
legalClassFormatExcepti
on: Error while 
instrumenting com/revpa
sswordmanager/repositor
y/ICredentialRepository
$MockitoMock$ncH4ntaK$a
uxiliary$9N0JLCqi with 
JaCoCo 0.8.11.202310140
853/f33756c.
	at org.jacoco.agent.rt
.internal_4742761.Cover
ageTransformer.transfor
m(CoverageTransformer.j
ava:94)
	at java.instrument/jav
a.lang.instrument.Class
FileTransformer.transfo
rm(ClassFileTransformer
.java:257)
	at java.instrument/sun
.instrument.Transformer
Manager.transform(Trans
formerManager.java:188)
	at java.instrument/sun
.instrument.Instrumenta
tionImpl.transform(Inst
rumentationImpl.java:59
4)
	at java.base/java.lang
.ClassLoader.defineClas
s0(Native Method)
	at java.base/java.lang
.System$1.defineClass(S
ystem.java:2025)
	at java.base/java.lang
.invoke.MethodHandles$L
ookup$ClassDefiner.defi
neClass(MethodHandles.j
ava:2355)
	at java.base/java.lang
.invoke.MethodHandles$L
ookup$ClassDefiner.defi
neClass(MethodHandles.j
ava:2330)
	at java.base/java.lang
.invoke.MethodHandles$L
ookup.defineClass(Metho
dHandles.java:1754)
	at java.base/jdk.inter
nal.reflect.DirectMetho
dHandleAccessor.invoke(
DirectMethodHandleAcces
sor.java:104)
	at java.base/java.lang
.reflect.Method.invoke(
Method.java:565)
	at net.bytebuddy.utili
ty.Invoker$Dispatcher.i
nvoke(Unknown Source)
	at net.bytebuddy.utili
ty.dispatcher.JavaDispa
tcher$Dispatcher$ForNon
StaticMethod.invoke(Jav
aDispatcher.java:1038)
	at net.bytebuddy.utili
ty.dispatcher.JavaDispa
tcher$ProxiedInvocation
Handler.invoke(JavaDisp
atcher.java:1168)
	at jdk.proxy2/jdk.prox
y2.$Proxy150.defineClas
s(Unknown Source)
	at net.bytebuddy.dynam
ic.loading.ClassInjecto
r$UsingLookup.injectRaw
(ClassInjector.java:170
7)
	at net.bytebuddy.dynam
ic.loading.ClassInjecto
r$AbstractBase.injectRa
w(ClassInjector.java:18
8)
	at net.bytebuddy.dynam
ic.loading.ClassInjecto
r$AbstractBase.inject(C
lassInjector.java:176)
	at net.bytebuddy.dynam
ic.loading.ClassLoading
Strategy$UsingLookup.lo
ad(ClassLoadingStrategy
.java:519)
	at net.bytebuddy.dynam
ic.TypeResolutionStrate
gy$Passive.initialize(T
ypeResolutionStrategy.j
ava:101)
	at net.bytebuddy.dynam
ic.DynamicType$Default$
Unloaded.load(DynamicTy
pe.java:6432)
	at org.mockito.interna
l.creation.bytebuddy.Su
bclassBytecodeGenerator
.mockClass(SubclassByte
codeGenerator.java:282)
	at org.mockito.interna
l.creation.bytebuddy.Ty
peCachingBytecodeGenera
tor.lambda$mockClass$0(
TypeCachingBytecodeGene
rator.java:78)
	at net.bytebuddy.TypeC
ache.findOrInsert(TypeC
ache.java:168)
	at net.bytebuddy.TypeC
ache$WithInlineExpuncti
on.findOrInsert(TypeCac
he.java:399)
	at net.bytebuddy.TypeC
ache.findOrInsert(TypeC
ache.java:190)
	at net.bytebuddy.TypeC
ache$WithInlineExpuncti
on.findOrInsert(TypeCac
he.java:410)
	at org.mockito.interna
l.creation.bytebuddy.Ty
peCachingBytecodeGenera
tor.mockClass(TypeCachi
ngBytecodeGenerator.jav
a:75)
	at org.mockito.interna
l.creation.bytebuddy.In
lineBytecodeGenerator.m
ockClass(InlineBytecode
Generator.java:223)
	at org.mockito.interna
l.creation.bytebuddy.Ty
peCachingBytecodeGenera
tor.lambda$mockClass$0(
TypeCachingBytecodeGene
rator.java:78)
	at net.bytebuddy.TypeC
ache.findOrInsert(TypeC
ache.java:168)
	at net.bytebuddy.TypeC
ache$WithInlineExpuncti
on.findOrInsert(TypeCac
he.java:399)
	at net.bytebuddy.TypeC
ache.findOrInsert(TypeC
ache.java:190)
	at net.bytebuddy.TypeC
ache$WithInlineExpuncti
on.findOrInsert(TypeCac
he.java:410)
	at org.mockito.interna
l.creation.bytebuddy.Ty
peCachingBytecodeGenera
tor.mockClass(TypeCachi
ngBytecodeGenerator.jav
a:75)
	at org.mockito.interna
l.creation.bytebuddy.In
lineDelegateByteBuddyMo
ckMaker.createMockType(
InlineDelegateByteBuddy
MockMaker.java:429)
	at org.mockito.interna
l.creation.bytebuddy.In
lineDelegateByteBuddyMo
ckMaker.doCreateMock(In
lineDelegateByteBuddyMo
ckMaker.java:388)
	at org.mockito.interna
l.creation.bytebuddy.In
lineDelegateByteBuddyMo
ckMaker.createMock(Inli
neDelegateByteBuddyMock
Maker.java:367)
	at org.mockito.interna
l.creation.bytebuddy.In
lineByteBuddyMockMaker.
createMock(InlineByteBu
ddyMockMaker.java:56)
	at org.mockito.interna
l.util.MockUtil.createM
ock(MockUtil.java:99)
	at org.mockito.interna
l.MockitoCore.mock(Mock
itoCore.java:84)
	at org.mockito.Mockito
.mock(Mockito.java:2198
)
	at org.mockito.interna
l.configuration.MockAnn
otationProcessor.proces
sAnnotationForMock(Mock
AnnotationProcessor.jav
a:79)
	at org.mockito.interna
l.configuration.MockAnn
otationProcessor.proces
s(MockAnnotationProcess
or.java:28)
	at org.mockito.interna
l.configuration.MockAnn
otationProcessor.proces
s(MockAnnotationProcess
or.java:25)
	at org.mockito.interna
l.configuration.Indepen
dentAnnotationEngine.cr
eateMockFor(Independent
AnnotationEngine.java:4
4)
	at org.mockito.interna
l.configuration.Indepen
dentAnnotationEngine.pr
ocess(IndependentAnnota
tionEngine.java:72)
	at org.mockito.interna
l.configuration.Injecti
ngAnnotationEngine.proc
essIndependentAnnotatio
ns(InjectingAnnotationE
ngine.java:62)
	at org.mockito.interna
l.configuration.Injecti
ngAnnotationEngine.proc
ess(InjectingAnnotation
Engine.java:47)
	at org.mockito.Mockito
Annotations.openMocks(M
ockitoAnnotations.java:
81)
	at org.mockito.interna
l.runners.DefaultIntern
alRunner$1$1.evaluate(D
efaultInternalRunner.ja
va:50)
	at org.junit.runners.P
arentRunner$3.evaluate(
ParentRunner.java:306)
	at org.junit.runners.B
lockJUnit4ClassRunner$1
.evaluate(BlockJUnit4Cl
assRunner.java:100)
	at org.junit.runners.P
arentRunner.runLeaf(Par
entRunner.java:366)
	at org.junit.runners.B
lockJUnit4ClassRunner.r
unChild(BlockJUnit4Clas
sRunner.java:103)
	at org.junit.runners.B
lockJUnit4ClassRunner.r
unChild(BlockJUnit4Clas
sRunner.java:63)
	at org.junit.runners.P
arentRunner$4.run(Paren
tRunner.java:331)
	at org.junit.runners.P
arentRunner$1.schedule(
ParentRunner.java:79)
	at org.junit.runners.P
arentRunner.runChildren
(ParentRunner.java:329)
	at org.junit.runners.P
arentRunner.access$100(
ParentRunner.java:66)
	at org.junit.runners.P
arentRunner$2.evaluate(
ParentRunner.java:293)
	at org.junit.runners.P
arentRunner$3.evaluate(
ParentRunner.java:306)
	at org.junit.runners.P
arentRunner.run(ParentR
unner.java:413)
	at org.mockito.interna
l.runners.DefaultIntern
alRunner$1.run(DefaultI
nternalRunner.java:100)
	at org.mockito.interna
l.runners.DefaultIntern
alRunner.run(DefaultInt
ernalRunner.java:107)
	at org.mockito.interna
l.runners.StrictRunner.
run(StrictRunner.java:4
2)
	at org.mockito.junit.M
ockitoJUnitRunner.run(M
ockitoJUnitRunner.java:
163)
	at org.junit.runner.JU
nitCore.run(JUnitCore.j
ava:137)
	at org.junit.runner.JU
nitCore.run(JUnitCore.j
ava:115)
	at org.junit.vintage.e
ngine.execution.RunnerE
xecutor.execute(RunnerE
xecutor.java:42)
	at org.junit.vintage.e
ngine.execution.Vintage
Executor.executeClasses
AndMethodsSequentially(
VintageExecutor.java:93
)
	at org.junit.vintage.e
ngine.execution.Vintage
Executor.executeAllChil
dren(VintageExecutor.ja
va:73)
	at org.junit.vintage.e
ngine.VintageTestEngine
.execute(VintageTestEng
ine.java:70)
	at org.junit.platform.
launcher.core.EngineExe
cutionOrchestrator.exec
ute(EngineExecutionOrch
estrator.java:201)
	at org.junit.platform.
launcher.core.EngineExe
cutionOrchestrator.exec
ute(EngineExecutionOrch
estrator.java:170)
	at org.junit.platform.
launcher.core.EngineExe
cutionOrchestrator.exec
ute(EngineExecutionOrch
estrator.java:94)
	at org.junit.platform.
launcher.core.EngineExe
cutionOrchestrator.lamb
da$execute$0(EngineExec
utionOrchestrator.java:
59)
	at org.junit.platform.
launcher.core.EngineExe
cutionOrchestrator.with
InterceptedStreams(Engi
neExecutionOrchestrator
.java:142)
	at org.junit.platform.
launcher.core.EngineExe
cutionOrchestrator.exec
ute(EngineExecutionOrch
estrator.java:58)
	at org.junit.platform.
launcher.core.DefaultLa
uncher.execute(DefaultL
auncher.java:103)
	at org.junit.platform.
launcher.core.DefaultLa
uncher.execute(DefaultL
auncher.java:85)
	at org.junit.platform.
launcher.core.Delegatin
gLauncher.execute(Deleg
atingLauncher.java:47)
	at org.junit.platform.
launcher.core.Intercept
ingLauncher.lambda$exec
ute$1(InterceptingLaunc
her.java:39)
	at org.junit.platform.
launcher.core.Classpath
AlignmentCheckingLaunch
erInterceptor.intercept
(ClasspathAlignmentChec
kingLauncherInterceptor
.java:25)
	at org.junit.platform.
launcher.core.Intercept
ingLauncher.execute(Int
erceptingLauncher.java:
38)
	at org.junit.platform.
launcher.core.Delegatin
gLauncher.execute(Deleg
atingLauncher.java:47)
	at org.apache.maven.su
refire.junitplatform.La
uncherAdapter.executeWi
thoutCancellationToken(
LauncherAdapter.java:60
)
	at org.apache.maven.su
refire.junitplatform.La
uncherAdapter.execute(L
auncherAdapter.java:52)
	at org.apache.maven.su
refire.junitplatform.JU
nitPlatformProvider.exe
cute(JUnitPlatformProvi
der.java:203)
	at org.apache.maven.su
refire.junitplatform.JU
nitPlatformProvider.inv
okeAllTests(JUnitPlatfo
rmProvider.java:168)
	at org.apache.maven.su
refire.junitplatform.JU
nitPlatformProvider.inv
oke(JUnitPlatformProvid
er.java:136)
	at org.apache.maven.su
refire.booter.ForkedBoo
ter.runSuitesInProcess(
ForkedBooter.java:385)
	at org.apache.maven.su
refire.booter.ForkedBoo
ter.execute(ForkedBoote
r.java:162)
	at org.apache.maven.su
refire.booter.ForkedBoo
ter.run(ForkedBooter.ja
va:507)
	at org.apache.maven.su
refire.booter.ForkedBoo
ter.main(ForkedBooter.j
ava:495)
Caused by: 
java.io.IOException: 
Error while 
instrumenting com/revpa
sswordmanager/repositor
y/ICredentialRepository
$MockitoMock$ncH4ntaK$a
uxiliary$9N0JLCqi with 
JaCoCo 0.8.11.202310140
853/f33756c.
	at org.jacoco.agent.rt
.internal_4742761.core.
instr.Instrumenter.inst
rumentError(Instrumente
r.java:161)
	at org.jacoco.agent.rt
.internal_4742761.core.
instr.Instrumenter.inst
rument(Instrumenter.jav
a:111)
	at org.jacoco.agent.rt
.internal_4742761.Cover
ageTransformer.transfor
m(CoverageTransformer.j
ava:92)
	... 94 more
Caused by: java.lang.Il
legalArgumentException:
 Unsupported class 
file major version 68
	at org.jacoco.agent.rt
.internal_4742761.asm.C
lassReader.<init>(Class
Reader.java:200)
	at org.jacoco.agent.rt
.internal_4742761.asm.C
lassReader.<init>(Class
Reader.java:180)
	at org.jacoco.agent.rt
.internal_4742761.asm.C
lassReader.<init>(Class
Reader.java:166)
	at org.jacoco.agent.rt
.internal_4742761.core.
internal.instr.InstrSup
port.classReaderFor(Ins
trSupport.java:280)
	at org.jacoco.agent.rt
.internal_4742761.core.
instr.Instrumenter.inst
rument(Instrumenter.jav
a:77)
	at org.jacoco.agent.rt
.internal_4742761.core.
instr.Instrumenter.inst
rument(Instrumenter.jav
a:109)
	... 95 more
2026-03-03 09:36:24.403 [main] INFO  com.revpasswordmanager.service.VaultServiceImpl - Credential deleted: 1 for user testuser
2026-03-03 09:36:24.421 [main] INFO  com.revpasswordmanager.service.VaultServiceImpl - New credential added for user: testuser, account: Google
[INFO] Tests run: 3, Failures: 0, Errors: 0, Skipped: 0, Time elapsed: 0.231 s -- in com.revpasswordmanager.service.VaultServiceTest
[INFO] 
[INFO] Results:
[INFO] 
[ERROR] Failures: 
[ERROR]   ForgotPasswordControllerTest.testProcessRequest_Success:50 Range for response status value 401 expected:<REDIRECTION> but was:<CLIENT_ERROR>
[ERROR]   ForgotPasswordControllerTest.testProcessRequest_UserNotFound:61 Status expected:<200> but was:<401>
[ERROR]   ForgotPasswordControllerTest.testShowRequestForm:36 Status expected:<200> but was:<401>
[ERROR]   UserControllerTest.testRegisterUser_Success:42 Range for response status value 401 expected:<REDIRECTION> but was:<CLIENT_ERROR>
[ERROR]   UserControllerTest.testRegisterUser_ValidationError:52 Status expected:<200> but was:<401>
[ERROR]   UserControllerTest.testShowRegistrationForm:30 Status expected:<200> but was:<401>
[ERROR]   VaultControllerTest.testDashboard:41 View name expected:<dashboard> but was:<error>
[ERROR] Errors: 
[ERROR]   EmailServiceTest.testSendEmail_Failure:41 ╗ EmailDelivery Failed to send verification email. Please check your SMTP configuration.
[INFO] 
[ERROR] Tests run: 28, Failures: 7, Errors: 1, Skipped: 0
[INFO] 
[INFO] ------------------------------------------------------------------------
[INFO] BUILD FAILURE
[INFO] ------------------------------------------------------------------------
[INFO] Total time:  28.700 s
[INFO] Finished at: 2026-03-03T09:36:25+05:30
[INFO] ------------------------------------------------------------------------
[ERROR] Failed to execute goal org.apache.maven.plugins:maven-surefire-plugin:3.5.4:test (default-test) on project P2_RevPasswordManager: There are test failures.
[ERROR] 
[ERROR] See C:\Users\RAHUL\Desktop\P2_RevPasswordManager\target\surefire-reports for the individual test results.
[ERROR] See dump files (if any exist) [date].dump, [date]-jvmRun[N].dump and [date].dumpstream.
[ERROR] -> [Help 1]
[ERROR] 
[ERROR] To see the full stack trace of the errors, re-run Maven with the -e switch.
[ERROR] Re-run Maven using the -X switch to enable full debug logging.
[ERROR] 
[ERROR] For more information about the errors and possible solutions, please read the following articles:
[ERROR] [Help 1] http://cwiki.apache.org/confluence/display/MAVEN/MojoFailureException
